12-28 18:55:24.726  1918  2555 D PackageBroadcastService: Received broadcast action=android.intent.action.PACKAGE_CHANGED and uri=com.google.android.gms
12-28 18:55:24.730  1918  2555 I PackageBroadcastService: Null package name or gms related package.  Ignoreing.
12-28 18:55:24.740  1918  2555 D PackageBroadcastService: Received broadcast action=android.intent.action.PACKAGE_CHANGED and uri=com.android.email
12-28 18:55:24.749  1918  2558 I PeopleContactsSync: CP2 sync disabled
12-28 18:55:24.769  1836  1836 E GCM     : Missing checkin config file
12-28 18:55:24.770  1836  1836 W GCM     : GCM FAILED TO INITIALIZE - missing checkin
12-28 18:55:24.782  1918  2341 I Icing   : updateResources: need to parse f{com.google.android.gms}
12-28 18:55:24.850  1918  2448 I CheckinResponseProcessor: From server: 795 gservices [full]
12-28 18:55:24.965  1288  1446 I AccountManagerService: getTypesVisibleToCaller: isPermitted? true
12-28 18:55:25.004  1836  1836 D AuthorizationBluetoothService: Received GmsCore event: Intent { act=com.google.android.gms.INITIALIZE flg=0x10 pkg=com.google.android.gms cmp=com.google.android.gms/.auth.be.proximity.authorization.bt.AuthorizationBluetoothService$AutoStarter }.
12-28 18:55:25.004  1836  1836 E AuthorizationBluetoothService: Proximity feature is not enabled.
12-28 18:55:25.009  1836  1836 V GLSActivity: AuthDelegateWrapperCreated with selected intent: Intent { cmp=com.google.android.gms/.auth.DefaultAuthDelegateService }
12-28 18:55:25.009  1836  1836 V GLSActivity: AuthDelegateWrapperCreated with selected intent: Intent { cmp=com.google.android.gms/.auth.DefaultAuthDelegateService }
12-28 18:55:25.010  1288  2049 I AccountManagerService: getTypesVisibleToCaller: isPermitted? true
12-28 18:55:25.010  1288  1300 I AccountManagerService: getTypesVisibleToCaller: isPermitted? true
12-28 18:55:25.010  1288  2061 I AccountManagerService: getTypesVisibleToCaller: isPermitted? true
12-28 18:55:25.015  1918  1918 V GmsCoreStatsServiceLauncher: Received broadcast intent Intent { act=com.google.android.gms.INITIALIZE flg=0x10 pkg=com.google.android.gms cmp=com.google.android.gms/.common.stats.GmsCoreStatsServiceLauncher }
12-28 18:55:25.036  1918  2569 D LocationInitializer: Restart initialization of location
12-28 18:55:25.043  1288  2059 I AccountManagerService: getTypesVisibleToCaller: isPermitted? true
12-28 18:55:25.045  1724  2238 E MDM     : [110] b.run: Couldn't connect to Google API client: ConnectionResult{statusCode=API_UNAVAILABLE, resolution=null, message=null}
12-28 18:55:25.058  1836  2230 D GCM     : GcmService start Intent { act=com.google.android.gms.INITIALIZE flg=0x10 pkg=com.google.android.gms cmp=com.google.android.gms/.gcm.GcmService } com.google.android.gms.INITIALIZE
12-28 18:55:25.066  1288  1446 D ConnectivityService: reportNetworkConnectivity(100, false) by 10007
12-28 18:55:25.067  1288  1995 D NetworkMonitor/NetworkAgentInfo [MOBILE (UMTS) - 100]: Forcing reevaluation for UID 10007
12-28 18:55:25.070  1288  1995 D NetworkMonitor/NetworkAgentInfo [MOBILE (UMTS) - 100]: Checking http://connectivitycheck.gstatic.com/generate_204 on epc.tmobile.com, connectivitycheck.gstatic.com=173.194.117.195
12-28 18:55:25.099  1288  1995 D NetworkMonitor/NetworkAgentInfo [MOBILE (UMTS) - 100]: isCaptivePortal: ret=204 headers={null=[HTTP/1.1 204 No Content], Content-Length=[0], Date=[Mon, 28 Dec 2015 09:55:25 GMT], Server=[GFE/2.0], X-Android-Received-Millis=[1451296525098], X-Android-Response-Source=[NETWORK 204], X-Android-Selected-Protocol=[http/1.1], X-Android-Sent-Millis=[1451296525070]}
12-28 18:55:25.100  1288  1331 D ConnectivityService: setProvNotificationVisibleIntent null visible=false networkType=MOBILE extraInfo=null highPriority=false
12-28 18:55:25.100  1288  1331 D ConnectivityService: NetworkAgentInfo [MOBILE (UMTS) - 100] validation  passed
12-28 18:55:25.115  1795  2573 D DownloadManager: [1] Starting
12-28 18:55:25.118  1795  2573 W ActivityThread: ClassLoader.loadClass: The class loader returned by Thread.getContextClassLoader() may fail for processes that host multiple applications. You should explicitly specify a context class loader. For example: Thread.setContextClassLoader(getClass().getClassLoader());
12-28 18:55:25.144  1836  1848 I art     : Background sticky concurrent mark sweep GC freed 19173(3MB) AllocSpace objects, 2(40KB) LOS objects, 31% free, 5MB/7MB, paused 8.366ms total 229.022ms
12-28 18:55:25.604  1288  2577 I CertBlacklister: Certificate blacklist changed, updating...
12-28 18:55:25.608  1288  2577 I CertBlacklister: Certificate blacklist updated
12-28 18:55:25.646  1288  2578 I CertBlacklister: Certificate blacklist changed, updating...
12-28 18:55:25.652  1288  2578 I CertBlacklister: Certificate blacklist updated
12-28 18:55:25.754  1288  1367 W MountService: No primary storage defined yet; hacking together a stub
12-28 18:55:25.754  1795  2431 W MediaProvider: Missing volume for /system/media/audio/notifications; assuming invalid
12-28 18:55:25.851  1836  1849 I GservicesProvider: main update completed
12-28 18:55:25.873  1288  1369 W ActivityManager: Unable to start service Intent { cmp=com.google.android.gms/.measurement.service.b } U=0: not found
12-28 18:55:25.891  1918  1918 I SystemUpdateService: receiver: Intent { act=com.google.gservices.intent.action.GSERVICES_CHANGED flg=0x10 cmp=com.google.android.gms/.update.SystemUpdateService$Receiver }
12-28 18:55:25.903  1918  1918 D SystemUpdateService: onCreate
12-28 18:55:25.905  1918  1918 D SystemUpdateService: onStartCommand: intent: Intent { cmp=com.google.android.gms/.update.SystemUpdateService (has extras) }
12-28 18:55:25.910  1918  1918 D OcrModelManager: Updating downloaded model state (gservices changed)
12-28 18:55:25.922  1836  1836 I GCM     : GCM config loaded
12-28 18:55:25.964  1918  1918 D SystemEventReceiver: Received GSERVICES_CHANGED broadcast
12-28 18:55:25.977  1918  1918 V FeaturePrerequisiteCheckerUtil: Build version: 23
12-28 18:55:25.977  1918  1918 V FeaturePrerequisiteCheckerUtil: Model: Android SDK built for x86
12-28 18:55:25.977  1918  1918 V FeaturePrerequisiteCheckerUtil: CPU_ABI: x86
12-28 18:55:25.977  1918  1918 V FeaturePrerequisiteCheckerUtil: CPU_ABI2: 
12-28 18:55:25.977   955  1484 V EmulatedCamera_Camera: getCameraInfo
12-28 18:55:25.977   955  1484 V EmulatedCamera_BaseCamera: getCameraInfo
12-28 18:55:25.978  1918  1918 V FeaturePrerequisiteCheckerUtil: Camera #0 is a rear-facing camera.
12-28 18:55:25.978  1918  1918 D CreditCardPrerequisiteChecker: All prerequisites OK.
12-28 18:55:25.978  1918  1918 I OcrUtils: Updating ocr activity enabled=true
12-28 18:55:25.993  1918  2448 I CheckinRequestBuilder: Checkin reason type: 5 attempt count: 1
12-28 18:55:25.994  1836  2261 D GCM     : GcmService start Intent { act=com.google.gservices.intent.action.GSERVICES_CHANGED flg=0x10 cmp=com.google.android.gms/.gcm.GcmService } com.google.gservices.intent.action.GSERVICES_CHANGED
12-28 18:55:25.996  1918  2448 E ActivityThread: Failed to find provider info for com.google.android.wearable.settings
12-28 18:55:26.018  1288  2059 W MountService: No primary storage defined yet; hacking together a stub
12-28 18:55:26.019  1795  2431 W MediaProvider: Missing volume for /system/media/audio/alarms/Alarm_Rooster_02.ogg; assuming invalid
12-28 18:55:26.020  1288  1369 W MountService: No primary storage defined yet; hacking together a stub
12-28 18:55:26.020  1795  2431 W MediaProvider: Missing volume for /system/media/audio/alarms/Argon.ogg; assuming invalid
12-28 18:55:26.033  1288  2049 W MountService: No primary storage defined yet; hacking together a stub
12-28 18:55:26.034  1795  2431 W MediaProvider: Missing volume for /system/media/audio/alarms/Barium.ogg; assuming invalid
12-28 18:55:26.035  1288  1979 W MountService: No primary storage defined yet; hacking together a stub
12-28 18:55:26.036  1795  2431 W MediaProvider: Missing volume for /system/media/audio/alarms/Carbon.ogg; assuming invalid
12-28 18:55:26.037  1288  1448 W MountService: No primary storage defined yet; hacking together a stub
12-28 18:55:26.037  1795  2431 W MediaProvider: Missing volume for /system/media/audio/alarms/Cesium.ogg; assuming invalid
12-28 18:55:26.039  1288  1446 W MountService: No primary storage defined yet; hacking together a stub
12-28 18:55:26.039  1795  2431 W MediaProvider: Missing volume for /system/media/audio/alarms/Fermium.ogg; assuming invalid
12-28 18:55:26.040  1288  1299 W MountService: No primary storage defined yet; hacking together a stub
12-28 18:55:26.040  1795  2431 W MediaProvider: Missing volume for /system/media/audio/alarms/Hassium.ogg; assuming invalid
12-28 18:55:26.042  1288  2061 W MountService: No primary storage defined yet; hacking together a stub
12-28 18:55:26.045  2266  2590 I Bugle   : ApnsOta: OTA version -1
12-28 18:55:26.062  1724  1724 I GCoreUlr: Starting service, intent=Intent { act=com.google.android.location.reporting.ACTION_UPDATE_WORLD cmp=com.google.android.gms/com.google.android.location.reporting.service.DispatchingService (has extras) }, extras=Bundle[{receiverAction=com.google.gservices.intent.action.GSERVICES_CHANGED}]
12-28 18:55:26.087  1724  1724 I GCoreUlr: DispatchingService.onCreate()
12-28 18:55:26.317  1918  1918 I Backup  : [BackupTransportMigratorService] Going to enable gms backup transport.
12-28 18:55:26.326  1836  2598 I Backup  : [BackupTransportMigratorService] Starting migration...
12-28 18:55:26.326  1288  2051 I AccountManagerService: getTypesVisibleToCaller: isPermitted? true
12-28 18:55:26.327  1836  2598 E Backup  : [LegacyBackupAccountManager] Fail to get legacy transport context.
12-28 18:55:26.327  1836  2598 E Backup  : android.content.pm.PackageManager$NameNotFoundException: Application package com.google.android.backup not found
12-28 18:55:26.327  1836  2598 E Backup  : 	at android.app.ContextImpl.createPackageContextAsUser(ContextImpl.java:1703)
12-28 18:55:26.327  1836  2598 E Backup  : 	at android.app.ContextImpl.createPackageContext(ContextImpl.java:1679)
12-28 18:55:26.327  1836  2598 E Backup  : 	at android.content.ContextWrapper.createPackageContext(ContextWrapper.java:746)
12-28 18:55:26.327  1836  2598 E Backup  : 	at android.content.ContextWrapper.createPackageContext(ContextWrapper.java:746)
12-28 18:55:26.327  1836  2598 E Backup  : 	at com.google.android.gms.backup.as.<init>(SourceFile:47)
12-28 18:55:26.327  1836  2598 E Backup  : 	at com.google.android.gms.backup.BackupTransportMigratorService.b(SourceFile:150)
12-28 18:55:26.327  1836  2598 E Backup  : 	at com.google.android.gms.backup.BackupTransportMigratorService.onHandleIntent(SourceFile:82)
12-28 18:55:26.327  1836  2598 E Backup  : 	at android.app.IntentService$ServiceHandler.handleMessage(IntentService.java:66)
12-28 18:55:26.327  1836  2598 E Backup  : 	at android.os.Handler.dispatchMessage(Handler.java:102)
12-28 18:55:26.327  1836  2598 E Backup  : 	at android.os.Looper.loop(Looper.java:148)
12-28 18:55:26.327  1836  2598 E Backup  : 	at android.os.HandlerThread.run(HandlerThread.java:61)
12-28 18:55:26.327  1288  1448 I AccountManagerService: getTypesVisibleToCaller: isPermitted? true
12-28 18:55:26.327  1836  2598 W Backup  : [LegacyBackupAccountManager] No google accounts found!
12-28 18:55:26.383  1724  1736 W GmsBackupAccountManager: Backup account not found in gmscore.
12-28 18:55:26.387  1836  2598 I Backup  : [BackupTransportMigratorService] Component name not found : com.google.android.backuptransport/com.google.android.backup.BackupTransportService
12-28 18:55:26.388  1836  2598 I Backup  : [BackupTransportMigratorService] Component name not found : com.google.android.backup/com.google.android.backup.BackupTransportService
12-28 18:55:26.388  1836  2598 I Backup  : [BackupTransportMigratorService] Successfully migrated to use GMS BackupTransportService!
12-28 18:55:26.445  1918  2585 W art     : Long monitor contention event with owner method=android.content.IContentProvider android.app.ActivityThread.acquireExistingProvider(android.content.Context, java.lang.String, int, boolean) from ActivityThread.java:4864 waiters=1 for 422ms
12-28 18:55:26.473  1918  1929 W art     : Suspending all threads took: 25.070ms
12-28 18:55:26.481  1918  1929 I art     : Background sticky concurrent mark sweep GC freed 20518(2MB) AllocSpace objects, 15(300KB) LOS objects, 24% free, 6MB/8MB, paused 26.829ms total 343.633ms
12-28 18:55:26.555  1795  2431 W MediaProvider: Missing volume for /system/media/audio/alarms/Helium.ogg; assuming invalid
12-28 18:55:26.559  1918  2341 E Icing   : Loading extension /data/data/com.google.android.gms/files/libAppDataSearchExt_x86.so failed
12-28 18:55:26.564  1288  1447 W MountService: No primary storage defined yet; hacking together a stub
12-28 18:55:26.564  1795  2431 W MediaProvider: Missing volume for /system/media/audio/alarms/Krypton.ogg; assuming invalid
12-28 18:55:26.566  1288  2051 W MountService: No primary storage defined yet; hacking together a stub
12-28 18:55:26.566  1795  2431 W MediaProvider: Missing volume for /system/media/audio/alarms/Neon.ogg; assuming invalid
12-28 18:55:26.567  1288  2050 W MountService: No primary storage defined yet; hacking together a stub
12-28 18:55:26.567  1795  2431 W MediaProvider: Missing volume for /system/media/audio/alarms/Neptunium.ogg; assuming invalid
12-28 18:55:26.568  1288  1958 W MountService: No primary storage defined yet; hacking together a stub
12-28 18:55:26.569  1795  2431 W MediaProvider: Missing volume for /system/media/audio/alarms/Nobelium.ogg; assuming invalid
12-28 18:55:26.570  1288  1300 W MountService: No primary storage defined yet; hacking together a stub
12-28 18:55:26.570  1795  2431 W MediaProvider: Missing volume for /system/media/audio/alarms/Osmium.ogg; assuming invalid
12-28 18:55:26.571  1288  1445 W MountService: No primary storage defined yet; hacking together a stub
12-28 18:55:26.571  1795  2431 W MediaProvider: Missing volume for /system/media/audio/alarms/Oxygen.ogg; assuming invalid
12-28 18:55:26.593  1724  2595 I GCoreUlr: WorldUpdater received intent Intent { act=com.google.android.location.reporting.ACTION_UPDATE_WORLD cmp=com.google.android.gms/com.google.android.location.reporting.service.DispatchingService (has extras) } with receiverAction com.google.gservices.intent.action.GSERVICES_CHANGED
12-28 18:55:26.615  1288  2047 W MountService: No primary storage defined yet; hacking together a stub
12-28 18:55:26.653  1795  2431 W MediaProvider: Missing volume for /system/media/audio/alarms/Platinum.ogg; assuming invalid
12-28 18:55:26.661  1288  2051 W MountService: No primary storage defined yet; hacking together a stub
12-28 18:55:26.661  1795  2431 W MediaProvider: Missing volume for /system/media/audio/alarms/Plutonium.ogg; assuming invalid
12-28 18:55:26.663  1288  2050 W MountService: No primary storage defined yet; hacking together a stub
12-28 18:55:26.663  1795  2431 W MediaProvider: Missing volume for /system/media/audio/alarms/Promethium.ogg; assuming invalid
12-28 18:55:26.664  1288  1958 W MountService: No primary storage defined yet; hacking together a stub
12-28 18:55:26.665  1795  2431 W MediaProvider: Missing volume for /system/media/audio/alarms/Scandium.ogg; assuming invalid
12-28 18:55:26.667  1288  1300 W MountService: No primary storage defined yet; hacking together a stub
12-28 18:55:26.667  1288  1445 W MountService: No primary storage defined yet; hacking together a stub
12-28 18:55:26.667  1795  2431 W MediaProvider: Missing volume for /system/media/audio/notifications/Adara.ogg; assuming invalid
12-28 18:55:26.669  1288  2061 W MountService: No primary storage defined yet; hacking together a stub
12-28 18:55:26.670  1288  1447 W MountService: No primary storage defined yet; hacking together a stub
12-28 18:55:26.670  1288  2051 W MountService: No primary storage defined yet; hacking together a stub
12-28 18:55:26.670  1795  2431 W MediaProvider: Missing volume for /system/media/audio/notifications/Aldebaran.ogg; assuming invalid
12-28 18:55:26.671  1288  2050 W MountService: No primary storage defined yet; hacking together a stub
12-28 18:55:26.672  1795  2431 W MediaProvider: Missing volume for /system/media/audio/notifications/Altair.ogg; assuming invalid
12-28 18:55:26.688   955  1640 E MetadataRetrieverClient: failed to extract an album art
12-28 18:55:26.692  1288  1367 W MountService: No primary storage defined yet; hacking together a stub
12-28 18:55:26.706  1918  2585 I SystemUpdateService: cancelUpdate (empty URL)
12-28 18:55:26.706  1918  2585 I SystemUpdateService: active receiver: disabled
12-28 18:55:26.715  1918  1918 D SystemUpdateService: onDestroy
12-28 18:55:26.733  1288  1369 W MountService: No primary storage defined yet; hacking together a stub
12-28 18:55:26.734  1795  2431 W MediaProvider: Missing volume for /system/media/audio/notifications/Alya.ogg; assuming invalid
12-28 18:55:26.736  1724  2595 I GCoreUlr: WorldUpdater:com.google.gservices.intent.action.GSERVICES_CHANGED: Ensuring that reporting is stopped because of reasons: (no Google accounts)
12-28 18:55:26.737  1288  1367 W MountService: No primary storage defined yet; hacking together a stub
12-28 18:55:26.738  1795  2431 W MediaProvider: Missing volume for /system/media/audio/notifications/Antares.ogg; assuming invalid
12-28 18:55:26.741  1288  1447 W MountService: No primary storage defined yet; hacking together a stub
12-28 18:55:26.741  1795  2431 W MediaProvider: Missing volume for /system/media/audio/notifications/Antimony.ogg; assuming invalid
12-28 18:55:26.757  1724  2595 I GCoreUlr: Unbound from all location providers
12-28 18:55:26.866  1724  1724 I GCoreUlr: DispatchingService.onDestroy()
12-28 18:55:26.866  1724  1724 I GCoreUlr: Stopping handler for UlrDispSvcFast
12-28 18:55:26.869  1724  1724 I GCoreUlr: Unbound from all location providers
12-28 18:55:26.889  1795  2602 D DownloadManager: [2] Starting
12-28 18:55:26.915  1288  1445 I AccountManagerService: getTypesVisibleToCaller: isPermitted? true
12-28 18:55:26.915  1288  2050 I AccountManagerService: getTypesVisibleToCaller: isPermitted? true
12-28 18:55:26.921  1288  1300 W MountService: No primary storage defined yet; hacking together a stub
12-28 18:55:26.922  1795  2431 W MediaProvider: Missing volume for /system/media/audio/notifications/Arcturus.ogg; assuming invalid
12-28 18:55:26.938  1288  2047 W MountService: No primary storage defined yet; hacking together a stub
12-28 18:55:26.938  1795  2431 W MediaProvider: Missing volume for /system/media/audio/notifications/Argon.ogg; assuming invalid
12-28 18:55:26.940  1288  1299 W MountService: No primary storage defined yet; hacking together a stub
12-28 18:55:26.940  1795  2431 W MediaProvider: Missing volume for /system/media/audio/notifications/Beat_Box_Android.ogg; assuming invalid
12-28 18:55:26.942  1288  1446 W MountService: No primary storage defined yet; hacking together a stub
12-28 18:55:26.942  1795  2431 W MediaProvider: Missing volume for /system/media/audio/notifications/Bellatrix.ogg; assuming invalid
12-28 18:55:26.967  1288  1958 W MountService: No primary storage defined yet; hacking together a stub
12-28 18:55:26.968  1795  2431 W MediaProvider: Missing volume for /system/media/audio/notifications/Beryllium.ogg; assuming invalid
12-28 18:55:26.969  1288  2051 W MountService: No primary storage defined yet; hacking together a stub
12-28 18:55:26.970  1795  2431 W MediaProvider: Missing volume for /system/media/audio/notifications/Betelgeuse.ogg; assuming invalid
12-28 18:55:26.988  1918  2448 I CheckinRequestBuilder: Classify the device as Phone.
12-28 18:55:26.994  1288  1446 W MountService: No primary storage defined yet; hacking together a stub
12-28 18:55:26.994  1795  2431 W MediaProvider: Missing volume for /system/media/audio/notifications/CaffeineSnake.ogg; assuming invalid
12-28 18:55:26.996  1288  1445 W MountService: No primary storage defined yet; hacking together a stub
12-28 18:55:26.996  1795  2431 W MediaProvider: Missing volume for /system/media/audio/notifications/Canopus.ogg; assuming invalid
12-28 18:55:26.997  1288  1958 W MountService: No primary storage defined yet; hacking together a stub
12-28 18:55:26.997  1795  2431 W MediaProvider: Missing volume for /system/media/audio/notifications/Capella.ogg; assuming invalid
12-28 18:55:26.998  1288  2051 W MountService: No primary storage defined yet; hacking together a stub
12-28 18:55:26.998  1795  2431 W MediaProvider: Missing volume for /system/media/audio/notifications/Castor.ogg; assuming invalid
12-28 18:55:27.000  1288  1979 W MountService: No primary storage defined yet; hacking together a stub
12-28 18:55:27.000  1795  2431 W MediaProvider: Missing volume for /system/media/audio/notifications/CetiAlpha.ogg; assuming invalid
12-28 18:55:27.002  1288  1300 W MountService: No primary storage defined yet; hacking together a stub
12-28 18:55:27.002  1795  2431 W MediaProvider: Missing volume for /system/media/audio/notifications/Cobalt.ogg; assuming invalid
12-28 18:55:27.036  1918  2448 I CheckinTask: Checkin success: https://android.clients.google.com/checkin (1 requests sent)
12-28 18:55:27.061  1918  2448 I CheckinService: Checking schedule, now: 1451296527061 next: 1451338433037
12-28 18:55:27.061  1918  2448 I CheckinService: active receiver: disabled
12-28 18:55:27.066  1288  2061 W MountService: No primary storage defined yet; hacking together a stub
12-28 18:55:27.066  1795  2431 W MediaProvider: Missing volume for /system/media/audio/notifications/Cricket.ogg; assuming invalid
12-28 18:55:27.067  1288  1447 W MountService: No primary storage defined yet; hacking together a stub
12-28 18:55:27.068  1795  2431 W MediaProvider: Missing volume for /system/media/audio/notifications/DearDeer.ogg; assuming invalid
12-28 18:55:27.068  1288  2050 W MountService: No primary storage defined yet; hacking together a stub
12-28 18:55:27.069  1795  2431 W MediaProvider: Missing volume for /system/media/audio/notifications/Deneb.ogg; assuming invalid
12-28 18:55:27.070  1288  1369 W MountService: No primary storage defined yet; hacking together a stub
12-28 18:55:27.070  1795  2431 W MediaProvider: Missing volume for /system/media/audio/notifications/Doink.ogg; assuming invalid
12-28 18:55:27.071  1288  1448 W MountService: No primary storage defined yet; hacking together a stub
12-28 18:55:27.071  1795  2431 W MediaProvider: Missing volume for /system/media/audio/notifications/DontPanic.ogg; assuming invalid
12-28 18:55:27.072  1288  2059 W MountService: No primary storage defined yet; hacking together a stub
12-28 18:55:27.072  1795  2431 W MediaProvider: Missing volume for /system/media/audio/notifications/Drip.ogg; assuming invalid
12-28 18:55:27.072  1288  1367 W MountService: No primary storage defined yet; hacking together a stub
12-28 18:55:27.072  1795  2431 W MediaProvider: Missing volume for /system/media/audio/notifications/Electra.ogg; assuming invalid
12-28 18:55:27.076  1918  2605 I CheckinService: Checking schedule, now: 1451296527076 next: 1451338433037
12-28 18:55:27.076  1918  2605 I CheckinService: active receiver: disabled
12-28 18:55:27.222  1918  1918 D ChimeraCfgMgr: Loading module com.google.android.gms.kids from APK com.google.android.gms
12-28 18:55:27.237  1918  1918 D ChimeraCfgMgr: Loading module com.google.android.gms.kids from APK com.google.android.gms
12-28 18:55:27.244  1288  1958 I AccountManagerService: getTypesVisibleToCaller: isPermitted? true
12-28 18:55:27.244  1288  1369 I AccountManagerService: getTypesVisibleToCaller: isPermitted? true
12-28 18:55:27.259  1836  1836 V GLSActivity: AuthDelegateWrapperCreated with selected intent: Intent { cmp=com.google.android.gms/.auth.DefaultAuthDelegateService }
12-28 18:55:27.264  1288  2051 I AccountManagerService: getTypesVisibleToCaller: isPermitted? true
12-28 18:55:27.274  1836  1836 V GLSActivity: AuthDelegateWrapperCreated with selected intent: Intent { cmp=com.google.android.gms/.auth.DefaultAuthDelegateService }
12-28 18:55:27.302  1836  2230 D GCM     : GcmService start Intent { act=com.google.android.checkin.CHECKIN_COMPLETE flg=0x10 cmp=com.google.android.gms/.gcm.GcmService (has extras) } com.google.android.checkin.CHECKIN_COMPLETE
12-28 18:55:27.314  1836  2230 D GCM     : GcmService start Intent { act=com.google.android.c2dm.intent.REGISTER pkg=com.google.android.gms cmp=com.google.android.gms/.gcm.GcmService (has extras) } com.google.android.c2dm.intent.REGISTER
12-28 18:55:27.347  1288  1979 W MountService: No primary storage defined yet; hacking together a stub
12-28 18:55:27.347  1795  2431 W MediaProvider: Missing volume for /system/media/audio/notifications/F1_MissedCall.ogg; assuming invalid
12-28 18:55:27.354  1288  1446 W MountService: No primary storage defined yet; hacking together a stub
12-28 18:55:27.354  1795  2431 W MediaProvider: Missing volume for /system/media/audio/notifications/F1_New_MMS.ogg; assuming invalid
12-28 18:55:27.356  1288  2059 W MountService: No primary storage defined yet; hacking together a stub
12-28 18:55:27.356  1795  2431 W MediaProvider: Missing volume for /system/media/audio/notifications/F1_New_SMS.ogg; assuming invalid
12-28 18:55:27.357  1288  2047 W MountService: No primary storage defined yet; hacking together a stub
12-28 18:55:27.357  1795  2431 W MediaProvider: Missing volume for /system/media/audio/notifications/Fluorine.ogg; assuming invalid
12-28 18:55:27.358  1288  1299 W MountService: No primary storage defined yet; hacking together a stub
12-28 18:55:27.358  1795  2431 W MediaProvider: Missing volume for /system/media/audio/notifications/Fomalhaut.ogg; assuming invalid
12-28 18:55:27.360  1288  2049 W MountService: No primary storage defined yet; hacking together a stub
12-28 18:55:27.360  1795  2431 W MediaProvider: Missing volume for /system/media/audio/notifications/Gallium.ogg; assuming invalid
12-28 18:55:27.361  1288  2050 W MountService: No primary storage defined yet; hacking together a stub
12-28 18:55:27.361  1795  2431 W MediaProvider: Missing volume for /system/media/audio/notifications/Heaven.ogg; assuming invalid
12-28 18:55:27.362  1288  1369 W MountService: No primary storage defined yet; hacking together a stub
12-28 18:55:27.403  1795  2431 W MediaProvider: Missing volume for /system/media/audio/notifications/Helium.ogg; assuming invalid
12-28 18:55:27.405  1288  1979 W MountService: No primary storage defined yet; hacking together a stub
12-28 18:55:27.405  1795  2431 W MediaProvider: Missing volume for /system/media/audio/notifications/Highwire.ogg; assuming invalid
12-28 18:55:27.407  1288  1446 W MountService: No primary storage defined yet; hacking together a stub
12-28 18:55:27.407  1795  2431 W MediaProvider: Missing volume for /system/media/audio/notifications/Hojus.ogg; assuming invalid
12-28 18:55:27.408  1288  2059 W MountService: No primary storage defined yet; hacking together a stub
12-28 18:55:27.408  1795  2431 W MediaProvider: Missing volume for /system/media/audio/notifications/Iridium.ogg; assuming invalid
12-28 18:55:27.410  1288  2047 W MountService: No primary storage defined yet; hacking together a stub
12-28 18:55:27.410  1795  2431 W MediaProvider: Missing volume for /system/media/audio/notifications/Krypton.ogg; assuming invalid
12-28 18:55:27.411  1288  1299 W MountService: No primary storage defined yet; hacking together a stub
12-28 18:55:27.411  1795  2431 W MediaProvider: Missing volume for /system/media/audio/notifications/KzurbSonar.ogg; assuming invalid
12-28 18:55:27.412  1288  2049 W MountService: No primary storage defined yet; hacking together a stub
12-28 18:55:27.486  1795  2431 W MediaProvider: Missing volume for /system/media/audio/notifications/Lalande.ogg; assuming invalid
12-28 18:55:27.488  1288  1367 W MountService: No primary storage defined yet; hacking together a stub
12-28 18:55:27.488  1795  2431 W MediaProvider: Missing volume for /system/media/audio/notifications/Merope.ogg; assuming invalid
12-28 18:55:27.490  1288  1300 W MountService: No primary storage defined yet; hacking together a stub
12-28 18:55:27.490  1795  2431 W MediaProvider: Missing volume for /system/media/audio/notifications/Mira.ogg; assuming invalid
12-28 18:55:27.503  1288  1958 W MountService: No primary storage defined yet; hacking together a stub
12-28 18:55:27.507  1795  2431 W MediaProvider: Missing volume for /system/media/audio/notifications/OnTheHunt.ogg; assuming invalid
12-28 18:55:27.644  1795  2602 D DownloadManager: [2] Finished with status SUCCESS
12-28 18:55:27.669  1918  1918 D ChimeraCfgMgr: Loading module com.google.android.gms.vision from APK com.google.android.gms
12-28 18:55:27.675  1918  1918 I Vision  : Supported ABIS: [x86]
12-28 18:55:27.681  1918  1918 D ChimeraCfgMgr: Loading module com.google.android.gms.vision from APK com.google.android.gms
12-28 18:55:27.780  1918  1918 V AuthZen : Received broadcast action: com.google.android.gms.gcm.REGISTERED
12-28 18:55:27.785  1918  2621 V AuthZen : Handling intent: com.google.android.gms.gcm.REGISTERED
12-28 18:55:27.785  1918  2621 D AuthZenEventHandler: Handling event: com.google.android.gms.gcm.REGISTERED
12-28 18:55:27.791  1288  1446 I AccountManagerService: getTypesVisibleToCaller: isPermitted? true
12-28 18:55:27.796  1288  2059 I AccountManagerService: getTypesVisibleToCaller: isPermitted? true
12-28 18:55:27.897  1795  2566 V DownloadManager: Deleting /data/user/0/com.android.providers.downloads/cache/params_chname_e14273c.dat via provider delete
12-28 18:55:28.008  1288  1445 I AccountManagerService: getTypesVisibleToCaller: isPermitted? true
12-28 18:55:28.069  1724  1724 I GCoreUlr: GCM registration ID changed
12-28 18:55:28.082  1288  2050 I AccountManagerService: getTypesVisibleToCaller: isPermitted? true
12-28 18:55:28.082  1918  1918 E MDM     : [1] SitrepService.a: No Google accounts; deferring server state update.
12-28 18:55:28.244  1288  1321 I InputReader: Reconfiguring input devices.  changes=0x00000010
12-28 18:55:28.275  1288  1321 I InputReader: Reconfiguring input devices.  changes=0x00000010
12-28 18:55:28.284  1288  1321 I InputReader: Reconfiguring input devices.  changes=0x00000010
12-28 18:55:28.301  1918  2629 D PackageBroadcastService: Received broadcast action=android.intent.action.PACKAGE_CHANGED and uri=com.google.android.apps.messaging
12-28 18:55:28.326  1918  2631 I PeopleContactsSync: CP2 sync disabled
12-28 18:55:28.385  1288  1312 W art     : Long monitor contention event with owner method=void com.android.server.am.BroadcastQueue.processNextBroadcast(boolean) from BroadcastQueue.java:639 waiters=3 for 107ms
12-28 18:55:28.406  1288  1321 I InputReader: Reconfiguring input devices.  changes=0x00000010
12-28 18:55:28.429  1918  2632 D PackageBroadcastService: Received broadcast action=android.intent.action.PACKAGE_CHANGED and uri=com.android.calendar
12-28 18:55:28.508  1918  2634 I PeopleContactsSync: CP2 sync disabled
12-28 18:55:28.534  1288  1321 I InputReader: Reconfiguring input devices.  changes=0x00000010
12-28 18:55:28.565  1918  2635 D PackageBroadcastService: Received broadcast action=android.intent.action.PACKAGE_CHANGED and uri=com.google.android.gms
12-28 18:55:28.576  1918  2635 I PackageBroadcastService: Null package name or gms related package.  Ignoreing.
12-28 18:55:28.687  1724  2622 W art     : Long monitor contention event with owner method=android.content.IContentProvider android.app.ActivityThread.acquireExistingProvider(android.content.Context, java.lang.String, int, boolean) from ActivityThread.java:4864 waiters=0 for 227ms
12-28 18:55:28.727  1918  2637 D PackageBroadcastService: Received broadcast action=android.intent.action.PACKAGE_CHANGED and uri=com.google.android.gsf
12-28 18:55:28.742  1918  2639 I PeopleContactsSync: CP2 sync disabled
12-28 18:55:28.828  1288  1369 W BackupManagerService: dataChanged but no participant pkg='com.android.launcher3' uid=10008
12-28 18:55:28.912  1724  2107 W art     : Long monitor contention event with owner method=boolean android.app.ActivityThread.releaseProvider(android.content.IContentProvider, boolean) from ActivityThread.java:4898 waiters=0 for 225ms
12-28 18:55:28.980  1918  2640 D PackageBroadcastService: Received broadcast action=android.intent.action.PACKAGE_CHANGED and uri=com.android.inputmethod.latin
12-28 18:55:28.980  1918  2341 I Icing   : updateResources: need to parse f{com.google.android.gms}
12-28 18:55:28.997  1918  2640 D PackageBroadcastService: Received broadcast action=android.intent.action.PACKAGE_CHANGED and uri=com.android.email
12-28 18:55:29.005  1918  2641 I PeopleContactsSync: CP2 sync disabled
12-28 18:55:29.200  1724  1724 V GmsNetworkLocationProvi: DISABLE
12-28 18:55:29.207  1724  1724 I GCoreNlp: shouldConfirmNlp, NLP off. Ensuring opt-in disabled
12-28 18:55:29.359  2152  2542 I GlobalDismissManager: no sender configured
12-28 18:55:29.359  2152  2542 D AlertService: Beginning updateAlertNotification
12-28 18:55:29.375  2152  2542 D AlertService: No fired or scheduled alerts
12-28 18:55:29.379  2152  2542 D AlertService: Scheduling next alarm with AlarmScheduler. sEventReminderReceived: null
12-28 18:55:29.392  2152  2542 D AlarmScheduler: No events found starting within 1 week.
12-28 18:55:30.293  1288  1979 W MountService: No primary storage defined yet; hacking together a stub
12-28 18:55:30.294  1795  2431 W MediaProvider: Missing volume for /system/media/audio/ringtones; assuming invalid
12-28 18:55:30.301  1288  1299 W MountService: No primary storage defined yet; hacking together a stub
12-28 18:55:30.302  1795  2431 W MediaProvider: Missing volume for /system/media/audio/notifications/Palladium.ogg; assuming invalid
12-28 18:55:30.325  1288  1958 W MountService: No primary storage defined yet; hacking together a stub
12-28 18:55:30.325  1795  2431 W MediaProvider: Missing volume for /system/media/audio/notifications/Plastic_Pipe.ogg; assuming invalid
12-28 18:55:30.326  1288  1369 W MountService: No primary storage defined yet; hacking together a stub
12-28 18:55:30.327  1795  2431 W MediaProvider: Missing volume for /system/media/audio/notifications/Polaris.ogg; assuming invalid
12-28 18:55:30.329  1288  2059 W MountService: No primary storage defined yet; hacking together a stub
12-28 18:55:30.329  1288  1446 W MountService: No primary storage defined yet; hacking together a stub
12-28 18:55:30.329  1288  1445 W MountService: No primary storage defined yet; hacking together a stub
12-28 18:55:30.329   955  1640 E MetadataRetrieverClient: failed to extract an album art
12-28 18:55:30.344  1288  1979 W MountService: No primary storage defined yet; hacking together a stub
12-28 18:55:30.345  1288  2050 W MountService: No primary storage defined yet; hacking together a stub
12-28 18:55:30.345  1795  2431 W MediaProvider: Missing volume for /system/media/audio/notifications/Pollux.ogg; assuming invalid
12-28 18:55:30.347  1288  1447 W MountService: No primary storage defined yet; hacking together a stub
12-28 18:55:30.347  1795  2431 W MediaProvider: Missing volume for /system/media/audio/notifications/Procyon.ogg; assuming invalid
12-28 18:55:30.349  1288  2051 W MountService: No primary storage defined yet; hacking together a stub
12-28 18:55:30.349  1795  2431 W MediaProvider: Missing volume for /system/media/audio/notifications/Proxima.ogg; assuming invalid
12-28 18:55:30.351  1288  1367 W MountService: No primary storage defined yet; hacking together a stub
12-28 18:55:30.351  1795  2431 W MediaProvider: Missing volume for /system/media/audio/notifications/Radon.ogg; assuming invalid
12-28 18:55:30.353  1288  2059 W MountService: No primary storage defined yet; hacking together a stub
12-28 18:55:30.353  1795  2431 W MediaProvider: Missing volume for /system/media/audio/notifications/Rubidium.ogg; assuming invalid
12-28 18:55:30.355  1288  1446 W MountService: No primary storage defined yet; hacking together a stub
12-28 18:55:30.355  1795  2431 W MediaProvider: Missing volume for /system/media/audio/notifications/Selenium.ogg; assuming invalid
12-28 18:55:30.357  1288  1445 W MountService: No primary storage defined yet; hacking together a stub
12-28 18:55:30.357  1795  2431 W MediaProvider: Missing volume for /system/media/audio/notifications/Shaula.ogg; assuming invalid
12-28 18:55:30.358  1288  1979 W MountService: No primary storage defined yet; hacking together a stub
12-28 18:55:30.358  1795  2431 W MediaProvider: Missing volume for /system/media/audio/notifications/Sirrah.ogg; assuming invalid
12-28 18:55:30.362  1288  2050 W MountService: No primary storage defined yet; hacking together a stub
12-28 18:55:30.363  1795  2431 W MediaProvider: Missing volume for /system/media/audio/notifications/SpaceSeed.ogg; assuming invalid
12-28 18:55:30.365  1288  1447 W MountService: No primary storage defined yet; hacking together a stub
12-28 18:55:30.365  1795  2431 W MediaProvider: Missing volume for /system/media/audio/notifications/Spica.ogg; assuming invalid
12-28 18:55:30.367  1288  2051 W MountService: No primary storage defined yet; hacking together a stub
12-28 18:55:30.367  1795  2431 W MediaProvider: Missing volume for /system/media/audio/notifications/Strontium.ogg; assuming invalid
12-28 18:55:30.369  1288  1367 W MountService: No primary storage defined yet; hacking together a stub
12-28 18:55:30.370  1795  2431 W MediaProvider: Missing volume for /system/media/audio/notifications/Syrma.ogg; assuming invalid
12-28 18:55:30.371  1288  2059 W MountService: No primary storage defined yet; hacking together a stub
12-28 18:55:30.372  1795  2431 W MediaProvider: Missing volume for /system/media/audio/notifications/TaDa.ogg; assuming invalid
12-28 18:55:30.403  1288  1446 W MountService: No primary storage defined yet; hacking together a stub
12-28 18:55:30.404  1795  2431 W MediaProvider: Missing volume for /system/media/audio/notifications/Talitha.ogg; assuming invalid
12-28 18:55:30.406  1288  1445 W MountService: No primary storage defined yet; hacking together a stub
12-28 18:55:30.406  1795  2431 W MediaProvider: Missing volume for /system/media/audio/notifications/Tejat.ogg; assuming invalid
12-28 18:55:30.408  1288  1979 W MountService: No primary storage defined yet; hacking together a stub
12-28 18:55:30.408  1795  2431 W MediaProvider: Missing volume for /system/media/audio/notifications/Thallium.ogg; assuming invalid
12-28 18:55:30.410  1288  2050 W MountService: No primary storage defined yet; hacking together a stub
12-28 18:55:30.410  1795  2431 W MediaProvider: Missing volume for /system/media/audio/notifications/Tinkerbell.ogg; assuming invalid
12-28 18:55:30.412  1288  1447 W MountService: No primary storage defined yet; hacking together a stub
12-28 18:55:30.412  1795  2431 W MediaProvider: Missing volume for /system/media/audio/notifications/Upsilon.ogg; assuming invalid
12-28 18:55:30.434  1288  2051 W MountService: No primary storage defined yet; hacking together a stub
12-28 18:55:30.435  1795  2431 W MediaProvider: Missing volume for /system/media/audio/notifications/Vega.ogg; assuming invalid
12-28 18:55:30.436  1288  1367 W MountService: No primary storage defined yet; hacking together a stub
12-28 18:55:30.437  1795  2431 W MediaProvider: Missing volume for /system/media/audio/notifications/Voila.ogg; assuming invalid
12-28 18:55:30.439  1288  2059 W MountService: No primary storage defined yet; hacking together a stub
12-28 18:55:30.439  1795  2431 W MediaProvider: Missing volume for /system/media/audio/notifications/Xenon.ogg; assuming invalid
12-28 18:55:30.441  1288  1446 W MountService: No primary storage defined yet; hacking together a stub
12-28 18:55:30.441  1795  2431 W MediaProvider: Missing volume for /system/media/audio/notifications/Zirconium.ogg; assuming invalid
12-28 18:55:30.442  1288  1445 W MountService: No primary storage defined yet; hacking together a stub
12-28 18:55:30.442  1795  2431 W MediaProvider: Missing volume for /system/media/audio/notifications/arcturus.ogg; assuming invalid
12-28 18:55:30.455  1288  1979 W MountService: No primary storage defined yet; hacking together a stub
12-28 18:55:30.455  1795  2431 W MediaProvider: Missing volume for /system/media/audio/notifications/moonbeam.ogg; assuming invalid
12-28 18:55:30.458  1288  2050 W MountService: No primary storage defined yet; hacking together a stub
12-28 18:55:30.458  1795  2431 W MediaProvider: Missing volume for /system/media/audio/notifications/pixiedust.ogg; assuming invalid
12-28 18:55:30.460  1288  1447 W MountService: No primary storage defined yet; hacking together a stub
12-28 18:55:30.460  1795  2431 W MediaProvider: Missing volume for /system/media/audio/notifications/pizzicato.ogg; assuming invalid
12-28 18:55:30.461  1288  2051 W MountService: No primary storage defined yet; hacking together a stub
12-28 18:55:30.462  1795  2431 W MediaProvider: Missing volume for /system/media/audio/notifications/regulus.ogg; assuming invalid
12-28 18:55:30.483  1288  1367 W MountService: No primary storage defined yet; hacking together a stub
12-28 18:55:30.484  1795  2431 W MediaProvider: Missing volume for /system/media/audio/notifications/sirius.ogg; assuming invalid
12-28 18:55:30.485  1288  2059 W MountService: No primary storage defined yet; hacking together a stub
12-28 18:55:30.486  1795  2431 W MediaProvider: Missing volume for /system/media/audio/notifications/tweeters.ogg; assuming invalid
12-28 18:55:30.487  1288  1446 W MountService: No primary storage defined yet; hacking together a stub
12-28 18:55:30.487  1795  2431 W MediaProvider: Missing volume for /system/media/audio/notifications/vega.ogg; assuming invalid
12-28 18:55:30.509  1288  1979 W MountService: No primary storage defined yet; hacking together a stub
12-28 18:55:30.509  1288  2050 W MountService: No primary storage defined yet; hacking together a stub
12-28 18:55:30.510  1288  1447 W MountService: No primary storage defined yet; hacking together a stub
12-28 18:55:30.513  1288  2051 W MountService: No primary storage defined yet; hacking together a stub
12-28 18:55:30.514  1795  2431 W MediaProvider: Missing volume for /system/media/audio/ringtones/ANDROMEDA.ogg; assuming invalid
12-28 18:55:30.523   955  1484 E MetadataRetrieverClient: failed to extract an album art
12-28 18:55:30.524  1288  1367 W MountService: No primary storage defined yet; hacking together a stub
12-28 18:55:32.875  1795  2431 I art     : Waiting for a blocking GC DisableMovingGc
12-28 18:55:32.878  1795  2431 I art     : Starting a blocking GC DisableMovingGc
12-28 18:55:33.323  1795  2431 W MediaScanner: Error opening directory '/oem/media/', skipping: No such file or directory.
12-28 18:55:33.324  1288  2061 W MountService: No primary storage defined yet; hacking together a stub
12-28 18:55:33.324  1795  2431 W MediaProvider: Missing volume for /system/media/audio/ui; assuming invalid
12-28 18:55:33.333  1288  1447 W MountService: No primary storage defined yet; hacking together a stub
12-28 18:55:33.333  1795  2431 W MediaProvider: Missing volume for /system/media/audio/ringtones/Andromeda.ogg; assuming invalid
12-28 18:55:33.336  1288  2051 W MountService: No primary storage defined yet; hacking together a stub
12-28 18:55:33.336  1795  2431 W MediaProvider: Missing volume for /system/media/audio/ringtones/Aquila.ogg; assuming invalid
12-28 18:55:33.337  1288  1367 W MountService: No primary storage defined yet; hacking together a stub
12-28 18:55:33.338  1795  2431 W MediaProvider: Missing volume for /system/media/audio/ringtones/ArgoNavis.ogg; assuming invalid
12-28 18:55:33.340  1288  2059 W MountService: No primary storage defined yet; hacking together a stub
12-28 18:55:33.340  1795  2431 W MediaProvider: Missing volume for /system/media/audio/ringtones/Atria.ogg; assuming invalid
12-28 18:55:33.342  1288  1446 W MountService: No primary storage defined yet; hacking together a stub
12-28 18:55:33.342  1795  2431 W MediaProvider: Missing volume for /system/media/audio/ringtones/BOOTES.ogg; assuming invalid
12-28 18:55:33.364  1288  1445 W MountService: No primary storage defined yet; hacking together a stub
12-28 18:55:33.365  1795  2431 W MediaProvider: Missing volume for /system/media/audio/ringtones/Backroad.ogg; assuming invalid
12-28 18:55:33.366  1288  1979 W MountService: No primary storage defined yet; hacking together a stub
12-28 18:55:33.366  1795  2431 W MediaProvider: Missing volume for /system/media/audio/ringtones/BeatPlucker.ogg; assuming invalid
12-28 18:55:33.367  1288  2050 W MountService: No primary storage defined yet; hacking together a stub
12-28 18:55:33.367  1795  2431 W MediaProvider: Missing volume for /system/media/audio/ringtones/BentleyDubs.ogg; assuming invalid
12-28 18:55:33.368  1288  1447 W MountService: No primary storage defined yet; hacking together a stub
12-28 18:55:33.368  1795  2431 W MediaProvider: Missing volume for /system/media/audio/ringtones/Big_Easy.ogg; assuming invalid
12-28 18:55:33.369  1288  2051 W MountService: No primary storage defined yet; hacking together a stub
12-28 18:55:33.370  1795  2431 W MediaProvider: Missing volume for /system/media/audio/ringtones/BirdLoop.ogg; assuming invalid
12-28 18:55:33.371  1288  1367 W MountService: No primary storage defined yet; hacking together a stub
12-28 18:55:33.371  1795  2431 W MediaProvider: Missing volume for /system/media/audio/ringtones/Bollywood.ogg; assuming invalid
12-28 18:55:33.372  1288  2059 W MountService: No primary storage defined yet; hacking together a stub
12-28 18:55:33.372  1795  2431 W MediaProvider: Missing volume for /system/media/audio/ringtones/BussaMove.ogg; assuming invalid
12-28 18:55:33.384  1288  1446 W MountService: No primary storage defined yet; hacking together a stub
12-28 18:55:33.384  1795  2431 W MediaProvider: Missing volume for /system/media/audio/ringtones/CANISMAJOR.ogg; assuming invalid
12-28 18:55:33.385  1288  1445 W MountService: No primary storage defined yet; hacking together a stub
12-28 18:55:33.385  1795  2431 W MediaProvider: Missing volume for /system/media/audio/ringtones/CASSIOPEIA.ogg; assuming invalid
12-28 18:55:33.386  1288  1979 W MountService: No primary storage defined yet; hacking together a stub
12-28 18:55:33.386  1795  2431 W MediaProvider: Missing volume for /system/media/audio/ringtones/Cairo.ogg; assuming invalid
12-28 18:55:33.387  1288  2050 W MountService: No primary storage defined yet; hacking together a stub
12-28 18:55:33.387  1795  2431 W MediaProvider: Missing volume for /system/media/audio/ringtones/Calypso_Steel.ogg; assuming invalid
12-28 18:55:33.389  1288  1447 W MountService: No primary storage defined yet; hacking together a stub
12-28 18:55:33.389  1795  2431 W MediaProvider: Missing volume for /system/media/audio/ringtones/CanisMajor.ogg; assuming invalid
12-28 18:55:33.390  1288  2051 W MountService: No primary storage defined yet; hacking together a stub
12-28 18:55:33.390  1795  2431 W MediaProvider: Missing volume for /system/media/audio/ringtones/CaribbeanIce.ogg; assuming invalid
12-28 18:55:33.391  1288  1367 W MountService: No primary storage defined yet; hacking together a stub
12-28 18:55:33.392  1795  2431 W MediaProvider: Missing volume for /system/media/audio/ringtones/Carina.ogg; assuming invalid
12-28 18:55:33.423  1288  2059 W MountService: No primary storage defined yet; hacking together a stub
12-28 18:55:33.424  1795  2431 W MediaProvider: Missing volume for /system/media/audio/ringtones/Centaurus.ogg; assuming invalid
12-28 18:55:33.425  1288  1446 W MountService: No primary storage defined yet; hacking together a stub
12-28 18:55:33.425  1795  2431 W MediaProvider: Missing volume for /system/media/audio/ringtones/Champagne_Edition.ogg; assuming invalid
12-28 18:55:33.426  1288  1445 W MountService: No primary storage defined yet; hacking together a stub
12-28 18:55:33.426  1795  2431 W MediaProvider: Missing volume for /system/media/audio/ringtones/Club_Cubano.ogg; assuming invalid
12-28 18:55:33.428  1288  1979 W MountService: No primary storage defined yet; hacking together a stub
12-28 18:55:33.428  1795  2431 W MediaProvider: Missing volume for /system/media/audio/ringtones/CrayonRock.ogg; assuming invalid
12-28 18:55:33.429  1288  2050 W MountService: No primary storage defined yet; hacking together a stub
12-28 18:55:33.430  1795  2431 W MediaProvider: Missing volume for /system/media/audio/ringtones/CrazyDream.ogg; assuming invalid
12-28 18:55:33.431  1288  1447 W MountService: No primary storage defined yet; hacking together a stub
12-28 18:55:33.431  1795  2431 W MediaProvider: Missing volume for /system/media/audio/ringtones/CurveBall.ogg; assuming invalid
12-28 18:55:33.444  1288  2051 W MountService: No primary storage defined yet; hacking together a stub
12-28 18:55:33.444  1795  2431 W MediaProvider: Missing volume for /system/media/audio/ringtones/Cygnus.ogg; assuming invalid
12-28 18:55:33.445  1288  1367 W MountService: No primary storage defined yet; hacking together a stub
12-28 18:55:33.445  1795  2431 W MediaProvider: Missing volume for /system/media/audio/ringtones/DancinFool.ogg; assuming invalid
12-28 18:55:33.446  1288  2059 W MountService: No primary storage defined yet; hacking together a stub
12-28 18:55:33.447  1795  2431 W MediaProvider: Missing volume for /system/media/audio/ringtones/Ding.ogg; assuming invalid
12-28 18:55:33.448  1288  1446 W MountService: No primary storage defined yet; hacking together a stub
12-28 18:55:33.448  1795  2431 W MediaProvider: Missing volume for /system/media/audio/ringtones/DonMessWivIt.ogg; assuming invalid
12-28 18:55:33.449  1288  1445 W MountService: No primary storage defined yet; hacking together a stub
12-28 18:55:33.449  1795  2431 W MediaProvider: Missing volume for /system/media/audio/ringtones/Draco.ogg; assuming invalid
