W/art     ( 1288): Long monitor contention event with owner method=int com.android.server.am.ActivityManagerService.broadcastIntent(android.app.IApplicationThread, android.content.Intent, java.lang.String, android.content.IIntentReceiver, int, java.lang.String, android.os.Bundle, java.lang.String[], int, android.os.Bundle, boolean, boolean, int) from ActivityManagerService.java:16931 waiters=6 for 377ms
I/art     ( 2052): Late-enabling JIT
I/art     ( 2052): JIT created with code_cache_capacity=2MB compile_threshold=1000
D/GpsLocationProvider( 1288): received SIM related action: 
D/GpsLocationProvider( 1288): SIM MCC/MNC is available: 310260
D/GpsLocationProvider( 1288): Reset GPS properties, previous size = 5
D/GpsLocationProvider( 1288): GpsParamsResource: SUPL_HOST=supl.google.com
D/GpsLocationProvider( 1288): GpsParamsResource: SUPL_PORT=7275
D/GpsLocationProvider( 1288): GpsParamsResource: NTP_SERVER=north-america.pool.ntp.org
D/GpsLocationProvider( 1288): GpsParamsResource: SUPL_VER=0x20000
D/GpsLocationProvider( 1288): GpsParamsResource: SUPL_MODE=1
W/GpsLocationProvider( 1288): Could not open GPS configuration file /etc/gps.conf
D/GpsLocationProvider( 1288): GPS properties reloaded, size = 5
E/GpsLocationProvider( 1288): no AGPS interface in set_agps_server
D/GpsLocationProvider( 1288): received SIM related action: 
D/GpsLocationProvider( 1288): SIM MCC/MNC is available: 310260
D/GpsLocationProvider( 1288): Reset GPS properties, previous size = 5
D/GpsLocationProvider( 1288): GpsParamsResource: SUPL_HOST=supl.google.com
D/GpsLocationProvider( 1288): GpsParamsResource: SUPL_PORT=7275
D/GpsLocationProvider( 1288): GpsParamsResource: NTP_SERVER=north-america.pool.ntp.org
D/GpsLocationProvider( 1288): GpsParamsResource: SUPL_VER=0x20000
D/GpsLocationProvider( 1288): GpsParamsResource: SUPL_MODE=1
W/GpsLocationProvider( 1288): Could not open GPS configuration file /etc/gps.conf
D/GpsLocationProvider( 1288): GPS properties reloaded, size = 5
E/GpsLocationProvider( 1288): no AGPS interface in set_agps_server
I/InputReader( 1288): Reconfiguring input devices.  changes=0x00000010
W/ActivityManager( 1288): Unable to start service Intent { act=com.android.mail.action.BACKUP_DATA_CHANGED pkg=com.android.email } U=0: not found
W/art     ( 1288): Long monitor contention event with owner method=int com.android.server.am.ActivityManagerService.broadcastIntent(android.app.IApplicationThread, android.content.Intent, java.lang.String, android.content.IIntentReceiver, int, java.lang.String, android.os.Bundle, java.lang.String[], int, android.os.Bundle, boolean, boolean, int) from ActivityManagerService.java:16931 waiters=10 for 305ms
W/ActivityManager( 1288): Spurious death for ProcessRecord{8b8d667 0:com.android.settings:CryptKeeper/1000}, curProc for 1657: null
W/ActivityManager( 1288): Spurious death for ProcessRecord{6808032 0:com.android.sdksetup/u0a47}, curProc for 1973: null
W/System  ( 2052): ClassLoader referenced unknown path: /system/priv-app/Launcher3/lib/x86
I/LatinIME:LogUtils( 1600): Dictionary info: dictionary = main:de ; version = 54 ; date = 1414726263
W/ActivityManager( 1288): Unable to start service Intent { act=com.android.mail.action.BACKUP_DATA_CHANGED pkg=com.android.email } U=0: not found
W/ActivityManager( 1288): Unable to start service Intent { act=com.android.mail.action.BACKUP_DATA_CHANGED pkg=com.android.email } U=0: not found
I/LatinIME:LogUtils( 1600): Dictionary info: dictionary = main:fr ; version = 54 ; date = 1414726264
W/ActivityManager( 1288): Unable to start service Intent { act=com.android.mail.action.BACKUP_DATA_CHANGED pkg=com.android.email } U=0: not found
W/ActivityManager( 1288): Unable to start service Intent { act=com.android.mail.action.BACKUP_DATA_CHANGED pkg=com.android.email } U=0: not found
W/ActivityManager( 1288): Unable to start service Intent { act=com.android.mail.action.BACKUP_DATA_CHANGED pkg=com.android.email } U=0: not found
W/ActivityManager( 1288): Unable to start service Intent { act=com.android.mail.action.BACKUP_DATA_CHANGED pkg=com.android.email } U=0: not found
I/GCoreUlr( 1724): WorldUpdater received intent Intent { act=com.google.android.location.reporting.ACTION_UPDATE_WORLD cmp=com.google.android.gms/com.google.android.location.reporting.service.DispatchingService (has extras) } with receiverAction android.location.PROVIDERS_CHANGED
W/art     ( 1852): Long monitor contention event with owner method=long android.database.sqlite.SQLiteConnection.nativePrepareStatement(long, java.lang.String) from SQLiteConnection.java:4294967294 waiters=0 for 1.812s
W/art     ( 1852): Long monitor contention event with owner method=long android.database.sqlite.SQLiteConnection.nativePrepareStatement(long, java.lang.String) from SQLiteConnection.java:4294967294 waiters=1 for 1.859s
I/LatinIME:LogUtils( 1600): Dictionary info: dictionary = main:es ; version = 54 ; date = 1414726268
W/art     ( 1464): Long monitor contention event with owner method=android.content.res.XmlBlock android.content.res.AssetManager.openXmlBlockAsset(int, java.lang.String) from AssetManager.java:481 waiters=0 for 389ms
I/LatinIME:LogUtils( 1600): Dictionary info: dictionary = main:it ; version = 54 ; date = 1414726258
I/LatinIME:LogUtils( 1600): Dictionary info: dictionary = main:ru ; version = 54 ; date = 1414726277
W/art     ( 1288): Long monitor contention event with owner method=android.os.Message android.os.MessageQueue.next() from MessageQueue.java:325 waiters=0 for 395ms
W/art     ( 1288): Long monitor contention event with owner method=void com.android.server.am.ActivityManagerService.publishContentProviders(android.app.IApplicationThread, java.util.List) from ActivityManagerService.java:9851 waiters=0 for 339ms
I/ActivityManager( 1288): Start proc 2075:com.google.android.gms.wearable/u0a7 for service com.google.android.gms/.wearable.service.WearableService
W/art     ( 1288): Long monitor contention event with owner method=void com.android.server.am.ActivityManagerService.publishContentProviders(android.app.IApplicationThread, java.util.List) from ActivityManagerService.java:9851 waiters=1 for 362ms
W/art     ( 1288): Long monitor contention event with owner method=void com.android.server.am.ActivityManagerService.publishContentProviders(android.app.IApplicationThread, java.util.List) from ActivityManagerService.java:9851 waiters=2 for 357ms
W/art     ( 1288): Long monitor contention event with owner method=void com.android.server.am.ActivityManagerService.publishContentProviders(android.app.IApplicationThread, java.util.List) from ActivityManagerService.java:9851 waiters=4 for 203ms
W/art     ( 1288): Long monitor contention event with owner method=void com.android.server.am.ActivityManagerService.publishContentProviders(android.app.IApplicationThread, java.util.List) from ActivityManagerService.java:9851 waiters=5 for 189ms
W/ActivityManager( 1288): Unable to start service Intent { cmp=com.android.email/.service.AttachmentService } U=0: not found
I/art     ( 2075): Late-enabling JIT
I/art     ( 2075): JIT created with code_cache_capacity=2MB compile_threshold=1000
W/System  ( 2075): ClassLoader referenced unknown path: /system/priv-app/PrebuiltGmsCore/lib/x86
I/MultiDex( 2075): VM with version 2.1.0 has multidex support
I/MultiDex( 2075): install
I/MultiDex( 2075): VM has multidex support, MultiDex support library is disabled.
V/GeofencerHelper( 1724): Initializing geofence's system cache.
V/JNIHelp ( 2075): Registering com/google/android/gms/org/conscrypt/NativeCrypto's 240 native methods...
V/Launcher( 2052): LauncherAppState inited
I/ProviderInstaller( 2075): Installed default security provider GmsCore_OpenSSL
W/MountService( 1288): No primary storage defined yet; hacking together a stub
W/MountService( 1288): No primary storage defined yet; hacking together a stub
D/Launcher.Model( 2052): Old launcher provider: content://com.android.launcher2.settings/favorites?notify=true
D/Launcher.Model( 2052): Old launcher provider does not exist.
E/GeofenceStateCache( 1724): Unable to load state, all registered geofences are lost.
I/GeofencerStateMachine( 1724): Network location disabled.
W/art     ( 1724): Long monitor contention event with owner method=android.content.IContentProvider android.app.ActivityThread.acquireExistingProvider(android.content.Context, java.lang.String, int, boolean) from ActivityThread.java:4864 waiters=0 for 275ms
W/art     ( 1288): Long monitor contention event with owner method=int com.android.server.am.ActivityManagerService.bindService(android.app.IApplicationThread, android.os.IBinder, android.content.Intent, java.lang.String, android.app.IServiceConnection, int, java.lang.String, int) from ActivityManagerService.java:15911 waiters=8 for 314ms
I/LatinIME:LogUtils( 1600): Dictionary info: dictionary = main:en ; version = 54 ; date = 1414726273
I/BinaryDictionaryFileDumper( 1600): reinitializeClientRecordInDictionaryContentProvider() : Insert DictionaryInfo : Id = 'main:de' : Locale=de : Version=54
W/ActivityManager( 1288): Unable to start service Intent { cmp=com.android.email/.service.AttachmentService } U=0: not found
W/art     ( 2075): Suspending all threads took: 99.876ms
D/NativeLibraryUtils( 2075): Install completed successfully. count=13 extracted=0
D/WearableService( 2075): callingUid 10007, callindPid: 2075
I/art     ( 2075): Background partial concurrent mark sweep GC freed 19890(1435KB) AllocSpace objects, 2(40KB) LOS objects, 40% free, 4MB/7MB, paused 103.136ms total 164.337ms
D/GpsLocationProvider( 1288): received SIM related action: 
I/BinaryDictionaryFileDumper( 1600): reinitializeClientRecordInDictionaryContentProvider() : Insert DictionaryInfo : Id = 'main:fr' : Locale=fr : Version=54
I/BinaryDictionaryFileDumper( 1600): reinitializeClientRecordInDictionaryContentProvider() : Insert DictionaryInfo : Id = 'main:es' : Locale=es : Version=54
D/GpsLocationProvider( 1288): SIM MCC/MNC is available: 310260
D/GpsLocationProvider( 1288): Reset GPS properties, previous size = 5
D/GpsLocationProvider( 1288): GpsParamsResource: SUPL_HOST=supl.google.com
D/GpsLocationProvider( 1288): GpsParamsResource: SUPL_PORT=7275
D/GpsLocationProvider( 1288): GpsParamsResource: NTP_SERVER=north-america.pool.ntp.org
D/GpsLocationProvider( 1288): GpsParamsResource: SUPL_VER=0x20000
D/GpsLocationProvider( 1288): GpsParamsResource: SUPL_MODE=1
W/GpsLocationProvider( 1288): Could not open GPS configuration file /etc/gps.conf
D/GpsLocationProvider( 1288): GPS properties reloaded, size = 5
E/GpsLocationProvider( 1288): no AGPS interface in set_agps_server
D/GpsLocationProvider( 1288): received SIM related action: 
I/BinaryDictionaryFileDumper( 1600): reinitializeClientRecordInDictionaryContentProvider() : Insert DictionaryInfo : Id = 'main:it' : Locale=it : Version=54
D/GpsLocationProvider( 1288): SIM MCC/MNC is available: 310260
D/GpsLocationProvider( 1288): Reset GPS properties, previous size = 5
D/GpsLocationProvider( 1288): GpsParamsResource: SUPL_HOST=supl.google.com
D/GpsLocationProvider( 1288): GpsParamsResource: SUPL_PORT=7275
D/GpsLocationProvider( 1288): GpsParamsResource: NTP_SERVER=north-america.pool.ntp.org
D/GpsLocationProvider( 1288): GpsParamsResource: SUPL_VER=0x20000
D/GpsLocationProvider( 1288): GpsParamsResource: SUPL_MODE=1
W/GpsLocationProvider( 1288): Could not open GPS configuration file /etc/gps.conf
D/GpsLocationProvider( 1288): GPS properties reloaded, size = 5
E/GpsLocationProvider( 1288): no AGPS interface in set_agps_server
D/GpsLocationProvider( 1288): received SIM related action: 
D/GpsLocationProvider( 1288): SIM MCC/MNC is available: 310260
D/GpsLocationProvider( 1288): Reset GPS properties, previous size = 5
D/GpsLocationProvider( 1288): GpsParamsResource: SUPL_HOST=supl.google.com
D/GpsLocationProvider( 1288): GpsParamsResource: SUPL_PORT=7275
D/GpsLocationProvider( 1288): GpsParamsResource: NTP_SERVER=north-america.pool.ntp.org
D/GpsLocationProvider( 1288): GpsParamsResource: SUPL_VER=0x20000
D/GpsLocationProvider( 1288): GpsParamsResource: SUPL_MODE=1
W/GpsLocationProvider( 1288): Could not open GPS configuration file /etc/gps.conf
D/GpsLocationProvider( 1288): GPS properties reloaded, size = 5
E/GpsLocationProvider( 1288): no AGPS interface in set_agps_server
I/art     ( 1724): Background partial concurrent mark sweep GC freed 3177(335KB) AllocSpace objects, 1(20KB) LOS objects, 39% free, 5MB/8MB, paused 1.899ms total 133.122ms
D/GpsLocationProvider( 1288): received SIM related action: 
E/BluetoothAdapter( 1724): Bluetooth binder is null
I/BinaryDictionaryFileDumper( 1600): reinitializeClientRecordInDictionaryContentProvider() : Insert DictionaryInfo : Id = 'main:ru' : Locale=ru : Version=54
D/GpsLocationProvider( 1288): SIM MCC/MNC is available: 310260
D/GpsLocationProvider( 1288): Reset GPS properties, previous size = 5
D/GpsLocationProvider( 1288): GpsParamsResource: SUPL_HOST=supl.google.com
D/GpsLocationProvider( 1288): GpsParamsResource: SUPL_PORT=7275
D/GpsLocationProvider( 1288): GpsParamsResource: NTP_SERVER=north-america.pool.ntp.org
D/GpsLocationProvider( 1288): GpsParamsResource: SUPL_VER=0x20000
D/GpsLocationProvider( 1288): GpsParamsResource: SUPL_MODE=1
W/GpsLocationProvider( 1288): Could not open GPS configuration file /etc/gps.conf
D/GpsLocationProvider( 1288): GPS properties reloaded, size = 5
E/GpsLocationProvider( 1288): no AGPS interface in set_agps_server
D/GpsLocationProvider( 1288): received SIM related action: 
E/GmsWearableLS( 1724): GoogleApiClient connection failed: ConnectionResult{statusCode=API_UNAVAILABLE, resolution=null, message=null}
D/GpsLocationProvider( 1288): SIM MCC/MNC is available: 310260
D/GpsLocationProvider( 1288): Reset GPS properties, previous size = 5
D/GpsLocationProvider( 1288): GpsParamsResource: SUPL_HOST=supl.google.com
D/GpsLocationProvider( 1288): GpsParamsResource: SUPL_PORT=7275
D/GpsLocationProvider( 1288): GpsParamsResource: NTP_SERVER=north-america.pool.ntp.org
D/GpsLocationProvider( 1288): GpsParamsResource: SUPL_VER=0x20000
D/GpsLocationProvider( 1288): GpsParamsResource: SUPL_MODE=1
W/GpsLocationProvider( 1288): Could not open GPS configuration file /etc/gps.conf
D/GpsLocationProvider( 1288): GPS properties reloaded, size = 5
E/GpsLocationProvider( 1288): no AGPS interface in set_agps_server
I/BinaryDictionaryFileDumper( 1600): reinitializeClientRecordInDictionaryContentProvider() : Insert DictionaryInfo : Id = 'main:en' : Locale=en : Version=54
I/ContactsFTS( 1487): Rebuild contact search index in 1775ms, 0 contacts
D/Launcher.LauncherProvider( 2052): loading default workspace
I/Exchange( 1752): EasService.onCreate
I/AccountManagerService( 1288): getTypesVisibleToCaller: isPermitted? true
E/SurfaceFlinger(  942): ro.sf.lcd_density must be defined as a build property
D/OpenGLRenderer( 2052): Use EGL_SWAP_BEHAVIOR_PRESERVED: true
D/        ( 2052): HostConnection::get() New Host Connection established 0xad721d70, tid 2052
D/PhoneStatusBar( 1464): disable: < expand* icons alerts system_info back* home* recent* clock search* quick_settings >
D/        ( 2052): HostConnection::get() New Host Connection established 0xb12ca3a0, tid 2114
I/OpenGLRenderer( 2052): Initialized EGL, version 1.4
W/EGL_emulation( 2052): eglSurfaceAttrib not implemented
W/OpenGLRenderer( 2052): Failed to set EGL_SWAP_BEHAVIOR on surface 0xaf716d40, error=EGL_SUCCESS
W/MountService( 1288): No primary storage defined yet; hacking together a stub
W/MountService( 1288): No primary storage defined yet; hacking together a stub
I/BinaryDictionaryFileDumper( 1600): reinitializeClientRecordInDictionaryContentProvider() : Insert DictionaryInfo : Id = 'main:en_us' : Locale=en_US : Version=-1
W/BinaryDictionaryFileDumper( 1600): Missing metadata.json resource
W/MountService( 1288): No primary storage defined yet; hacking together a stub
W/MountService( 1288): No primary storage defined yet; hacking together a stub
I/LatinIME:LogUtils( 1600): Dictionary info: dictionary = main:en ; version = 54 ; date = 1414726273
I/Exchange( 1752): RestartPingTask
I/Exchange( 1752): RestartPingsTask did not start any pings.
I/Exchange( 1752): PSS stopIfIdle
I/Exchange( 1752): PSS has no active accounts; stopping service.
I/Email   ( 1852): Observing account changes for notifications
I/AccountManagerService( 1288): getTypesVisibleToCaller: isPermitted? true
I/AccountManagerService( 1288): getTypesVisibleToCaller: isPermitted? true
W/ActivityManager( 1288): Unable to start service Intent { cmp=com.android.email/.service.AttachmentService } U=0: not found
I/AccountManagerService( 1288): getTypesVisibleToCaller: isPermitted? true
I/AccountManagerService( 1288): getTypesVisibleToCaller: isPermitted? true
W/ActivityManager( 1288): Unable to start service Intent { cmp=com.android.email/.service.AttachmentService } U=0: not found
I/AccountManagerService( 1288): getTypesVisibleToCaller: isPermitted? true
I/ActivityManager( 1288): Displayed com.android.launcher3/.Launcher: +2s165ms (total +14s101ms)
I/AccountManagerService( 1288): getTypesVisibleToCaller: isPermitted? true
I/Exchange( 1752): onDestroy
I/GCoreUlr( 1724): WorldUpdater:android.location.PROVIDERS_CHANGED: Ensuring that reporting is stopped because of reasons: (no Google accounts)
I/GCoreUlr( 1724): Unbound from all location providers
W/art     ( 1288): Long monitor contention event with owner method=void java.nio.Buffer.<init>(int, int, long) from Buffer.java:91 waiters=0 for 659ms
W/art     ( 1288): Long monitor contention event with owner method=void java.nio.Buffer.<init>(int, int, long) from Buffer.java:91 waiters=1 for 528ms
I/Choreographer( 2052): Skipped 45 frames!  The application may be doing too much work on its main thread.
W/Launcher( 2052): setApplicationContext called twice! old=android.app.Application@3a54b15 new=android.app.Application@3a54b15
D/Launcher( 2052): bindAppWidget: AppWidget(id=4)
D/Launcher( 2052): bindAppWidget: id=4 belongs to component ComponentInfo{com.android.deskclock/com.android.alarmclock.AnalogAppWidgetProvider}
D/Launcher( 2052): bound widget id=4 in 233ms
W/art     ( 1724): Verification of void com.google.android.location.activity.ba.<init>(com.google.android.location.j.q, com.google.android.location.f.i) took 398.301ms
D/GpsLocationProvider( 1288): NTP server returned: 1451296504039 (Mon Dec 28 18:55:04 GMT+09:00 2015) reference: 54927 certainty: 38 system time offset: -4054
I/LatinIME:LogUtils( 1600): Dictionary info: dictionary = main:en ; version = 54 ; date = 1414726273
I/LatinIME:LogUtils( 1600): Dictionary info: dictionary = main:en ; version = 54 ; date = 1414726273
I/LatinIME:LogUtils( 1600): Dictionary info: dictionary = main:en ; version = 54 ; date = 1414726273
I/LatinIME:LogUtils( 1600): Dictionary info: dictionary = main:en ; version = 54 ; date = 1414726273
I/LatinIME:LogUtils( 1600): Dictionary info: dictionary = main:en ; version = 54 ; date = 1414726273
I/LatinIME:LogUtils( 1600): Dictionary info: dictionary = main:en ; version = 54 ; date = 1414726273
I/LatinIME:LogUtils( 1600): Dictionary info: dictionary = main:en ; version = 54 ; date = 1414726273
I/GCoreUlr( 1724): DispatchingService.onDestroy()
I/GCoreUlr( 1724): Stopping handler for UlrDispSvcFast
I/GCoreUlr( 1724): Unbound from all location providers
W/art     ( 1953): Suspending all threads took: 488.223ms
W/Settings( 1724): Setting airplane_mode_on has moved from android.provider.Settings.System to android.provider.Settings.Global, returning read-only value.
W/Settings( 1724): Setting airplane_mode_on has moved from android.provider.Settings.System to android.provider.Settings.Global, returning read-only value.
W/art     ( 1953): Suspending all threads took: 15.493ms
W/art     ( 1953): Suspending all threads took: 20.715ms
D/StrictMode( 1953): StrictMode policy violation; ~duration=762 ms: android.os.StrictMode$StrictModeDiskReadViolation: policy=65567 violation=2
D/StrictMode( 1953): 	at android.os.StrictMode$AndroidBlockGuardPolicy.onReadFromDisk(StrictMode.java:1263)
D/StrictMode( 1953): 	at libcore.io.BlockGuardOs.access(BlockGuardOs.java:67)
D/StrictMode( 1953): 	at java.io.File.doAccess(File.java:281)
D/StrictMode( 1953): 	at java.io.File.exists(File.java:361)
D/StrictMode( 1953): 	at android.app.ContextImpl.createFilesDirLocked(ContextImpl.java:418)
D/StrictMode( 1953): 	at android.app.ContextImpl.getFilesDir(ContextImpl.java:441)
D/StrictMode( 1953): 	at android.app.ContextImpl.openFileInput(ContextImpl.java:383)
D/StrictMode( 1953): 	at android.content.ContextWrapper.openFileInput(ContextWrapper.java:177)
D/StrictMode( 1953): 	at com.google.android.apps.gmm.shared.i.h.a(PG:250)
D/StrictMode( 1953): 	at com.google.android.apps.gmm.map.m.q.a(PG:8693)
D/StrictMode( 1953): 	at com.google.android.apps.gmm.shared.f.a.a(PG:48)
D/StrictMode( 1953): 	at com.google.android.apps.gmm.map.m.e.a(PG:1531)
D/StrictMode( 1953): 	at com.google.android.apps.gmm.base.app.a.a(PG:244)
D/StrictMode( 1953): 	at com.google.android.apps.gmm.base.app.a.a(PG:2265)
D/StrictMode( 1953): 	at com.google.android.apps.gmm.base.app.GoogleMapsApplication.a(PG:206)
D/StrictMode( 1953): 	at com.google.android.apps.gmm.base.app.GoogleMapsApplication.onCreate(PG:174)
D/StrictMode( 1953): 	at android.app.Instrumentation.callApplicationOnCreate(Instrumentation.java:1013)
D/StrictMode( 1953): 	at android.app.ActivityThread.handleBindApplication(ActivityThread.java:4707)
D/StrictMode( 1953): 	at android.app.ActivityThread.-wrap1(ActivityThread.java)
D/StrictMode( 1953): 	at android.app.ActivityThread$H.handleMessage(ActivityThread.java:1405)
D/StrictMode( 1953): 	at android.os.Handler.dispatchMessage(Handler.java:102)
D/StrictMode( 1953): 	at android.os.Looper.loop(Looper.java:148)
D/StrictMode( 1953): 	at android.app.ActivityThread.main(ActivityThread.java:5417)
D/StrictMode( 1953): 	at java.lang.reflect.Method.invoke(Native Method)
D/StrictMode( 1953): 	at com.android.internal.os.ZygoteInit$MethodAndArgsCaller.run(ZygoteInit.java:726)
D/StrictMode( 1953): 	at com.android.internal.os.ZygoteInit.main(ZygoteInit.java:616)
D/StrictMode( 1953): StrictMode policy violation; ~duration=762 ms: android.os.StrictMode$StrictModeDiskReadViolation: policy=65567 violation=2
D/StrictMode( 1953): 	at android.os.StrictMode$AndroidBlockGuardPolicy.onReadFromDisk(StrictMode.java:1263)
D/StrictMode( 1953): 	at libcore.io.BlockGuardOs.open(BlockGuardOs.java:182)
D/StrictMode( 1953): 	at libcore.io.IoBridge.open(IoBridge.java:438)
D/StrictMode( 1953): 	at java.io.FileInputStream.<init>(FileInputStream.java:76)
D/StrictMode( 1953): 	at android.app.ContextImpl.openFileInput(ContextImpl.java:384)
D/StrictMode( 1953): 	at android.content.ContextWrapper.openFileInput(ContextWrapper.java:177)
D/StrictMode( 1953): 	at com.google.android.apps.gmm.shared.i.h.a(PG:250)
D/StrictMode( 1953): 	at com.google.android.apps.gmm.map.m.q.a(PG:8693)
D/StrictMode( 1953): 	at com.google.android.apps.gmm.shared.f.a.a(PG:48)
D/StrictMode( 1953): 	at com.google.android.apps.gmm.map.m.e.a(PG:1531)
D/StrictMode( 1953): 	at com.google.android.apps.gmm.base.app.a.a(PG:244)
D/StrictMode( 1953): 	at com.google.android.apps.gmm.base.app.a.a(PG:2265)
D/StrictMode( 1953): 	at com.google.android.apps.gmm.base.app.GoogleMapsApplication.a(PG:206)
D/StrictMode( 1953): 	at com.google.android.apps.gmm.base.app.GoogleMapsApplication.onCreate(PG:174)
D/StrictMode( 1953): 	at android.app.Instrumentation.callApplicationOnCreate(Instrumentation.java:1013)
D/StrictMode( 1953): 	at android.app.ActivityThread.handleBindApplication(ActivityThread.java:4707)
D/StrictMode( 1953): 	at android.app.ActivityThread.-wrap1(ActivityThread.java)
D/StrictMode( 1953): 	at android.app.ActivityThread$H.handleMessage(ActivityThread.java:1405)
D/StrictMode( 1953): 	at android.os.Handler.dispatchMessage(Handler.java:102)
D/StrictMode( 1953): 	at android.os.Looper.loop(Looper.java:148)
D/StrictMode( 1953): 	at android.app.ActivityThread.main(ActivityThread.java:5417)
D/StrictMode( 1953): 	at java.lang.reflect.Method.invoke(Native Method)
D/StrictMode( 1953): 	at com.android.internal.os.ZygoteInit$MethodAndArgsCaller.run(ZygoteInit.java:726)
D/StrictMode( 1953): 	at com.android.internal.os.ZygoteInit.main(ZygoteInit.java:616)
I/AccountManagerService( 1288): getTypesVisibleToCaller: isPermitted? true
I/SystemUpdateService( 1918): receiver: Intent { act=android.os.UpdateLock.UPDATE_LOCK_CHANGED flg=0x4000010 cmp=com.google.android.gms/.update.SystemUpdateService$ActiveReceiver (has extras) }
I/ActivityManager( 1288): Start proc 2137:com.android.settings/1000 for broadcast com.android.settings/.sim.SimSelectNotification
I/art     ( 2137): Late-enabling JIT
I/art     ( 2137): JIT created with code_cache_capacity=2MB compile_threshold=1000
I/AccountManagerService( 1288): getTypesVisibleToCaller: isPermitted? false
I/AccountManagerService( 1288): getTypesVisibleToCaller: isPermitted? false
W/System  ( 2137): ClassLoader referenced unknown path: /system/priv-app/Settings/lib/x86
I/art     ( 2152): Late-enabling JIT
I/art     ( 2152): JIT created with code_cache_capacity=2MB compile_threshold=1000
I/ActivityManager( 1288): Start proc 2152:com.android.calendar/u0a20 for broadcast com.android.calendar/.widget.CalendarAppWidgetService$CalendarFactory
W/System  ( 2152): ClassLoader referenced unknown path: /system/app/Calendar/lib/x86
W/com.google.a.a.b.d.a( 1953): Application name is not set. Call Builder#setApplicationName.
E/BluetoothAdapter( 1953): Bluetooth binder is null
D/ExtensionsFactory( 2152): No custom extensions.
I/art     ( 2174): Late-enabling JIT
I/art     ( 2174): JIT created with code_cache_capacity=2MB compile_threshold=1000
I/ActivityManager( 1288): Start proc 2174:com.android.deskclock/u0a24 for broadcast com.android.deskclock/.AlarmInitReceiver
I/art     ( 2189): Late-enabling JIT
I/art     ( 2189): JIT created with code_cache_capacity=2MB compile_threshold=1000
I/ActivityManager( 1288): Start proc 2189:com.android.providers.calendar/u0a1 for content provider com.android.providers.calendar/.CalendarProvider2
W/ActivityThread( 1953): ClassLoader.loadClass: The class loader returned by Thread.getContextClassLoader() may fail for processes that host multiple applications. You should explicitly specify a context class loader. For example: Thread.setContextClassLoader(getClass().getClassLoader());
W/System  ( 2189): ClassLoader referenced unknown path: /system/priv-app/CalendarProvider/lib/x86
W/System  ( 2174): ClassLoader referenced unknown path: /system/app/DeskClock/lib/x86
I/CalendarDatabaseHelper( 2189): Bootstrapping database
V/AlarmClock( 2174): AlarmInitReceiver android.intent.action.TIMEZONE_CHANGED
I/CalendarProvider2( 2189): Created com.android.providers.calendar.CalendarAlarmManager@dd76ff(com.android.providers.calendar.CalendarProvider2@c78ccc)
I/AccountManagerService( 1288): getTypesVisibleToCaller: isPermitted? true
I/AlarmClock( 2174): Alarms Table created
I/AlarmClock( 2174): Instance table created
I/AlarmClock( 2174): Cities table created
I/AlarmClock( 2174): Inserting default alarms
V/AlarmClock( 2174): AlarmInitReceiver finished
E/SQLiteLog( 1836): (1) no such table: log_event
V/AlarmClock( 2174): AlarmInitReceiver android.intent.action.TIME_SET
V/AlarmClock( 2174): AlarmInitReceiver finished
D/GCM     ( 1836): COMPAT: Multi user not supported
I/art     ( 1487): Waiting for a blocking GC DisableMovingGc
I/SubscribedFeeds( 1918): Setting ComponentInfo{com.google.android.gms/com.google.android.gms.subscribedfeeds.SyncService} to enum: 1
I/art     ( 1487): WaitForGcToComplete blocked for 38.020ms for cause DisableMovingGc
I/art     ( 1487): Starting a blocking GC DisableMovingGc
E/GCM     ( 1836): Missing checkin config file
W/GCM     ( 1836): GCM FAILED TO INITIALIZE - missing checkin
D/AuthorizationBluetoothService( 1836): Received GmsCore event: Intent { act=com.google.android.gms.INITIALIZE flg=0x10 pkg=com.google.android.gms cmp=com.google.android.gms/.auth.be.proximity.authorization.bt.AuthorizationBluetoothService$AutoStarter }.
E/AuthorizationBluetoothService( 1836): Proximity feature is not enabled.
V/GLSActivity( 1836): AuthDelegateWrapperCreated with selected intent: Intent { cmp=com.google.android.gms/.auth.DefaultAuthDelegateService }
V/GLSActivity( 1836): AuthDelegateWrapperCreated with selected intent: Intent { cmp=com.google.android.gms/.auth.DefaultAuthDelegateService }
I/AccountManagerService( 1288): getTypesVisibleToCaller: isPermitted? true
I/AccountManagerService( 1288): getTypesVisibleToCaller: isPermitted? true
I/AccountManagerService( 1288): getTypesVisibleToCaller: isPermitted? true
V/GmsCoreStatsServiceLauncher( 1918): Received broadcast intent Intent { act=com.google.android.gms.INITIALIZE flg=0x10 pkg=com.google.android.gms cmp=com.google.android.gms/.common.stats.GmsCoreStatsServiceLauncher }
D/WearableService( 2075): callingUid 10007, callindPid: 2075
E/GmsWearableLS( 1724): GoogleApiClient connection failed: ConnectionResult{statusCode=API_UNAVAILABLE, resolution=null, message=null}
I/CalendarProvider2( 2189): Sending notification intent: Intent { act=android.intent.action.PROVIDER_CHANGED dat=content://com.android.calendar }
W/ContentResolver( 2189): Failed to get type for: content://com.android.calendar (Unknown URL content://com.android.calendar)
I/EventLogService( 1918): Aggregate from 0 (log), 0 (data)
E/MDM     ( 1724): [110] b.run: Couldn't connect to Google API client: ConnectionResult{statusCode=API_UNAVAILABLE, resolution=null, message=null}
D/GCM     ( 1836): GcmService start Intent { act=com.google.android.gms.INITIALIZE flg=0x10 pkg=com.google.android.gms cmp=com.google.android.gms/.gcm.GcmService } com.google.android.gms.INITIALIZE
D/ConnectivityService( 1288): handlePromptUnvalidated 100
W/Settings( 1836): Setting mobile_data has moved from android.provider.Settings.Secure to android.provider.Settings.Global.
D/ConnectivityService( 1288): reportNetworkConnectivity(100, false) by 10007
D/NetworkMonitor/NetworkAgentInfo [MOBILE (UMTS) - 100]( 1288): Forcing reevaluation for UID 10007
D/NetworkMonitor/NetworkAgentInfo [MOBILE (UMTS) - 100]( 1288): Checking http://connectivitycheck.gstatic.com/generate_204 on epc.tmobile.com, connectivitycheck.gstatic.com=173.194.117.195
D/NetworkMonitor/NetworkAgentInfo [MOBILE (UMTS) - 100]( 1288): isCaptivePortal: ret=204 headers={null=[HTTP/1.1 204 No Content], Content-Length=[0], Date=[Mon, 28 Dec 2015 09:55:12 GMT], Server=[GFE/2.0], X-Android-Received-Millis=[1451296511592], X-Android-Response-Source=[NETWORK 204], X-Android-Selected-Protocol=[http/1.1], X-Android-Sent-Millis=[1451296511563]}
D/ConnectivityService( 1288): setProvNotificationVisibleIntent null visible=false networkType=MOBILE extraInfo=null highPriority=false
D/ConnectivityService( 1288): NetworkAgentInfo [MOBILE (UMTS) - 100] validation  passed
I/AccountManagerService( 1288): getTypesVisibleToCaller: isPermitted? true
I/AccountManagerService( 1288): getTypesVisibleToCaller: isPermitted? true
V/NQFileLogger( 1836): [102] e.a: about to write to file
E/copresGcore( 1836): WifiMedium: Wifi is not supported!!
E/BluetoothAdapter( 1836): Bluetooth binder is null
V/ProcessReports( 1836): [102] ProcessReportsService.a: If not already scheduled, schedule for 3600 to 14400 seconds from now (but might be processed inline after 900 seconds instead)
D/AuthorizationBluetoothService( 1836): Received GmsCore event: Intent { act=com.google.android.gms.INITIALIZE flg=0x10 pkg=com.google.android.gms cmp=com.google.android.gms/.auth.be.proximity.authorization.bt.AuthorizationBluetoothService$AutoStarter }.
E/AuthorizationBluetoothService( 1836): Proximity feature is not enabled.
V/GLSActivity( 1836): AuthDelegateWrapperCreated with selected intent: Intent { cmp=com.google.android.gms/.auth.DefaultAuthDelegateService }
I/AccountManagerService( 1288): getTypesVisibleToCaller: isPermitted? true
I/AccountManagerService( 1288): getTypesVisibleToCaller: isPermitted? true
I/AccountManagerService( 1288): getTypesVisibleToCaller: isPermitted? true
V/GmsCoreStatsServiceLauncher( 1918): Received broadcast intent Intent { act=com.google.android.gms.INITIALIZE flg=0x10 pkg=com.google.android.gms cmp=com.google.android.gms/.common.stats.GmsCoreStatsServiceLauncher }
E/MDM     ( 1724): [111] b.run: Couldn't connect to Google API client: ConnectionResult{statusCode=API_UNAVAILABLE, resolution=null, message=null}
W/InstanceID/Rpc( 1836): Found 10007
D/GCM     ( 1836): GcmService start Intent { act=com.google.android.gms.INITIALIZE flg=0x10 pkg=com.google.android.gms cmp=com.google.android.gms/.gcm.GcmService } com.google.android.gms.INITIALIZE
I/ActivityManager( 1288): Start proc 2266:com.google.android.apps.messaging/u0a43 for broadcast com.google.android.apps.messaging/.receiver.DefaultSmsSubscriptionChangeReceiver
I/art     ( 2266): Late-enabling JIT
I/art     ( 2266): JIT created with code_cache_capacity=2MB compile_threshold=1000
I/Scheduler( 1918): Use legacy PeriodicScheduler
W/InstanceID/Rpc( 1918): Found 10007
I/Scheduler( 1836): Use legacy PeriodicScheduler
E/ChimeraCfgMgr( 1918): Failed to read current config: /data/user/0/com.google.android.gms/app_chimera/current_config.pb: open failed: ENOENT (No such file or directory)
D/GmsModuleFndr( 1918): Beginning GMS chimera module scan
D/GmsModuleFndr( 1918): Module pkg com.google.android.play.games not installed, skipping
D/ChimeraCfgMgr( 1918): Beginning module configuration check
E/ChimeraCfgMgr( 1918): Failed to read current config: /data/user/0/com.google.android.gms/app_chimera/current_config.pb: open failed: ENOENT (No such file or directory)
D/ChimeraModuleApk( 1918): Loading chimera manifest from ContainerApk(com.google.android.gms)
D/ChimeraCfgMgr( 1918): Considering module(built-in,v0) from ContainerApk(com.google.android.gms)
D/ChimeraCfgMgr( 1918): Considering module(com.google.android.gms.games,v1) from ContainerApk(com.google.android.gms)
D/ChimeraCfgMgr( 1918): Considering module(com.google.android.gms.kids,v3) from ContainerApk(com.google.android.gms)
D/ChimeraCfgMgr( 1918): Considering module(com.google.android.gms.vision,v1) from ContainerApk(com.google.android.gms)
D/ChimeraCfgMgr( 1918): Considering module(com.google.android.gms.youtube,v1) from ContainerApk(com.google.android.gms)
D/ChimeraCfgRslvr( 1918): Beginning module config resolution
D/ChimeraCfgRslvr( 1918): module(built-in,v0) has no external dependencies, accepted
D/ChimeraCfgRslvr( 1918): module(com.google.android.gms.youtube,v1) has no external dependencies, accepted
D/ChimeraCfgRslvr( 1918): module(com.google.android.gms.games,v1) accepted
D/ChimeraCfgRslvr( 1918): module(com.google.android.gms.kids,v3) accepted
D/ChimeraCfgRslvr( 1918): module(com.google.android.gms.vision,v1) accepted
D/ChimeraCfgRslvr( 1918): Module config resolution complete
V/GLSActivity( 1836): AuthDelegateWrapperCreated with selected intent: Intent { cmp=com.google.android.gms/.auth.DefaultAuthDelegateService }
W/Auth    ( 1836): [Change,LoginAccountsChangedIntentService] LoginAccountsChangedIntentService received unknown action: com.google.android.gms.auth.change.REFRESH
D/GCM     ( 1918): COMPAT: Multi user not supported
D/FileApkUtils( 1918): Spent 115ms computing apk sha1.
D/FileApkUtils( 1918): Spent 2ms copying apk.
D/FileApkUtils( 1918): Copied dynamite bytes to /data/user/0/com.google.android.gms/app_chimera/chimera-module-root/scratch-module-dir/MapsModule.apk
D/DexOptUtils( 1918): Module /data/user/0/com.google.android.gms/app_chimera/chimera-module-root/module-a886ac3d22c09e46b3c7e9dc7e4e6d77da2aca9f/MapsModule.apk appears to be unoptimized.
D/DexOptUtils( 1918): Post L_MR1 platform, using oat/<isa> directory.
D/DexOptUtils( 1918): Creating odex directory: /data/user/0/com.google.android.gms/app_chimera/chimera-module-root/module-a886ac3d22c09e46b3c7e9dc7e4e6d77da2aca9f/oat/x86
D/DexOptUtils( 1918): Instantiating DexClassLoader to force creation of odex.
D/DexOptUtils( 1918): Primary ABI of odexing process is x86
W/dex2oat ( 2288): Unexpected CPU variant for X86 using defaults: x86
W/dex2oat ( 2288): Mismatch between dex2oat instruction set features (ISA: X86 Feature string: smp,-ssse3,-sse4.1,-sse4.2,-avx,-avx2) and those of dex2oat executable (ISA: X86 Feature string: smp,ssse3,-sse4.1,-sse4.2,-avx,-avx2) for the command line:
W/dex2oat ( 2288): /system/bin/dex2oat --runtime-arg -classpath --runtime-arg  --compiler-filter=interpret-only --instruction-set=x86 --instruction-set-features=smp,ssse3,-sse4.1,-sse4.2,-avx,-avx2 --runtime-arg -Xrelocate --boot-image=/system/framework/boot.art --runtime-arg -Xms64m --runtime-arg -Xmx512m --instruction-set-variant=x86 --instruction-set-features=default --dex-file=/data/user/0/com.google.android.gms/app_chimera/chimera-module-root/module-a886ac3d22c09e46b3c7e9dc7e4e6d77da2aca9f/MapsModule.apk --oat-file=/data/user/0/com.google.android.gms/app_chimera/chimera-module-root/module-a886ac3d22c09e46b3c7e9dc7e4e6d77da2aca9f/oat/x86/MapsModule.dex
I/dex2oat ( 2288): /system/bin/dex2oat --compiler-filter=interpret-only --dex-file=/data/user/0/com.google.android.gms/app_chimera/chimera-module-root/module-a886ac3d22c09e46b3c7e9dc7e4e6d77da2aca9f/MapsModule.apk --oat-file=/data/user/0/com.google.android.gms/app_chimera/chimera-module-root/module-a886ac3d22c09e46b3c7e9dc7e4e6d77da2aca9f/oat/x86/MapsModule.dex
I/art     ( 1918): Background sticky concurrent mark sweep GC freed 3960(421KB) AllocSpace objects, 2(40KB) LOS objects, 10% free, 5MB/6MB, paused 5.265ms total 47.804ms
D/GCM     ( 1836): GcmService start Intent { act=com.google.android.c2dm.intent.REGISTER pkg=com.google.android.gms cmp=com.google.android.gms/.gcm.GcmService (has extras) } com.google.android.c2dm.intent.REGISTER
I/PeopleSync( 1918): First sync
I/AccountManagerService( 1288): getTypesVisibleToCaller: isPermitted? true
I/PeopleSync( 1918): requestAllFullSyncForDbUpgrade
I/AccountManagerService( 1288): getTypesVisibleToCaller: isPermitted? true
I/AccountManagerService( 1288): getTypesVisibleToCaller: isPermitted? true
I/AccountManagerService( 1288): getTypesVisibleToCaller: isPermitted? true
I/AccountManagerService( 1288): getTypesVisibleToCaller: isPermitted? true
I/PeopleDatabaseHelper( 1918): cleanUpNonGplusAccounts done.
I/AccountManagerService( 1288): getTypesVisibleToCaller: isPermitted? true
I/LocationInitializer( 1918): Initializing location.
I/PeopleSearchIndexManage( 1918): ICU version changed from unknown to 55.1
I/PeopleSearchIndexManage( 1918): Rebuilding index...
D/GLMSImpl( 1724): onGmsCoreInit
W/BaseAppContext( 1918): Using Auth Proxy for data requests.
I/PeopleASM( 1918): Rebuilding autocomplete index...
I/GLSUser ( 1918): [ChannelManager] Attempting to channel bind connection HttpClient.
I/PeopleSearchIndexManage( 1918): Rebuilding index done.
I/GLSUser ( 1918): [ChannelManager] Checking whether channelId is enabled. isEnabledGmsCore? false, isEnabledSdk? true, isAtLeastKitKat? true
I/art     ( 1918): Background sticky concurrent mark sweep GC freed 3426(243KB) AllocSpace objects, 2(40KB) LOS objects, 7% free, 5MB/6MB, paused 12.030ms total 20.115ms
V/GMPM-SVC( 1918): Update service enabled state to: 2
I/AccountManagerService( 1288): getTypesVisibleToCaller: isPermitted? true
E/MDM     ( 1918): [121] SitrepService.a: No Google accounts; deferring server state update.
V/AuthZen ( 1918): Handling intent: com.google.android.gms.GMS_UPDATED
D/AuthZenEventHandler( 1918): Handling event: com.google.android.gms.GMS_UPDATED
I/AccountManagerService( 1288): getTypesVisibleToCaller: isPermitted? true
W/BaseAppContext( 1918): Using Auth Proxy for data requests.
E/GCM     ( 1836): Missing checkin config file
W/GCM     ( 1836): GCM FAILED TO INITIALIZE - missing checkin
W/System  ( 2266): ClassLoader referenced unknown path: /system/app/PrebuiltBugle/lib/x86
I/AccountManagerService( 1288): getTypesVisibleToCaller: isPermitted? true
E/GCM     ( 1918): Failed registration AUTHENTICATION_FAILED alarm=300000
I/art     ( 1918): Background partial concurrent mark sweep GC freed 3476(272KB) AllocSpace objects, 4(80KB) LOS objects, 39% free, 5MB/9MB, paused 12.178ms total 42.638ms
I/PerfProfileCollectorService( 1918): Scheduling Perf Profile Collection every 86400 seconds
W/ActivityManager( 1288): Unable to start service Intent { act=INITIALIZE_SUBSCRIPTIONS cmp=com.google.android.gms/.nearby.sharing.NearbySharingIntentService } U=0: not found
I/PhenotypeConfigurator( 1918): Scheduling Phenotype for one-off execution 12252 seconds from now (1451296513464)
D/WearInitializer( 1918): Running WearInitializer
D/WearInitializer( 1918): enabled .WearableService
D/LocationInitializer( 1918): Restart initialization of location
D/LocationInitializer( 1918): Restart initialization of location
I/AccountManagerService( 1288): getTypesVisibleToCaller: isPermitted? true
I/AccountManagerService( 1288): getTypesVisibleToCaller: isPermitted? true
I/art     ( 1836): Background sticky concurrent mark sweep GC freed 20349(1399KB) AllocSpace objects, 5(100KB) LOS objects, 18% free, 4MB/6MB, paused 2.289ms total 1.995s
W/art     ( 1464): Long monitor contention event with owner method=boolean android.os.MessageQueue.enqueueMessage(android.os.Message, long) from MessageQueue.java:541 waiters=0 for 425ms
W/art     ( 1288): Long monitor contention event with owner method=java.util.List com.android.server.pm.PackageManagerService.queryIntentActivities(android.content.Intent, java.lang.String, int, int) from PackageManagerService.java:4534 waiters=0 for 206ms
W/art     ( 1288): Long monitor contention event with owner method=java.util.List com.android.server.pm.PackageManagerService.queryIntentActivities(android.content.Intent, java.lang.String, int, int) from PackageManagerService.java:4534 waiters=1 for 204ms
I/InputReader( 1288): Reconfiguring input devices.  changes=0x00000010
V/GmsNetworkLocationProvi( 1724): DISABLE
I/GCoreNlp( 1724): shouldConfirmNlp, NLP off. Ensuring opt-in disabled
W/art     ( 1288): Long monitor contention event with owner method=boolean com.android.server.am.ActivityManagerService.unbindService(android.app.IServiceConnection) from ActivityManagerService.java:15918 waiters=0 for 234ms
W/art     ( 1288): Long monitor contention event with owner method=boolean com.android.server.am.ActivityManagerService.unbindService(android.app.IServiceConnection) from ActivityManagerService.java:15918 waiters=1 for 239ms
W/art     ( 1288): Long monitor contention event with owner method=boolean com.android.server.am.ActivityManagerService.unbindService(android.app.IServiceConnection) from ActivityManagerService.java:15918 waiters=3 for 240ms
E/StrictMode( 2152): A resource was acquired at attached stack trace but never released. See java.io.Closeable for information on avoiding resource leaks.
E/StrictMode( 2152): java.lang.Throwable: Explicit termination method 'close' not called
E/StrictMode( 2152): 	at dalvik.system.CloseGuard.open(CloseGuard.java:180)
E/StrictMode( 2152): 	at android.content.ContentResolver$CursorWrapperInner.<init>(ContentResolver.java:2507)
E/StrictMode( 2152): 	at android.content.ContentResolver.query(ContentResolver.java:515)
E/StrictMode( 2152): 	at android.content.CursorLoader.loadInBackground(CursorLoader.java:64)
E/StrictMode( 2152): 	at android.content.CursorLoader.loadInBackground(CursorLoader.java:56)
E/StrictMode( 2152): 	at android.content.AsyncTaskLoader.onLoadInBackground(AsyncTaskLoader.java:312)
E/StrictMode( 2152): 	at android.content.AsyncTaskLoader$LoadTask.doInBackground(AsyncTaskLoader.java:69)
E/StrictMode( 2152): 	at android.content.AsyncTaskLoader$LoadTask.doInBackground(AsyncTaskLoader.java:66)
E/StrictMode( 2152): 	at android.os.AsyncTask$2.call(AsyncTask.java:295)
E/StrictMode( 2152): 	at java.util.concurrent.FutureTask.run(FutureTask.java:237)
E/StrictMode( 2152): 	at java.util.concurrent.ThreadPoolExecutor.runWorker(ThreadPoolExecutor.java:1113)
E/StrictMode( 2152): 	at java.util.concurrent.ThreadPoolExecutor$Worker.run(ThreadPoolExecutor.java:588)
E/StrictMode( 2152): 	at java.lang.Thread.run(Thread.java:818)
W/CursorWrapperInner( 2152): Cursor finalized without prior close()
D/Volley  ( 1918): [1] Request.finish: 4416 ms: [ ] https://www.google.com/ads/preferences/mobile_view?sig=jBki7Q1S1S_KlYtknwddKxoxtGbifoVx6fV61i4WZ22dL4pGtNMP15LkO8C_xtpWHXz07W2rD14Pttf0dcZNXM9_k5x_SvPE04s3T4TEudUfHhiIDS1fVS5lXEpoPz7blvotriPOkwAwsaixyAGmmPCepQjtHXFxBAG1iAk80ZmrGpxjzSRuXEl3b_iisqBeJkUlcuXvWIBAvWlbTfoVGKgqzDubFkbIkC3ZMrlkIu9UIwqkaQXHvkRC-YZsvrl07IkRfFRHilXu6IznlxUDr47yK7vKUIsJIWchcQG-Q0a4YNku3kzivoGpAxIgbWq7ht6hW4zk6xiDhgA7Ss1TrQ&vv=2 0xd61ac103 NORMAL 2
I/dex2oat ( 2288): dex2oat took 5.244s (threads: 1) arena alloc=232B java alloc=2031KB native alloc=2MB free=716KB
D/DexOptUtils( 1918): Odex created at:/data/user/0/com.google.android.gms/app_chimera/chimera-module-root/module-a886ac3d22c09e46b3c7e9dc7e4e6d77da2aca9f/oat/x86/MapsModule.dex
D/DexOptUtils( 1918): Set odex to world readable.
D/DexOptUtils( 1918): Renamed odex to /data/user/0/com.google.android.gms/app_chimera/chimera-module-root/module-a886ac3d22c09e46b3c7e9dc7e4e6d77da2aca9f/oat/x86/MapsModule.odex
D/FileApkUtils( 1918): Keeping up-to-date module: module-a886ac3d22c09e46b3c7e9dc7e4e6d77da2aca9f
D/GmsModuleFndr( 1918): Beginning GMS chimera module scan
I/FusedLocation( 1288): engine stopped (com.android.location.fused)
D/GmsModuleFndr( 1918): Module pkg com.google.android.play.games not installed, skipping
D/ChimeraCfgMgr( 1918): Beginning module configuration check
D/ChimeraFileApk( 1918): Loading chimera manifest from FileApk(/data/user/0/com.google.android.gms/app_chimera/chimera-module-root/module-a886ac3d22c09e46b3c7e9dc7e4e6d77da2aca9f/MapsModule.apk)
D/ChimeraCfgMgr( 1918): Considering module(com.google.android.gms.maps,v8185000) from FileApk(/data/user/0/com.google.android.gms/app_chimera/chimera-module-root/module-a886ac3d22c09e46b3c7e9dc7e4e6d77da2aca9f/MapsModule.apk)
D/ChimeraModuleApk( 1918): Loading chimera manifest from ContainerApk(com.google.android.gms)
D/ChimeraCfgMgr( 1918): Considering module(built-in,v0) from ContainerApk(com.google.android.gms)
D/ChimeraCfgMgr( 1918): Considering module(com.google.android.gms.games,v1) from ContainerApk(com.google.android.gms)
D/ChimeraCfgMgr( 1918): Considering module(com.google.android.gms.kids,v3) from ContainerApk(com.google.android.gms)
D/ChimeraCfgMgr( 1918): Considering module(com.google.android.gms.vision,v1) from ContainerApk(com.google.android.gms)
D/ChimeraCfgMgr( 1918): Considering module(com.google.android.gms.youtube,v1) from ContainerApk(com.google.android.gms)
D/ChimeraCfgRslvr( 1918): Beginning module config resolution
D/ChimeraCfgRslvr( 1918): module(built-in,v0) has no external dependencies, accepted
D/ChimeraCfgRslvr( 1918): module(com.google.android.gms.youtube,v1) has no external dependencies, accepted
D/ChimeraCfgRslvr( 1918): module(com.google.android.gms.games,v1) accepted
D/ChimeraCfgRslvr( 1918): module(com.google.android.gms.kids,v3) accepted
D/ChimeraCfgRslvr( 1918): module(com.google.android.gms.maps,v8185000) accepted
D/ChimeraCfgRslvr( 1918): module(com.google.android.gms.vision,v1) accepted
D/ChimeraCfgRslvr( 1918): Module config resolution complete
E/copresGcore( 1836): ObfuscatedGaiaIdLookup: Could not load ObfuscatedGaiaIds: /data/user/0/com.google.android.gms/files/copresence_gaia_id: open failed: ENOENT (No such file or directory)
I/AccountManagerService( 1288): getTypesVisibleToCaller: isPermitted? true
I/copresGcore( 1836): EventLoop: Event al ran for 00:05.910
D/Volley  ( 1918): [137] BasicNetwork.logSlowRequests: HTTP response for request=<[ ] https://www.google.com/ads/preferences/mobile_view?sig=CVvssuxGeJTmAo4sizCkSOl6YuGenTuMhWBNDoA_D2Y0b-9ugdbytflfI3mQO5l83-mpsPsCdmehiIrnR7ER6669p6ZgptnS_w9Fk2BCRYcMzcX6iBW0r49f_0YeT3ft1cEHz8Noj2lw2o7ymJRfPjEjXJBanrPQI5Rdvv6gP-3IJKctFgdFrX3JOMVtyaXNWoA1RQ3Ca8z8IT3TPyxkmnLE-sfY4A-byCSOTTWn9OjfpTDPAAQRDCqodamBwBTEMXhR0MszNLiJ28PzGricwPKX_DQog5OXskq7qfVHc3l4Vi2fQRaK3gpb13iFipNGNhLMJuOOD-gk8Amsu2iWlw&vv=2 0xd61ac103 NORMAL 1> [lifetime=4506], [size=0], [rc=200], [retryCount=0]
D/Volley  ( 1918): [1] Request.finish: 4883 ms: [ ] https://www.google.com/ads/preferences/mobile_view?sig=CVvssuxGeJTmAo4sizCkSOl6YuGenTuMhWBNDoA_D2Y0b-9ugdbytflfI3mQO5l83-mpsPsCdmehiIrnR7ER6669p6ZgptnS_w9Fk2BCRYcMzcX6iBW0r49f_0YeT3ft1cEHz8Noj2lw2o7ymJRfPjEjXJBanrPQI5Rdvv6gP-3IJKctFgdFrX3JOMVtyaXNWoA1RQ3Ca8z8IT3TPyxkmnLE-sfY4A-byCSOTTWn9OjfpTDPAAQRDCqodamBwBTEMXhR0MszNLiJ28PzGricwPKX_DQog5OXskq7qfVHc3l4Vi2fQRaK3gpb13iFipNGNhLMJuOOD-gk8Amsu2iWlw&vv=2 0xd61ac103 NORMAL 1
W/VideoCapabilities( 2266): Unrecognized profile/level 0/0 for video/mpeg2
W/VideoCapabilities( 2266): Unrecognized profile/level 0/2 for video/mpeg2
W/VideoCapabilities( 2266): Unrecognized profile/level 0/3 for video/mpeg2
I/VideoCapabilities( 2266): Unsupported profile 4 for video/mp4v-es
I/art     ( 2266): Note: end time exceeds epoch: 
I/Icing   ( 1918): Storage manager: low false usage 0 Bytes avail 442.48MB capacity 541.34MB
I/Bugle   ( 2266): Carrier config changed. Reloading MMS config.
I/BugleUsageStatistics( 2266): PlayLogger.onLoggerConnected
I/Bugle   ( 2266): Upgrading shared prefs from -1 to 1
D/PackageBroadcastService( 1918): Received broadcast action=android.intent.action.PACKAGE_CHANGED and uri=com.google.android.gsf
I/PeopleContactsSync( 1918): CP2 sync disabled
E/StrictMode( 1918): A resource was acquired at attached stack trace but never released. See java.io.Closeable for information on avoiding resource leaks.
E/StrictMode( 1918): java.lang.Throwable: Explicit termination method 'close' not called
E/StrictMode( 1918): 	at dalvik.system.CloseGuard.open(CloseGuard.java:180)
E/StrictMode( 1918): 	at dalvik.system.DexFile.<init>(DexFile.java:113)
E/StrictMode( 1918): 	at dalvik.system.DexFile.loadDex(DexFile.java:151)
E/StrictMode( 1918): 	at dalvik.system.DexPathList.loadDexFile(DexPathList.java:282)
