12-28 18:55:05.399 W/GpsLocationProvider( 1288): Could not open GPS configuration file /etc/gps.conf
12-28 18:55:05.399 D/GpsLocationProvider( 1288): GPS properties reloaded, size = 5
12-28 18:55:05.399 E/GpsLocationProvider( 1288): no AGPS interface in set_agps_server
12-28 18:55:05.400 D/GpsLocationProvider( 1288): received SIM related action: 
12-28 18:55:05.401 I/BinaryDictionaryFileDumper( 1600): reinitializeClientRecordInDictionaryContentProvider() : Insert DictionaryInfo : Id = 'main:it' : Locale=it : Version=54
12-28 18:55:05.404 D/GpsLocationProvider( 1288): SIM MCC/MNC is available: 310260
12-28 18:55:05.404 D/GpsLocationProvider( 1288): Reset GPS properties, previous size = 5
12-28 18:55:05.404 D/GpsLocationProvider( 1288): GpsParamsResource: SUPL_HOST=supl.google.com
12-28 18:55:05.404 D/GpsLocationProvider( 1288): GpsParamsResource: SUPL_PORT=7275
12-28 18:55:05.404 D/GpsLocationProvider( 1288): GpsParamsResource: NTP_SERVER=north-america.pool.ntp.org
12-28 18:55:05.404 D/GpsLocationProvider( 1288): GpsParamsResource: SUPL_VER=0x20000
12-28 18:55:05.404 D/GpsLocationProvider( 1288): GpsParamsResource: SUPL_MODE=1
12-28 18:55:05.405 W/GpsLocationProvider( 1288): Could not open GPS configuration file /etc/gps.conf
12-28 18:55:05.405 D/GpsLocationProvider( 1288): GPS properties reloaded, size = 5
12-28 18:55:05.405 E/GpsLocationProvider( 1288): no AGPS interface in set_agps_server
12-28 18:55:05.405 D/GpsLocationProvider( 1288): received SIM related action: 
12-28 18:55:05.406 D/GpsLocationProvider( 1288): SIM MCC/MNC is available: 310260
12-28 18:55:05.406 D/GpsLocationProvider( 1288): Reset GPS properties, previous size = 5
12-28 18:55:05.406 D/GpsLocationProvider( 1288): GpsParamsResource: SUPL_HOST=supl.google.com
12-28 18:55:05.406 D/GpsLocationProvider( 1288): GpsParamsResource: SUPL_PORT=7275
12-28 18:55:05.406 D/GpsLocationProvider( 1288): GpsParamsResource: NTP_SERVER=north-america.pool.ntp.org
12-28 18:55:05.406 D/GpsLocationProvider( 1288): GpsParamsResource: SUPL_VER=0x20000
12-28 18:55:05.406 D/GpsLocationProvider( 1288): GpsParamsResource: SUPL_MODE=1
12-28 18:55:05.406 W/GpsLocationProvider( 1288): Could not open GPS configuration file /etc/gps.conf
12-28 18:55:05.406 D/GpsLocationProvider( 1288): GPS properties reloaded, size = 5
12-28 18:55:05.406 E/GpsLocationProvider( 1288): no AGPS interface in set_agps_server
12-28 18:55:05.449 I/art     ( 1724): Background partial concurrent mark sweep GC freed 3177(335KB) AllocSpace objects, 1(20KB) LOS objects, 39% free, 5MB/8MB, paused 1.899ms total 133.122ms
12-28 18:55:05.529 D/GpsLocationProvider( 1288): received SIM related action: 
12-28 18:55:05.553 E/BluetoothAdapter( 1724): Bluetooth binder is null
12-28 18:55:05.614 I/BinaryDictionaryFileDumper( 1600): reinitializeClientRecordInDictionaryContentProvider() : Insert DictionaryInfo : Id = 'main:ru' : Locale=ru : Version=54
12-28 18:55:05.660 D/GpsLocationProvider( 1288): SIM MCC/MNC is available: 310260
12-28 18:55:05.660 D/GpsLocationProvider( 1288): Reset GPS properties, previous size = 5
12-28 18:55:05.660 D/GpsLocationProvider( 1288): GpsParamsResource: SUPL_HOST=supl.google.com
12-28 18:55:05.660 D/GpsLocationProvider( 1288): GpsParamsResource: SUPL_PORT=7275
12-28 18:55:05.660 D/GpsLocationProvider( 1288): GpsParamsResource: NTP_SERVER=north-america.pool.ntp.org
12-28 18:55:05.660 D/GpsLocationProvider( 1288): GpsParamsResource: SUPL_VER=0x20000
12-28 18:55:05.660 D/GpsLocationProvider( 1288): GpsParamsResource: SUPL_MODE=1
12-28 18:55:05.660 W/GpsLocationProvider( 1288): Could not open GPS configuration file /etc/gps.conf
12-28 18:55:05.660 D/GpsLocationProvider( 1288): GPS properties reloaded, size = 5
12-28 18:55:05.660 E/GpsLocationProvider( 1288): no AGPS interface in set_agps_server
12-28 18:55:05.660 D/GpsLocationProvider( 1288): received SIM related action: 
12-28 18:55:05.711 E/GmsWearableLS( 1724): GoogleApiClient connection failed: ConnectionResult{statusCode=API_UNAVAILABLE, resolution=null, message=null}
12-28 18:55:05.712 D/GpsLocationProvider( 1288): SIM MCC/MNC is available: 310260
12-28 18:55:05.712 D/GpsLocationProvider( 1288): Reset GPS properties, previous size = 5
12-28 18:55:05.712 D/GpsLocationProvider( 1288): GpsParamsResource: SUPL_HOST=supl.google.com
12-28 18:55:05.713 D/GpsLocationProvider( 1288): GpsParamsResource: SUPL_PORT=7275
12-28 18:55:05.713 D/GpsLocationProvider( 1288): GpsParamsResource: NTP_SERVER=north-america.pool.ntp.org
12-28 18:55:05.713 D/GpsLocationProvider( 1288): GpsParamsResource: SUPL_VER=0x20000
12-28 18:55:05.713 D/GpsLocationProvider( 1288): GpsParamsResource: SUPL_MODE=1
12-28 18:55:05.713 W/GpsLocationProvider( 1288): Could not open GPS configuration file /etc/gps.conf
12-28 18:55:05.713 D/GpsLocationProvider( 1288): GPS properties reloaded, size = 5
12-28 18:55:05.713 E/GpsLocationProvider( 1288): no AGPS interface in set_agps_server
12-28 18:55:05.727 I/BinaryDictionaryFileDumper( 1600): reinitializeClientRecordInDictionaryContentProvider() : Insert DictionaryInfo : Id = 'main:en' : Locale=en : Version=54
12-28 18:55:05.749 I/ContactsFTS( 1487): Rebuild contact search index in 1775ms, 0 contacts
12-28 18:55:05.863 D/Launcher.LauncherProvider( 2052): loading default workspace
12-28 18:55:05.880 I/Exchange( 1752): EasService.onCreate
12-28 18:55:05.900 I/AccountManagerService( 1288): getTypesVisibleToCaller: isPermitted? true
12-28 18:55:05.909 E/SurfaceFlinger(  942): ro.sf.lcd_density must be defined as a build property
12-28 18:55:05.910 D/OpenGLRenderer( 2052): Use EGL_SWAP_BEHAVIOR_PRESERVED: true
12-28 18:55:05.911 D/        ( 2052): HostConnection::get() New Host Connection established 0xad721d70, tid 2052
12-28 18:55:05.942 D/PhoneStatusBar( 1464): disable: < expand* icons alerts system_info back* home* recent* clock search* quick_settings >
12-28 18:55:05.969 D/        ( 2052): HostConnection::get() New Host Connection established 0xb12ca3a0, tid 2114
12-28 18:55:05.987 I/OpenGLRenderer( 2052): Initialized EGL, version 1.4
12-28 18:55:06.027 W/EGL_emulation( 2052): eglSurfaceAttrib not implemented
12-28 18:55:06.027 W/OpenGLRenderer( 2052): Failed to set EGL_SWAP_BEHAVIOR on surface 0xaf716d40, error=EGL_SUCCESS
12-28 18:55:06.036 W/MountService( 1288): No primary storage defined yet; hacking together a stub
12-28 18:55:06.062 W/MountService( 1288): No primary storage defined yet; hacking together a stub
12-28 18:55:06.075 I/BinaryDictionaryFileDumper( 1600): reinitializeClientRecordInDictionaryContentProvider() : Insert DictionaryInfo : Id = 'main:en_us' : Locale=en_US : Version=-1
12-28 18:55:06.083 W/BinaryDictionaryFileDumper( 1600): Missing metadata.json resource
12-28 18:55:06.122 W/MountService( 1288): No primary storage defined yet; hacking together a stub
12-28 18:55:06.153 W/MountService( 1288): No primary storage defined yet; hacking together a stub
12-28 18:55:06.178 I/LatinIME:LogUtils( 1600): Dictionary info: dictionary = main:en ; version = 54 ; date = 1414726273
12-28 18:55:06.194 I/Exchange( 1752): RestartPingTask
12-28 18:55:06.272 I/Exchange( 1752): RestartPingsTask did not start any pings.
12-28 18:55:06.272 I/Exchange( 1752): PSS stopIfIdle
12-28 18:55:06.272 I/Exchange( 1752): PSS has no active accounts; stopping service.
12-28 18:55:06.279 I/Email   ( 1852): Observing account changes for notifications
12-28 18:55:06.287 I/AccountManagerService( 1288): getTypesVisibleToCaller: isPermitted? true
12-28 18:55:06.287 I/AccountManagerService( 1288): getTypesVisibleToCaller: isPermitted? true
12-28 18:55:06.300 W/ActivityManager( 1288): Unable to start service Intent { cmp=com.android.email/.service.AttachmentService } U=0: not found
12-28 18:55:06.306 I/AccountManagerService( 1288): getTypesVisibleToCaller: isPermitted? true
12-28 18:55:06.307 I/AccountManagerService( 1288): getTypesVisibleToCaller: isPermitted? true
12-28 18:55:06.311 W/ActivityManager( 1288): Unable to start service Intent { cmp=com.android.email/.service.AttachmentService } U=0: not found
12-28 18:55:06.312 I/AccountManagerService( 1288): getTypesVisibleToCaller: isPermitted? true
12-28 18:55:06.342 I/ActivityManager( 1288): Displayed com.android.launcher3/.Launcher: +2s165ms (total +14s101ms)
12-28 18:55:06.360 I/AccountManagerService( 1288): getTypesVisibleToCaller: isPermitted? true
12-28 18:55:06.820 I/Exchange( 1752): onDestroy
12-28 18:55:06.835 I/GCoreUlr( 1724): WorldUpdater:android.location.PROVIDERS_CHANGED: Ensuring that reporting is stopped because of reasons: (no Google accounts)
12-28 18:55:06.839 I/GCoreUlr( 1724): Unbound from all location providers
12-28 18:55:06.882 W/art     ( 1288): Long monitor contention event with owner method=void java.nio.Buffer.<init>(int, int, long) from Buffer.java:91 waiters=0 for 659ms
12-28 18:55:06.883 W/art     ( 1288): Long monitor contention event with owner method=void java.nio.Buffer.<init>(int, int, long) from Buffer.java:91 waiters=1 for 528ms
12-28 18:55:06.967 I/Choreographer( 2052): Skipped 45 frames!  The application may be doing too much work on its main thread.
12-28 18:55:07.007 W/Launcher( 2052): setApplicationContext called twice! old=android.app.Application@3a54b15 new=android.app.Application@3a54b15
12-28 18:55:07.184 D/Launcher( 2052): bindAppWidget: AppWidget(id=4)
12-28 18:55:07.184 D/Launcher( 2052): bindAppWidget: id=4 belongs to component ComponentInfo{com.android.deskclock/com.android.alarmclock.AnalogAppWidgetProvider}
12-28 18:55:07.416 D/Launcher( 2052): bound widget id=4 in 233ms
12-28 18:55:07.755 W/art     ( 1724): Verification of void com.google.android.location.activity.ba.<init>(com.google.android.location.j.q, com.google.android.location.f.i) took 398.301ms
12-28 18:55:08.093 D/GpsLocationProvider( 1288): NTP server returned: 1451296504039 (Mon Dec 28 18:55:04 GMT+09:00 2015) reference: 54927 certainty: 38 system time offset: -4054
12-28 18:55:08.101 I/LatinIME:LogUtils( 1600): Dictionary info: dictionary = main:en ; version = 54 ; date = 1414726273
12-28 18:55:08.106 I/LatinIME:LogUtils( 1600): Dictionary info: dictionary = main:en ; version = 54 ; date = 1414726273
12-28 18:55:08.109 I/LatinIME:LogUtils( 1600): Dictionary info: dictionary = main:en ; version = 54 ; date = 1414726273
12-28 18:55:08.111 I/LatinIME:LogUtils( 1600): Dictionary info: dictionary = main:en ; version = 54 ; date = 1414726273
12-28 18:55:08.127 I/LatinIME:LogUtils( 1600): Dictionary info: dictionary = main:en ; version = 54 ; date = 1414726273
12-28 18:55:08.131 I/LatinIME:LogUtils( 1600): Dictionary info: dictionary = main:en ; version = 54 ; date = 1414726273
12-28 18:55:08.164 I/LatinIME:LogUtils( 1600): Dictionary info: dictionary = main:en ; version = 54 ; date = 1414726273
12-28 18:55:08.185 I/GCoreUlr( 1724): DispatchingService.onDestroy()
12-28 18:55:08.185 I/GCoreUlr( 1724): Stopping handler for UlrDispSvcFast
12-28 18:55:08.187 I/GCoreUlr( 1724): Unbound from all location providers
12-28 18:55:08.253 W/art     ( 1953): Suspending all threads took: 488.223ms
12-28 18:55:08.418 W/Settings( 1724): Setting airplane_mode_on has moved from android.provider.Settings.System to android.provider.Settings.Global, returning read-only value.
12-28 18:55:08.474 W/Settings( 1724): Setting airplane_mode_on has moved from android.provider.Settings.System to android.provider.Settings.Global, returning read-only value.
12-28 18:55:08.676 W/art     ( 1953): Suspending all threads took: 15.493ms
12-28 18:55:08.837 W/art     ( 1953): Suspending all threads took: 20.715ms
12-28 18:55:09.121 D/StrictMode( 1953): StrictMode policy violation; ~duration=762 ms: android.os.StrictMode$StrictModeDiskReadViolation: policy=65567 violation=2
12-28 18:55:09.121 D/StrictMode( 1953): 	at android.os.StrictMode$AndroidBlockGuardPolicy.onReadFromDisk(StrictMode.java:1263)
12-28 18:55:09.121 D/StrictMode( 1953): 	at libcore.io.BlockGuardOs.access(BlockGuardOs.java:67)
12-28 18:55:09.121 D/StrictMode( 1953): 	at java.io.File.doAccess(File.java:281)
12-28 18:55:09.121 D/StrictMode( 1953): 	at java.io.File.exists(File.java:361)
12-28 18:55:09.121 D/StrictMode( 1953): 	at android.app.ContextImpl.createFilesDirLocked(ContextImpl.java:418)
12-28 18:55:09.121 D/StrictMode( 1953): 	at android.app.ContextImpl.getFilesDir(ContextImpl.java:441)
12-28 18:55:09.121 D/StrictMode( 1953): 	at android.app.ContextImpl.openFileInput(ContextImpl.java:383)
12-28 18:55:09.121 D/StrictMode( 1953): 	at android.content.ContextWrapper.openFileInput(ContextWrapper.java:177)
12-28 18:55:09.121 D/StrictMode( 1953): 	at com.google.android.apps.gmm.shared.i.h.a(PG:250)
12-28 18:55:09.121 D/StrictMode( 1953): 	at com.google.android.apps.gmm.map.m.q.a(PG:8693)
12-28 18:55:09.121 D/StrictMode( 1953): 	at com.google.android.apps.gmm.shared.f.a.a(PG:48)
12-28 18:55:09.121 D/StrictMode( 1953): 	at com.google.android.apps.gmm.map.m.e.a(PG:1531)
12-28 18:55:09.121 D/StrictMode( 1953): 	at com.google.android.apps.gmm.base.app.a.a(PG:244)
12-28 18:55:09.121 D/StrictMode( 1953): 	at com.google.android.apps.gmm.base.app.a.a(PG:2265)
12-28 18:55:09.121 D/StrictMode( 1953): 	at com.google.android.apps.gmm.base.app.GoogleMapsApplication.a(PG:206)
12-28 18:55:09.121 D/StrictMode( 1953): 	at com.google.android.apps.gmm.base.app.GoogleMapsApplication.onCreate(PG:174)
12-28 18:55:09.121 D/StrictMode( 1953): 	at android.app.Instrumentation.callApplicationOnCreate(Instrumentation.java:1013)
12-28 18:55:09.121 D/StrictMode( 1953): 	at android.app.ActivityThread.handleBindApplication(ActivityThread.java:4707)
12-28 18:55:09.121 D/StrictMode( 1953): 	at android.app.ActivityThread.-wrap1(ActivityThread.java)
12-28 18:55:09.121 D/StrictMode( 1953): 	at android.app.ActivityThread$H.handleMessage(ActivityThread.java:1405)
12-28 18:55:09.121 D/StrictMode( 1953): 	at android.os.Handler.dispatchMessage(Handler.java:102)
12-28 18:55:09.121 D/StrictMode( 1953): 	at android.os.Looper.loop(Looper.java:148)
12-28 18:55:09.121 D/StrictMode( 1953): 	at android.app.ActivityThread.main(ActivityThread.java:5417)
12-28 18:55:09.121 D/StrictMode( 1953): 	at java.lang.reflect.Method.invoke(Native Method)
12-28 18:55:09.121 D/StrictMode( 1953): 	at com.android.internal.os.ZygoteInit$MethodAndArgsCaller.run(ZygoteInit.java:726)
12-28 18:55:09.121 D/StrictMode( 1953): 	at com.android.internal.os.ZygoteInit.main(ZygoteInit.java:616)
12-28 18:55:09.121 D/StrictMode( 1953): StrictMode policy violation; ~duration=762 ms: android.os.StrictMode$StrictModeDiskReadViolation: policy=65567 violation=2
12-28 18:55:09.121 D/StrictMode( 1953): 	at android.os.StrictMode$AndroidBlockGuardPolicy.onReadFromDisk(StrictMode.java:1263)
12-28 18:55:09.121 D/StrictMode( 1953): 	at libcore.io.BlockGuardOs.open(BlockGuardOs.java:182)
12-28 18:55:09.121 D/StrictMode( 1953): 	at libcore.io.IoBridge.open(IoBridge.java:438)
12-28 18:55:09.121 D/StrictMode( 1953): 	at java.io.FileInputStream.<init>(FileInputStream.java:76)
12-28 18:55:09.121 D/StrictMode( 1953): 	at android.app.ContextImpl.openFileInput(ContextImpl.java:384)
12-28 18:55:09.121 D/StrictMode( 1953): 	at android.content.ContextWrapper.openFileInput(ContextWrapper.java:177)
12-28 18:55:09.121 D/StrictMode( 1953): 	at com.google.android.apps.gmm.shared.i.h.a(PG:250)
12-28 18:55:09.121 D/StrictMode( 1953): 	at com.google.android.apps.gmm.map.m.q.a(PG:8693)
12-28 18:55:09.121 D/StrictMode( 1953): 	at com.google.android.apps.gmm.shared.f.a.a(PG:48)
12-28 18:55:09.121 D/StrictMode( 1953): 	at com.google.android.apps.gmm.map.m.e.a(PG:1531)
12-28 18:55:09.121 D/StrictMode( 1953): 	at com.google.android.apps.gmm.base.app.a.a(PG:244)
12-28 18:55:09.121 D/StrictMode( 1953): 	at com.google.android.apps.gmm.base.app.a.a(PG:2265)
12-28 18:55:09.121 D/StrictMode( 1953): 	at com.google.android.apps.gmm.base.app.GoogleMapsApplication.a(PG:206)
12-28 18:55:09.121 D/StrictMode( 1953): 	at com.google.android.apps.gmm.base.app.GoogleMapsApplication.onCreate(PG:174)
12-28 18:55:09.121 D/StrictMode( 1953): 	at android.app.Instrumentation.callApplicationOnCreate(Instrumentation.java:1013)
12-28 18:55:09.121 D/StrictMode( 1953): 	at android.app.ActivityThread.handleBindApplication(ActivityThread.java:4707)
12-28 18:55:09.121 D/StrictMode( 1953): 	at android.app.ActivityThread.-wrap1(ActivityThread.java)
12-28 18:55:09.121 D/StrictMode( 1953): 	at android.app.ActivityThread$H.handleMessage(ActivityThread.java:1405)
12-28 18:55:09.121 D/StrictMode( 1953): 	at android.os.Handler.dispatchMessage(Handler.java:102)
12-28 18:55:09.121 D/StrictMode( 1953): 	at android.os.Looper.loop(Looper.java:148)
12-28 18:55:09.121 D/StrictMode( 1953): 	at android.app.ActivityThread.main(ActivityThread.java:5417)
12-28 18:55:09.121 D/StrictMode( 1953): 	at java.lang.reflect.Method.invoke(Native Method)
12-28 18:55:09.121 D/StrictMode( 1953): 	at com.android.internal.os.ZygoteInit$MethodAndArgsCaller.run(ZygoteInit.java:726)
12-28 18:55:09.121 D/StrictMode( 1953): 	at com.android.internal.os.ZygoteInit.main(ZygoteInit.java:616)
12-28 18:55:09.144 I/AccountManagerService( 1288): getTypesVisibleToCaller: isPermitted? true
12-28 18:55:09.151 I/SystemUpdateService( 1918): receiver: Intent { act=android.os.UpdateLock.UPDATE_LOCK_CHANGED flg=0x4000010 cmp=com.google.android.gms/.update.SystemUpdateService$ActiveReceiver (has extras) }
12-28 18:55:09.185 I/ActivityManager( 1288): Start proc 2137:com.android.settings/1000 for broadcast com.android.settings/.sim.SimSelectNotification
12-28 18:55:09.194 I/art     ( 2137): Late-enabling JIT
12-28 18:55:09.196 I/art     ( 2137): JIT created with code_cache_capacity=2MB compile_threshold=1000
12-28 18:55:09.294 I/AccountManagerService( 1288): getTypesVisibleToCaller: isPermitted? false
12-28 18:55:09.307 I/AccountManagerService( 1288): getTypesVisibleToCaller: isPermitted? false
12-28 18:55:09.311 W/System  ( 2137): ClassLoader referenced unknown path: /system/priv-app/Settings/lib/x86
12-28 18:55:09.396 I/art     ( 2152): Late-enabling JIT
12-28 18:55:09.400 I/art     ( 2152): JIT created with code_cache_capacity=2MB compile_threshold=1000
12-28 18:55:09.403 I/ActivityManager( 1288): Start proc 2152:com.android.calendar/u0a20 for broadcast com.android.calendar/.widget.CalendarAppWidgetService$CalendarFactory
12-28 18:55:09.553 W/System  ( 2152): ClassLoader referenced unknown path: /system/app/Calendar/lib/x86
12-28 18:55:09.635 W/com.google.a.a.b.d.a( 1953): Application name is not set. Call Builder#setApplicationName.
12-28 18:55:09.662 E/BluetoothAdapter( 1953): Bluetooth binder is null
12-28 18:55:09.667 D/ExtensionsFactory( 2152): No custom extensions.
12-28 18:55:09.867 I/art     ( 2174): Late-enabling JIT
12-28 18:55:09.869 I/art     ( 2174): JIT created with code_cache_capacity=2MB compile_threshold=1000
12-28 18:55:09.883 I/ActivityManager( 1288): Start proc 2174:com.android.deskclock/u0a24 for broadcast com.android.deskclock/.AlarmInitReceiver
12-28 18:55:09.894 I/art     ( 2189): Late-enabling JIT
12-28 18:55:09.897 I/art     ( 2189): JIT created with code_cache_capacity=2MB compile_threshold=1000
12-28 18:55:09.913 I/ActivityManager( 1288): Start proc 2189:com.android.providers.calendar/u0a1 for content provider com.android.providers.calendar/.CalendarProvider2
12-28 18:55:09.931 W/ActivityThread( 1953): ClassLoader.loadClass: The class loader returned by Thread.getContextClassLoader() may fail for processes that host multiple applications. You should explicitly specify a context class loader. For example: Thread.setContextClassLoader(getClass().getClassLoader());
12-28 18:55:09.946 W/System  ( 2189): ClassLoader referenced unknown path: /system/priv-app/CalendarProvider/lib/x86
12-28 18:55:09.968 W/System  ( 2174): ClassLoader referenced unknown path: /system/app/DeskClock/lib/x86
12-28 18:55:10.020 I/CalendarDatabaseHelper( 2189): Bootstrapping database
12-28 18:55:10.120 V/AlarmClock( 2174): AlarmInitReceiver android.intent.action.TIMEZONE_CHANGED
12-28 18:55:10.132 I/CalendarProvider2( 2189): Created com.android.providers.calendar.CalendarAlarmManager@dd76ff(com.android.providers.calendar.CalendarProvider2@c78ccc)
12-28 18:55:10.158 I/AccountManagerService( 1288): getTypesVisibleToCaller: isPermitted? true
12-28 18:55:10.267 I/AlarmClock( 2174): Alarms Table created
12-28 18:55:10.268 I/AlarmClock( 2174): Instance table created
12-28 18:55:10.269 I/AlarmClock( 2174): Cities table created
12-28 18:55:10.269 I/AlarmClock( 2174): Inserting default alarms
12-28 18:55:10.281 V/AlarmClock( 2174): AlarmInitReceiver finished
12-28 18:55:10.506 E/SQLiteLog( 1836): (1) no such table: log_event
12-28 18:55:10.680 V/AlarmClock( 2174): AlarmInitReceiver android.intent.action.TIME_SET
12-28 18:55:10.754 V/AlarmClock( 2174): AlarmInitReceiver finished
12-28 18:55:10.818 D/GCM     ( 1836): COMPAT: Multi user not supported
12-28 18:55:10.835 I/art     ( 1487): Waiting for a blocking GC DisableMovingGc
12-28 18:55:10.855 I/SubscribedFeeds( 1918): Setting ComponentInfo{com.google.android.gms/com.google.android.gms.subscribedfeeds.SyncService} to enum: 1
12-28 18:55:10.873 I/art     ( 1487): WaitForGcToComplete blocked for 38.020ms for cause DisableMovingGc
12-28 18:55:10.873 I/art     ( 1487): Starting a blocking GC DisableMovingGc
12-28 18:55:11.066 E/GCM     ( 1836): Missing checkin config file
12-28 18:55:11.066 W/GCM     ( 1836): GCM FAILED TO INITIALIZE - missing checkin
12-28 18:55:11.100 D/AuthorizationBluetoothService( 1836): Received GmsCore event: Intent { act=com.google.android.gms.INITIALIZE flg=0x10 pkg=com.google.android.gms cmp=com.google.android.gms/.auth.be.proximity.authorization.bt.AuthorizationBluetoothService$AutoStarter }.
12-28 18:55:11.118 E/AuthorizationBluetoothService( 1836): Proximity feature is not enabled.
12-28 18:55:11.151 V/GLSActivity( 1836): AuthDelegateWrapperCreated with selected intent: Intent { cmp=com.google.android.gms/.auth.DefaultAuthDelegateService }
12-28 18:55:11.155 V/GLSActivity( 1836): AuthDelegateWrapperCreated with selected intent: Intent { cmp=com.google.android.gms/.auth.DefaultAuthDelegateService }
12-28 18:55:11.163 I/AccountManagerService( 1288): getTypesVisibleToCaller: isPermitted? true
12-28 18:55:11.163 I/AccountManagerService( 1288): getTypesVisibleToCaller: isPermitted? true
12-28 18:55:11.163 I/AccountManagerService( 1288): getTypesVisibleToCaller: isPermitted? true
12-28 18:55:11.166 V/GmsCoreStatsServiceLauncher( 1918): Received broadcast intent Intent { act=com.google.android.gms.INITIALIZE flg=0x10 pkg=com.google.android.gms cmp=com.google.android.gms/.common.stats.GmsCoreStatsServiceLauncher }
12-28 18:55:11.268 D/WearableService( 2075): callingUid 10007, callindPid: 2075
12-28 18:55:11.296 E/GmsWearableLS( 1724): GoogleApiClient connection failed: ConnectionResult{statusCode=API_UNAVAILABLE, resolution=null, message=null}
12-28 18:55:11.344 I/CalendarProvider2( 2189): Sending notification intent: Intent { act=android.intent.action.PROVIDER_CHANGED dat=content://com.android.calendar }
12-28 18:55:11.344 W/ContentResolver( 2189): Failed to get type for: content://com.android.calendar (Unknown URL content://com.android.calendar)
12-28 18:55:11.376 I/EventLogService( 1918): Aggregate from 0 (log), 0 (data)
12-28 18:55:11.389 E/MDM     ( 1724): [110] b.run: Couldn't connect to Google API client: ConnectionResult{statusCode=API_UNAVAILABLE, resolution=null, message=null}
12-28 18:55:11.391 D/GCM     ( 1836): GcmService start Intent { act=com.google.android.gms.INITIALIZE flg=0x10 pkg=com.google.android.gms cmp=com.google.android.gms/.gcm.GcmService } com.google.android.gms.INITIALIZE
12-28 18:55:11.442 D/ConnectivityService( 1288): handlePromptUnvalidated 100
12-28 18:55:11.525 W/Settings( 1836): Setting mobile_data has moved from android.provider.Settings.Secure to android.provider.Settings.Global.
12-28 18:55:11.541 D/ConnectivityService( 1288): reportNetworkConnectivity(100, false) by 10007
12-28 18:55:11.541 D/NetworkMonitor/NetworkAgentInfo [MOBILE (UMTS) - 100]( 1288): Forcing reevaluation for UID 10007
12-28 18:55:11.563 D/NetworkMonitor/NetworkAgentInfo [MOBILE (UMTS) - 100]( 1288): Checking http://connectivitycheck.gstatic.com/generate_204 on epc.tmobile.com, connectivitycheck.gstatic.com=173.194.117.195
12-28 18:55:11.592 D/NetworkMonitor/NetworkAgentInfo [MOBILE (UMTS) - 100]( 1288): isCaptivePortal: ret=204 headers={null=[HTTP/1.1 204 No Content], Content-Length=[0], Date=[Mon, 28 Dec 2015 09:55:12 GMT], Server=[GFE/2.0], X-Android-Received-Millis=[1451296511592], X-Android-Response-Source=[NETWORK 204], X-Android-Selected-Protocol=[http/1.1], X-Android-Sent-Millis=[1451296511563]}
12-28 18:55:11.623 D/ConnectivityService( 1288): setProvNotificationVisibleIntent null visible=false networkType=MOBILE extraInfo=null highPriority=false
12-28 18:55:11.624 D/ConnectivityService( 1288): NetworkAgentInfo [MOBILE (UMTS) - 100] validation  passed
12-28 18:55:11.680 I/AccountManagerService( 1288): getTypesVisibleToCaller: isPermitted? true
12-28 18:55:11.797 I/AccountManagerService( 1288): getTypesVisibleToCaller: isPermitted? true
12-28 18:55:11.812 V/NQFileLogger( 1836): [102] e.a: about to write to file
12-28 18:55:11.824 E/copresGcore( 1836): WifiMedium: Wifi is not supported!!
12-28 18:55:11.828 E/BluetoothAdapter( 1836): Bluetooth binder is null
12-28 18:55:11.837 V/ProcessReports( 1836): [102] ProcessReportsService.a: If not already scheduled, schedule for 3600 to 14400 seconds from now (but might be processed inline after 900 seconds instead)
12-28 18:55:11.915 D/AuthorizationBluetoothService( 1836): Received GmsCore event: Intent { act=com.google.android.gms.INITIALIZE flg=0x10 pkg=com.google.android.gms cmp=com.google.android.gms/.auth.be.proximity.authorization.bt.AuthorizationBluetoothService$AutoStarter }.
12-28 18:55:11.917 E/AuthorizationBluetoothService( 1836): Proximity feature is not enabled.
12-28 18:55:11.931 V/GLSActivity( 1836): AuthDelegateWrapperCreated with selected intent: Intent { cmp=com.google.android.gms/.auth.DefaultAuthDelegateService }
12-28 18:55:11.943 I/AccountManagerService( 1288): getTypesVisibleToCaller: isPermitted? true
12-28 18:55:11.945 I/AccountManagerService( 1288): getTypesVisibleToCaller: isPermitted? true
12-28 18:55:11.945 I/AccountManagerService( 1288): getTypesVisibleToCaller: isPermitted? true
12-28 18:55:11.946 V/GmsCoreStatsServiceLauncher( 1918): Received broadcast intent Intent { act=com.google.android.gms.INITIALIZE flg=0x10 pkg=com.google.android.gms cmp=com.google.android.gms/.common.stats.GmsCoreStatsServiceLauncher }
12-28 18:55:11.973 E/MDM     ( 1724): [111] b.run: Couldn't connect to Google API client: ConnectionResult{statusCode=API_UNAVAILABLE, resolution=null, message=null}
12-28 18:55:11.998 W/InstanceID/Rpc( 1836): Found 10007
12-28 18:55:12.002 D/GCM     ( 1836): GcmService start Intent { act=com.google.android.gms.INITIALIZE flg=0x10 pkg=com.google.android.gms cmp=com.google.android.gms/.gcm.GcmService } com.google.android.gms.INITIALIZE
12-28 18:55:12.013 I/ActivityManager( 1288): Start proc 2266:com.google.android.apps.messaging/u0a43 for broadcast com.google.android.apps.messaging/.receiver.DefaultSmsSubscriptionChangeReceiver
12-28 18:55:12.018 I/art     ( 2266): Late-enabling JIT
12-28 18:55:12.020 I/art     ( 2266): JIT created with code_cache_capacity=2MB compile_threshold=1000
12-28 18:55:12.069 I/Scheduler( 1918): Use legacy PeriodicScheduler
12-28 18:55:12.080 W/InstanceID/Rpc( 1918): Found 10007
12-28 18:55:12.086 I/Scheduler( 1836): Use legacy PeriodicScheduler
12-28 18:55:12.098 E/ChimeraCfgMgr( 1918): Failed to read current config: /data/user/0/com.google.android.gms/app_chimera/current_config.pb: open failed: ENOENT (No such file or directory)
12-28 18:55:12.100 D/GmsModuleFndr( 1918): Beginning GMS chimera module scan
12-28 18:55:12.101 D/GmsModuleFndr( 1918): Module pkg com.google.android.play.games not installed, skipping
12-28 18:55:12.101 D/ChimeraCfgMgr( 1918): Beginning module configuration check
12-28 18:55:12.102 E/ChimeraCfgMgr( 1918): Failed to read current config: /data/user/0/com.google.android.gms/app_chimera/current_config.pb: open failed: ENOENT (No such file or directory)
12-28 18:55:12.102 D/ChimeraModuleApk( 1918): Loading chimera manifest from ContainerApk(com.google.android.gms)
12-28 18:55:12.159 D/ChimeraCfgMgr( 1918): Considering module(built-in,v0) from ContainerApk(com.google.android.gms)
12-28 18:55:12.159 D/ChimeraCfgMgr( 1918): Considering module(com.google.android.gms.games,v1) from ContainerApk(com.google.android.gms)
12-28 18:55:12.159 D/ChimeraCfgMgr( 1918): Considering module(com.google.android.gms.kids,v3) from ContainerApk(com.google.android.gms)
12-28 18:55:12.160 D/ChimeraCfgMgr( 1918): Considering module(com.google.android.gms.vision,v1) from ContainerApk(com.google.android.gms)
12-28 18:55:12.160 D/ChimeraCfgMgr( 1918): Considering module(com.google.android.gms.youtube,v1) from ContainerApk(com.google.android.gms)
12-28 18:55:12.160 D/ChimeraCfgRslvr( 1918): Beginning module config resolution
12-28 18:55:12.160 D/ChimeraCfgRslvr( 1918): module(built-in,v0) has no external dependencies, accepted
12-28 18:55:12.160 D/ChimeraCfgRslvr( 1918): module(com.google.android.gms.youtube,v1) has no external dependencies, accepted
12-28 18:55:12.160 D/ChimeraCfgRslvr( 1918): module(com.google.android.gms.games,v1) accepted
12-28 18:55:12.160 D/ChimeraCfgRslvr( 1918): module(com.google.android.gms.kids,v3) accepted
12-28 18:55:12.160 D/ChimeraCfgRslvr( 1918): module(com.google.android.gms.vision,v1) accepted
12-28 18:55:12.161 D/ChimeraCfgRslvr( 1918): Module config resolution complete
12-28 18:55:12.185 V/GLSActivity( 1836): AuthDelegateWrapperCreated with selected intent: Intent { cmp=com.google.android.gms/.auth.DefaultAuthDelegateService }
12-28 18:55:12.186 W/Auth    ( 1836): [Change,LoginAccountsChangedIntentService] LoginAccountsChangedIntentService received unknown action: com.google.android.gms.auth.change.REFRESH
12-28 18:55:12.237 D/GCM     ( 1918): COMPAT: Multi user not supported
12-28 18:55:12.255 D/FileApkUtils( 1918): Spent 115ms computing apk sha1.
12-28 18:55:12.258 D/FileApkUtils( 1918): Spent 2ms copying apk.
12-28 18:55:12.258 D/FileApkUtils( 1918): Copied dynamite bytes to /data/user/0/com.google.android.gms/app_chimera/chimera-module-root/scratch-module-dir/MapsModule.apk
12-28 18:55:12.259 D/DexOptUtils( 1918): Module /data/user/0/com.google.android.gms/app_chimera/chimera-module-root/module-a886ac3d22c09e46b3c7e9dc7e4e6d77da2aca9f/MapsModule.apk appears to be unoptimized.
12-28 18:55:12.259 D/DexOptUtils( 1918): Post L_MR1 platform, using oat/<isa> directory.
12-28 18:55:12.259 D/DexOptUtils( 1918): Creating odex directory: /data/user/0/com.google.android.gms/app_chimera/chimera-module-root/module-a886ac3d22c09e46b3c7e9dc7e4e6d77da2aca9f/oat/x86
12-28 18:55:12.260 D/DexOptUtils( 1918): Instantiating DexClassLoader to force creation of odex.
12-28 18:55:12.260 D/DexOptUtils( 1918): Primary ABI of odexing process is x86
12-28 18:55:12.293 W/dex2oat ( 2288): Unexpected CPU variant for X86 using defaults: x86
12-28 18:55:12.293 W/dex2oat ( 2288): Mismatch between dex2oat instruction set features (ISA: X86 Feature string: smp,-ssse3,-sse4.1,-sse4.2,-avx,-avx2) and those of dex2oat executable (ISA: X86 Feature string: smp,ssse3,-sse4.1,-sse4.2,-avx,-avx2) for the command line:
12-28 18:55:12.293 W/dex2oat ( 2288): /system/bin/dex2oat --runtime-arg -classpath --runtime-arg  --compiler-filter=interpret-only --instruction-set=x86 --instruction-set-features=smp,ssse3,-sse4.1,-sse4.2,-avx,-avx2 --runtime-arg -Xrelocate --boot-image=/system/framework/boot.art --runtime-arg -Xms64m --runtime-arg -Xmx512m --instruction-set-variant=x86 --instruction-set-features=default --dex-file=/data/user/0/com.google.android.gms/app_chimera/chimera-module-root/module-a886ac3d22c09e46b3c7e9dc7e4e6d77da2aca9f/MapsModule.apk --oat-file=/data/user/0/com.google.android.gms/app_chimera/chimera-module-root/module-a886ac3d22c09e46b3c7e9dc7e4e6d77da2aca9f/oat/x86/MapsModule.dex
12-28 18:55:12.293 I/dex2oat ( 2288): /system/bin/dex2oat --compiler-filter=interpret-only --dex-file=/data/user/0/com.google.android.gms/app_chimera/chimera-module-root/module-a886ac3d22c09e46b3c7e9dc7e4e6d77da2aca9f/MapsModule.apk --oat-file=/data/user/0/com.google.android.gms/app_chimera/chimera-module-root/module-a886ac3d22c09e46b3c7e9dc7e4e6d77da2aca9f/oat/x86/MapsModule.dex
12-28 18:55:12.309 I/art     ( 1918): Background sticky concurrent mark sweep GC freed 3960(421KB) AllocSpace objects, 2(40KB) LOS objects, 10% free, 5MB/6MB, paused 5.265ms total 47.804ms
12-28 18:55:12.390 D/GCM     ( 1836): GcmService start Intent { act=com.google.android.c2dm.intent.REGISTER pkg=com.google.android.gms cmp=com.google.android.gms/.gcm.GcmService (has extras) } com.google.android.c2dm.intent.REGISTER
12-28 18:55:12.472 I/PeopleSync( 1918): First sync
12-28 18:55:12.483 I/AccountManagerService( 1288): getTypesVisibleToCaller: isPermitted? true
12-28 18:55:12.489 I/PeopleSync( 1918): requestAllFullSyncForDbUpgrade
12-28 18:55:12.492 I/AccountManagerService( 1288): getTypesVisibleToCaller: isPermitted? true
12-28 18:55:12.636 I/AccountManagerService( 1288): getTypesVisibleToCaller: isPermitted? true
12-28 18:55:12.655 I/AccountManagerService( 1288): getTypesVisibleToCaller: isPermitted? true
12-28 18:55:12.657 I/AccountManagerService( 1288): getTypesVisibleToCaller: isPermitted? true
12-28 18:55:12.662 I/PeopleDatabaseHelper( 1918): cleanUpNonGplusAccounts done.
12-28 18:55:12.672 I/AccountManagerService( 1288): getTypesVisibleToCaller: isPermitted? true
12-28 18:55:12.672 I/LocationInitializer( 1918): Initializing location.
12-28 18:55:12.684 I/PeopleSearchIndexManage( 1918): ICU version changed from unknown to 55.1
12-28 18:55:12.686 I/PeopleSearchIndexManage( 1918): Rebuilding index...
12-28 18:55:12.698 D/GLMSImpl( 1724): onGmsCoreInit
12-28 18:55:12.732 W/BaseAppContext( 1918): Using Auth Proxy for data requests.
12-28 18:55:12.751 I/PeopleASM( 1918): Rebuilding autocomplete index...
12-28 18:55:12.762 I/GLSUser ( 1918): [ChannelManager] Attempting to channel bind connection HttpClient.
12-28 18:55:12.773 I/PeopleSearchIndexManage( 1918): Rebuilding index done.
12-28 18:55:12.788 I/GLSUser ( 1918): [ChannelManager] Checking whether channelId is enabled. isEnabledGmsCore? false, isEnabledSdk? true, isAtLeastKitKat? true
12-28 18:55:12.891 I/art     ( 1918): Background sticky concurrent mark sweep GC freed 3426(243KB) AllocSpace objects, 2(40KB) LOS objects, 7% free, 5MB/6MB, paused 12.030ms total 20.115ms
12-28 18:55:12.908 V/GMPM-SVC( 1918): Update service enabled state to: 2
12-28 18:55:12.921 I/AccountManagerService( 1288): getTypesVisibleToCaller: isPermitted? true
12-28 18:55:12.922 E/MDM     ( 1918): [121] SitrepService.a: No Google accounts; deferring server state update.
12-28 18:55:12.934 V/AuthZen ( 1918): Handling intent: com.google.android.gms.GMS_UPDATED
12-28 18:55:12.937 D/AuthZenEventHandler( 1918): Handling event: com.google.android.gms.GMS_UPDATED
12-28 18:55:12.955 I/AccountManagerService( 1288): getTypesVisibleToCaller: isPermitted? true
12-28 18:55:12.991 W/BaseAppContext( 1918): Using Auth Proxy for data requests.
12-28 18:55:12.998 E/GCM     ( 1836): Missing checkin config file
12-28 18:55:13.203 W/GCM     ( 1836): GCM FAILED TO INITIALIZE - missing checkin
12-28 18:55:13.230 W/System  ( 2266): ClassLoader referenced unknown path: /system/app/PrebuiltBugle/lib/x86
12-28 18:55:13.293 I/AccountManagerService( 1288): getTypesVisibleToCaller: isPermitted? true
12-28 18:55:13.313 E/GCM     ( 1918): Failed registration AUTHENTICATION_FAILED alarm=300000
12-28 18:55:13.372 I/art     ( 1918): Background partial concurrent mark sweep GC freed 3476(272KB) AllocSpace objects, 4(80KB) LOS objects, 39% free, 5MB/9MB, paused 12.178ms total 42.638ms
12-28 18:55:13.404 I/PerfProfileCollectorService( 1918): Scheduling Perf Profile Collection every 86400 seconds
12-28 18:55:13.408 W/ActivityManager( 1288): Unable to start service Intent { act=INITIALIZE_SUBSCRIPTIONS cmp=com.google.android.gms/.nearby.sharing.NearbySharingIntentService } U=0: not found
12-28 18:55:13.464 I/PhenotypeConfigurator( 1918): Scheduling Phenotype for one-off execution 12252 seconds from now (1451296513464)
12-28 18:55:13.698 D/WearInitializer( 1918): Running WearInitializer
12-28 18:55:13.698 D/WearInitializer( 1918): enabled .WearableService
12-28 18:55:13.706 D/LocationInitializer( 1918): Restart initialization of location
12-28 18:55:13.737 D/LocationInitializer( 1918): Restart initialization of location
12-28 18:55:13.770 I/AccountManagerService( 1288): getTypesVisibleToCaller: isPermitted? true
12-28 18:55:13.811 I/AccountManagerService( 1288): getTypesVisibleToCaller: isPermitted? true
12-28 18:55:14.192 I/art     ( 1836): Background sticky concurrent mark sweep GC freed 20349(1399KB) AllocSpace objects, 5(100KB) LOS objects, 18% free, 4MB/6MB, paused 2.289ms total 1.995s
12-28 18:55:15.587 W/art     ( 1464): Long monitor contention event with owner method=boolean android.os.MessageQueue.enqueueMessage(android.os.Message, long) from MessageQueue.java:541 waiters=0 for 425ms
12-28 18:55:15.820 W/art     ( 1288): Long monitor contention event with owner method=java.util.List com.android.server.pm.PackageManagerService.queryIntentActivities(android.content.Intent, java.lang.String, int, int) from PackageManagerService.java:4534 waiters=0 for 206ms
12-28 18:55:15.822 W/art     ( 1288): Long monitor contention event with owner method=java.util.List com.android.server.pm.PackageManagerService.queryIntentActivities(android.content.Intent, java.lang.String, int, int) from PackageManagerService.java:4534 waiters=1 for 204ms
12-28 18:55:15.823 I/InputReader( 1288): Reconfiguring input devices.  changes=0x00000010
12-28 18:55:15.847 V/GmsNetworkLocationProvi( 1724): DISABLE
12-28 18:55:15.864 I/GCoreNlp( 1724): shouldConfirmNlp, NLP off. Ensuring opt-in disabled
12-28 18:55:16.097 W/art     ( 1288): Long monitor contention event with owner method=boolean com.android.server.am.ActivityManagerService.unbindService(android.app.IServiceConnection) from ActivityManagerService.java:15918 waiters=0 for 234ms
12-28 18:55:16.102 W/art     ( 1288): Long monitor contention event with owner method=boolean com.android.server.am.ActivityManagerService.unbindService(android.app.IServiceConnection) from ActivityManagerService.java:15918 waiters=1 for 239ms
12-28 18:55:16.104 W/art     ( 1288): Long monitor contention event with owner method=boolean com.android.server.am.ActivityManagerService.unbindService(android.app.IServiceConnection) from ActivityManagerService.java:15918 waiters=3 for 240ms
12-28 18:55:17.003 E/StrictMode( 2152): A resource was acquired at attached stack trace but never released. See java.io.Closeable for information on avoiding resource leaks.
12-28 18:55:17.003 E/StrictMode( 2152): java.lang.Throwable: Explicit termination method 'close' not called
12-28 18:55:17.003 E/StrictMode( 2152): 	at dalvik.system.CloseGuard.open(CloseGuard.java:180)
12-28 18:55:17.003 E/StrictMode( 2152): 	at android.content.ContentResolver$CursorWrapperInner.<init>(ContentResolver.java:2507)
12-28 18:55:17.003 E/StrictMode( 2152): 	at android.content.ContentResolver.query(ContentResolver.java:515)
12-28 18:55:17.003 E/StrictMode( 2152): 	at android.content.CursorLoader.loadInBackground(CursorLoader.java:64)
12-28 18:55:17.003 E/StrictMode( 2152): 	at android.content.CursorLoader.loadInBackground(CursorLoader.java:56)
12-28 18:55:17.003 E/StrictMode( 2152): 	at android.content.AsyncTaskLoader.onLoadInBackground(AsyncTaskLoader.java:312)
12-28 18:55:17.003 E/StrictMode( 2152): 	at android.content.AsyncTaskLoader$LoadTask.doInBackground(AsyncTaskLoader.java:69)
12-28 18:55:17.003 E/StrictMode( 2152): 	at android.content.AsyncTaskLoader$LoadTask.doInBackground(AsyncTaskLoader.java:66)
12-28 18:55:17.003 E/StrictMode( 2152): 	at android.os.AsyncTask$2.call(AsyncTask.java:295)
12-28 18:55:17.003 E/StrictMode( 2152): 	at java.util.concurrent.FutureTask.run(FutureTask.java:237)
12-28 18:55:17.003 E/StrictMode( 2152): 	at java.util.concurrent.ThreadPoolExecutor.runWorker(ThreadPoolExecutor.java:1113)
12-28 18:55:17.003 E/StrictMode( 2152): 	at java.util.concurrent.ThreadPoolExecutor$Worker.run(ThreadPoolExecutor.java:588)
12-28 18:55:17.003 E/StrictMode( 2152): 	at java.lang.Thread.run(Thread.java:818)
12-28 18:55:17.003 W/CursorWrapperInner( 2152): Cursor finalized without prior close()
12-28 18:55:17.281 D/Volley  ( 1918): [1] Request.finish: 4416 ms: [ ] https://www.google.com/ads/preferences/mobile_view?sig=jBki7Q1S1S_KlYtknwddKxoxtGbifoVx6fV61i4WZ22dL4pGtNMP15LkO8C_xtpWHXz07W2rD14Pttf0dcZNXM9_k5x_SvPE04s3T4TEudUfHhiIDS1fVS5lXEpoPz7blvotriPOkwAwsaixyAGmmPCepQjtHXFxBAG1iAk80ZmrGpxjzSRuXEl3b_iisqBeJkUlcuXvWIBAvWlbTfoVGKgqzDubFkbIkC3ZMrlkIu9UIwqkaQXHvkRC-YZsvrl07IkRfFRHilXu6IznlxUDr47yK7vKUIsJIWchcQG-Q0a4YNku3kzivoGpAxIgbWq7ht6hW4zk6xiDhgA7Ss1TrQ&vv=2 0xd61ac103 NORMAL 2
12-28 18:55:17.537 I/dex2oat ( 2288): dex2oat took 5.244s (threads: 1) arena alloc=232B java alloc=2031KB native alloc=2MB free=716KB
12-28 18:55:17.542 D/DexOptUtils( 1918): Odex created at:/data/user/0/com.google.android.gms/app_chimera/chimera-module-root/module-a886ac3d22c09e46b3c7e9dc7e4e6d77da2aca9f/oat/x86/MapsModule.dex
12-28 18:55:17.542 D/DexOptUtils( 1918): Set odex to world readable.
12-28 18:55:17.542 D/DexOptUtils( 1918): Renamed odex to /data/user/0/com.google.android.gms/app_chimera/chimera-module-root/module-a886ac3d22c09e46b3c7e9dc7e4e6d77da2aca9f/oat/x86/MapsModule.odex
12-28 18:55:17.542 D/FileApkUtils( 1918): Keeping up-to-date module: module-a886ac3d22c09e46b3c7e9dc7e4e6d77da2aca9f
12-28 18:55:17.542 D/GmsModuleFndr( 1918): Beginning GMS chimera module scan
12-28 18:55:17.558 I/FusedLocation( 1288): engine stopped (com.android.location.fused)
12-28 18:55:17.572 D/GmsModuleFndr( 1918): Module pkg com.google.android.play.games not installed, skipping
12-28 18:55:17.572 D/ChimeraCfgMgr( 1918): Beginning module configuration check
12-28 18:55:17.574 D/ChimeraFileApk( 1918): Loading chimera manifest from FileApk(/data/user/0/com.google.android.gms/app_chimera/chimera-module-root/module-a886ac3d22c09e46b3c7e9dc7e4e6d77da2aca9f/MapsModule.apk)
12-28 18:55:17.575 D/ChimeraCfgMgr( 1918): Considering module(com.google.android.gms.maps,v8185000) from FileApk(/data/user/0/com.google.android.gms/app_chimera/chimera-module-root/module-a886ac3d22c09e46b3c7e9dc7e4e6d77da2aca9f/MapsModule.apk)
12-28 18:55:17.575 D/ChimeraModuleApk( 1918): Loading chimera manifest from ContainerApk(com.google.android.gms)
12-28 18:55:17.575 D/ChimeraCfgMgr( 1918): Considering module(built-in,v0) from ContainerApk(com.google.android.gms)
12-28 18:55:17.575 D/ChimeraCfgMgr( 1918): Considering module(com.google.android.gms.games,v1) from ContainerApk(com.google.android.gms)
12-28 18:55:17.575 D/ChimeraCfgMgr( 1918): Considering module(com.google.android.gms.kids,v3) from ContainerApk(com.google.android.gms)
12-28 18:55:17.575 D/ChimeraCfgMgr( 1918): Considering module(com.google.android.gms.vision,v1) from ContainerApk(com.google.android.gms)
12-28 18:55:17.575 D/ChimeraCfgMgr( 1918): Considering module(com.google.android.gms.youtube,v1) from ContainerApk(com.google.android.gms)
12-28 18:55:17.575 D/ChimeraCfgRslvr( 1918): Beginning module config resolution
12-28 18:55:17.576 D/ChimeraCfgRslvr( 1918): module(built-in,v0) has no external dependencies, accepted
12-28 18:55:17.576 D/ChimeraCfgRslvr( 1918): module(com.google.android.gms.youtube,v1) has no external dependencies, accepted
12-28 18:55:17.576 D/ChimeraCfgRslvr( 1918): module(com.google.android.gms.games,v1) accepted
12-28 18:55:17.576 D/ChimeraCfgRslvr( 1918): module(com.google.android.gms.kids,v3) accepted
12-28 18:55:17.576 D/ChimeraCfgRslvr( 1918): module(com.google.android.gms.maps,v8185000) accepted
12-28 18:55:17.576 D/ChimeraCfgRslvr( 1918): module(com.google.android.gms.vision,v1) accepted
12-28 18:55:17.576 D/ChimeraCfgRslvr( 1918): Module config resolution complete
12-28 18:55:17.620 E/copresGcore( 1836): ObfuscatedGaiaIdLookup: Could not load ObfuscatedGaiaIds: /data/user/0/com.google.android.gms/files/copresence_gaia_id: open failed: ENOENT (No such file or directory)
12-28 18:55:17.621 I/AccountManagerService( 1288): getTypesVisibleToCaller: isPermitted? true
12-28 18:55:17.739 I/copresGcore( 1836): EventLoop: Event al ran for 00:05.910
12-28 18:55:17.744 D/Volley  ( 1918): [137] BasicNetwork.logSlowRequests: HTTP response for request=<[ ] https://www.google.com/ads/preferences/mobile_view?sig=CVvssuxGeJTmAo4sizCkSOl6YuGenTuMhWBNDoA_D2Y0b-9ugdbytflfI3mQO5l83-mpsPsCdmehiIrnR7ER6669p6ZgptnS_w9Fk2BCRYcMzcX6iBW0r49f_0YeT3ft1cEHz8Noj2lw2o7ymJRfPjEjXJBanrPQI5Rdvv6gP-3IJKctFgdFrX3JOMVtyaXNWoA1RQ3Ca8z8IT3TPyxkmnLE-sfY4A-byCSOTTWn9OjfpTDPAAQRDCqodamBwBTEMXhR0MszNLiJ28PzGricwPKX_DQog5OXskq7qfVHc3l4Vi2fQRaK3gpb13iFipNGNhLMJuOOD-gk8Amsu2iWlw&vv=2 0xd61ac103 NORMAL 1> [lifetime=4506], [size=0], [rc=200], [retryCount=0]
12-28 18:55:17.744 D/Volley  ( 1918): [1] Request.finish: 4883 ms: [ ] https://www.google.com/ads/preferences/mobile_view?sig=CVvssuxGeJTmAo4sizCkSOl6YuGenTuMhWBNDoA_D2Y0b-9ugdbytflfI3mQO5l83-mpsPsCdmehiIrnR7ER6669p6ZgptnS_w9Fk2BCRYcMzcX6iBW0r49f_0YeT3ft1cEHz8Noj2lw2o7ymJRfPjEjXJBanrPQI5Rdvv6gP-3IJKctFgdFrX3JOMVtyaXNWoA1RQ3Ca8z8IT3TPyxkmnLE-sfY4A-byCSOTTWn9OjfpTDPAAQRDCqodamBwBTEMXhR0MszNLiJ28PzGricwPKX_DQog5OXskq7qfVHc3l4Vi2fQRaK3gpb13iFipNGNhLMJuOOD-gk8Amsu2iWlw&vv=2 0xd61ac103 NORMAL 1
12-28 18:55:18.169 W/VideoCapabilities( 2266): Unrecognized profile/level 0/0 for video/mpeg2
12-28 18:55:18.170 W/VideoCapabilities( 2266): Unrecognized profile/level 0/2 for video/mpeg2
12-28 18:55:18.170 W/VideoCapabilities( 2266): Unrecognized profile/level 0/3 for video/mpeg2
12-28 18:55:18.185 I/VideoCapabilities( 2266): Unsupported profile 4 for video/mp4v-es
12-28 18:55:18.197 I/art     ( 2266): Note: end time exceeds epoch: 
12-28 18:55:18.271 I/Icing   ( 1918): Storage manager: low false usage 0 Bytes avail 442.48MB capacity 541.34MB
12-28 18:55:18.325 I/Bugle   ( 2266): Carrier config changed. Reloading MMS config.
12-28 18:55:18.346 I/BugleUsageStatistics( 2266): PlayLogger.onLoggerConnected
12-28 18:55:18.351 I/Bugle   ( 2266): Upgrading shared prefs from -1 to 1
12-28 18:55:18.385 D/PackageBroadcastService( 1918): Received broadcast action=android.intent.action.PACKAGE_CHANGED and uri=com.google.android.gsf
12-28 18:55:18.394 I/PeopleContactsSync( 1918): CP2 sync disabled
12-28 18:55:18.432 E/StrictMode( 1918): A resource was acquired at attached stack trace but never released. See java.io.Closeable for information on avoiding resource leaks.
12-28 18:55:18.432 E/StrictMode( 1918): java.lang.Throwable: Explicit termination method 'close' not called
12-28 18:55:18.432 E/StrictMode( 1918): 	at dalvik.system.CloseGuard.open(CloseGuard.java:180)
12-28 18:55:18.432 E/StrictMode( 1918): 	at dalvik.system.DexFile.<init>(DexFile.java:113)
12-28 18:55:18.432 E/StrictMode( 1918): 	at dalvik.system.DexFile.loadDex(DexFile.java:151)
12-28 18:55:18.432 E/StrictMode( 1918): 	at dalvik.system.DexPathList.loadDexFile(DexPathList.java:282)
12-28 18:55:18.432 E/StrictMode( 1918): 	at dalvik.system.DexPathList.makePathElements(DexPathList.java:248)
12-28 18:55:18.432 E/StrictMode( 1918): 	at dalvik.system.DexPathList.<init>(DexPathList.java:120)
12-28 18:55:18.432 E/StrictMode( 1918): 	at dalvik.system.BaseDexClassLoader.<init>(BaseDexClassLoader.java:48)
12-28 18:55:18.432 E/StrictMode( 1918): 	at dalvik.system.DexClassLoader.<init>(DexClassLoader.java:57)
12-28 18:55:18.432 E/StrictMode( 1918): 	at com.google.android.chimera.container.f.a(SourceFile:66)
12-28 18:55:18.432 E/StrictMode( 1918): 	at com.google.android.gms.chimera.container.FileApkService.onHandleIntent(SourceFile:115)
12-28 18:55:18.432 E/StrictMode( 1918): 	at android.app.IntentService$ServiceHandler.handleMessage(IntentService.java:66)
12-28 18:55:18.432 E/StrictMode( 1918): 	at android.os.Handler.dispatchMessage(Handler.java:102)
12-28 18:55:18.432 E/StrictMode( 1918): 	at android.os.Looper.loop(Looper.java:148)
12-28 18:55:18.432 E/StrictMode( 1918): 	at android.os.HandlerThread.run(HandlerThread.java:61)
12-28 18:55:18.434 D/PackageBroadcastService( 1918): Received broadcast action=android.intent.action.PACKAGE_CHANGED and uri=com.android.settings
12-28 18:55:18.445 I/PeopleContactsSync( 1918): CP2 sync disabled
12-28 18:55:18.726 D/AuthorizationBluetoothService( 1836): Received GmsCore event: Intent { act=com.google.android.gms.INITIALIZE flg=0x10 pkg=com.google.android.gms cmp=com.google.android.gms/.auth.be.proximity.authorization.bt.AuthorizationBluetoothService$AutoStarter }.
12-28 18:55:18.726 E/AuthorizationBluetoothService( 1836): Proximity feature is not enabled.
12-28 18:55:18.731 V/GLSActivity( 1836): AuthDelegateWrapperCreated with selected intent: Intent { cmp=com.google.android.gms/.auth.DefaultAuthDelegateService }
12-28 18:55:18.731 V/GLSActivity( 1836): AuthDelegateWrapperCreated with selected intent: Intent { cmp=com.google.android.gms/.auth.DefaultAuthDelegateService }
12-28 18:55:18.733 I/AccountManagerService( 1288): getTypesVisibleToCaller: isPermitted? true
12-28 18:55:18.733 I/AccountManagerService( 1288): getTypesVisibleToCaller: isPermitted? true
12-28 18:55:18.733 I/AccountManagerService( 1288): getTypesVisibleToCaller: isPermitted? true
12-28 18:55:18.736 V/GmsCoreStatsServiceLauncher( 1918): Received broadcast intent Intent { act=com.google.android.gms.INITIALIZE flg=0x10 pkg=com.google.android.gms cmp=com.google.android.gms/.common.stats.GmsCoreStatsServiceLauncher }
12-28 18:55:18.761 D/LocationInitializer( 1918): Restart initialization of location
12-28 18:55:18.767 I/AccountManagerService( 1288): getTypesVisibleToCaller: isPermitted? true
