12-28 18:54:50.734   955   955 W OMXNodeInstance: [12:google.h264.decoder] component does not support metadata mode; using fallback
12-28 18:54:50.734   955   955 D SoftAVCDec: Number of CPU cores: 1
12-28 18:54:50.746   955   955 D SoftHEVC: Number of CPU cores: 1
12-28 18:54:50.753   955   955 D SoftHEVC: Initializing decoder
12-28 18:54:50.757   955   955 D SoftHEVC: Set number of cores to 1
12-28 18:54:50.757   955   955 D SoftHEVC: Ittiam decoder version number: @(#)Id:HEVCDEC_production Ver:04.04 Released by ITTIAM Build: Nov  5 2015 @ 15:35:41
12-28 18:54:50.757   955   955 W OMXNodeInstance: [13:google.hevc.decoder] component does not support metadata mode; using fallback
12-28 18:54:50.757   955   955 D SoftHEVC: Freeing codec memory
12-28 18:54:50.758   955   955 D SoftHEVC: Number of CPU cores: 1
12-28 18:54:50.758   955   955 D SoftHEVC: Initializing decoder
12-28 18:54:50.758   955   955 D SoftHEVC: Set number of cores to 1
12-28 18:54:50.758   955   955 D SoftHEVC: Ittiam decoder version number: @(#)Id:HEVCDEC_production Ver:04.04 Released by ITTIAM Build: Nov  5 2015 @ 15:35:41
12-28 18:54:50.758   955   955 D SoftHEVC: In SoftHEVC::~SoftHEVC
12-28 18:54:50.758   955   955 D SoftHEVC: Freeing codec memory
12-28 18:54:50.777   955   955 W OMXNodeInstance: [14:google.vp8.decoder] component does not support metadata mode; using fallback
12-28 18:54:50.778   955   955 W OMXNodeInstance: [15:google.vp9.decoder] component does not support metadata mode; using fallback
12-28 18:54:50.789   955   955 I SoftMPEG4Encoder: Construct SoftMPEG4Encoder
12-28 18:54:50.789   955   955 W ACodec  : do not know color format 0x7f000789 = 2130708361
12-28 18:54:50.851   955   955 W ACodec  : do not know color format 0x7f000789 = 2130708361
12-28 18:54:50.851   955   955 I SoftMPEG4Encoder: Construct SoftMPEG4Encoder
12-28 18:54:50.852   955   955 W ACodec  : do not know color format 0x7f000789 = 2130708361
12-28 18:54:50.862   955   955 W ACodec  : do not know color format 0x7f000789 = 2130708361
12-28 18:54:50.884  1288  1301 D GpsLocationProvider: Reset GPS properties, previous size = 0
12-28 18:54:50.885  1288  1301 D GpsLocationProvider: GpsParamsResource: SUPL_HOST=supl.google.com
12-28 18:54:50.885  1288  1301 D GpsLocationProvider: GpsParamsResource: SUPL_PORT=7275
12-28 18:54:50.885  1288  1301 D GpsLocationProvider: GpsParamsResource: NTP_SERVER=north-america.pool.ntp.org
12-28 18:54:50.885  1288  1301 D GpsLocationProvider: GpsParamsResource: SUPL_VER=0x20000
12-28 18:54:50.885  1288  1301 D GpsLocationProvider: GpsParamsResource: SUPL_MODE=1
12-28 18:54:50.885  1288  1301 W GpsLocationProvider: Could not open GPS configuration file /etc/gps.conf
12-28 18:54:50.885  1288  1301 D GpsLocationProvider: GPS properties reloaded, size = 5
12-28 18:54:50.885  1288  1301 E GpsLocationProvider: no AGPS interface in set_agps_server
12-28 18:54:50.885  1288  1303 W art     : Long monitor contention event with owner method=void com.android.server.am.ActivityManagerService.attachApplication(android.app.IApplicationThread) from ActivityManagerService.java:6186 waiters=0 for 191ms
12-28 18:54:50.901   955   955 W MediaCodecList: unable to open media codecs configuration xml file: /etc/media_codecs_performance.xml
12-28 18:54:50.902   955   955 W MediaCodecList: unable to open media codecs configuration xml file: /data/misc/media/media_codecs_profiling_results.xml
12-28 18:54:50.903  1288  1638 I OMXClient: Using client-side OMX mux.
12-28 18:54:50.908  1464  1585 I OMXClient: Using client-side OMX mux.
12-28 18:54:50.922   942  1172 D PermissionCache: checking android.permission.HARDWARE_TEST for uid=1000 => granted (2288 us)
12-28 18:54:50.924  1641  1641 W System  : ClassLoader referenced unknown path: /system/priv-app/TeleService/lib/x86
12-28 18:54:50.938  1288  1301 E GpsLocationProvider: no AGPS interface in set_agps_server
12-28 18:54:50.949  1288  1301 I ActivityManager: Start proc 1709:com.android.printspooler/u0a44 for service com.android.printspooler/.model.PrintSpoolerService
12-28 18:54:50.955  1662  1662 W System  : ClassLoader referenced unknown path: /system/priv-app/ExternalStorageProvider/lib/x86
12-28 18:54:50.957  1662  1662 D ExternalStorage: After updating volumes, found 0 active roots
12-28 18:54:50.958  1662  1662 D ExternalStorage: After updating volumes, found 0 active roots
12-28 18:54:50.963  1709  1709 I art     : Late-enabling JIT
12-28 18:54:50.965  1709  1709 I art     : JIT created with code_cache_capacity=2MB compile_threshold=1000
12-28 18:54:50.989  1288  1288 I FusedLocation: engine started (com.android.location.fused)
12-28 18:54:51.015  1288  1299 I ActivityManager: Start proc 1724:com.google.android.gms.persistent/u0a7 for broadcast com.google.android.gms/com.google.android.location.internal.NlpNetworkProviderSettingsUpdateReceiver
12-28 18:54:51.026  1724  1724 I art     : Late-enabling JIT
12-28 18:54:51.028  1724  1724 I art     : JIT created with code_cache_capacity=2MB compile_threshold=1000
12-28 18:54:51.073  1657  1657 W System  : ClassLoader referenced unknown path: /system/priv-app/Settings/lib/x86
12-28 18:54:51.096  1724  1724 W System  : ClassLoader referenced unknown path: /system/priv-app/PrebuiltGmsCore/lib/x86
12-28 18:54:51.203  1641  1641 W System  : ClassLoader referenced unknown path: /system/priv-app/TelephonyProvider/lib/x86
12-28 18:54:51.222  1288  1738 I OMXClient: Using client-side OMX mux.
12-28 18:54:51.413  1288  1300 I AccountManagerService: getTypesVisibleToCaller: isPermitted? true
12-28 18:54:51.452  1464  1464 I vol.Events: writeEvent collection_started
12-28 18:54:51.461  1464  1741 I vol.Events: writeEvent external_ringer_mode_changed normal
12-28 18:54:51.461  1464  1741 I vol.Events: writeEvent internal_ringer_mode_changed normal
12-28 18:54:51.575  1709  1709 I PrintSpoolerService: No existing print spooler state.
12-28 18:54:51.612  1464  1746 I OMXClient: Using client-side OMX mux.
12-28 18:54:51.628  1657  1657 D CryptKeeper: Disabling component ComponentInfo{com.android.settings/com.android.settings.CryptKeeper}
12-28 18:54:51.639  1288  1749 I OMXClient: Using client-side OMX mux.
12-28 18:54:51.722  1464  1741 I vol.Events: writeEvent level_changed STREAM_ALARM 6
12-28 18:54:51.723  1464  1741 I vol.Events: writeEvent level_changed STREAM_BLUETOOTH_SCO 7
12-28 18:54:51.723  1464  1741 I vol.Events: writeEvent level_changed STREAM_MUSIC 11
12-28 18:54:51.724  1464  1741 I vol.Events: writeEvent level_changed STREAM_RING 5
12-28 18:54:51.724  1464  1741 I vol.Events: writeEvent level_changed STREAM_SYSTEM 5
12-28 18:54:51.724  1464  1741 I vol.Events: writeEvent level_changed STREAM_VOICE_CALL 4
12-28 18:54:51.738  1487  1504 D ContactDirectoryManager: Found com.android.exchange.directory.provider
12-28 18:54:51.764  1288  1369 I ActivityManager: Start proc 1752:com.android.exchange/u0a30 for content provider com.android.exchange/.provider.ExchangeDirectoryProvider
12-28 18:54:51.786  1752  1752 I art     : Late-enabling JIT
12-28 18:54:51.788  1752  1752 I art     : JIT created with code_cache_capacity=2MB compile_threshold=1000
12-28 18:54:51.846  1464  1464 D StorageNotification: Notifying about private volume: VolumeInfo{private}:
12-28 18:54:51.846  1464  1464 D StorageNotification:     type=PRIVATE diskId=null partGuid=null mountFlags=0 mountUserId=-1 
12-28 18:54:51.846  1464  1464 D StorageNotification:     state=MOUNTED 
12-28 18:54:51.846  1464  1464 D StorageNotification:     fsType=null fsUuid=null fsLabel=null 
12-28 18:54:51.846  1464  1464 D StorageNotification:     path=/data internalPath=null 
12-28 18:54:51.863  1752  1752 W System  : ClassLoader referenced unknown path: /system/app/Exchange2/lib/x86
12-28 18:54:52.251  1288  1767 I OMXClient: Using client-side OMX mux.
12-28 18:54:52.351  1288  1770 I OMXClient: Using client-side OMX mux.
12-28 18:54:52.363  1464  1773 I OMXClient: Using client-side OMX mux.
12-28 18:54:52.532  1288  1776 I OMXClient: Using client-side OMX mux.
12-28 18:54:52.629  1779  1779 I art     : Late-enabling JIT
12-28 18:54:52.651  1288  1302 I ActivityManager: Start proc 1779:com.android.music/u0a38 for broadcast com.android.music/.MediaButtonIntentReceiver
12-28 18:54:52.659  1779  1779 I art     : JIT created with code_cache_capacity=2MB compile_threshold=1000
12-28 18:54:52.680  1779  1779 W art     : Suspending all threads took: 21.351ms
12-28 18:54:52.711  1779  1779 W System  : ClassLoader referenced unknown path: /system/app/Music/lib/x86
12-28 18:54:52.993  1288  1446 I StatusBarManagerService: registerStatusBar bar=com.android.internal.statusbar.IStatusBar$Stub$Proxy@25f84dd
12-28 18:54:53.128  1600  1600 I LatinIME: Hardware accelerated drawing: true
12-28 18:54:53.190  1288  1446 I ActivityManager: Start proc 1795:android.process.media/u0a5 for content provider com.android.providers.media/.MediaProvider
12-28 18:54:53.203  1795  1795 I art     : Late-enabling JIT
12-28 18:54:53.205  1795  1795 I art     : JIT created with code_cache_capacity=2MB compile_threshold=1000
12-28 18:54:53.286  1600  1600 W InputAttributes: No editor info for this field. Bug?
12-28 18:54:53.290  1795  1795 W System  : ClassLoader referenced unknown path: /system/priv-app/MediaProvider/lib/x86
12-28 18:54:53.293  1795  1795 W System  : ClassLoader referenced unknown path: /system/priv-app/DownloadProvider/lib/x86
12-28 18:54:53.396  1600  1810 I LatinIME:LogUtils: Dictionary info: dictionary = contacts.en_US ; version = 1451296493 ; date = ?
12-28 18:54:53.398  1288  1447 I AccountManagerService: getTypesVisibleToCaller: isPermitted? true
12-28 18:54:53.421  1288  1330 D WifiService: New client listening to asynchronous messages
12-28 18:54:53.547  1288  1300 W MountService: No primary storage defined yet; hacking together a stub
12-28 18:54:53.548  1288  1367 W MountService: No primary storage defined yet; hacking together a stub
12-28 18:54:53.549  1288  1300 W MountService: No primary storage defined yet; hacking together a stub
12-28 18:54:53.549  1288  1367 W MountService: No primary storage defined yet; hacking together a stub
12-28 18:54:53.628  1724  1724 I MultiDex: VM with version 2.1.0 has multidex support
12-28 18:54:53.628  1724  1724 I MultiDex: install
12-28 18:54:53.628  1724  1724 I MultiDex: VM has multidex support, MultiDex support library is disabled.
12-28 18:54:53.698  1464  1464 E BluetoothAdapter: Bluetooth binder is null
12-28 18:54:53.699  1288  1445 D ConnectivityService: listenForNetwork for Listen from uid/pid:10014/1464 for NetworkRequest [ id=3, legacyType=-1, [] ]
12-28 18:54:53.708  1464  1464 I CameraManagerGlobal: Connecting to camera service
12-28 18:54:53.709   955  1484 V EmulatedCamera_Camera: getCameraInfo
12-28 18:54:53.709   955  1484 V EmulatedCamera_BaseCamera: getCameraInfo
12-28 18:54:53.709   955  1484 I CameraService: getCameraCharacteristics: Switching to HAL1 shim implementation...
12-28 18:54:53.709   955  1484 V EmulatedCamera_Camera: getCameraInfo
12-28 18:54:53.709   955  1484 V EmulatedCamera_BaseCamera: getCameraInfo
12-28 18:54:53.709   955  1484 I CameraService: CameraService::connect call (PID 955 "media", camera ID 0) for HAL version default and Camera API version 1
12-28 18:54:53.711   955  1484 E CameraService: getCameraPriorityFromProcState: Received invalid process state -1 from ActivityManagerService!
12-28 18:54:53.711   955  1484 V EmulatedCamera_Camera: getCameraInfo
12-28 18:54:53.711   955  1484 V EmulatedCamera_BaseCamera: getCameraInfo
12-28 18:54:53.744   955  1820 E WVMExtractor: Failed to open libwvm.so: dlopen failed: library "libwvm.so" not found
12-28 18:54:53.745   955  1819 D NuPlayerDriver: notifyListener_l(0xb6159f00), (1, 0, 0)
12-28 18:54:53.756   955  1821 D NuPlayerDriver: notifyListener_l(0xb6159fc0), (1, 0, 0)
12-28 18:54:53.756   955  1484 I CameraClient: Opening camera 0
12-28 18:54:53.756   955  1484 V EmulatedCamera_Camera: getCameraInfo
12-28 18:54:53.756   955  1484 V EmulatedCamera_BaseCamera: getCameraInfo
12-28 18:54:53.757   955  1484 V EmulatedCamera_Camera: connectCamera
12-28 18:54:53.757   955  1484 V EmulatedCamera_FakeDevice: connectDevice
12-28 18:54:53.757   955  1484 V EmulatedCamera_CallbackNotifier: setCallbacks: 0xb75d0505, 0xb75d0dba, 0xb75d0c92, 0xb75d1267 (0xb615a020)
12-28 18:54:53.757   955  1484 V EmulatedCamera_CallbackNotifier: enableMessage: msg_type = 0xc0d
12-28 18:54:53.757   955  1484 V EmulatedCamera_CallbackNotifier:     CAMERA_MSG_ERROR
12-28 18:54:53.757   955  1484 V EmulatedCamera_CallbackNotifier:     CAMERA_MSG_FOCUS
12-28 18:54:53.757   955  1484 V EmulatedCamera_CallbackNotifier:     CAMERA_MSG_ZOOM
12-28 18:54:53.757   955  1484 V EmulatedCamera_CallbackNotifier:     CAMERA_MSG_PREVIEW_METADATA
12-28 18:54:53.757   955  1484 V EmulatedCamera_CallbackNotifier: **** Currently enabled messages:
12-28 18:54:53.757   955  1484 V EmulatedCamera_CallbackNotifier:     CAMERA_MSG_ERROR
12-28 18:54:53.757   955  1484 V EmulatedCamera_CallbackNotifier:     CAMERA_MSG_FOCUS
12-28 18:54:53.757   955  1484 V EmulatedCamera_CallbackNotifier:     CAMERA_MSG_ZOOM
12-28 18:54:53.757   955  1484 V EmulatedCamera_CallbackNotifier:     CAMERA_MSG_PREVIEW_METADATA
12-28 18:54:53.757   955  1484 V EmulatedCamera_CallbackNotifier: disableMessage: msg_type = 0xffff
12-28 18:54:53.758   955  1484 V EmulatedCamera_CallbackNotifier:     CAMERA_MSG_ERROR
12-28 18:54:53.758   955  1484 V EmulatedCamera_CallbackNotifier:     CAMERA_MSG_SHUTTER
12-28 18:54:53.758   955  1484 V EmulatedCamera_CallbackNotifier:     CAMERA_MSG_FOCUS
12-28 18:54:53.758   955  1484 V EmulatedCamera_CallbackNotifier:     CAMERA_MSG_ZOOM
12-28 18:54:53.758   955  1484 V EmulatedCamera_CallbackNotifier:     CAMERA_MSG_PREVIEW_FRAME
12-28 18:54:53.758   955  1484 V EmulatedCamera_CallbackNotifier:     CAMERA_MSG_VIDEO_FRAME
12-28 18:54:53.758   955  1484 V EmulatedCamera_CallbackNotifier:     CAMERA_MSG_POSTVIEW_FRAME
12-28 18:54:53.758   955  1484 V EmulatedCamera_CallbackNotifier:     CAMERA_MSG_RAW_IMAGE
12-28 18:54:53.758   955  1484 V EmulatedCamera_CallbackNotifier:     CAMERA_MSG_COMPRESSED_IMAGE
12-28 18:54:53.758   955  1484 V EmulatedCamera_CallbackNotifier:     CAMERA_MSG_RAW_IMAGE_NOTIFY
12-28 18:54:53.758   955  1484 V EmulatedCamera_CallbackNotifier:     CAMERA_MSG_PREVIEW_METADATA
12-28 18:54:53.758   955  1484 V EmulatedCamera_CallbackNotifier: **** Currently enabled messages:
12-28 18:54:53.758   955  1484 V EmulatedCamera_Camera: doStopPreview
12-28 18:54:53.758   955  1484 V EmulatedCamera_Camera: cancelPicture
12-28 18:54:53.758   955  1484 V EmulatedCamera_Camera: releaseCamera
12-28 18:54:53.759   955  1484 V EmulatedCamera_Camera: doStopPreview
12-28 18:54:53.759   955  1484 V EmulatedCamera_FakeDevice: disconnectDevice
12-28 18:54:53.759   955  1484 I CameraFlashlight: Destroying camera 0
12-28 18:54:53.759   955  1484 V EmulatedCamera_Camera: closeCamera
12-28 18:54:53.759   955  1484 V EmulatedCamera_Camera: doStopPreview
12-28 18:54:53.759   955  1484 I CameraService: disconnect: Disconnected client for camera 0 for PID 955
12-28 18:54:53.759   955  1484 D NuPlayerDriver: reset(0xb6159f00)
12-28 18:54:53.759   955  1484 D NuPlayerDriver: notifyListener_l(0xb6159f00), (8, 0, 0)
12-28 18:54:53.759   955  1819 D NuPlayerDriver: notifyResetComplete(0xb6159f00)
12-28 18:54:53.759   955  1484 D NuPlayerDriver: reset(0xb6159fc0)
12-28 18:54:53.780   955  1484 D NuPlayerDriver: notifyListener_l(0xb6159fc0), (8, 0, 0)
12-28 18:54:53.781   955  1821 D NuPlayerDriver: notifyResetComplete(0xb6159fc0)
12-28 18:54:53.781   955  1484 E CameraService: disconnect: Disconnect called on already disconnected client for device 0
12-28 18:54:53.781   955  1282 V EmulatedCamera_Camera: getCameraInfo
12-28 18:54:53.781   955  1282 V EmulatedCamera_BaseCamera: getCameraInfo
12-28 18:54:53.781   955  1282 I CameraService: getCameraCharacteristics: Switching to HAL1 shim implementation...
12-28 18:54:53.781   955  1282 V EmulatedCamera_Camera: getCameraInfo
12-28 18:54:53.781   955  1282 V EmulatedCamera_BaseCamera: getCameraInfo
12-28 18:54:53.782   955  1282 I CameraService: CameraService::connect call (PID 955 "media", camera ID 1) for HAL version default and Camera API version 1
12-28 18:54:53.782   955  1282 E CameraService: getCameraPriorityFromProcState: Received invalid process state -1 from ActivityManagerService!
12-28 18:54:53.782   955  1282 V EmulatedCamera_Camera: getCameraInfo
12-28 18:54:53.782   955  1282 V EmulatedCamera_BaseCamera: getCameraInfo
12-28 18:54:53.795   955  1823 D NuPlayerDriver: notifyListener_l(0xb6159d80), (1, 0, 0)
12-28 18:54:53.822   955  1825 D NuPlayerDriver: notifyListener_l(0xb6159de0), (1, 0, 0)
12-28 18:54:53.823   955  1282 I CameraClient: Opening camera 1
12-28 18:54:53.823   955  1282 V EmulatedCamera_Camera: getCameraInfo
12-28 18:54:53.823   955  1282 V EmulatedCamera_BaseCamera: getCameraInfo
12-28 18:54:53.823   955  1282 V EmulatedCamera_Camera: connectCamera
12-28 18:54:53.823   955  1282 V EmulatedCamera_FakeDevice: connectDevice
12-28 18:54:53.823   955  1282 V EmulatedCamera_CallbackNotifier: setCallbacks: 0xb75d0505, 0xb75d0dba, 0xb75d0c92, 0xb75d1267 (0xb6159e40)
12-28 18:54:53.823   955  1282 V EmulatedCamera_CallbackNotifier: enableMessage: msg_type = 0xc0d
12-28 18:54:53.823   955  1282 V EmulatedCamera_CallbackNotifier:     CAMERA_MSG_ERROR
12-28 18:54:53.823   955  1282 V EmulatedCamera_CallbackNotifier:     CAMERA_MSG_FOCUS
12-28 18:54:53.823   955  1282 V EmulatedCamera_CallbackNotifier:     CAMERA_MSG_ZOOM
12-28 18:54:53.823   955  1282 V EmulatedCamera_CallbackNotifier:     CAMERA_MSG_PREVIEW_METADATA
12-28 18:54:53.823   955  1282 V EmulatedCamera_CallbackNotifier: **** Currently enabled messages:
12-28 18:54:53.823   955  1282 V EmulatedCamera_CallbackNotifier:     CAMERA_MSG_ERROR
12-28 18:54:53.824   955  1282 V EmulatedCamera_CallbackNotifier:     CAMERA_MSG_FOCUS
12-28 18:54:53.824   955  1282 V EmulatedCamera_CallbackNotifier:     CAMERA_MSG_ZOOM
12-28 18:54:53.824   955  1282 V EmulatedCamera_CallbackNotifier:     CAMERA_MSG_PREVIEW_METADATA
12-28 18:54:53.824   955  1282 V EmulatedCamera_CallbackNotifier: disableMessage: msg_type = 0xffff
12-28 18:54:53.824   955  1282 V EmulatedCamera_CallbackNotifier:     CAMERA_MSG_ERROR
12-28 18:54:53.824   955  1282 V EmulatedCamera_CallbackNotifier:     CAMERA_MSG_SHUTTER
12-28 18:54:53.824   955  1282 V EmulatedCamera_CallbackNotifier:     CAMERA_MSG_FOCUS
12-28 18:54:53.824   955  1282 V EmulatedCamera_CallbackNotifier:     CAMERA_MSG_ZOOM
12-28 18:54:53.824   955  1282 V EmulatedCamera_CallbackNotifier:     CAMERA_MSG_PREVIEW_FRAME
12-28 18:54:53.824   955  1282 V EmulatedCamera_CallbackNotifier:     CAMERA_MSG_VIDEO_FRAME
12-28 18:54:53.824   955  1282 V EmulatedCamera_CallbackNotifier:     CAMERA_MSG_POSTVIEW_FRAME
12-28 18:54:53.824   955  1282 V EmulatedCamera_CallbackNotifier:     CAMERA_MSG_RAW_IMAGE
12-28 18:54:53.824   955  1282 V EmulatedCamera_CallbackNotifier:     CAMERA_MSG_COMPRESSED_IMAGE
12-28 18:54:53.824   955  1282 V EmulatedCamera_CallbackNotifier:     CAMERA_MSG_RAW_IMAGE_NOTIFY
12-28 18:54:53.824   955  1282 V EmulatedCamera_CallbackNotifier:     CAMERA_MSG_PREVIEW_METADATA
12-28 18:54:53.824   955  1282 V EmulatedCamera_CallbackNotifier: **** Currently enabled messages:
12-28 18:54:53.824   955  1282 V EmulatedCamera_Camera: doStopPreview
12-28 18:54:53.825   955  1282 V EmulatedCamera_Camera: cancelPicture
12-28 18:54:53.825   955  1282 V EmulatedCamera_Camera: releaseCamera
12-28 18:54:53.825   955  1282 V EmulatedCamera_Camera: doStopPreview
12-28 18:54:53.825   955  1282 V EmulatedCamera_FakeDevice: disconnectDevice
12-28 18:54:53.825   955  1282 I CameraFlashlight: Destroying camera 1
12-28 18:54:53.825   955  1282 V EmulatedCamera_Camera: closeCamera
12-28 18:54:53.825   955  1282 V EmulatedCamera_Camera: doStopPreview
12-28 18:54:53.825   955  1282 I CameraService: disconnect: Disconnected client for camera 1 for PID 955
12-28 18:54:53.825   955  1282 D NuPlayerDriver: reset(0xb6159d80)
12-28 18:54:53.825   955  1282 D NuPlayerDriver: notifyListener_l(0xb6159d80), (8, 0, 0)
12-28 18:54:53.826   955  1823 D NuPlayerDriver: notifyResetComplete(0xb6159d80)
12-28 18:54:53.826   955  1282 D NuPlayerDriver: reset(0xb6159de0)
12-28 18:54:53.826   955  1282 D NuPlayerDriver: notifyListener_l(0xb6159de0), (8, 0, 0)
12-28 18:54:53.826   955  1825 D NuPlayerDriver: notifyResetComplete(0xb6159de0)
12-28 18:54:53.826   955  1282 E CameraService: disconnect: Disconnect called on already disconnected client for device 1
12-28 18:54:53.826   955   955 V EmulatedCamera_Camera: getCameraInfo
12-28 18:54:53.826   955   955 V EmulatedCamera_BaseCamera: getCameraInfo
12-28 18:54:53.827   955  1484 V EmulatedCamera_Camera: getCameraInfo
12-28 18:54:53.827   955  1484 V EmulatedCamera_BaseCamera: getCameraInfo
12-28 18:54:53.843   955  1282 V EmulatedCamera_Camera: getCameraInfo
12-28 18:54:53.844   955  1282 V EmulatedCamera_BaseCamera: getCameraInfo
12-28 18:54:53.844   955  1640 V EmulatedCamera_Camera: getCameraInfo
12-28 18:54:53.844   955  1640 V EmulatedCamera_BaseCamera: getCameraInfo
12-28 18:54:53.907   942  1091 E SurfaceFlinger: ro.sf.lcd_density must be defined as a build property
12-28 18:54:53.907  1464  1829 D OpenGLRenderer: Use EGL_SWAP_BEHAVIOR_PRESERVED: true
12-28 18:54:53.907  1464  1829 D OpenGLRenderer: profile bars disabled
12-28 18:54:53.908  1464  1829 D OpenGLRenderer: ambientRatio = 1.50
12-28 18:54:53.922  1464  1464 D         : HostConnection::get() New Host Connection established 0xabeae5f0, tid 1464
12-28 18:54:53.931  1464  1464 D PhoneStatusBar: disable: < EXPAND* icons alerts system_info BACK* HOME* RECENT* clock SEARCH* quick_settings >
12-28 18:54:53.957  1464  1464 D PhoneStatusBar: heads up is enabled
12-28 18:54:53.959  1464  1464 D StatusBar: user hasn't seen notification about hidden notifications
12-28 18:54:53.959  1464  1464 D StatusBar: insecure lockscreen, skipping notification
12-28 18:54:54.236  1641  1641 D TelephonyProvider: dbh.onCreate:+ db=SQLiteDatabase: /data/user/0/com.android.providers.telephony/databases/telephony.db
12-28 18:54:54.236  1641  1641 D TelephonyProvider: dbh.createSimInfoTable:+
12-28 18:54:54.236  1641  1641 D TelephonyProvider: dbh.createSimInfoTable:-
12-28 18:54:54.236  1641  1641 D TelephonyProvider: dbh.createCarriersTable: carriers
12-28 18:54:54.237  1641  1641 D TelephonyProvider: dbh.createCarriersTable:-
12-28 18:54:54.237  1641  1641 D TelephonyProvider: No APNs in OEM image = /oem/telephony/apns-conf.xml Load APNs from system image
12-28 18:54:54.238  1641  1641 D TelephonyProvider: No APNs in OEM image = /data/misc/apns-conf.xml Load APNs from system image
12-28 18:54:54.238  1641  1641 D TelephonyProvider: confFile = /system/etc/apns-conf.xml
12-28 18:54:54.287  1641  1641 D TelephonyProvider: dbh.onCreate:- db=SQLiteDatabase: /data/user/0/com.android.providers.telephony/databases/telephony.db
12-28 18:54:54.305  1641  1641 D TelephonyProvider: dbh.onOpen: ok, queried table=siminfo
12-28 18:54:54.305  1641  1641 D TelephonyProvider: dbh.onOpen: ok, queried table=carriers
12-28 18:54:54.306  1641  1641 D TelephonyProvider: onCreate: build id changed from  to MASTER
12-28 18:54:54.342  1641  1641 D TelephonyProvider: No APNs in OEM image = /oem/telephony/apns-conf.xml Load APNs from system image
12-28 18:54:54.342  1641  1641 D TelephonyProvider: No APNs in OEM image = /data/misc/apns-conf.xml Load APNs from system image
12-28 18:54:54.343  1641  1641 D TelephonyProvider: confFile = /system/etc/apns-conf.xml
12-28 18:54:54.461  1288  1448 I ActivityManager: Start proc 1836:com.google.process.gapps/u0a7 for content provider com.google.android.gsf/.gservices.GservicesProvider
12-28 18:54:54.501  1836  1836 I art     : Late-enabling JIT
12-28 18:54:54.503  1836  1836 I art     : JIT created with code_cache_capacity=2MB compile_threshold=1000
12-28 18:54:54.625  1836  1836 W System  : ClassLoader referenced unknown path: /system/priv-app/GoogleServicesFramework/lib/x86
12-28 18:54:54.627  1836  1836 I GservicesProvider: Gservices pushing to system: true; secure/global: true
12-28 18:54:54.642  1288  1367 I ActivityManager: Start proc 1852:com.android.email/u0a28 for content provider com.android.email/.provider.EmailProvider
12-28 18:54:54.661  1852  1852 I art     : Late-enabling JIT
12-28 18:54:54.663  1852  1852 I art     : JIT created with code_cache_capacity=2MB compile_threshold=1000
12-28 18:54:54.751  1288  1330 D WifiService: New client listening to asynchronous messages
12-28 18:54:54.762  1464  1464 I Choreographer: Skipped 63 frames!  The application may be doing too much work on its main thread.
12-28 18:54:54.763  1464  1464 D ViewRootImpl: changeCanvasOpacity: opaque=true
12-28 18:54:54.833  1641  1873 E DcSwitchStateMachine-0: DctController is not ready
12-28 18:54:54.834  1288  1331 E ConnectivityService: Failed to find Messenger in unregisterNetworkFactory
12-28 18:54:54.835  1288  1331 D ConnectivityService: Got NetworkFactory Messenger for Telephony
12-28 18:54:54.851  1464  1829 D         : HostConnection::get() New Host Connection established 0xabeaebd0, tid 1829
12-28 18:54:54.877  1464  1829 I OpenGLRenderer: Initialized EGL, version 1.4
12-28 18:54:54.878  1641  1641 D CarrierConfigLoader: CarrierConfigLoader has started
12-28 18:54:54.879  1641  1641 E BluetoothAdapter: Bluetooth binder is null
12-28 18:54:54.904  1464  1829 W EGL_emulation: eglSurfaceAttrib not implemented
12-28 18:54:54.905  1464  1829 W OpenGLRenderer: Failed to set EGL_SWAP_BEHAVIOR on surface 0xa2b87640, error=EGL_SUCCESS
12-28 18:54:54.930  1641  1641 I Telephony: TtyManager: updateUiTtyMode -1 -> 0
12-28 18:54:54.951  1464  1829 W EGL_emulation: eglSurfaceAttrib not implemented
12-28 18:54:54.951  1464  1829 W OpenGLRenderer: Failed to set EGL_SWAP_BEHAVIOR on surface 0xa2b87660, error=EGL_SUCCESS
12-28 18:54:55.061  1288  1301 D GpsLocationProvider: received SIM related action: 
12-28 18:54:55.069  1852  1852 W System  : ClassLoader referenced unknown path: /system/app/Email/lib/x86
12-28 18:54:55.074  1288  1299 I AccountManagerService: getTypesVisibleToCaller: isPermitted? true
12-28 18:54:55.081  1288  1301 D GpsLocationProvider: SIM MCC/MNC is still not available
12-28 18:54:55.082  1600  1810 I LatinIME:LogUtils: Dictionary info: dictionary = userunigram.en_US ; version = 1451296495 ; date = ?
12-28 18:54:55.101  1288  1369 D AlarmManagerService: Kernel timezone updated to -540 minutes west of GMT
12-28 18:54:55.104  1288  1299 D AlarmManagerService: Setting time of day to sec=1451296496
12-28 18:54:56.747  1288  1299 W AlarmManagerService: Unable to set rtc to 1451296496: No such device
12-28 18:54:56.910  1641  1641 D TelephonyDebugService: TelephonyDebugService()
12-28 18:54:56.921  1641  1641 D CarrierConfigLoader: mHandler: 12 phoneId: 0
12-28 18:54:56.921  1641  1641 D CarrierConfigLoader: Build fingerprint changed. old: null new: generic_x86/sdk_google_phone_x86/generic_x86:6.0/MASTER/2401146:eng/test-keys
12-28 18:54:58.382  1724  1892 I NativeLibraryUtils: Extraction to /data/user/0/com.google.android.gms/app_extracted_libs/x86/libAppDataSearch.so true
12-28 18:54:58.384  1464  1464 W KeyguardUpdateMonitor: invalid subId in handleSimStateChange()
12-28 18:54:58.834  1288  1446 I Telecom : : Sending phone-account intent as user
12-28 18:54:58.837  1641  1641 I Telephony: AccountEntry: Registered phoneAccount: [[ ] PhoneAccount: ComponentInfo{com.android.phone/com.android.services.telephony.TelephonyConnectionService}, [e0184adedf913b076626646d3f52c3b49c39ad6d], UserHandle{0} Capabilities: 54 Schemes: tel voicemail ] with handle: ComponentInfo{com.android.phone/com.android.services.telephony.TelephonyConnectionService}, [e0184adedf913b076626646d3f52c3b49c39ad6d], UserHandle{0}
12-28 18:54:58.837  1641  1641 I Telephony: PstnIncomingCallNotifier: Registering: Handler (com.android.internal.telephony.gsm.GSMPhone) {6a694d5}
12-28 18:54:58.844  1288  1299 W Telecom : : No account found for the calling user
12-28 18:54:58.853  1641  1873 E DcSwitchStateMachine-0: EVENT_DATA_DISALLOWED failed, com.android.internal.telephony.CommandException: REQUEST_NOT_SUPPORTED
12-28 18:54:58.886  1641  1641 I Telephony: PstnIncomingCallNotifier: Unregistering: Handler (com.android.internal.telephony.gsm.GSMPhone) {6a694d5}
12-28 18:54:58.886  1641  1641 E PhoneInterfaceManager: [PhoneIntfMgr] getIccId: No UICC
12-28 18:54:58.887  1288  1448 I Telecom : PhoneAccountRegistrar: [ComponentInfo{com.android.phone/com.android.services.telephony.TelephonyConnectionService}, [e0184adedf913b076626646d3f52c3b49c39ad6d], UserHandle{0}(icon: Icon(typ=BITMAP size=57x72) -> Icon(typ=BITMAP size=57x72))]
12-28 18:54:58.917  1836  1836 V JNIHelp : Registering com/google/android/gms/org/conscrypt/NativeCrypto's 240 native methods...
12-28 18:54:58.927  1836  1848 I art     : Background partial concurrent mark sweep GC freed 18423(1914KB) AllocSpace objects, 0(0B) LOS objects, 39% free, 3MB/6MB, paused 1.475ms total 103.530ms
12-28 18:54:58.931  1288  1448 I Telecom : : Sending phone-account intent as user
12-28 18:54:58.933  1641  1641 I Telephony: AccountEntry: Registered phoneAccount: [[ ] PhoneAccount: ComponentInfo{com.android.phone/com.android.services.telephony.TelephonyConnectionService}, [e0184adedf913b076626646d3f52c3b49c39ad6d], UserHandle{0} Capabilities: 54 Schemes: tel voicemail ] with handle: ComponentInfo{com.android.phone/com.android.services.telephony.TelephonyConnectionService}, [e0184adedf913b076626646d3f52c3b49c39ad6d], UserHandle{0}
12-28 18:54:58.933  1641  1641 I Telephony: PstnIncomingCallNotifier: Registering: Handler (com.android.internal.telephony.gsm.GSMPhone) {6a694d5}
12-28 18:54:58.953  1288  1448 W Telecom : : No account found for the calling user
12-28 18:54:58.963  1641  1641 D TelephonyProvider: subIdString = -2 subId = -2
12-28 18:54:58.982  1836  1836 I ProviderInstaller: Installed default security provider GmsCore_OpenSSL
12-28 18:54:59.034  1836  1909 D NativeLibraryUtils: Installer failed to acquire lock.
12-28 18:54:59.034  1836  1909 D NativeLibraryUtils: java.io.IOException: fcntl failed: EAGAIN (Try again)
12-28 18:54:59.034  1836  1909 D NativeLibraryUtils: 	at java.nio.FileChannelImpl.basicLock(FileChannelImpl.java:123)
12-28 18:54:59.034  1836  1909 D NativeLibraryUtils: 	at java.nio.FileChannelImpl.tryLock(FileChannelImpl.java:181)
12-28 18:54:59.034  1836  1909 D NativeLibraryUtils: 	at java.nio.channels.FileChannel.tryLock(FileChannel.java:584)
12-28 18:54:59.034  1836  1909 D NativeLibraryUtils: 	at com.google.android.gms.common.util.ay.b(SourceFile:335)
12-28 18:54:59.034  1836  1909 D NativeLibraryUtils: 	at com.google.android.gms.common.app.a.run(SourceFile:171)
12-28 18:54:59.034  1836  1909 D NativeLibraryUtils: Caused by: android.system.ErrnoException: fcntl failed: EAGAIN (Try again)
12-28 18:54:59.034  1836  1909 D NativeLibraryUtils: 	at libcore.io.Posix.fcntlFlock(Native Method)
12-28 18:54:59.034  1836  1909 D NativeLibraryUtils: 	at libcore.io.ForwardingOs.fcntlFlock(ForwardingOs.java:70)
12-28 18:54:59.034  1836  1909 D NativeLibraryUtils: 	at java.nio.FileChannelImpl.basicLock(FileChannelImpl.java:121)
12-28 18:54:59.034  1836  1909 D NativeLibraryUtils: 	... 4 more
12-28 18:54:59.074  1836  1910 I Backup  : [BackupTransportMigratorService] Starting migration...
12-28 18:54:59.075  1836  1910 E Backup  : [LegacyBackupAccountManager] Fail to get legacy transport context.
12-28 18:54:59.075  1836  1910 E Backup  : android.content.pm.PackageManager$NameNotFoundException: Application package com.google.android.backup not found
12-28 18:54:59.075  1836  1910 E Backup  : 	at android.app.ContextImpl.createPackageContextAsUser(ContextImpl.java:1703)
12-28 18:54:59.075  1836  1910 E Backup  : 	at android.app.ContextImpl.createPackageContext(ContextImpl.java:1679)
12-28 18:54:59.075  1836  1910 E Backup  : 	at android.content.ContextWrapper.createPackageContext(ContextWrapper.java:746)
12-28 18:54:59.075  1836  1910 E Backup  : 	at android.content.ContextWrapper.createPackageContext(ContextWrapper.java:746)
12-28 18:54:59.075  1836  1910 E Backup  : 	at com.google.android.gms.backup.as.<init>(SourceFile:47)
12-28 18:54:59.075  1836  1910 E Backup  : 	at com.google.android.gms.backup.BackupTransportMigratorService.b(SourceFile:150)
12-28 18:54:59.075  1836  1910 E Backup  : 	at com.google.android.gms.backup.BackupTransportMigratorService.onHandleIntent(SourceFile:82)
12-28 18:54:59.075  1836  1910 E Backup  : 	at android.app.IntentService$ServiceHandler.handleMessage(IntentService.java:66)
12-28 18:54:59.075  1836  1910 E Backup  : 	at android.os.Handler.dispatchMessage(Handler.java:102)
12-28 18:54:59.075  1836  1910 E Backup  : 	at android.os.Looper.loop(Looper.java:148)
12-28 18:54:59.075  1836  1910 E Backup  : 	at android.os.HandlerThread.run(HandlerThread.java:61)
12-28 18:54:59.075  1288  1447 I AccountManagerService: getTypesVisibleToCaller: isPermitted? true
12-28 18:54:59.075  1836  1910 W Backup  : [LegacyBackupAccountManager] No google accounts found!
12-28 18:54:59.085  1641  1641 I Telephony: PstnIncomingCallNotifier: Unregistering: Handler (com.android.internal.telephony.gsm.GSMPhone) {6a694d5}
12-28 18:54:59.085  1641  1641 E PhoneInterfaceManager: [PhoneIntfMgr] getIccId: No UICC
12-28 18:54:59.087  1288  1445 I Telecom : PhoneAccountRegistrar: [ComponentInfo{com.android.phone/com.android.services.telephony.TelephonyConnectionService}, [e0184adedf913b076626646d3f52c3b49c39ad6d], UserHandle{0}(icon: Icon(typ=BITMAP size=57x72) -> Icon(typ=BITMAP size=57x72))]
12-28 18:54:59.093  1288  1348 D NetUtils: dhcp_start failed : eth0
12-28 18:54:59.093  1288  1348 E EthernetNetworkFactory: DHCP request error:Timed out waiting for dhcpcd to start
12-28 18:54:59.164  1724  1892 I NativeLibraryUtils: Extraction to /data/user/0/com.google.android.gms/app_extracted_libs/x86/libNearbyApp.so true
12-28 18:54:59.321  1288  1445 I Telecom : : Sending phone-account intent as user
12-28 18:54:59.322  1724  1892 I NativeLibraryUtils: Extraction to /data/user/0/com.google.android.gms/app_extracted_libs/x86/libWhisper.so true
12-28 18:54:59.324  1641  1641 I Telephony: AccountEntry: Registered phoneAccount: [[ ] PhoneAccount: ComponentInfo{com.android.phone/com.android.services.telephony.TelephonyConnectionService}, [e0184adedf913b076626646d3f52c3b49c39ad6d], UserHandle{0} Capabilities: 54 Schemes: tel voicemail ] with handle: ComponentInfo{com.android.phone/com.android.services.telephony.TelephonyConnectionService}, [e0184adedf913b076626646d3f52c3b49c39ad6d], UserHandle{0}
12-28 18:54:59.324  1641  1641 I Telephony: PstnIncomingCallNotifier: Registering: Handler (com.android.internal.telephony.gsm.GSMPhone) {6a694d5}
12-28 18:54:59.326  1288  1369 W Telecom : : No account found for the calling user
12-28 18:54:59.356  1641  1873 E DcSwitchStateMachine-0: EVENT_DATA_DISALLOWED failed, com.android.internal.telephony.CommandException: REQUEST_NOT_SUPPORTED
12-28 18:54:59.363  1724  1892 I NativeLibraryUtils: Extraction to /data/user/0/com.google.android.gms/app_extracted_libs/x86/libconscrypt_gmscore_jni.so true
12-28 18:54:59.488  1724  1892 I NativeLibraryUtils: Extraction to /data/user/0/com.google.android.gms/app_extracted_libs/x86/libdirect-audio.so true
12-28 18:54:59.541  1724  1892 I NativeLibraryUtils: Extraction to /data/user/0/com.google.android.gms/app_extracted_libs/x86/libgcastv2_base.so true
12-28 18:54:59.602  1724  1892 I NativeLibraryUtils: Extraction to /data/user/0/com.google.android.gms/app_extracted_libs/x86/libgcastv2_support.so true
12-28 18:54:59.664  1641  1641 D MccTable: updateMccMncConfiguration mccmnc='310260' fromServiceState=false
12-28 18:54:59.676  1288  1301 D GpsLocationProvider: received SIM related action: 
12-28 18:54:59.723  1641  1652 I art     : Background partial concurrent mark sweep GC freed 6528(738KB) AllocSpace objects, 4(80KB) LOS objects, 43% free, 1315KB/2MB, paused 42.100ms total 51.920ms
12-28 18:54:59.822  1724  1892 I NativeLibraryUtils: Extraction to /data/user/0/com.google.android.gms/app_extracted_libs/x86/libgms-ocrclient.so true
12-28 18:55:00.009  1641  1641 D MccTable: updateMccMncConfiguration defaultMccMnc=310260
12-28 18:55:00.010  1641  1641 D MccTable: updateMccMncConfiguration: mcc=310, mnc=260
12-28 18:55:00.010  1641  1641 D MccTable: updateMccMncConfiguration updateConfig config={1.0 310mcc260mnc ?locale ?layoutDir ?swdp ?wdp ?hdp ?density ?lsize ?long ?orien ?uimode ?night ?touch ?keyb/?/? ?nav/?}
12-28 18:55:00.245  1724  1892 I NativeLibraryUtils: Extraction to /data/user/0/com.google.android.gms/app_extracted_libs/x86/libgmscore.so true
12-28 18:55:00.267  1724  1892 I NativeLibraryUtils: Extraction to /data/user/0/com.google.android.gms/app_extracted_libs/x86/libjgcastservice.so true
12-28 18:55:00.384  1724  1892 I NativeLibraryUtils: Extraction to /data/user/0/com.google.android.gms/app_extracted_libs/x86/libleveldbjni.so true
12-28 18:55:00.479  1288  1321 I InputReader: Reconfiguring input devices.  changes=0x00000010
12-28 18:55:00.493  1288  1312 I ActivityManager:   Force finishing activity ActivityRecord{8e7bea9 u0 com.android.settings/.CryptKeeper t1 f}
12-28 18:55:00.495  1288  1312 W ActivityManager: Duplicate finish request for ActivityRecord{8e7bea9 u0 com.android.settings/.CryptKeeper t1 f}
12-28 18:55:00.505  1288  1301 D GpsLocationProvider: SIM MCC/MNC is available: 310260
12-28 18:55:00.506  1288  1301 D GpsLocationProvider: Reset GPS properties, previous size = 5
12-28 18:55:00.506  1288  1301 D GpsLocationProvider: GpsParamsResource: SUPL_HOST=supl.google.com
12-28 18:55:00.508  1288  1301 D GpsLocationProvider: GpsParamsResource: SUPL_PORT=7275
12-28 18:55:00.509  1288  1301 D GpsLocationProvider: GpsParamsResource: NTP_SERVER=north-america.pool.ntp.org
12-28 18:55:00.509  1288  1301 D GpsLocationProvider: GpsParamsResource: SUPL_VER=0x20000
12-28 18:55:00.510  1288  1301 D GpsLocationProvider: GpsParamsResource: SUPL_MODE=1
12-28 18:55:00.511  1288  1301 W GpsLocationProvider: Could not open GPS configuration file /etc/gps.conf
12-28 18:55:00.511  1288  1301 D GpsLocationProvider: GPS properties reloaded, size = 5
12-28 18:55:00.511  1288  1301 E GpsLocationProvider: no AGPS interface in set_agps_server
12-28 18:55:00.511  1288  1301 D GpsLocationProvider: received SIM related action: 
12-28 18:55:00.518  1288  1321 I InputReader: Reconfiguring input devices.  changes=0x00000010
12-28 18:55:00.573  1641  1641 D MccTable: updateMccMncConfiguration mccmnc='310260' fromServiceState=false
12-28 18:55:00.574  1641  1641 D MccTable: updateMccMncConfiguration defaultMccMnc=310260
12-28 18:55:00.574  1641  1641 D MccTable: updateMccMncConfiguration: mcc=310, mnc=260
12-28 18:55:00.574  1641  1641 D MccTable: updateMccMncConfiguration updateConfig config={1.0 310mcc260mnc ?locale ?layoutDir ?swdp ?wdp ?hdp ?density ?lsize ?long ?orien ?uimode ?night ?touch ?keyb/?/? ?nav/?}
12-28 18:55:00.699  1641  1641 D CarrierConfigLoader: update config for phoneId: 0 simState: LOADED
12-28 18:55:00.699  1641  1641 D CarrierServiceBindHelper: update binding for phoneId: 0 simState: LOADED
12-28 18:55:00.834  1918  1918 I art     : Late-enabling JIT
12-28 18:55:00.838  1918  1918 I art     : JIT created with code_cache_capacity=2MB compile_threshold=1000
12-28 18:55:00.845  1288  1445 I ActivityManager: Start proc 1918:com.google.android.gms/u0a7 for service com.google.android.gms/.usagereporting.service.UsageReportingService
12-28 18:55:02.890   942  1091 I SurfaceFlinger: Boot is finished (51900 ms)
12-28 18:55:02.908  1142  1165 E Surface : getSlotFromBufferLocked: unknown buffer: 0xb6552310
12-28 18:55:02.918   942  1171 D         : HostConnection::get() New Host Connection established 0xb704a1c0, tid 1171
12-28 18:55:02.921   956   956 E installd: Unable to unlink boot marker at /data/dalvik-cache/x86/.booting, error=No such file or directory
12-28 18:55:03.435   949  1275 V IdletimerController: runCmd(/system/bin/ip6tables -w -t raw -A idletimer_raw_PREROUTING -i eth0 -j IDLETIMER --timeout 10 --label 0 --send_nl_msg 1) res_ipv4=0, res_ipv6=0
12-28 18:55:03.439   949  1275 V IdletimerController: runCmd(/system/bin/ip6tables -w -t mangle -A idletimer_mangle_POSTROUTING -o eth0 -j IDLETIMER --timeout 10 --label 0 --send_nl_msg 1) res_ipv4=0, res_ipv6=0
12-28 18:55:03.572  1641  1652 I art     : Background sticky concurrent mark sweep GC freed 31940(5MB) AllocSpace objects, 19(440KB) LOS objects, 25% free, 1735KB/2MB, paused 1.796ms total 2.561s
12-28 18:55:03.606  1288  1327 I NetworkPolicy: No policy for subscriber 310260000000000; generating default policy
12-28 18:55:03.627  1288  1995 D NetworkMonitor/NetworkAgentInfo [MOBILE (UMTS) - 100]: Checking http://connectivitycheck.gstatic.com/generate_204 on epc.tmobile.com, connectivitycheck.gstatic.com=173.194.117.195,2404:6800:4004:80c::1006
12-28 18:55:03.686  1288  1995 D NetworkMonitor/NetworkAgentInfo [MOBILE (UMTS) - 100]: isCaptivePortal: ret=204 headers={null=[HTTP/1.1 204 No Content], Content-Length=[0], Date=[Mon, 28 Dec 2015 09:55:04 GMT], Server=[GFE/2.0], X-Android-Received-Millis=[1451296503686], X-Android-Response-Source=[NETWORK 204], X-Android-Selected-Protocol=[http/1.1], X-Android-Sent-Millis=[1451296503658]}
12-28 18:55:03.687  1288  1331 D ConnectivityService: setProvNotificationVisibleIntent null visible=false networkType=MOBILE extraInfo=null highPriority=false
12-28 18:55:03.687  1288  1331 D ConnectivityService: NetworkAgentInfo [MOBILE (UMTS) - 100] validation  passed
12-28 18:55:03.687  1288  1331 D ConnectivityService: rematching NetworkAgentInfo [MOBILE (UMTS) - 100]
12-28 18:55:03.688  1288  1331 D ConnectivityService: notifyType CAP_CHANGED for NetworkAgentInfo [MOBILE (UMTS) - 100]
12-28 18:55:03.688  1288  1331 D ConnectivityService: sendStickyBroadcast: action=android.net.conn.INET_CONDITION_ACTION
12-28 18:55:03.689  1464  1818 D ConnectivityManager.CallbackHandler: CM callback handler got msg 524294
12-28 18:55:03.796  1487  1504 I ContactDirectoryManager: deleted 0 stale rows which don't have any relevant directory
12-28 18:55:03.804  1600  1810 I BinaryDictionaryFileDumper: reinitializeClientRecordInDictionaryContentProvider() : MetadataFileUri = 
12-28 18:55:03.810  1288  1301 D GpsLocationProvider: SIM MCC/MNC is available: 310260
12-28 18:55:03.810  1288  1301 D GpsLocationProvider: Reset GPS properties, previous size = 5
12-28 18:55:03.810  1288  1301 D GpsLocationProvider: GpsParamsResource: SUPL_HOST=supl.google.com
12-28 18:55:03.811  1288  1301 D GpsLocationProvider: GpsParamsResource: SUPL_PORT=7275
12-28 18:55:03.811  1288  1301 D GpsLocationProvider: GpsParamsResource: NTP_SERVER=north-america.pool.ntp.org
12-28 18:55:03.811  1288  1301 D GpsLocationProvider: GpsParamsResource: SUPL_VER=0x20000
12-28 18:55:03.811  1288  1301 D GpsLocationProvider: GpsParamsResource: SUPL_MODE=1
12-28 18:55:03.811  1288  1301 W GpsLocationProvider: Could not open GPS configuration file /etc/gps.conf
12-28 18:55:03.811  1288  1301 D GpsLocationProvider: GPS properties reloaded, size = 5
12-28 18:55:03.811  1288  1301 E GpsLocationProvider: no AGPS interface in set_agps_server
12-28 18:55:03.812  1288  1301 D GpsLocationProvider: received SIM related action: 
12-28 18:55:03.864  1487  1504 I ContactDirectoryManager: Discovered 0 contact directories in 10627ms
12-28 18:55:03.868  1487  1504 I ContactsProvider: Upgrading aggregation algorithm
12-28 18:55:03.870  1487  1504 I ContactAggregator: Marked all visible contacts for aggregation: 0 raw contacts, 1 ms
12-28 18:55:03.880  1288  1958 I AccountManagerService: getTypesVisibleToCaller: isPermitted? true
12-28 18:55:03.880  1288  1446 I AccountManagerService: getTypesVisibleToCaller: isPermitted? true
12-28 18:55:03.924  1288  1301 D GpsLocationProvider: SIM MCC/MNC is available: 310260
12-28 18:55:03.925  1288  1301 D GpsLocationProvider: Reset GPS properties, previous size = 5
12-28 18:55:03.925  1288  1301 D GpsLocationProvider: GpsParamsResource: SUPL_HOST=supl.google.com
12-28 18:55:03.925  1288  1301 D GpsLocationProvider: GpsParamsResource: SUPL_PORT=7275
12-28 18:55:03.925  1288  1301 D GpsLocationProvider: GpsParamsResource: NTP_SERVER=north-america.pool.ntp.org
12-28 18:55:03.925  1288  1301 D GpsLocationProvider: GpsParamsResource: SUPL_VER=0x20000
12-28 18:55:03.925  1288  1301 D GpsLocationProvider: GpsParamsResource: SUPL_MODE=1
12-28 18:55:03.925  1288  1301 W GpsLocationProvider: Could not open GPS configuration file /etc/gps.conf
12-28 18:55:03.926  1288  1301 D GpsLocationProvider: GPS properties reloaded, size = 5
12-28 18:55:03.926  1288  1301 E GpsLocationProvider: no AGPS interface in set_agps_server
12-28 18:55:03.953  1487  1504 I ContactsProvider: Aggregation algorithm upgraded for 0 raw contacts in 85ms
12-28 18:55:03.993  1288  1312 I ActivityManager: Killing 1973:com.android.sdksetup/u0a47 (adj 0): stop com.android.sdksetup
12-28 18:55:04.006  1953  1953 W System  : ClassLoader referenced unknown path: /system/app/Maps/lib/x86
12-28 18:55:04.008  1288  1312 I ActivityManager: START u0 {act=android.intent.action.MAIN cat=[android.intent.category.HOME] flg=0x10000000 cmp=com.android.launcher3/.Launcher} from uid 0 on display 0
12-28 18:55:04.183  1288  1312 I ActivityManager: Start proc 2052:com.android.launcher3/u0a8 for activity com.android.launcher3/.Launcher
12-28 18:55:04.184  1288  1300 W art     : Long monitor contention event with owner method=int com.android.server.am.ActivityManagerService.broadcastIntent(android.app.IApplicationThread, android.content.Intent, java.lang.String, android.content.IIntentReceiver, int, java.lang.String, android.os.Bundle, java.lang.String[], int, android.os.Bundle, boolean, boolean, int) from ActivityManagerService.java:16931 waiters=0 for 694ms
12-28 18:55:04.184  1288  1302 W art     : Long monitor contention event with owner method=int com.android.server.am.ActivityManagerService.broadcastIntent(android.app.IApplicationThread, android.content.Intent, java.lang.String, android.content.IIntentReceiver, int, java.lang.String, android.os.Bundle, java.lang.String[], int, android.os.Bundle, boolean, boolean, int) from ActivityManagerService.java:16931 waiters=1 for 682ms
12-28 18:55:04.186  1288  1447 W art     : Long monitor contention event with owner method=int com.android.server.am.ActivityManagerService.broadcastIntent(android.app.IApplicationThread, android.content.Intent, java.lang.String, android.content.IIntentReceiver, int, java.lang.String, android.os.Bundle, java.lang.String[], int, android.os.Bundle, boolean, boolean, int) from ActivityManagerService.java:16931 waiters=2 for 683ms
12-28 18:55:04.186  1288  1445 W art     : Long monitor contention event with owner method=int com.android.server.am.ActivityManagerService.broadcastIntent(android.app.IApplicationThread, android.content.Intent, java.lang.String, android.content.IIntentReceiver, int, java.lang.String, android.os.Bundle, java.lang.String[], int, android.os.Bundle, boolean, boolean, int) from ActivityManagerService.java:16931 waiters=3 for 680ms
12-28 18:55:04.187  1288  1448 W art     : Long monitor contention event with owner method=int com.android.server.am.ActivityManagerService.broadcastIntent(android.app.IApplicationThread, android.content.Intent, java.lang.String, android.content.IIntentReceiver, int, java.lang.String, android.os.Bundle, java.lang.String[], int, android.os.Bundle, boolean, boolean, int) from ActivityManagerService.java:16931 waiters=4 for 672ms
12-28 18:55:04.187  1288  1331 W art     : Long monitor contention event with owner method=int com.android.server.am.ActivityManagerService.broadcastIntent(android.app.IApplicationThread, android.content.Intent, java.lang.String, android.content.IIntentReceiver, int, java.lang.String, android.os.Bundle, java.lang.String[], int, android.os.Bundle, boolean, boolean, int) from ActivityManagerService.java:16931 waiters=5 for 499ms
12-28 18:55:04.188  1288  1979 W art     : Long monitor contention event with owner method=int com.android.server.am.ActivityManagerService.broadcastIntent(android.app.IApplicationThread, android.content.Intent, java.lang.String, android.content.IIntentReceiver, int, java.lang.String, android.os.Bundle, java.lang.String[], int, android.os.Bundle, boolean, boolean, int) from ActivityManagerService.java:16931 waiters=6 for 377ms
12-28 18:55:04.195  2052  2052 I art     : Late-enabling JIT
12-28 18:55:04.197  2052  2052 I art     : JIT created with code_cache_capacity=2MB compile_threshold=1000
12-28 18:55:04.207  1288  1301 D GpsLocationProvider: received SIM related action: 
12-28 18:55:04.208  1288  1301 D GpsLocationProvider: SIM MCC/MNC is available: 310260
12-28 18:55:04.208  1288  1301 D GpsLocationProvider: Reset GPS properties, previous size = 5
12-28 18:55:04.208  1288  1301 D GpsLocationProvider: GpsParamsResource: SUPL_HOST=supl.google.com
12-28 18:55:04.208  1288  1301 D GpsLocationProvider: GpsParamsResource: SUPL_PORT=7275
12-28 18:55:04.208  1288  1301 D GpsLocationProvider: GpsParamsResource: NTP_SERVER=north-america.pool.ntp.org
12-28 18:55:04.208  1288  1301 D GpsLocationProvider: GpsParamsResource: SUPL_VER=0x20000
12-28 18:55:04.208  1288  1301 D GpsLocationProvider: GpsParamsResource: SUPL_MODE=1
12-28 18:55:04.208  1288  1301 W GpsLocationProvider: Could not open GPS configuration file /etc/gps.conf
12-28 18:55:04.208  1288  1301 D GpsLocationProvider: GPS properties reloaded, size = 5
12-28 18:55:04.208  1288  1301 E GpsLocationProvider: no AGPS interface in set_agps_server
12-28 18:55:04.209  1288  1301 D GpsLocationProvider: received SIM related action: 
12-28 18:55:04.209  1288  1301 D GpsLocationProvider: SIM MCC/MNC is available: 310260
