12-28 18:54:41.466 I/LockSettingsService( 1288): Migrated lockscreen disabled flag
12-28 18:54:41.467 E/LockSettingsStorage( 1288): Cannot read file java.io.FileNotFoundException: /data/system/gatekeeper.password.key: open failed: ENOENT (No such file or directory)
12-28 18:54:41.467 E/LockSettingsStorage( 1288): Cannot read file java.io.FileNotFoundException: /data/system/password.key: open failed: ENOENT (No such file or directory)
12-28 18:54:41.468 E/LockSettingsStorage( 1288): Cannot read file java.io.FileNotFoundException: /data/system/gatekeeper.pattern.key: open failed: ENOENT (No such file or directory)
12-28 18:54:41.468 E/LockSettingsStorage( 1288): Cannot read file java.io.FileNotFoundException: /data/system/gatekeeper.gesture.key: open failed: ENOENT (No such file or directory)
12-28 18:54:41.468 E/LockSettingsStorage( 1288): Cannot read file java.io.FileNotFoundException: /data/system/gesture.key: open failed: ENOENT (No such file or directory)
12-28 18:54:41.468 I/SystemServiceManager( 1288): Starting phase 480
12-28 18:54:41.471 I/SystemServiceManager( 1288): Starting phase 500
12-28 18:54:41.478 I/WifiService( 1288): WifiService starting up with Wi-Fi disabled
12-28 18:54:41.486 D/WifiService( 1288): New client listening to asynchronous messages
12-28 18:54:41.487 I/WifiScanningService( 1288): Registering wifiscanner
12-28 18:54:41.493 I/RttService( 1288): Registering rttmanager
12-28 18:54:41.497 I/EthernetServiceImpl( 1288): Starting Ethernet service
12-28 18:54:41.501 D/Ethernet( 1288): Registering NetworkFactory
12-28 18:54:41.502 D/ConnectivityService( 1288): Got NetworkFactory Messenger for Ethernet
12-28 18:54:41.502 D/Ethernet( 1288): got request NetworkRequest [ id=1, legacyType=-1, [ Capabilities: INTERNET&NOT_RESTRICTED&TRUSTED&NOT_VPN] ] with score 0
12-28 18:54:41.504 D/EthernetNetworkFactory( 1288): Started tracking interface eth0
12-28 18:54:41.520 I/MountService( 1288): Running fstrim idle maintenance
12-28 18:54:41.521 D/VoldConnector( 1288): SND -> {3 fstrim dotrim}
12-28 18:54:41.521 D/VoldConnector( 1288): RCV <- {200 3 Command succeeded}
12-28 18:54:41.522 D/vold    (  931): Starting trim of /data
12-28 18:54:41.522 W/vold    (  931): Trim failed on /data: Operation not supported on transport endpoint
12-28 18:54:41.522 D/VoldConnector( 1288): RCV <- {662 /data -1 -1}
12-28 18:54:41.525 D/vold    (  931): Starting trim of /cache
12-28 18:54:41.525 W/vold    (  931): Trim failed on /cache: Operation not supported on transport endpoint
12-28 18:54:41.525 D/VoldConnector( 1288): RCV <- {662 /cache -1 -1}
12-28 18:54:46.844 D/CommandListener(  949): Setting iface cfg
12-28 18:54:46.844 D/CommandListener(  949): Trying to bring up eth0
12-28 18:54:46.847 D/EthernetNetworkFactory( 1288): updateInterface: eth0 link up
12-28 18:54:46.852 I/EthernetNetworkFactory( 1288): dhcpThread(eth0): mNetworkInfo=[type: Ethernet[], state: UNKNOWN/IDLE, reason: (unspecified), extra: 52:54:00:12:34:56, roaming: false, failover: false, isAvailable: true]
12-28 18:54:46.871 V/BackupManagerService( 1288): No ancestral data
12-28 18:54:46.881 V/KeyValueBackupJob( 1288): Scheduling k/v pass in 248 minutes
12-28 18:54:46.896 V/BackupManagerService( 1288): Starting with transport android/com.android.internal.backup.LocalTransport
12-28 18:54:46.896 V/BackupManagerService( 1288): Found transports: 2
12-28 18:54:46.972 I/DefaultPermGrantPolicy( 1288): Granting permissions to platform components for user 0
12-28 18:54:46.973 D/VoldConnector( 1288): SND -> {4 volume remount_uid 1001 none}
12-28 18:54:46.973 D/vold    (  931): Remounting 1001 as mode none
12-28 18:54:46.973 E/vold    (  931): Failed to readlink: No such file or directory
12-28 18:54:46.973 D/VoldConnector( 1288): RCV <- {400 4 Command failed}
12-28 18:54:46.974 W/MountService( 1288): Failed to remount UID 1001 as none: com.android.server.NativeDaemonConnector$NativeDaemonFailureException: command '4 volume remount_uid 1001 none' failed with '400 4 Command failed'
12-28 18:54:46.975 D/VoldConnector( 1288): SND -> {5 volume remount_uid 1001 none}
12-28 18:54:46.976 D/vold    (  931): Remounting 1001 as mode none
12-28 18:54:46.976 E/vold    (  931): Failed to readlink: No such file or directory
12-28 18:54:46.976 D/VoldConnector( 1288): RCV <- {400 5 Command failed}
12-28 18:54:46.976 W/MountService( 1288): Failed to remount UID 1001 as none: com.android.server.NativeDaemonConnector$NativeDaemonFailureException: command '5 volume remount_uid 1001 none' failed with '400 5 Command failed'
12-28 18:54:46.978 D/VoldConnector( 1288): SND -> {6 volume remount_uid 1000 none}
12-28 18:54:46.978 D/vold    (  931): Remounting 1000 as mode none
12-28 18:54:46.978 E/vold    (  931): Failed to readlink: No such file or directory
12-28 18:54:46.978 D/VoldConnector( 1288): RCV <- {400 6 Command failed}
12-28 18:54:46.979 W/MountService( 1288): Failed to remount UID 1000 as none: com.android.server.NativeDaemonConnector$NativeDaemonFailureException: command '6 volume remount_uid 1000 none' failed with '400 6 Command failed'
12-28 18:54:46.979 D/VoldConnector( 1288): SND -> {7 volume remount_uid 1000 none}
12-28 18:54:46.979 D/vold    (  931): Remounting 1000 as mode none
12-28 18:54:46.979 E/vold    (  931): Failed to readlink: No such file or directory
12-28 18:54:46.979 D/VoldConnector( 1288): RCV <- {400 7 Command failed}
12-28 18:54:46.979 W/MountService( 1288): Failed to remount UID 1000 as none: com.android.server.NativeDaemonConnector$NativeDaemonFailureException: command '7 volume remount_uid 1000 none' failed with '400 7 Command failed'
12-28 18:54:46.987 D/VoldConnector( 1288): SND -> {8 volume remount_uid 2000 none}
12-28 18:54:46.988 D/vold    (  931): Remounting 2000 as mode none
12-28 18:54:46.988 E/vold    (  931): Failed to readlink: No such file or directory
12-28 18:54:46.988 D/VoldConnector( 1288): RCV <- {400 8 Command failed}
12-28 18:54:46.988 W/MountService( 1288): Failed to remount UID 2000 as none: com.android.server.NativeDaemonConnector$NativeDaemonFailureException: command '8 volume remount_uid 2000 none' failed with '400 8 Command failed'
12-28 18:54:46.989 D/VoldConnector( 1288): SND -> {9 volume remount_uid 2000 none}
12-28 18:54:46.991 D/vold    (  931): Remounting 2000 as mode none
12-28 18:54:46.991 E/vold    (  931): Failed to readlink: No such file or directory
12-28 18:54:46.991 D/VoldConnector( 1288): RCV <- {400 9 Command failed}
12-28 18:54:46.992 W/MountService( 1288): Failed to remount UID 2000 as none: com.android.server.NativeDaemonConnector$NativeDaemonFailureException: command '9 volume remount_uid 2000 none' failed with '400 9 Command failed'
12-28 18:54:46.993 D/VoldConnector( 1288): SND -> {10 volume remount_uid 10014 none}
12-28 18:54:46.993 D/vold    (  931): Remounting 10014 as mode none
12-28 18:54:46.993 E/vold    (  931): Failed to readlink: No such file or directory
12-28 18:54:46.993 D/VoldConnector( 1288): RCV <- {400 10 Command failed}
12-28 18:54:46.994 W/MountService( 1288): Failed to remount UID 10014 as none: com.android.server.NativeDaemonConnector$NativeDaemonFailureException: command '10 volume remount_uid 10014 none' failed with '400 10 Command failed'
12-28 18:54:46.994 D/VoldConnector( 1288): SND -> {11 volume remount_uid 10014 none}
12-28 18:54:46.995 D/vold    (  931): Remounting 10014 as mode none
12-28 18:54:46.995 E/vold    (  931): Failed to readlink: No such file or directory
12-28 18:54:46.995 D/VoldConnector( 1288): RCV <- {400 11 Command failed}
12-28 18:54:46.995 W/MountService( 1288): Failed to remount UID 10014 as none: com.android.server.NativeDaemonConnector$NativeDaemonFailureException: command '11 volume remount_uid 10014 none' failed with '400 11 Command failed'
12-28 18:54:46.997 I/DefaultPermGrantPolicy( 1288): Granting permissions to default platform handlers for user 0
12-28 18:54:46.997 W/VoiceInteractionManagerService( 1288): no available voice interaction services found for user 0
12-28 18:54:46.997 W/VoiceInteractionManagerService( 1288): no available voice recognition services found for user 0
12-28 18:54:46.997 D/VoldConnector( 1288): SND -> {12 volume remount_uid 10010 none}
12-28 18:54:46.998 D/vold    (  931): Remounting 10010 as mode none
12-28 18:54:46.998 E/vold    (  931): Failed to readlink: No such file or directory
12-28 18:54:46.998 D/VoldConnector( 1288): RCV <- {400 12 Command failed}
12-28 18:54:46.998 W/MountService( 1288): Failed to remount UID 10010 as none: com.android.server.NativeDaemonConnector$NativeDaemonFailureException: command '12 volume remount_uid 10010 none' failed with '400 12 Command failed'
12-28 18:54:46.999 D/VoldConnector( 1288): SND -> {13 volume remount_uid 10034 none}
12-28 18:54:47.001 W/KeyguardServiceDelegate( 1288): onScreenTurningOn(): no keyguard service!
12-28 18:54:47.004 E/KernelCpuSpeedReader( 1288): Failed to read cpu-freq
12-28 18:54:47.004 E/KernelCpuSpeedReader( 1288): java.io.FileNotFoundException: /sys/devices/system/cpu/cpu0/cpufreq/stats/time_in_state: open failed: ENOENT (No such file or directory)
12-28 18:54:47.004 E/KernelCpuSpeedReader( 1288): 	at libcore.io.IoBridge.open(IoBridge.java:452)
12-28 18:54:47.004 E/KernelCpuSpeedReader( 1288): 	at java.io.FileInputStream.<init>(FileInputStream.java:76)
12-28 18:54:47.004 E/KernelCpuSpeedReader( 1288): 	at java.io.FileInputStream.<init>(FileInputStream.java:103)
12-28 18:54:47.004 E/KernelCpuSpeedReader( 1288): 	at java.io.FileReader.<init>(FileReader.java:66)
12-28 18:54:47.004 E/KernelCpuSpeedReader( 1288): 	at com.android.internal.os.KernelCpuSpeedReader.readDelta(KernelCpuSpeedReader.java:49)
12-28 18:54:47.004 E/KernelCpuSpeedReader( 1288): 	at com.android.internal.os.BatteryStatsImpl.updateCpuTimeLocked(BatteryStatsImpl.java:8002)
12-28 18:54:47.004 E/KernelCpuSpeedReader( 1288): 	at com.android.internal.os.BatteryStatsImpl$MyHandler.handleMessage(BatteryStatsImpl.java:155)
12-28 18:54:47.004 E/KernelCpuSpeedReader( 1288): 	at android.os.Handler.dispatchMessage(Handler.java:102)
12-28 18:54:47.004 E/KernelCpuSpeedReader( 1288): 	at android.os.Looper.loop(Looper.java:148)
12-28 18:54:47.004 E/KernelCpuSpeedReader( 1288): 	at android.os.HandlerThread.run(HandlerThread.java:61)
12-28 18:54:47.004 E/KernelCpuSpeedReader( 1288): 	at com.android.server.ServiceThread.run(ServiceThread.java:46)
12-28 18:54:47.004 E/KernelCpuSpeedReader( 1288): Caused by: android.system.ErrnoException: open failed: ENOENT (No such file or directory)
12-28 18:54:47.004 E/KernelCpuSpeedReader( 1288): 	at libcore.io.Posix.open(Native Method)
12-28 18:54:47.004 E/KernelCpuSpeedReader( 1288): 	at libcore.io.BlockGuardOs.open(BlockGuardOs.java:186)
12-28 18:54:47.004 E/KernelCpuSpeedReader( 1288): 	at libcore.io.IoBridge.open(IoBridge.java:438)
12-28 18:54:47.004 E/KernelCpuSpeedReader( 1288): 	... 10 more
12-28 18:54:47.005 E/KernelUidCpuTimeReader( 1288): Failed to read uid_cputime
12-28 18:54:47.005 E/KernelUidCpuTimeReader( 1288): java.io.FileNotFoundException: /proc/uid_cputime/show_uid_stat: open failed: ENOENT (No such file or directory)
12-28 18:54:47.005 E/KernelUidCpuTimeReader( 1288): 	at libcore.io.IoBridge.open(IoBridge.java:452)
12-28 18:54:47.005 E/KernelUidCpuTimeReader( 1288): 	at java.io.FileInputStream.<init>(FileInputStream.java:76)
12-28 18:54:47.005 E/KernelUidCpuTimeReader( 1288): 	at java.io.FileInputStream.<init>(FileInputStream.java:103)
12-28 18:54:47.005 E/KernelUidCpuTimeReader( 1288): 	at java.io.FileReader.<init>(FileReader.java:66)
12-28 18:54:47.005 E/KernelUidCpuTimeReader( 1288): 	at com.android.internal.os.KernelUidCpuTimeReader.readDelta(KernelUidCpuTimeReader.java:71)
12-28 18:54:47.005 E/KernelUidCpuTimeReader( 1288): 	at com.android.internal.os.BatteryStatsImpl.updateCpuTimeLocked(BatteryStatsImpl.java:8031)
12-28 18:54:47.005 E/KernelUidCpuTimeReader( 1288): 	at com.android.internal.os.BatteryStatsImpl$MyHandler.handleMessage(BatteryStatsImpl.java:155)
12-28 18:54:47.005 E/KernelUidCpuTimeReader( 1288): 	at android.os.Handler.dispatchMessage(Handler.java:102)
12-28 18:54:47.005 E/KernelUidCpuTimeReader( 1288): 	at android.os.Looper.loop(Looper.java:148)
12-28 18:54:47.005 E/KernelUidCpuTimeReader( 1288): 	at android.os.HandlerThread.run(HandlerThread.java:61)
12-28 18:54:47.005 E/KernelUidCpuTimeReader( 1288): 	at com.android.server.ServiceThread.run(ServiceThread.java:46)
12-28 18:54:47.005 E/KernelUidCpuTimeReader( 1288): Caused by: android.system.ErrnoException: open failed: ENOENT (No such file or directory)
12-28 18:54:47.005 E/KernelUidCpuTimeReader( 1288): 	at libcore.io.Posix.open(Native Method)
12-28 18:54:47.005 E/KernelUidCpuTimeReader( 1288): 	at libcore.io.BlockGuardOs.open(BlockGuardOs.java:186)
12-28 18:54:47.005 E/KernelUidCpuTimeReader( 1288): 	at libcore.io.IoBridge.open(IoBridge.java:438)
12-28 18:54:47.005 E/KernelUidCpuTimeReader( 1288): 	... 10 more
12-28 18:54:47.012 D/vold    (  931): Remounting 10034 as mode none
12-28 18:54:47.012 E/vold    (  931): Failed to readlink: No such file or directory
12-28 18:54:47.012 D/VoldConnector( 1288): RCV <- {400 13 Command failed}
12-28 18:54:47.013 D/        ( 1288): HostConnection::get() New Host Connection established 0xa05fe310, tid 1307
12-28 18:54:47.013 W/MountService( 1288): Failed to remount UID 10034 as none: com.android.server.NativeDaemonConnector$NativeDaemonFailureException: command '13 volume remount_uid 10034 none' failed with '400 13 Command failed'
12-28 18:54:47.014 D/VoldConnector( 1288): SND -> {14 volume remount_uid 10034 none}
12-28 18:54:47.014 D/vold    (  931): Remounting 10034 as mode none
12-28 18:54:47.014 E/vold    (  931): Failed to readlink: No such file or directory
12-28 18:54:47.015 D/VoldConnector( 1288): RCV <- {400 14 Command failed}
12-28 18:54:47.015 W/MountService( 1288): Failed to remount UID 10034 as none: com.android.server.NativeDaemonConnector$NativeDaemonFailureException: command '14 volume remount_uid 10034 none' failed with '400 14 Command failed'
12-28 18:54:47.016 D/VoldConnector( 1288): SND -> {15 volume remount_uid 10006 none}
12-28 18:54:47.016 D/vold    (  931): Remounting 10006 as mode none
12-28 18:54:47.016 E/vold    (  931): Failed to readlink: No such file or directory
12-28 18:54:47.017 D/VoldConnector( 1288): RCV <- {400 15 Command failed}
12-28 18:54:47.017 W/MountService( 1288): Failed to remount UID 10006 as none: com.android.server.NativeDaemonConnector$NativeDaemonFailureException: command '15 volume remount_uid 10006 none' failed with '400 15 Command failed'
12-28 18:54:47.018 D/VoldConnector( 1288): SND -> {16 volume remount_uid 10006 none}
12-28 18:54:47.018 D/vold    (  931): Remounting 10006 as mode none
12-28 18:54:47.018 E/vold    (  931): Failed to readlink: No such file or directory
12-28 18:54:47.018 D/VoldConnector( 1288): RCV <- {400 16 Command failed}
12-28 18:54:47.019 W/MountService( 1288): Failed to remount UID 10006 as none: com.android.server.NativeDaemonConnector$NativeDaemonFailureException: command '16 volume remount_uid 10006 none' failed with '400 16 Command failed'
12-28 18:54:47.029 D/VoldConnector( 1288): SND -> {17 volume remount_uid 10001 none}
12-28 18:54:47.029 D/vold    (  931): Remounting 10001 as mode none
12-28 18:54:47.029 E/vold    (  931): Failed to readlink: No such file or directory
12-28 18:54:47.029 D/VoldConnector( 1288): RCV <- {400 17 Command failed}
12-28 18:54:47.030 W/MountService( 1288): Failed to remount UID 10001 as none: com.android.server.NativeDaemonConnector$NativeDaemonFailureException: command '17 volume remount_uid 10001 none' failed with '400 17 Command failed'
12-28 18:54:47.031 D/VoldConnector( 1288): SND -> {18 volume remount_uid 10001 none}
12-28 18:54:47.031 D/vold    (  931): Remounting 10001 as mode none
12-28 18:54:47.031 E/vold    (  931): Failed to readlink: No such file or directory
12-28 18:54:47.031 D/VoldConnector( 1288): RCV <- {400 18 Command failed}
12-28 18:54:47.032 W/MountService( 1288): Failed to remount UID 10001 as none: com.android.server.NativeDaemonConnector$NativeDaemonFailureException: command '18 volume remount_uid 10001 none' failed with '400 18 Command failed'
12-28 18:54:47.041 D/VoldConnector( 1288): SND -> {19 volume remount_uid 10007 none}
12-28 18:54:47.042 D/vold    (  931): Remounting 10007 as mode none
12-28 18:54:47.042 E/vold    (  931): Failed to readlink: No such file or directory
12-28 18:54:47.042 D/VoldConnector( 1288): RCV <- {400 19 Command failed}
12-28 18:54:47.043 W/MountService( 1288): Failed to remount UID 10007 as none: com.android.server.NativeDaemonConnector$NativeDaemonFailureException: command '19 volume remount_uid 10007 none' failed with '400 19 Command failed'
12-28 18:54:47.043 D/VoldConnector( 1288): SND -> {20 volume remount_uid 10007 none}
12-28 18:54:47.044 D/vold    (  931): Remounting 10007 as mode none
12-28 18:54:47.044 E/vold    (  931): Failed to readlink: No such file or directory
12-28 18:54:47.044 D/VoldConnector( 1288): RCV <- {400 20 Command failed}
12-28 18:54:47.045 W/MountService( 1288): Failed to remount UID 10007 as none: com.android.server.NativeDaemonConnector$NativeDaemonFailureException: command '20 volume remount_uid 10007 none' failed with '400 20 Command failed'
12-28 18:54:47.053 I/ActivityManager( 1288): Pre-boot of {com.android.providers.calendar/com.android.providers.calendar.CalendarUpgradeReceiver} for user 0
12-28 18:54:47.057 I/SystemServer( 1288): Enabled StrictMode for system server main thread.
12-28 18:54:47.071 I/Zygote  ( 1288): Process: zygote socket opened, supported ABIS: x86
12-28 18:54:47.075 I/art     ( 1352): Late-enabling JIT
12-28 18:54:47.078 I/art     ( 1352): JIT created with code_cache_capacity=2MB compile_threshold=1000
12-28 18:54:47.091 I/ActivityManager( 1288): Start proc 1352:com.android.providers.calendar/u0a1 for broadcast com.android.providers.calendar/.CalendarUpgradeReceiver
12-28 18:54:47.094 I/ActivityManager( 1288): Launching preboot mode app: ProcessRecord{6959cb3 1352:com.android.providers.calendar/u0a1}
12-28 18:54:47.104 W/System  ( 1352): ClassLoader referenced unknown path: /system/priv-app/CalendarProvider/lib/x86
12-28 18:54:47.154 D/RttService( 1288): SCAN_AVAILABLE : 1
12-28 18:54:47.161 D/RttService( 1288): DefaultState got{ when=-6ms what=160513 target=com.android.internal.util.StateMachine$SmHandler }
12-28 18:54:47.194 V/BackupManagerService( 1288): Connected to transport ComponentInfo{android/com.android.internal.backup.LocalTransportService}
12-28 18:54:47.194 V/BackupManagerService( 1288): Registering transport android/com.android.internal.backup.LocalTransportService::android/com.android.internal.backup.LocalTransport = android.app.backup.BackupTransport$TransportImpl@f6459c
12-28 18:54:47.225 D/        ( 1288): HostConnection::get() New Host Connection established 0xa05fe5d0, tid 1288
12-28 18:54:47.365 W/art     ( 1288): Long monitor contention event with owner method=void com.android.server.wm.WindowManagerService.showStrictModeViolation(int, int) from WindowManagerService.java:6051 waiters=0 for 174ms
12-28 18:54:47.365 I/ActivityManager( 1288): Pre-boot of {com.android.providers.contacts/com.android.providers.contacts.ContactsUpgradeReceiver} for user 0
12-28 18:54:47.371 I/art     ( 1370): Late-enabling JIT
12-28 18:54:47.374 I/art     ( 1370): JIT created with code_cache_capacity=2MB compile_threshold=1000
12-28 18:54:47.390 I/ActivityManager( 1288): Start proc 1370:android.process.acore/u0a2 for broadcast com.android.providers.contacts/.ContactsUpgradeReceiver
12-28 18:54:47.392 I/ActivityManager( 1288): Launching preboot mode app: ProcessRecord{4b95ba5 1370:android.process.acore/u0a2}
12-28 18:54:47.403 W/System  ( 1370): ClassLoader referenced unknown path: /system/priv-app/ContactsProvider/lib/x86
12-28 18:54:47.495 I/ContactsUpgradeReceiver( 1370): Creating or opening contacts database
12-28 18:54:47.544 I/ContactsDatabaseHelper( 1370): Bootstrapping database version: 1011
12-28 18:54:47.698 I/ContactsProviderV1( 1370): Bootstrapping database legacy support
12-28 18:54:47.831 I/ContactsDatabaseHelper( 1370): Bootstrapping database version: 1011
12-28 18:54:47.965 I/ContactsProviderV1( 1370): Bootstrapping database legacy support
12-28 18:54:48.020 W/WindowManager( 1288): Keyguard drawn timeout. Setting mKeyguardDrawComplete
12-28 18:54:48.098 I/ContactsProvider( 1370): Locale has changed from null to en-US
12-28 18:54:48.099 I/ContactsDatabaseHelper( 1370): Switching to locale en-US (ICU v55.1)
12-28 18:54:48.256 I/ContactsDatabaseHelper( 1370): Locale change completed in 157ms
12-28 18:54:48.257 I/ContactsDatabaseHelper( 1370): Switching to locale en-US (ICU v55.1)
12-28 18:54:48.404 I/ContactsDatabaseHelper( 1370): Locale change completed in 147ms
12-28 18:54:48.467 I/ActivityManager( 1288): Pre-boot of {com.google.android.gsf/com.google.android.gsf.loginservice.MigrateToAccountManagerBroadcastReceiver} for user 0
12-28 18:54:48.482 I/art     ( 1387): Late-enabling JIT
12-28 18:54:48.484 I/art     ( 1387): JIT created with code_cache_capacity=2MB compile_threshold=1000
12-28 18:54:48.490 I/ActivityManager( 1288): Start proc 1387:com.google.process.gapps/u0a7 for broadcast com.google.android.gsf/.loginservice.MigrateToAccountManagerBroadcastReceiver
12-28 18:54:48.491 I/ActivityManager( 1288): Launching preboot mode app: ProcessRecord{3767b7a 1387:com.google.process.gapps/u0a7}
12-28 18:54:48.499 W/System  ( 1387): ClassLoader referenced unknown path: /system/priv-app/GoogleServicesFramework/lib/x86
12-28 18:54:48.505 D/GoogleLoginService( 1387): no legacy android id exists to migrate
12-28 18:54:48.506 D/GoogleLoginService( 1387): skipping migration because /data/user/0/com.google.android.gsf/databases/accounts.db doesn't exist
12-28 18:54:48.506 D/GoogleLoginService( 1387): disabling the migration script since the migration is complete
12-28 18:54:48.508 I/ActivityManager( 1288): Pre-boot of {com.android.managedprovisioning/com.android.managedprovisioning.PreBootListener} for user 0
12-28 18:54:48.514 I/ActivityManager( 1288): Start proc 1402:com.android.managedprovisioning/u0a9 for broadcast com.android.managedprovisioning/.PreBootListener
12-28 18:54:48.521 I/art     ( 1402): Late-enabling JIT
12-28 18:54:48.524 I/art     ( 1402): JIT created with code_cache_capacity=2MB compile_threshold=1000
12-28 18:54:48.533 I/ActivityManager( 1288): Launching preboot mode app: ProcessRecord{d6def2b 1402:com.android.managedprovisioning/u0a9}
12-28 18:54:48.542 W/System  ( 1402): ClassLoader referenced unknown path: /system/priv-app/ManagedProvisioning/lib/x86
12-28 18:54:48.557 I/ActivityManager( 1288): Pre-boot of {com.android.providers.media/com.android.providers.media.MediaUpgradeReceiver} for user 0
12-28 18:54:48.571 I/art     ( 1416): Late-enabling JIT
12-28 18:54:48.573 I/art     ( 1416): JIT created with code_cache_capacity=2MB compile_threshold=1000
12-28 18:54:48.580 I/ActivityManager( 1288): Start proc 1416:android.process.media/u0a5 for broadcast com.android.providers.media/.MediaUpgradeReceiver
12-28 18:54:48.582 I/ActivityManager( 1288): Launching preboot mode app: ProcessRecord{cf01f88 1416:android.process.media/u0a5}
12-28 18:54:48.589 W/System  ( 1416): ClassLoader referenced unknown path: /system/priv-app/MediaProvider/lib/x86
12-28 18:54:48.644 I/ActivityManager( 1288): Pre-boot of {com.android.settings/com.android.settings.ManagedProfileSetup} for user 0
12-28 18:54:48.652 I/art     ( 1431): Late-enabling JIT
12-28 18:54:48.655 I/art     ( 1431): JIT created with code_cache_capacity=2MB compile_threshold=1000
12-28 18:54:48.661 I/ActivityManager( 1288): Start proc 1431:com.android.settings/1000 for broadcast com.android.settings/.ManagedProfileSetup
12-28 18:54:48.663 I/ActivityManager( 1288): Launching preboot mode app: ProcessRecord{7090d21 1431:com.android.settings/1000}
12-28 18:54:48.668 W/System  ( 1431): ClassLoader referenced unknown path: /system/priv-app/Settings/lib/x86
12-28 18:54:48.822 I/ActivityManager( 1288): Removing system update proc: ProcessRecord{6959cb3 1352:com.android.providers.calendar/u0a1}
12-28 18:54:48.823 I/ActivityManager( 1288): Killing 1352:com.android.providers.calendar/u0a1 (adj 13): system update done
12-28 18:54:48.842 I/ActivityManager( 1288): Removing system update proc: ProcessRecord{4b95ba5 1370:android.process.acore/u0a2}
12-28 18:54:48.843 I/ActivityManager( 1288): Killing 1370:android.process.acore/u0a2 (adj 13): system update done
12-28 18:54:48.852 I/ActivityManager( 1288): Removing system update proc: ProcessRecord{3767b7a 1387:com.google.process.gapps/u0a7}
12-28 18:54:48.852 I/ActivityManager( 1288): Killing 1387:com.google.process.gapps/u0a7 (adj 11): system update done
12-28 18:54:48.861 I/ActivityManager( 1288): Removing system update proc: ProcessRecord{d6def2b 1402:com.android.managedprovisioning/u0a9}
12-28 18:54:48.862 I/ActivityManager( 1288): Killing 1402:com.android.managedprovisioning/u0a9 (adj 11): system update done
12-28 18:54:48.872 I/ActivityManager( 1288): Removing system update proc: ProcessRecord{cf01f88 1416:android.process.media/u0a5}
12-28 18:54:48.874 I/ActivityManager( 1288): Killing 1416:android.process.media/u0a5 (adj 9): system update done
12-28 18:54:48.882 I/ActivityManager( 1288): Removing system update proc: ProcessRecord{7090d21 1431:com.android.settings/1000}
12-28 18:54:48.883 I/ActivityManager( 1288): Killing 1431:com.android.settings/1000 (adj 9): system update done
12-28 18:54:48.891 I/ActivityManager( 1288): System now ready
12-28 18:54:48.893 W/ActivityManager( 1288): Spurious death for ProcessRecord{6959cb3 0:com.android.providers.calendar/u0a1}, curProc for 1352: null
12-28 18:54:48.894 W/ActivityManager( 1288): Spurious death for ProcessRecord{4b95ba5 0:android.process.acore/u0a2}, curProc for 1370: null
12-28 18:54:48.894 W/ActivityManager( 1288): Spurious death for ProcessRecord{3767b7a 0:com.google.process.gapps/u0a7}, curProc for 1387: null
12-28 18:54:48.894 W/ActivityManager( 1288): Spurious death for ProcessRecord{d6def2b 0:com.android.managedprovisioning/u0a9}, curProc for 1402: null
12-28 18:54:48.896 I/SystemServer( 1288): Making services ready
12-28 18:54:48.896 I/SystemServiceManager( 1288): Starting phase 550
12-28 18:54:48.899 W/ActivityManager( 1288): Spurious death for ProcessRecord{cf01f88 0:android.process.media/u0a5}, curProc for 1416: null
12-28 18:54:48.899 W/ActivityManager( 1288): Spurious death for ProcessRecord{7090d21 0:com.android.settings/1000}, curProc for 1431: null
12-28 18:54:48.901 W/System  ( 1288): ClassLoader referenced unknown path: /system/priv-app/Telecom/lib/x86
12-28 18:54:48.901 D/MountService( 1288): Thinking about reset, mSystemReady=true, mDaemonConnected=true
12-28 18:54:48.902 D/VoldConnector( 1288): SND -> {21 volume reset}
12-28 18:54:48.911 D/VoldConnector( 1288): RCV <- {651 emulated 7}
12-28 18:54:48.911 D/VoldConnector( 1288): RCV <- {659 emulated}
12-28 18:54:48.912 D/VoldConnector( 1288): RCV <- {650 emulated 2 "" ""}
12-28 18:54:48.912 D/VoldConnector( 1288): RCV <- {651 emulated 0}
12-28 18:54:48.912 D/VoldConnector( 1288): RCV <- {200 21 Command succeeded}
12-28 18:54:48.913 D/VoldConnector( 1288): SND -> {22 volume user_added 0 0}
12-28 18:54:48.914 I/SystemServer( 1288): WebViewFactory preparation
12-28 18:54:48.919 D/VoldConnector( 1288): RCV <- {200 22 Command succeeded}
12-28 18:54:48.924 I/art     ( 1450): Late-enabling JIT
12-28 18:54:48.927 I/art     ( 1450): JIT created with code_cache_capacity=2MB compile_threshold=1000
12-28 18:54:48.929 V/WebViewFactory( 1450): RelroFileCreator (64bit = false),  32-bit lib: /system/app/webview/webview.apk!/lib/x86/libwebviewchromium.so, 64-bit lib: 
12-28 18:54:48.941 I/ActivityManager( 1288): Start proc 1450:WebViewLoader-x86/1037 [android.webkit.WebViewFactory$RelroFileCreator] for 
12-28 18:54:48.949 I/art     ( 1464): Late-enabling JIT
12-28 18:54:48.957 I/art     ( 1464): JIT created with code_cache_capacity=2MB compile_threshold=1000
12-28 18:54:48.971 I/ActivityManager( 1288): Start proc 1464:com.android.systemui/u0a14 for service com.android.systemui/.SystemUIService
12-28 18:54:48.976 D/NetworkManagement( 1288): enabling bandwidth control
12-28 18:54:49.119 E/BluetoothAdapter( 1288): Bluetooth binder is null
12-28 18:54:49.123 W/System  ( 1464): ClassLoader referenced unknown path: /system/priv-app/SystemUI/lib/x86
12-28 18:54:49.138 E/BluetoothAdapter( 1288): Bluetooth binder is null
12-28 18:54:49.139 I/Telecom ( 1288): Class: TelecomSystem.INSTANCE being set
12-28 18:54:49.139 E/BluetoothAdapter( 1288): Bluetooth binder is null
12-28 18:54:49.145 I/ActivityManager( 1288): Start proc 1487:android.process.acore/u0a2 for content provider com.android.providers.contacts/.CallLogProvider
12-28 18:54:49.150 I/art     ( 1487): Late-enabling JIT
12-28 18:54:49.153 I/art     ( 1487): JIT created with code_cache_capacity=2MB compile_threshold=1000
12-28 18:54:49.164 W/System  ( 1487): ClassLoader referenced unknown path: /system/priv-app/ContactsProvider/lib/x86
12-28 18:54:49.235 I/PackageManager( 1288): Replacing preferred activity com.google.android.apps.messaging/.ui.conversation.LaunchConversationActivity for user 0:
12-28 18:54:49.235 I/PackageManager( 1288):   Action: "android.intent.action.SENDTO"
12-28 18:54:49.235 I/PackageManager( 1288):   Category: "android.intent.category.DEFAULT"
12-28 18:54:49.235 I/PackageManager( 1288):   Scheme: "sms"
12-28 18:54:49.235 I/PackageManager( 1288):   AutoVerify=false
12-28 18:54:49.235 I/PackageManager( 1288): Replacing preferred activity com.google.android.apps.messaging/.ui.conversation.LaunchConversationActivity for user 0:
12-28 18:54:49.235 I/PackageManager( 1288):   Action: "android.intent.action.SENDTO"
12-28 18:54:49.235 I/PackageManager( 1288):   Category: "android.intent.category.DEFAULT"
12-28 18:54:49.236 I/PackageManager( 1288):   Scheme: "smsto"
12-28 18:54:49.236 I/PackageManager( 1288):   AutoVerify=false
12-28 18:54:49.236 I/PackageManager( 1288): Replacing preferred activity com.google.android.apps.messaging/.ui.conversation.LaunchConversationActivity for user 0:
12-28 18:54:49.236 I/PackageManager( 1288):   Action: "android.intent.action.SENDTO"
12-28 18:54:49.236 I/PackageManager( 1288):   Category: "android.intent.category.DEFAULT"
12-28 18:54:49.236 I/PackageManager( 1288):   Scheme: "mms"
12-28 18:54:49.236 I/PackageManager( 1288):   AutoVerify=false
12-28 18:54:49.236 I/PackageManager( 1288): Replacing preferred activity com.google.android.apps.messaging/.ui.conversation.LaunchConversationActivity for user 0:
12-28 18:54:49.236 I/PackageManager( 1288):   Action: "android.intent.action.SENDTO"
12-28 18:54:49.236 I/PackageManager( 1288):   Category: "android.intent.category.DEFAULT"
12-28 18:54:49.236 I/PackageManager( 1288):   Scheme: "mmsto"
12-28 18:54:49.236 I/PackageManager( 1288):   AutoVerify=false
12-28 18:54:49.237 I/DefaultPermGrantPolicy( 1288): Granting permissions to default sms app for user:0
12-28 18:54:49.238 I/DefaultPermGrantPolicy( 1288): Granting permissions to default dialer app for user:0
12-28 18:54:49.239 I/Telecom ( 1288): PhoneAccountRegistrar: SimCallManager queried, returning: null
12-28 18:54:49.252 I/DefaultPermGrantPolicy( 1288): Granting permissions to default sms app for user:0
12-28 18:54:49.386 W/System  ( 1487): ClassLoader referenced unknown path: /system/app/UserDictionaryProvider/lib/x86
12-28 18:54:49.462 I/iptables(  949): iptables: No chain/target/match by that name.
12-28 18:54:49.462 I/iptables(  949): iptables terminated by exit(1)
12-28 18:54:49.462 E/Netd    (  949): exec() res=0, status=256 for /system/bin/iptables -w -F st_penalty_log 
12-28 18:54:49.476 I/ip6tables(  949): ip6tables: No chain/target/match by that name.
12-28 18:54:49.480 I/ip6tables(  949): ip6tables terminated by exit(1)
12-28 18:54:49.480 E/Netd    (  949): exec() res=0, status=256 for /system/bin/ip6tables -w -F st_penalty_log 
12-28 18:54:49.482 I/iptables(  949): iptables: No chain/target/match by that name.
12-28 18:54:49.482 I/iptables(  949): iptables terminated by exit(1)
12-28 18:54:49.482 E/Netd    (  949): exec() res=0, status=256 for /system/bin/iptables -w -F st_penalty_reject 
12-28 18:54:49.493 I/ip6tables(  949): ip6tables: No chain/target/match by that name.
12-28 18:54:49.500 I/ip6tables(  949): ip6tables terminated by exit(1)
12-28 18:54:49.500 E/Netd    (  949): exec() res=0, status=256 for /system/bin/ip6tables -w -F st_penalty_reject 
12-28 18:54:49.503 I/iptables(  949): iptables: No chain/target/match by that name.
12-28 18:54:49.503 I/iptables(  949): iptables terminated by exit(1)
12-28 18:54:49.503 E/Netd    (  949): exec() res=0, status=256 for /system/bin/iptables -w -F st_clear_caught 
12-28 18:54:49.512 I/ip6tables(  949): ip6tables: No chain/target/match by that name.
12-28 18:54:49.520 I/ip6tables(  949): ip6tables terminated by exit(1)
12-28 18:54:49.520 E/Netd    (  949): exec() res=0, status=256 for /system/bin/ip6tables -w -F st_clear_caught 
12-28 18:54:49.522 I/iptables(  949): iptables: No chain/target/match by that name.
12-28 18:54:49.522 I/iptables(  949): iptables terminated by exit(1)
12-28 18:54:49.522 E/Netd    (  949): exec() res=0, status=256 for /system/bin/iptables -w -F st_clear_detect 
12-28 18:54:49.534 I/ip6tables(  949): ip6tables: No chain/target/match by that name.
12-28 18:54:49.540 I/ip6tables(  949): ip6tables terminated by exit(1)
12-28 18:54:49.540 E/Netd    (  949): exec() res=0, status=256 for /system/bin/ip6tables -w -F st_clear_detect 
12-28 18:54:49.542 I/iptables(  949): iptables: No chain/target/match by that name.
12-28 18:54:49.543 I/iptables(  949): iptables terminated by exit(1)
12-28 18:54:49.543 E/Netd    (  949): exec() res=0, status=256 for /system/bin/iptables -w -X st_penalty_log 
12-28 18:54:49.552 I/ip6tables(  949): ip6tables: No chain/target/match by that name.
12-28 18:54:49.568 V/SystemUIService( 1464): Starting SystemUI services.
12-28 18:54:49.574 I/ip6tables(  949): ip6tables terminated by exit(1)
12-28 18:54:49.575 E/Netd    (  949): exec() res=0, status=256 for /system/bin/ip6tables -w -X st_penalty_log 
12-28 18:54:49.577 I/iptables(  949): iptables: No chain/target/match by that name.
12-28 18:54:49.577 I/iptables(  949): iptables terminated by exit(1)
12-28 18:54:49.577 E/Netd    (  949): exec() res=0, status=256 for /system/bin/iptables -w -X st_penalty_reject 
12-28 18:54:49.582 I/ip6tables(  949): ip6tables: No chain/target/match by that name.
12-28 18:54:49.590 I/ip6tables(  949): ip6tables terminated by exit(1)
12-28 18:54:49.590 E/Netd    (  949): exec() res=0, status=256 for /system/bin/ip6tables -w -X st_penalty_reject 
12-28 18:54:49.594 I/iptables(  949): iptables: No chain/target/match by that name.
12-28 18:54:49.621 I/iptables(  949): iptables terminated by exit(1)
12-28 18:54:49.622 E/Netd    (  949): exec() res=0, status=256 for /system/bin/iptables -w -X st_clear_caught 
12-28 18:54:49.624 I/ip6tables(  949): ip6tables: No chain/target/match by that name.
12-28 18:54:49.624 I/ip6tables(  949): ip6tables terminated by exit(1)
12-28 18:54:49.624 E/Netd    (  949): exec() res=0, status=256 for /system/bin/ip6tables -w -X st_clear_caught 
12-28 18:54:49.626 I/iptables(  949): iptables: No chain/target/match by that name.
12-28 18:54:49.626 I/iptables(  949): iptables terminated by exit(1)
12-28 18:54:49.626 E/Netd    (  949): exec() res=0, status=256 for /system/bin/iptables -w -X st_clear_detect 
12-28 18:54:49.628 I/ip6tables(  949): ip6tables: No chain/target/match by that name.
12-28 18:54:49.629 I/ip6tables(  949): ip6tables terminated by exit(1)
12-28 18:54:49.629 E/Netd    (  949): exec() res=0, status=256 for /system/bin/ip6tables -w -X st_clear_detect 
12-28 18:54:49.869 I/art     ( 1450): System.exit called, status: 0
12-28 18:54:49.869 I/AndroidRuntime( 1450): VM exiting with result code 0, cleanup skipped.
12-28 18:54:49.961 I/art     ( 1288): Background sticky concurrent mark sweep GC freed 25498(2MB) AllocSpace objects, 8(340KB) LOS objects, 19% free, 12MB/15MB, paused 12.188ms total 26.733ms
12-28 18:54:50.134 E/NetdConnector( 1288): NDC Command {7 strict enable} took too long (693ms)
12-28 18:54:50.143 I/ContactLocale( 1487): AddressBook Labels [en-US]: [, A, B, C, D, E, F, G, H, I, J, K, L, M, N, O, P, Q, R, S, T, U, V, W, X, Y, Z, , , , , , , , , , , , , , , , , , , , , , , , , , , , , , , , , , , , , , , , , , , , , , , , , , , , , , , , , , , , , , , , , , , , , , , , , , , , , , , , , , , , , , , , , , , , , , , , , , , , , , , , , , , , , , , , , , , , , , , , , , , , , , , , , , , , , , , , , , , , , , , , , , , , , , , , , , , , , , , , , , , , , , , , , , , , , , , , , , , , , , , , , , , #, ]
12-28 18:54:50.225 E/WVMExtractor( 1464): Failed to open libwvm.so: dlopen failed: library "libwvm.so" not found
12-28 18:54:50.262 D/PermissionMonitor( 1288): Monitoring
12-28 18:54:50.263 D/PermissionMonitor( 1288): Users: 1, Apps: 53
12-28 18:54:50.269 I/SystemServiceManager( 1288): Starting phase 600
12-28 18:54:50.271 E/BluetoothAdapter( 1288): Bluetooth binder is null
12-28 18:54:50.271 E/BluetoothAdapter( 1288): Bluetooth binder is null
12-28 18:54:50.274 I/AudioFlinger(  955): systemReady
12-28 18:54:50.310 I/BackupManagerService( 1288): Backup enabled => true
12-28 18:54:50.314 E/InputMethodManagerService( 1288): Ignoring updateSystemUiLocked due to an invalid token. uid:1000 token:null
12-28 18:54:50.317 W/InputMethodManagerService( 1288): Reset the default IME as "Resource" is ready here.
12-28 18:54:50.318 I/InputMethodManagerService( 1288): Selected default: com.android.inputmethod.latin/.LatinIME
12-28 18:54:50.360 I/ActivityManager( 1288): Start proc 1600:com.android.inputmethod.latin/u0a33 for service com.android.inputmethod.latin/.LatinIME
12-28 18:54:50.361 V/InputMethodManagerService( 1288): Adding window token: android.os.Binder@6a27fdc
12-28 18:54:50.363 I/ActivityManager( 1288): Config changes=20 {1.0 ?mcc?mnc en_US ldltr sw360dp w360dp h568dp 480dpi nrml port finger -keyb/v/h -nav/h s.5}
12-28 18:54:50.364 W/InputMethodManagerService( 1288): Illegal subtype state: old subtype = null, new subtype = android.view.inputmethod.InputMethodSubtype@c9194f98
12-28 18:54:50.381 I/art     ( 1600): Late-enabling JIT
12-28 18:54:50.384 I/art     ( 1600): JIT created with code_cache_capacity=2MB compile_threshold=1000
12-28 18:54:50.447 W/AppWidgetServiceImpl( 1288): Failed to read state: java.io.FileNotFoundException: /data/system/users/0/appwidgets.xml: open failed: ENOENT (No such file or directory)
12-28 18:54:50.447 V/AppWidgetServiceImpl( 1288): Upgrading widget database from 0 to 1
12-28 18:54:50.535 E/WVMExtractor( 1288): Failed to open libwvm.so: dlopen failed: library "libwvm.so" not found
12-28 18:54:50.548 W/System  ( 1288): ClassLoader referenced unknown path: /system/priv-app/FusedLocation/lib/x86
12-28 18:54:50.557 E/FlpHardwareProvider( 1288): Error hw_get_module 'flp': -2
12-28 18:54:50.558 E/LocationManagerService( 1288): FLP HAL not supported
12-28 18:54:50.563 E/ActivityRecognitionHardware( 1288): Error hw_get_module: -2
12-28 18:54:50.563 E/LocationManagerService( 1288): Hardware Activity-Recognition not supported.
12-28 18:54:50.569 I/CommonTimeManagementService( 1288): No common time service detected on this platform.  Common time services will be unavailable.
12-28 18:54:50.572 I/MmsServiceBroker( 1288): Delay connecting to MmsService until an API is called
12-28 18:54:50.574 D/MountService( 1288): onStartUser 0
12-28 18:54:50.574 D/VoldConnector( 1288): SND -> {23 volume user_started 0}
12-28 18:54:50.576 D/VoldConnector( 1288): RCV <- {200 23 Command succeeded}
12-28 18:54:50.577 W/VoiceInteractionManagerService( 1288): no available voice interaction services found for user 0
12-28 18:54:50.577 W/VoiceInteractionManagerService( 1288): no available voice recognition services found for user 0
12-28 18:54:50.580 V/WiredAccessoryManager( 1288): init()
12-28 18:54:50.581 I/InputReader( 1288): Reconfiguring input devices.  changes=0x00000020
12-28 18:54:50.583 I/InputReader( 1288): Reconfiguring input devices.  changes=0x00000010
12-28 18:54:50.594 I/ActivityManager( 1288): Start proc 1641:com.android.phone/1001 for added application com.android.phone
12-28 18:54:50.594 I/ActivityManager( 1288): START u0 {act=android.intent.action.MAIN cat=[android.intent.category.HOME] flg=0x10000000 cmp=com.android.settings/.CryptKeeper} from uid 0 on display 0
12-28 18:54:50.603 I/art     ( 1641): Late-enabling JIT
12-28 18:54:50.606 I/art     ( 1641): JIT created with code_cache_capacity=2MB compile_threshold=1000
12-28 18:54:50.624 W/OMXNodeInstance(  955): [f:google.mpeg2.decoder] component does not support metadata mode; using fallback
12-28 18:54:50.632 I/ActivityManager( 1288): Start proc 1657:com.android.settings:CryptKeeper/1000 for activity com.android.settings/.CryptKeeper
12-28 18:54:50.638 I/art     ( 1657): Late-enabling JIT
12-28 18:54:50.656 I/art     ( 1662): Late-enabling JIT
12-28 18:54:50.658 I/art     ( 1662): JIT created with code_cache_capacity=2MB compile_threshold=1000
12-28 18:54:50.661 I/ActivityManager( 1288): Start proc 1662:com.android.externalstorage/u0a6 for broadcast com.android.externalstorage/.MountReceiver
12-28 18:54:50.661 I/ActivityManager( 1288): Force stopping com.android.providers.media appid=10005 user=-1: vold reset
12-28 18:54:50.693 D/GpsNetInitiatedHandler( 1288): location enabled :true
12-28 18:54:50.699 I/art     ( 1657): JIT created with code_cache_capacity=2MB compile_threshold=1000
12-28 18:54:50.701 W/OMXNodeInstance(  955): [10:google.mpeg4.decoder] component does not support metadata mode; using fallback
12-28 18:54:50.702 W/OMXNodeInstance(  955): [11:google.h263.decoder] component does not support metadata mode; using fallback
12-28 18:54:50.714 D/SoftAVCDec(  955): Number of CPU cores: 1
12-28 18:54:50.734 W/OMXNodeInstance(  955): [12:google.h264.decoder] component does not support metadata mode; using fallback
12-28 18:54:50.734 D/SoftAVCDec(  955): Number of CPU cores: 1
12-28 18:54:50.746 D/SoftHEVC(  955): Number of CPU cores: 1
12-28 18:54:50.753 D/SoftHEVC(  955): Initializing decoder
12-28 18:54:50.757 D/SoftHEVC(  955): Set number of cores to 1
12-28 18:54:50.757 D/SoftHEVC(  955): Ittiam decoder version number: @(#)Id:HEVCDEC_production Ver:04.04 Released by ITTIAM Build: Nov  5 2015 @ 15:35:41
12-28 18:54:50.757 W/OMXNodeInstance(  955): [13:google.hevc.decoder] component does not support metadata mode; using fallback
12-28 18:54:50.757 D/SoftHEVC(  955): Freeing codec memory
12-28 18:54:50.758 D/SoftHEVC(  955): Number of CPU cores: 1
12-28 18:54:50.758 D/SoftHEVC(  955): Initializing decoder
12-28 18:54:50.758 D/SoftHEVC(  955): Set number of cores to 1
12-28 18:54:50.758 D/SoftHEVC(  955): Ittiam decoder version number: @(#)Id:HEVCDEC_production Ver:04.04 Released by ITTIAM Build: Nov  5 2015 @ 15:35:41
12-28 18:54:50.758 D/SoftHEVC(  955): In SoftHEVC::~SoftHEVC
12-28 18:54:50.758 D/SoftHEVC(  955): Freeing codec memory
12-28 18:54:50.777 W/OMXNodeInstance(  955): [14:google.vp8.decoder] component does not support metadata mode; using fallback
12-28 18:54:50.778 W/OMXNodeInstance(  955): [15:google.vp9.decoder] component does not support metadata mode; using fallback
12-28 18:54:50.789 I/SoftMPEG4Encoder(  955): Construct SoftMPEG4Encoder
12-28 18:54:50.789 W/ACodec  (  955): do not know color format 0x7f000789 = 2130708361
12-28 18:54:50.851 W/ACodec  (  955): do not know color format 0x7f000789 = 2130708361
12-28 18:54:50.851 I/SoftMPEG4Encoder(  955): Construct SoftMPEG4Encoder
12-28 18:54:50.852 W/ACodec  (  955): do not know color format 0x7f000789 = 2130708361
12-28 18:54:50.862 W/ACodec  (  955): do not know color format 0x7f000789 = 2130708361
12-28 18:54:50.884 D/GpsLocationProvider( 1288): Reset GPS properties, previous size = 0
12-28 18:54:50.885 D/GpsLocationProvider( 1288): GpsParamsResource: SUPL_HOST=supl.google.com
12-28 18:54:50.885 D/GpsLocationProvider( 1288): GpsParamsResource: SUPL_PORT=7275
12-28 18:54:50.885 D/GpsLocationProvider( 1288): GpsParamsResource: NTP_SERVER=north-america.pool.ntp.org
12-28 18:54:50.885 D/GpsLocationProvider( 1288): GpsParamsResource: SUPL_VER=0x20000
12-28 18:54:50.885 D/GpsLocationProvider( 1288): GpsParamsResource: SUPL_MODE=1
12-28 18:54:50.885 W/GpsLocationProvider( 1288): Could not open GPS configuration file /etc/gps.conf
12-28 18:54:50.885 D/GpsLocationProvider( 1288): GPS properties reloaded, size = 5
12-28 18:54:50.885 E/GpsLocationProvider( 1288): no AGPS interface in set_agps_server
12-28 18:54:50.885 W/art     ( 1288): Long monitor contention event with owner method=void com.android.server.am.ActivityManagerService.attachApplication(android.app.IApplicationThread) from ActivityManagerService.java:6186 waiters=0 for 191ms
12-28 18:54:50.901 W/MediaCodecList(  955): unable to open media codecs configuration xml file: /etc/media_codecs_performance.xml
12-28 18:54:50.902 W/MediaCodecList(  955): unable to open media codecs configuration xml file: /data/misc/media/media_codecs_profiling_results.xml
12-28 18:54:50.903 I/OMXClient( 1288): Using client-side OMX mux.
12-28 18:54:50.908 I/OMXClient( 1464): Using client-side OMX mux.
12-28 18:54:50.922 D/PermissionCache(  942): checking android.permission.HARDWARE_TEST for uid=1000 => granted (2288 us)
12-28 18:54:50.924 W/System  ( 1641): ClassLoader referenced unknown path: /system/priv-app/TeleService/lib/x86
12-28 18:54:50.938 E/GpsLocationProvider( 1288): no AGPS interface in set_agps_server
12-28 18:54:50.949 I/ActivityManager( 1288): Start proc 1709:com.android.printspooler/u0a44 for service com.android.printspooler/.model.PrintSpoolerService
12-28 18:54:50.955 W/System  ( 1662): ClassLoader referenced unknown path: /system/priv-app/ExternalStorageProvider/lib/x86
12-28 18:54:50.957 D/ExternalStorage( 1662): After updating volumes, found 0 active roots
12-28 18:54:50.958 D/ExternalStorage( 1662): After updating volumes, found 0 active roots
12-28 18:54:50.963 I/art     ( 1709): Late-enabling JIT
12-28 18:54:50.965 I/art     ( 1709): JIT created with code_cache_capacity=2MB compile_threshold=1000
12-28 18:54:50.989 I/FusedLocation( 1288): engine started (com.android.location.fused)
12-28 18:54:51.015 I/ActivityManager( 1288): Start proc 1724:com.google.android.gms.persistent/u0a7 for broadcast com.google.android.gms/com.google.android.location.internal.NlpNetworkProviderSettingsUpdateReceiver
12-28 18:54:51.026 I/art     ( 1724): Late-enabling JIT
12-28 18:54:51.028 I/art     ( 1724): JIT created with code_cache_capacity=2MB compile_threshold=1000
12-28 18:54:51.073 W/System  ( 1657): ClassLoader referenced unknown path: /system/priv-app/Settings/lib/x86
12-28 18:54:51.096 W/System  ( 1724): ClassLoader referenced unknown path: /system/priv-app/PrebuiltGmsCore/lib/x86
12-28 18:54:51.203 W/System  ( 1641): ClassLoader referenced unknown path: /system/priv-app/TelephonyProvider/lib/x86
12-28 18:54:51.222 I/OMXClient( 1288): Using client-side OMX mux.
12-28 18:54:51.413 I/AccountManagerService( 1288): getTypesVisibleToCaller: isPermitted? true
12-28 18:54:51.452 I/vol.Events( 1464): writeEvent collection_started
12-28 18:54:51.461 I/vol.Events( 1464): writeEvent external_ringer_mode_changed normal
12-28 18:54:51.461 I/vol.Events( 1464): writeEvent internal_ringer_mode_changed normal
12-28 18:54:51.575 I/PrintSpoolerService( 1709): No existing print spooler state.
12-28 18:54:51.612 I/OMXClient( 1464): Using client-side OMX mux.
12-28 18:54:51.628 D/CryptKeeper( 1657): Disabling component ComponentInfo{com.android.settings/com.android.settings.CryptKeeper}
12-28 18:54:51.639 I/OMXClient( 1288): Using client-side OMX mux.
12-28 18:54:51.722 I/vol.Events( 1464): writeEvent level_changed STREAM_ALARM 6
12-28 18:54:51.723 I/vol.Events( 1464): writeEvent level_changed STREAM_BLUETOOTH_SCO 7
12-28 18:54:51.723 I/vol.Events( 1464): writeEvent level_changed STREAM_MUSIC 11
12-28 18:54:51.724 I/vol.Events( 1464): writeEvent level_changed STREAM_RING 5
12-28 18:54:51.724 I/vol.Events( 1464): writeEvent level_changed STREAM_SYSTEM 5
12-28 18:54:51.724 I/vol.Events( 1464): writeEvent level_changed STREAM_VOICE_CALL 4
12-28 18:54:51.738 D/ContactDirectoryManager( 1487): Found com.android.exchange.directory.provider
12-28 18:54:51.764 I/ActivityManager( 1288): Start proc 1752:com.android.exchange/u0a30 for content provider com.android.exchange/.provider.ExchangeDirectoryProvider
12-28 18:54:51.786 I/art     ( 1752): Late-enabling JIT
12-28 18:54:51.788 I/art     ( 1752): JIT created with code_cache_capacity=2MB compile_threshold=1000
12-28 18:54:51.846 D/StorageNotification( 1464): Notifying about private volume: VolumeInfo{private}:
12-28 18:54:51.846 D/StorageNotification( 1464):     type=PRIVATE diskId=null partGuid=null mountFlags=0 mountUserId=-1 
12-28 18:54:51.846 D/StorageNotification( 1464):     state=MOUNTED 
12-28 18:54:51.846 D/StorageNotification( 1464):     fsType=null fsUuid=null fsLabel=null 
12-28 18:54:51.846 D/StorageNotification( 1464):     path=/data internalPath=null 
12-28 18:54:51.863 W/System  ( 1752): ClassLoader referenced unknown path: /system/app/Exchange2/lib/x86
12-28 18:54:52.251 I/OMXClient( 1288): Using client-side OMX mux.
12-28 18:54:52.351 I/OMXClient( 1288): Using client-side OMX mux.
12-28 18:54:52.363 I/OMXClient( 1464): Using client-side OMX mux.
12-28 18:54:52.532 I/OMXClient( 1288): Using client-side OMX mux.
12-28 18:54:52.629 I/art     ( 1779): Late-enabling JIT
12-28 18:54:52.651 I/ActivityManager( 1288): Start proc 1779:com.android.music/u0a38 for broadcast com.android.music/.MediaButtonIntentReceiver
12-28 18:54:52.659 I/art     ( 1779): JIT created with code_cache_capacity=2MB compile_threshold=1000
12-28 18:54:52.680 W/art     ( 1779): Suspending all threads took: 21.351ms
12-28 18:54:52.711 W/System  ( 1779): ClassLoader referenced unknown path: /system/app/Music/lib/x86
