W/MountService( 1288): No primary storage defined yet; hacking together a stub
W/MediaProvider( 1795): Missing volume for /system/media/audio/notifications/Doink.ogg; assuming invalid
W/MountService( 1288): No primary storage defined yet; hacking together a stub
W/MediaProvider( 1795): Missing volume for /system/media/audio/notifications/DontPanic.ogg; assuming invalid
W/MountService( 1288): No primary storage defined yet; hacking together a stub
W/MediaProvider( 1795): Missing volume for /system/media/audio/notifications/Drip.ogg; assuming invalid
W/MountService( 1288): No primary storage defined yet; hacking together a stub
W/MediaProvider( 1795): Missing volume for /system/media/audio/notifications/Electra.ogg; assuming invalid
I/CheckinService( 1918): Checking schedule, now: 1451296527076 next: 1451338433037
I/CheckinService( 1918): active receiver: disabled
D/ChimeraCfgMgr( 1918): Loading module com.google.android.gms.kids from APK com.google.android.gms
D/ChimeraCfgMgr( 1918): Loading module com.google.android.gms.kids from APK com.google.android.gms
I/AccountManagerService( 1288): getTypesVisibleToCaller: isPermitted? true
I/AccountManagerService( 1288): getTypesVisibleToCaller: isPermitted? true
V/GLSActivity( 1836): AuthDelegateWrapperCreated with selected intent: Intent { cmp=com.google.android.gms/.auth.DefaultAuthDelegateService }
I/AccountManagerService( 1288): getTypesVisibleToCaller: isPermitted? true
V/GLSActivity( 1836): AuthDelegateWrapperCreated with selected intent: Intent { cmp=com.google.android.gms/.auth.DefaultAuthDelegateService }
D/GCM     ( 1836): GcmService start Intent { act=com.google.android.checkin.CHECKIN_COMPLETE flg=0x10 cmp=com.google.android.gms/.gcm.GcmService (has extras) } com.google.android.checkin.CHECKIN_COMPLETE
D/GCM     ( 1836): GcmService start Intent { act=com.google.android.c2dm.intent.REGISTER pkg=com.google.android.gms cmp=com.google.android.gms/.gcm.GcmService (has extras) } com.google.android.c2dm.intent.REGISTER
W/MountService( 1288): No primary storage defined yet; hacking together a stub
W/MediaProvider( 1795): Missing volume for /system/media/audio/notifications/F1_MissedCall.ogg; assuming invalid
W/MountService( 1288): No primary storage defined yet; hacking together a stub
W/MediaProvider( 1795): Missing volume for /system/media/audio/notifications/F1_New_MMS.ogg; assuming invalid
W/MountService( 1288): No primary storage defined yet; hacking together a stub
W/MediaProvider( 1795): Missing volume for /system/media/audio/notifications/F1_New_SMS.ogg; assuming invalid
W/MountService( 1288): No primary storage defined yet; hacking together a stub
W/MediaProvider( 1795): Missing volume for /system/media/audio/notifications/Fluorine.ogg; assuming invalid
W/MountService( 1288): No primary storage defined yet; hacking together a stub
W/MediaProvider( 1795): Missing volume for /system/media/audio/notifications/Fomalhaut.ogg; assuming invalid
W/MountService( 1288): No primary storage defined yet; hacking together a stub
W/MediaProvider( 1795): Missing volume for /system/media/audio/notifications/Gallium.ogg; assuming invalid
W/MountService( 1288): No primary storage defined yet; hacking together a stub
W/MediaProvider( 1795): Missing volume for /system/media/audio/notifications/Heaven.ogg; assuming invalid
W/MountService( 1288): No primary storage defined yet; hacking together a stub
W/MediaProvider( 1795): Missing volume for /system/media/audio/notifications/Helium.ogg; assuming invalid
W/MountService( 1288): No primary storage defined yet; hacking together a stub
W/MediaProvider( 1795): Missing volume for /system/media/audio/notifications/Highwire.ogg; assuming invalid
W/MountService( 1288): No primary storage defined yet; hacking together a stub
W/MediaProvider( 1795): Missing volume for /system/media/audio/notifications/Hojus.ogg; assuming invalid
W/MountService( 1288): No primary storage defined yet; hacking together a stub
W/MediaProvider( 1795): Missing volume for /system/media/audio/notifications/Iridium.ogg; assuming invalid
W/MountService( 1288): No primary storage defined yet; hacking together a stub
W/MediaProvider( 1795): Missing volume for /system/media/audio/notifications/Krypton.ogg; assuming invalid
W/MountService( 1288): No primary storage defined yet; hacking together a stub
W/MediaProvider( 1795): Missing volume for /system/media/audio/notifications/KzurbSonar.ogg; assuming invalid
W/MountService( 1288): No primary storage defined yet; hacking together a stub
W/MediaProvider( 1795): Missing volume for /system/media/audio/notifications/Lalande.ogg; assuming invalid
W/MountService( 1288): No primary storage defined yet; hacking together a stub
W/MediaProvider( 1795): Missing volume for /system/media/audio/notifications/Merope.ogg; assuming invalid
W/MountService( 1288): No primary storage defined yet; hacking together a stub
W/MediaProvider( 1795): Missing volume for /system/media/audio/notifications/Mira.ogg; assuming invalid
W/MountService( 1288): No primary storage defined yet; hacking together a stub
W/MediaProvider( 1795): Missing volume for /system/media/audio/notifications/OnTheHunt.ogg; assuming invalid
D/DownloadManager( 1795): [2] Finished with status SUCCESS
D/ChimeraCfgMgr( 1918): Loading module com.google.android.gms.vision from APK com.google.android.gms
I/Vision  ( 1918): Supported ABIS: [x86]
D/ChimeraCfgMgr( 1918): Loading module com.google.android.gms.vision from APK com.google.android.gms
V/AuthZen ( 1918): Received broadcast action: com.google.android.gms.gcm.REGISTERED
V/AuthZen ( 1918): Handling intent: com.google.android.gms.gcm.REGISTERED
D/AuthZenEventHandler( 1918): Handling event: com.google.android.gms.gcm.REGISTERED
I/AccountManagerService( 1288): getTypesVisibleToCaller: isPermitted? true
I/AccountManagerService( 1288): getTypesVisibleToCaller: isPermitted? true
V/DownloadManager( 1795): Deleting /data/user/0/com.android.providers.downloads/cache/params_chname_e14273c.dat via provider delete
I/AccountManagerService( 1288): getTypesVisibleToCaller: isPermitted? true
I/GCoreUlr( 1724): GCM registration ID changed
I/AccountManagerService( 1288): getTypesVisibleToCaller: isPermitted? true
E/MDM     ( 1918): [1] SitrepService.a: No Google accounts; deferring server state update.
I/InputReader( 1288): Reconfiguring input devices.  changes=0x00000010
I/InputReader( 1288): Reconfiguring input devices.  changes=0x00000010
I/InputReader( 1288): Reconfiguring input devices.  changes=0x00000010
D/PackageBroadcastService( 1918): Received broadcast action=android.intent.action.PACKAGE_CHANGED and uri=com.google.android.apps.messaging
I/PeopleContactsSync( 1918): CP2 sync disabled
W/art     ( 1288): Long monitor contention event with owner method=void com.android.server.am.BroadcastQueue.processNextBroadcast(boolean) from BroadcastQueue.java:639 waiters=3 for 107ms
I/InputReader( 1288): Reconfiguring input devices.  changes=0x00000010
D/PackageBroadcastService( 1918): Received broadcast action=android.intent.action.PACKAGE_CHANGED and uri=com.android.calendar
I/PeopleContactsSync( 1918): CP2 sync disabled
I/InputReader( 1288): Reconfiguring input devices.  changes=0x00000010
D/PackageBroadcastService( 1918): Received broadcast action=android.intent.action.PACKAGE_CHANGED and uri=com.google.android.gms
I/PackageBroadcastService( 1918): Null package name or gms related package.  Ignoreing.
W/art     ( 1724): Long monitor contention event with owner method=android.content.IContentProvider android.app.ActivityThread.acquireExistingProvider(android.content.Context, java.lang.String, int, boolean) from ActivityThread.java:4864 waiters=0 for 227ms
D/PackageBroadcastService( 1918): Received broadcast action=android.intent.action.PACKAGE_CHANGED and uri=com.google.android.gsf
I/PeopleContactsSync( 1918): CP2 sync disabled
W/BackupManagerService( 1288): dataChanged but no participant pkg='com.android.launcher3' uid=10008
W/art     ( 1724): Long monitor contention event with owner method=boolean android.app.ActivityThread.releaseProvider(android.content.IContentProvider, boolean) from ActivityThread.java:4898 waiters=0 for 225ms
D/PackageBroadcastService( 1918): Received broadcast action=android.intent.action.PACKAGE_CHANGED and uri=com.android.inputmethod.latin
I/Icing   ( 1918): updateResources: need to parse f{com.google.android.gms}
D/PackageBroadcastService( 1918): Received broadcast action=android.intent.action.PACKAGE_CHANGED and uri=com.android.email
I/PeopleContactsSync( 1918): CP2 sync disabled
V/GmsNetworkLocationProvi( 1724): DISABLE
I/GCoreNlp( 1724): shouldConfirmNlp, NLP off. Ensuring opt-in disabled
I/GlobalDismissManager( 2152): no sender configured
D/AlertService( 2152): Beginning updateAlertNotification
D/AlertService( 2152): No fired or scheduled alerts
D/AlertService( 2152): Scheduling next alarm with AlarmScheduler. sEventReminderReceived: null
D/AlarmScheduler( 2152): No events found starting within 1 week.
W/MountService( 1288): No primary storage defined yet; hacking together a stub
W/MediaProvider( 1795): Missing volume for /system/media/audio/ringtones; assuming invalid
W/MountService( 1288): No primary storage defined yet; hacking together a stub
W/MediaProvider( 1795): Missing volume for /system/media/audio/notifications/Palladium.ogg; assuming invalid
W/MountService( 1288): No primary storage defined yet; hacking together a stub
W/MediaProvider( 1795): Missing volume for /system/media/audio/notifications/Plastic_Pipe.ogg; assuming invalid
W/MountService( 1288): No primary storage defined yet; hacking together a stub
W/MediaProvider( 1795): Missing volume for /system/media/audio/notifications/Polaris.ogg; assuming invalid
W/MountService( 1288): No primary storage defined yet; hacking together a stub
W/MountService( 1288): No primary storage defined yet; hacking together a stub
W/MountService( 1288): No primary storage defined yet; hacking together a stub
E/MetadataRetrieverClient(  955): failed to extract an album art
W/MountService( 1288): No primary storage defined yet; hacking together a stub
W/MountService( 1288): No primary storage defined yet; hacking together a stub
W/MediaProvider( 1795): Missing volume for /system/media/audio/notifications/Pollux.ogg; assuming invalid
W/MountService( 1288): No primary storage defined yet; hacking together a stub
W/MediaProvider( 1795): Missing volume for /system/media/audio/notifications/Procyon.ogg; assuming invalid
W/MountService( 1288): No primary storage defined yet; hacking together a stub
W/MediaProvider( 1795): Missing volume for /system/media/audio/notifications/Proxima.ogg; assuming invalid
W/MountService( 1288): No primary storage defined yet; hacking together a stub
W/MediaProvider( 1795): Missing volume for /system/media/audio/notifications/Radon.ogg; assuming invalid
W/MountService( 1288): No primary storage defined yet; hacking together a stub
W/MediaProvider( 1795): Missing volume for /system/media/audio/notifications/Rubidium.ogg; assuming invalid
W/MountService( 1288): No primary storage defined yet; hacking together a stub
W/MediaProvider( 1795): Missing volume for /system/media/audio/notifications/Selenium.ogg; assuming invalid
W/MountService( 1288): No primary storage defined yet; hacking together a stub
W/MediaProvider( 1795): Missing volume for /system/media/audio/notifications/Shaula.ogg; assuming invalid
W/MountService( 1288): No primary storage defined yet; hacking together a stub
W/MediaProvider( 1795): Missing volume for /system/media/audio/notifications/Sirrah.ogg; assuming invalid
W/MountService( 1288): No primary storage defined yet; hacking together a stub
W/MediaProvider( 1795): Missing volume for /system/media/audio/notifications/SpaceSeed.ogg; assuming invalid
W/MountService( 1288): No primary storage defined yet; hacking together a stub
W/MediaProvider( 1795): Missing volume for /system/media/audio/notifications/Spica.ogg; assuming invalid
W/MountService( 1288): No primary storage defined yet; hacking together a stub
W/MediaProvider( 1795): Missing volume for /system/media/audio/notifications/Strontium.ogg; assuming invalid
W/MountService( 1288): No primary storage defined yet; hacking together a stub
W/MediaProvider( 1795): Missing volume for /system/media/audio/notifications/Syrma.ogg; assuming invalid
W/MountService( 1288): No primary storage defined yet; hacking together a stub
W/MediaProvider( 1795): Missing volume for /system/media/audio/notifications/TaDa.ogg; assuming invalid
W/MountService( 1288): No primary storage defined yet; hacking together a stub
W/MediaProvider( 1795): Missing volume for /system/media/audio/notifications/Talitha.ogg; assuming invalid
W/MountService( 1288): No primary storage defined yet; hacking together a stub
W/MediaProvider( 1795): Missing volume for /system/media/audio/notifications/Tejat.ogg; assuming invalid
W/MountService( 1288): No primary storage defined yet; hacking together a stub
W/MediaProvider( 1795): Missing volume for /system/media/audio/notifications/Thallium.ogg; assuming invalid
W/MountService( 1288): No primary storage defined yet; hacking together a stub
W/MediaProvider( 1795): Missing volume for /system/media/audio/notifications/Tinkerbell.ogg; assuming invalid
W/MountService( 1288): No primary storage defined yet; hacking together a stub
W/MediaProvider( 1795): Missing volume for /system/media/audio/notifications/Upsilon.ogg; assuming invalid
W/MountService( 1288): No primary storage defined yet; hacking together a stub
W/MediaProvider( 1795): Missing volume for /system/media/audio/notifications/Vega.ogg; assuming invalid
W/MountService( 1288): No primary storage defined yet; hacking together a stub
W/MediaProvider( 1795): Missing volume for /system/media/audio/notifications/Voila.ogg; assuming invalid
W/MountService( 1288): No primary storage defined yet; hacking together a stub
W/MediaProvider( 1795): Missing volume for /system/media/audio/notifications/Xenon.ogg; assuming invalid
W/MountService( 1288): No primary storage defined yet; hacking together a stub
W/MediaProvider( 1795): Missing volume for /system/media/audio/notifications/Zirconium.ogg; assuming invalid
W/MountService( 1288): No primary storage defined yet; hacking together a stub
W/MediaProvider( 1795): Missing volume for /system/media/audio/notifications/arcturus.ogg; assuming invalid
W/MountService( 1288): No primary storage defined yet; hacking together a stub
W/MediaProvider( 1795): Missing volume for /system/media/audio/notifications/moonbeam.ogg; assuming invalid
W/MountService( 1288): No primary storage defined yet; hacking together a stub
W/MediaProvider( 1795): Missing volume for /system/media/audio/notifications/pixiedust.ogg; assuming invalid
W/MountService( 1288): No primary storage defined yet; hacking together a stub
W/MediaProvider( 1795): Missing volume for /system/media/audio/notifications/pizzicato.ogg; assuming invalid
W/MountService( 1288): No primary storage defined yet; hacking together a stub
W/MediaProvider( 1795): Missing volume for /system/media/audio/notifications/regulus.ogg; assuming invalid
W/MountService( 1288): No primary storage defined yet; hacking together a stub
W/MediaProvider( 1795): Missing volume for /system/media/audio/notifications/sirius.ogg; assuming invalid
W/MountService( 1288): No primary storage defined yet; hacking together a stub
W/MediaProvider( 1795): Missing volume for /system/media/audio/notifications/tweeters.ogg; assuming invalid
W/MountService( 1288): No primary storage defined yet; hacking together a stub
W/MediaProvider( 1795): Missing volume for /system/media/audio/notifications/vega.ogg; assuming invalid
W/MountService( 1288): No primary storage defined yet; hacking together a stub
W/MountService( 1288): No primary storage defined yet; hacking together a stub
W/MountService( 1288): No primary storage defined yet; hacking together a stub
W/MountService( 1288): No primary storage defined yet; hacking together a stub
W/MediaProvider( 1795): Missing volume for /system/media/audio/ringtones/ANDROMEDA.ogg; assuming invalid
E/MetadataRetrieverClient(  955): failed to extract an album art
W/MountService( 1288): No primary storage defined yet; hacking together a stub
I/art     ( 1795): Waiting for a blocking GC DisableMovingGc
I/art     ( 1795): Starting a blocking GC DisableMovingGc
W/MediaScanner( 1795): Error opening directory '/oem/media/', skipping: No such file or directory.
W/MountService( 1288): No primary storage defined yet; hacking together a stub
W/MediaProvider( 1795): Missing volume for /system/media/audio/ui; assuming invalid
W/MountService( 1288): No primary storage defined yet; hacking together a stub
W/MediaProvider( 1795): Missing volume for /system/media/audio/ringtones/Andromeda.ogg; assuming invalid
W/MountService( 1288): No primary storage defined yet; hacking together a stub
W/MediaProvider( 1795): Missing volume for /system/media/audio/ringtones/Aquila.ogg; assuming invalid
W/MountService( 1288): No primary storage defined yet; hacking together a stub
W/MediaProvider( 1795): Missing volume for /system/media/audio/ringtones/ArgoNavis.ogg; assuming invalid
W/MountService( 1288): No primary storage defined yet; hacking together a stub
W/MediaProvider( 1795): Missing volume for /system/media/audio/ringtones/Atria.ogg; assuming invalid
W/MountService( 1288): No primary storage defined yet; hacking together a stub
W/MediaProvider( 1795): Missing volume for /system/media/audio/ringtones/BOOTES.ogg; assuming invalid
W/MountService( 1288): No primary storage defined yet; hacking together a stub
W/MediaProvider( 1795): Missing volume for /system/media/audio/ringtones/Backroad.ogg; assuming invalid
W/MountService( 1288): No primary storage defined yet; hacking together a stub
W/MediaProvider( 1795): Missing volume for /system/media/audio/ringtones/BeatPlucker.ogg; assuming invalid
W/MountService( 1288): No primary storage defined yet; hacking together a stub
W/MediaProvider( 1795): Missing volume for /system/media/audio/ringtones/BentleyDubs.ogg; assuming invalid
W/MountService( 1288): No primary storage defined yet; hacking together a stub
W/MediaProvider( 1795): Missing volume for /system/media/audio/ringtones/Big_Easy.ogg; assuming invalid
W/MountService( 1288): No primary storage defined yet; hacking together a stub
W/MediaProvider( 1795): Missing volume for /system/media/audio/ringtones/BirdLoop.ogg; assuming invalid
W/MountService( 1288): No primary storage defined yet; hacking together a stub
W/MediaProvider( 1795): Missing volume for /system/media/audio/ringtones/Bollywood.ogg; assuming invalid
W/MountService( 1288): No primary storage defined yet; hacking together a stub
W/MediaProvider( 1795): Missing volume for /system/media/audio/ringtones/BussaMove.ogg; assuming invalid
W/MountService( 1288): No primary storage defined yet; hacking together a stub
W/MediaProvider( 1795): Missing volume for /system/media/audio/ringtones/CANISMAJOR.ogg; assuming invalid
W/MountService( 1288): No primary storage defined yet; hacking together a stub
W/MediaProvider( 1795): Missing volume for /system/media/audio/ringtones/CASSIOPEIA.ogg; assuming invalid
W/MountService( 1288): No primary storage defined yet; hacking together a stub
W/MediaProvider( 1795): Missing volume for /system/media/audio/ringtones/Cairo.ogg; assuming invalid
W/MountService( 1288): No primary storage defined yet; hacking together a stub
W/MediaProvider( 1795): Missing volume for /system/media/audio/ringtones/Calypso_Steel.ogg; assuming invalid
W/MountService( 1288): No primary storage defined yet; hacking together a stub
W/MediaProvider( 1795): Missing volume for /system/media/audio/ringtones/CanisMajor.ogg; assuming invalid
W/MountService( 1288): No primary storage defined yet; hacking together a stub
W/MediaProvider( 1795): Missing volume for /system/media/audio/ringtones/CaribbeanIce.ogg; assuming invalid
W/MountService( 1288): No primary storage defined yet; hacking together a stub
W/MediaProvider( 1795): Missing volume for /system/media/audio/ringtones/Carina.ogg; assuming invalid
W/MountService( 1288): No primary storage defined yet; hacking together a stub
W/MediaProvider( 1795): Missing volume for /system/media/audio/ringtones/Centaurus.ogg; assuming invalid
W/MountService( 1288): No primary storage defined yet; hacking together a stub
W/MediaProvider( 1795): Missing volume for /system/media/audio/ringtones/Champagne_Edition.ogg; assuming invalid
W/MountService( 1288): No primary storage defined yet; hacking together a stub
W/MediaProvider( 1795): Missing volume for /system/media/audio/ringtones/Club_Cubano.ogg; assuming invalid
W/MountService( 1288): No primary storage defined yet; hacking together a stub
W/MediaProvider( 1795): Missing volume for /system/media/audio/ringtones/CrayonRock.ogg; assuming invalid
W/MountService( 1288): No primary storage defined yet; hacking together a stub
W/MediaProvider( 1795): Missing volume for /system/media/audio/ringtones/CrazyDream.ogg; assuming invalid
W/MountService( 1288): No primary storage defined yet; hacking together a stub
W/MediaProvider( 1795): Missing volume for /system/media/audio/ringtones/CurveBall.ogg; assuming invalid
W/MountService( 1288): No primary storage defined yet; hacking together a stub
W/MediaProvider( 1795): Missing volume for /system/media/audio/ringtones/Cygnus.ogg; assuming invalid
W/MountService( 1288): No primary storage defined yet; hacking together a stub
W/MediaProvider( 1795): Missing volume for /system/media/audio/ringtones/DancinFool.ogg; assuming invalid
W/MountService( 1288): No primary storage defined yet; hacking together a stub
W/MediaProvider( 1795): Missing volume for /system/media/audio/ringtones/Ding.ogg; assuming invalid
W/MountService( 1288): No primary storage defined yet; hacking together a stub
W/MediaProvider( 1795): Missing volume for /system/media/audio/ringtones/DonMessWivIt.ogg; assuming invalid
W/MountService( 1288): No primary storage defined yet; hacking together a stub
W/MediaProvider( 1795): Missing volume for /system/media/audio/ringtones/Draco.ogg; assuming invalid
W/MountService( 1288): No primary storage defined yet; hacking together a stub
W/MediaProvider( 1795): Missing volume for /system/media/audio/ringtones/DreamTheme.ogg; assuming invalid
W/MountService( 1288): No primary storage defined yet; hacking together a stub
W/MediaProvider( 1795): Missing volume for /system/media/audio/ringtones/Eastern_Sky.ogg; assuming invalid
W/MountService( 1288): No primary storage defined yet; hacking together a stub
W/MediaProvider( 1795): Missing volume for /system/media/audio/ringtones/Enter_the_Nexus.ogg; assuming invalid
W/MountService( 1288): No primary storage defined yet; hacking together a stub
W/MediaProvider( 1795): Missing volume for /system/media/audio/ringtones/Eridani.ogg; assuming invalid
W/MountService( 1288): No primary storage defined yet; hacking together a stub
W/MediaProvider( 1795): Missing volume for /system/media/audio/ringtones/EtherShake.ogg; assuming invalid
W/MountService( 1288): No primary storage defined yet; hacking together a stub
W/MediaProvider( 1795): Missing volume for /system/media/audio/ringtones/FreeFlight.ogg; assuming invalid
W/MountService( 1288): No primary storage defined yet; hacking together a stub
W/MediaProvider( 1795): Missing volume for /system/media/audio/ringtones/FriendlyGhost.ogg; assuming invalid
W/MountService( 1288): No primary storage defined yet; hacking together a stub
W/MediaProvider( 1795): Missing volume for /system/media/audio/ringtones/Funk_Yall.ogg; assuming invalid
W/MountService( 1288): No primary storage defined yet; hacking together a stub
W/MediaProvider( 1795): Missing volume for /system/media/audio/ringtones/GameOverGuitar.ogg; assuming invalid
W/MountService( 1288): No primary storage defined yet; hacking together a stub
W/MediaProvider( 1795): Missing volume for /system/media/audio/ringtones/Gimme_Mo_Town.ogg; assuming invalid
W/MountService( 1288): No primary storage defined yet; hacking together a stub
W/MediaProvider( 1795): Missing volume for /system/media/audio/ringtones/Girtab.ogg; assuming invalid
W/MountService( 1288): No primary storage defined yet; hacking together a stub
W/MediaProvider( 1795): Missing volume for /system/media/audio/ringtones/Glacial_Groove.ogg; assuming invalid
W/MountService( 1288): No primary storage defined yet; hacking together a stub
W/MediaProvider( 1795): Missing volume for /system/media/audio/ringtones/Growl.ogg; assuming invalid
W/MountService( 1288): No primary storage defined yet; hacking together a stub
W/MediaProvider( 1795): Missing volume for /system/media/audio/ringtones/HalfwayHome.ogg; assuming invalid
W/MountService( 1288): No primary storage defined yet; hacking together a stub
W/MediaProvider( 1795): Missing volume for /system/media/audio/ringtones/Hydra.ogg; assuming invalid
W/MountService( 1288): No primary storage defined yet; hacking together a stub
W/MediaProvider( 1795): Missing volume for /system/media/audio/ringtones/InsertCoin.ogg; assuming invalid
W/MountService( 1288): No primary storage defined yet; hacking together a stub
W/MediaProvider( 1795): Missing volume for /system/media/audio/ringtones/Kuma.ogg; assuming invalid
W/MountService( 1288): No primary storage defined yet; hacking together a stub
W/MediaProvider( 1795): Missing volume for /system/media/audio/ringtones/LoopyLounge.ogg; assuming invalid
W/MountService( 1288): No primary storage defined yet; hacking together a stub
W/MediaProvider( 1795): Missing volume for /system/media/audio/ringtones/LoveFlute.ogg; assuming invalid
W/MountService( 1288): No primary storage defined yet; hacking together a stub
W/MediaProvider( 1795): Missing volume for /system/media/audio/ringtones/Lyra.ogg; assuming invalid
W/MountService( 1288): No primary storage defined yet; hacking together a stub
W/MediaProvider( 1795): Missing volume for /system/media/audio/ringtones/Machina.ogg; assuming invalid
W/MountService( 1288): No primary storage defined yet; hacking together a stub
W/MediaProvider( 1795): Missing volume for /system/media/audio/ringtones/MidEvilJaunt.ogg; assuming invalid
W/MountService( 1288): No primary storage defined yet; hacking together a stub
W/MediaProvider( 1795): Missing volume for /system/media/audio/ringtones/MildlyAlarming.ogg; assuming invalid
W/MountService( 1288): No primary storage defined yet; hacking together a stub
W/MediaProvider( 1795): Missing volume for /system/media/audio/ringtones/Nairobi.ogg; assuming invalid
W/MountService( 1288): No primary storage defined yet; hacking together a stub
W/MediaProvider( 1795): Missing volume for /system/media/audio/ringtones/Nassau.ogg; assuming invalid
W/MountService( 1288): No primary storage defined yet; hacking together a stub
W/MediaProvider( 1795): Missing volume for /system/media/audio/ringtones/NewPlayer.ogg; assuming invalid
W/MountService( 1288): No primary storage defined yet; hacking together a stub
W/MediaProvider( 1795): Missing volume for /system/media/audio/ringtones/No_Limits.ogg; assuming invalid
W/MountService( 1288): No primary storage defined yet; hacking together a stub
W/MediaProvider( 1795): Missing volume for /system/media/audio/ringtones/Noises1.ogg; assuming invalid
W/MountService( 1288): No primary storage defined yet; hacking together a stub
W/MediaProvider( 1795): Missing volume for /system/media/audio/ringtones/Noises2.ogg; assuming invalid
W/MountService( 1288): No primary storage defined yet; hacking together a stub
W/MediaProvider( 1795): Missing volume for /system/media/audio/ringtones/Noises3.ogg; assuming invalid
W/MountService( 1288): No primary storage defined yet; hacking together a stub
W/MediaProvider( 1795): Missing volume for /system/media/audio/ringtones/OrganDub.ogg; assuming invalid
W/MountService( 1288): No primary storage defined yet; hacking together a stub
W/MediaProvider( 1795): Missing volume for /system/media/audio/ringtones/Orion.ogg; assuming invalid
W/MountService( 1288): No primary storage defined yet; hacking together a stub
W/MountService( 1288): No primary storage defined yet; hacking together a stub
W/MediaProvider( 1795): Missing volume for /system/media/audio/ringtones/PERSEUS.ogg; assuming invalid
W/MountService( 1288): No primary storage defined yet; hacking together a stub
W/MountService( 1288): No primary storage defined yet; hacking together a stub
W/MediaProvider( 1795): Missing volume for /system/media/audio/ringtones/Paradise_Island.ogg; assuming invalid
W/MountService( 1288): No primary storage defined yet; hacking together a stub
W/MountService( 1288): No primary storage defined yet; hacking together a stub
W/MediaProvider( 1795): Missing volume for /system/media/audio/ringtones/Pegasus.ogg; assuming invalid
W/MountService( 1288): No primary storage defined yet; hacking together a stub
W/MediaProvider( 1795): Missing volume for /system/media/audio/ringtones/Perseus.ogg; assuming invalid
E/MetadataRetrieverClient(  955): failed to extract an album art
W/MountService( 1288): No primary storage defined yet; hacking together a stub
W/MountService( 1288): No primary storage defined yet; hacking together a stub
W/MediaProvider( 1795): Missing volume for /system/media/audio/ringtones/Playa.ogg; assuming invalid
W/MountService( 1288): No primary storage defined yet; hacking together a stub
W/MediaProvider( 1795): Missing volume for /system/media/audio/ringtones/Pyxis.ogg; assuming invalid
W/MountService( 1288): No primary storage defined yet; hacking together a stub
W/MediaProvider( 1795): Missing volume for /system/media/audio/ringtones/Rasalas.ogg; assuming invalid
W/MountService( 1288): No primary storage defined yet; hacking together a stub
W/MediaProvider( 1795): Missing volume for /system/media/audio/ringtones/Revelation.ogg; assuming invalid
W/MountService( 1288): No primary storage defined yet; hacking together a stub
W/MediaProvider( 1795): Missing volume for /system/media/audio/ringtones/Rigel.ogg; assuming invalid
W/MountService( 1288): No primary storage defined yet; hacking together a stub
W/MediaProvider( 1795): Missing volume for /system/media/audio/ringtones/Ring_Classic_02.ogg; assuming invalid
W/MountService( 1288): No primary storage defined yet; hacking together a stub
W/MediaProvider( 1795): Missing volume for /system/media/audio/ringtones/Ring_Digital_02.ogg; assuming invalid
W/MountService( 1288): No primary storage defined yet; hacking together a stub
W/MediaProvider( 1795): Missing volume for /system/media/audio/ringtones/Ring_Synth_02.ogg; assuming invalid
W/MountService( 1288): No primary storage defined yet; hacking together a stub
W/MediaProvider( 1795): Missing volume for /system/media/audio/ringtones/Ring_Synth_04.ogg; assuming invalid
W/MountService( 1288): No primary storage defined yet; hacking together a stub
W/MediaProvider( 1795): Missing volume for /system/media/audio/ringtones/Road_Trip.ogg; assuming invalid
W/MountService( 1288): No primary storage defined yet; hacking together a stub
W/MediaProvider( 1795): Missing volume for /system/media/audio/ringtones/RomancingTheTone.ogg; assuming invalid
W/MountService( 1288): No primary storage defined yet; hacking together a stub
W/MediaProvider( 1795): Missing volume for /system/media/audio/ringtones/Safari.ogg; assuming invalid
W/MountService( 1288): No primary storage defined yet; hacking together a stub
W/MediaProvider( 1795): Missing volume for /system/media/audio/ringtones/Savannah.ogg; assuming invalid
W/MountService( 1288): No primary storage defined yet; hacking together a stub
W/MediaProvider( 1795): Missing volume for /system/media/audio/ringtones/Scarabaeus.ogg; assuming invalid
W/MountService( 1288): No primary storage defined yet; hacking together a stub
W/MediaProvider( 1795): Missing volume for /system/media/audio/ringtones/Sceptrum.ogg; assuming invalid
W/MountService( 1288): No primary storage defined yet; hacking together a stub
W/MediaProvider( 1795): Missing volume for /system/media/audio/ringtones/Seville.ogg; assuming invalid
W/MountService( 1288): No primary storage defined yet; hacking together a stub
W/MediaProvider( 1795): Missing volume for /system/media/audio/ringtones/Shes_All_That.ogg; assuming invalid
W/MountService( 1288): No primary storage defined yet; hacking together a stub
W/MediaProvider( 1795): Missing volume for /system/media/audio/ringtones/SilkyWay.ogg; assuming invalid
W/MountService( 1288): No primary storage defined yet; hacking together a stub
W/MediaProvider( 1795): Missing volume for /system/media/audio/ringtones/SitarVsSitar.ogg; assuming invalid
W/MountService( 1288): No primary storage defined yet; hacking together a stub
W/MediaProvider( 1795): Missing volume for /system/media/audio/ringtones/Solarium.ogg; assuming invalid
W/MountService( 1288): No primary storage defined yet; hacking together a stub
W/MediaProvider( 1795): Missing volume for /system/media/audio/ringtones/SpringyJalopy.ogg; assuming invalid
W/MountService( 1288): No primary storage defined yet; hacking together a stub
W/MediaProvider( 1795): Missing volume for /system/media/audio/ringtones/Steppin_Out.ogg; assuming invalid
W/MountService( 1288): No primary storage defined yet; hacking together a stub
W/MediaProvider( 1795): Missing volume for /system/media/audio/ringtones/Terminated.ogg; assuming invalid
W/MountService( 1288): No primary storage defined yet; hacking together a stub
W/MediaProvider( 1795): Missing volume for /system/media/audio/ringtones/Testudo.ogg; assuming invalid
W/MountService( 1288): No primary storage defined yet; hacking together a stub
W/MediaProvider( 1795): Missing volume for /system/media/audio/ringtones/Themos.ogg; assuming invalid
W/MountService( 1288): No primary storage defined yet; hacking together a stub
W/MediaProvider( 1795): Missing volume for /system/media/audio/ringtones/Third_Eye.ogg; assuming invalid
W/MountService( 1288): No primary storage defined yet; hacking together a stub
W/MediaProvider( 1795): Missing volume for /system/media/audio/ringtones/Thunderfoot.ogg; assuming invalid
W/MountService( 1288): No primary storage defined yet; hacking together a stub
W/MediaProvider( 1795): Missing volume for /system/media/audio/ringtones/TwirlAway.ogg; assuming invalid
W/MountService( 1288): No primary storage defined yet; hacking together a stub
W/MediaProvider( 1795): Missing volume for /system/media/audio/ringtones/URSAMINOR.ogg; assuming invalid
W/MountService( 1288): No primary storage defined yet; hacking together a stub
W/MediaProvider( 1795): Missing volume for /system/media/audio/ringtones/UrsaMinor.ogg; assuming invalid
W/MountService( 1288): No primary storage defined yet; hacking together a stub
W/MediaProvider( 1795): Missing volume for /system/media/audio/ringtones/VeryAlarmed.ogg; assuming invalid
W/MountService( 1288): No primary storage defined yet; hacking together a stub
W/MediaProvider( 1795): Missing volume for /system/media/audio/ringtones/Vespa.ogg; assuming invalid
W/MountService( 1288): No primary storage defined yet; hacking together a stub
W/MediaProvider( 1795): Missing volume for /system/media/audio/ringtones/World.ogg; assuming invalid
W/MountService( 1288): No primary storage defined yet; hacking together a stub
W/MediaProvider( 1795): Missing volume for /system/media/audio/ringtones/Zeta.ogg; assuming invalid
W/MountService( 1288): No primary storage defined yet; hacking together a stub
W/MediaProvider( 1795): Missing volume for /system/media/audio/ringtones/hydra.ogg; assuming invalid
W/MountService( 1288): No primary storage defined yet; hacking together a stub
W/MountService( 1288): No primary storage defined yet; hacking together a stub
W/MountService( 1288): No primary storage defined yet; hacking together a stub
E/MetadataRetrieverClient(  955): failed to extract an album art
W/MountService( 1288): No primary storage defined yet; hacking together a stub
W/MountService( 1288): No primary storage defined yet; hacking together a stub
W/MediaProvider( 1795): Missing volume for /system/media/audio/ui/Dock.ogg; assuming invalid
W/MountService( 1288): No primary storage defined yet; hacking together a stub
W/MediaProvider( 1795): Missing volume for /system/media/audio/ui/Effect_Tick.ogg; assuming invalid
W/MountService( 1288): No primary storage defined yet; hacking together a stub
W/MediaProvider( 1795): Missing volume for /system/media/audio/ui/KeypressDelete.ogg; assuming invalid
W/MountService( 1288): No primary storage defined yet; hacking together a stub
W/MediaProvider( 1795): Missing volume for /system/media/audio/ui/KeypressInvalid.ogg; assuming invalid
W/MountService( 1288): No primary storage defined yet; hacking together a stub
W/MediaProvider( 1795): Missing volume for /system/media/audio/ui/KeypressReturn.ogg; assuming invalid
W/MountService( 1288): No primary storage defined yet; hacking together a stub
W/MediaProvider( 1795): Missing volume for /system/media/audio/ui/KeypressSpacebar.ogg; assuming invalid
W/MountService( 1288): No primary storage defined yet; hacking together a stub
W/MediaProvider( 1795): Missing volume for /system/media/audio/ui/KeypressStandard.ogg; assuming invalid
W/MountService( 1288): No primary storage defined yet; hacking together a stub
W/MediaProvider( 1795): Missing volume for /system/media/audio/ui/Lock.ogg; assuming invalid
W/MountService( 1288): No primary storage defined yet; hacking together a stub
W/MediaProvider( 1795): Missing volume for /system/media/audio/ui/LowBattery.ogg; assuming invalid
W/MountService( 1288): No primary storage defined yet; hacking together a stub
W/MediaProvider( 1795): Missing volume for /system/media/audio/ui/Trusted.ogg; assuming invalid
W/MountService( 1288): No primary storage defined yet; hacking together a stub
W/MediaProvider( 1795): Missing volume for /system/media/audio/ui/Undock.ogg; assuming invalid
W/MountService( 1288): No primary storage defined yet; hacking together a stub
W/MediaProvider( 1795): Missing volume for /system/media/audio/ui/Unlock.ogg; assuming invalid
W/MountService( 1288): No primary storage defined yet; hacking together a stub
W/MediaProvider( 1795): Missing volume for /system/media/audio/ui/VideoRecord.ogg; assuming invalid
W/MountService( 1288): No primary storage defined yet; hacking together a stub
W/MediaProvider( 1795): Missing volume for /system/media/audio/ui/WirelessChargingStarted.ogg; assuming invalid
W/MountService( 1288): No primary storage defined yet; hacking together a stub
W/MediaProvider( 1795): Missing volume for /system/media/audio/ui/camera_click.ogg; assuming invalid
W/MountService( 1288): No primary storage defined yet; hacking together a stub
W/MediaProvider( 1795): Missing volume for /system/media/audio/ui/camera_focus.ogg; assuming invalid
W/MediaProvider( 1795): no database for scanned volume external
W/MountService( 1288): No primary storage defined yet; hacking together a stub
W/MountService( 1288): No primary storage defined yet; hacking together a stub
I/MediaProvider( 1795): Upgrading media database from version 0 to 800, which will destroy all old data
W/MountService( 1288): No primary storage defined yet; hacking together a stub
W/MountService( 1288): No primary storage defined yet; hacking together a stub
W/MountService( 1288): No primary storage defined yet; hacking together a stub
W/MountService( 1288): No primary storage defined yet; hacking together a stub
W/MountService( 1288): No primary storage defined yet; hacking together a stub
E/SQLiteLog( 1795): (1) no such table: album_info
W/MountService( 1288): No primary storage defined yet; hacking together a stub
W/MountService( 1288): No primary storage defined yet; hacking together a stub
W/MountService( 1288): No primary storage defined yet; hacking together a stub
W/MountService( 1288): No primary storage defined yet; hacking together a stub
W/MountService( 1288): No primary storage defined yet; hacking together a stub
W/MountService( 1288): No primary storage defined yet; hacking together a stub
W/MountService( 1288): No primary storage defined yet; hacking together a stub
W/MountService( 1288): No primary storage defined yet; hacking together a stub
W/MountService( 1288): No primary storage defined yet; hacking together a stub
W/MountService( 1288): No primary storage defined yet; hacking together a stub
W/MountService( 1288): No primary storage defined yet; hacking together a stub
W/MountService( 1288): No primary storage defined yet; hacking together a stub
W/MountService( 1288): No primary storage defined yet; hacking together a stub
D/MediaProvider( 1795): object removed 1
D/MediaProvider( 1795): object removed 2
D/MediaProvider( 1795): object removed 3
D/MediaProvider( 1795): object removed 4
D/MediaProvider( 1795): object removed 5
D/MediaProvider( 1795): object removed 6
D/MediaProvider( 1795): object removed 7
D/MediaProvider( 1795): object removed 8
D/MediaProvider( 1795): object removed 9
W/MediaScanner( 1795): Error opening directory '/sdcard/', skipping: No such file or directory.
V/MediaScanner( 1795): pruneDeadThumbnailFiles... android.database.sqlite.SQLiteCursor@dc2f490
V/MediaScanner( 1795): /pruneDeadThumbnailFiles... android.database.sqlite.SQLiteCursor@dc2f490
I/iu.UploadsManager( 1918): #reloadSettings(); account: -1; IU: disabled; IS: disabled; IS account: -1; photoWiFi: true; videoWiFi: true; roam: false; battery: true; size: FULL; maxMobile: 157286400
I/iu.UploadsManager( 1918): End new media; added: 0, uploading: 0, time: 27 ms
I/ActivityManager( 1288): Waited long enough for: ServiceRecord{181c7b u0 com.android.calendar/.alerts.InitAlarmsService}
D/DownloadManager( 1795): [1] Finished with status SUCCESS
D/ChimeraCfgMgr( 1918): Loading module com.google.android.gms.vision from APK com.google.android.gms
D/ChimeraCfgMgr( 1918): Loading module com.google.android.gms.vision from APK com.google.android.gms
I/ActivityManager( 1288): Killing 1662:com.android.externalstorage/u0a6 (adj 15): empty #17
V/DownloadManager( 1795): Deleting /data/user/0/com.android.providers.downloads/cache/libAppDataSearchExt_x86.v7.so via provider delete
I/InputReader( 1288): Reconfiguring input devices.  changes=0x00000010
I/CheckinService( 1918): Done disabling old GoogleServicesFramework version
D/PackageBroadcastService( 1918): Received broadcast action=android.intent.action.PACKAGE_CHANGED and uri=com.google.android.gsf
I/PeopleContactsSync( 1918): CP2 sync disabled
I/iu.UploadsManager( 1918): End new media; added: 0, uploading: 0, time: 58 ms
I/InputReader( 1288): Reconfiguring input devices.  changes=0x00000010
D/InitAlarmsService( 2152): Clearing and rescheduling alarms.
I/ActivityManager( 1288): Killing 1709:com.android.printspooler/u0a44 (adj 15): empty #17
D/PackageBroadcastService( 1918): Received broadcast action=android.intent.action.PACKAGE_CHANGED and uri=com.google.android.gsf
I/PeopleContactsSync( 1918): CP2 sync disabled
I/MediaFocusControl( 1288):  AudioFocus  abandonAudioFocus() from android.media.AudioManager@17f8e2acom.android.music.MediaPlaybackService$3@f1c841b
I/ActivityManager( 1288): Killing 1779:com.android.music/u0a38 (adj 15): empty #17
I/AccountManagerService( 1288): getTypesVisibleToCaller: isPermitted? true
I/VacuumService( 1836): Vacuum at: now=1451296647420 tag=VacuumService
D/GetConfigurationSnapshotOperation( 1836): no corresponding serverToken: com.google.android.gms.playlog.uploader, 1, 
I/PhenotypeFlagCommitter( 1836): Experiment Configs successfully retrieved for com.google.android.gms.playlog.uploader
I/GoogleURLConnFactory( 1836): Using platform SSLCertificateSocketFactory
D/GetCommittedConfigurationOperation( 1836): no corresponding serverToken: com.google.android.gms.playlog.uploader
I/AccountManagerService( 1288): getTypesVisibleToCaller: isPermitted? true
W/Uploader( 1836):  no longer exists, so no auth token.
D/GetCommittedConfigurationOperation( 1836): no corresponding serverToken: com.google.android.gms.playlog.uploader
V/GLSActivity( 1836): AuthDelegateWrapperCreated with selected intent: Intent { cmp=com.google.android.gms/.auth.DefaultAuthDelegateService }
I/GLSUser ( 1836): [ChannelManager] Attempting to channel bind connection HttpClient.
I/GLSUser ( 1836): [ChannelManager] Checking whether channelId is enabled. isEnabledGmsCore? false, isEnabledSdk? true, isAtLeastKitKat? true
W/GLSUser ( 1836): [DeviceKeyStore] Cannot load key: Device key file not found.
D/WVCdm   (  955): Instantiating CDM.
I/WVCdm   (  955): CdmEngine::OpenSession
I/WVCdm   (  955): Level3 Library Sep 28 2015 13:08:28
W/WVCdm   (  955): Could not read /data/mediadrm/IDM1013/ay64.dat2: No such file or directory
W/WVCdm   (  955): Could not load liboemcrypto.so. Falling back to L3.  dlopen failed: library "liboemcrypto.so" not found
W/WVCdm   (  955): DeviceFiles::RetrieveHashedFile: /data/mediadrm/IDM1013/L3/cert.bin does not exist
W/DroidGuardService( 2507): Waiting for device certificate provisioning.
W/DroidGuardService( 2507): com.google.android.gms.droidguard.e.c: Waiting for provisioning response from server.
W/DroidGuardService( 2507): 	at com.google.android.gms.droidguard.p.run(SourceFile:99)
W/DroidGuardService( 2507): 	at java.util.concurrent.ThreadPoolExecutor.runWorker(ThreadPoolExecutor.java:1113)
W/DroidGuardService( 2507): 	at java.util.concurrent.ThreadPoolExecutor$Worker.run(ThreadPoolExecutor.java:588)
W/DroidGuardService( 2507): 	at java.lang.Thread.run(Thread.java:818)
I/WVCdm   (  955): Level3 Library Sep 28 2015 13:08:28
W/WVCdm   (  955): Could not read /data/mediadrm/IDM1013/ay64.dat2: No such file or directory
W/WVCdm   (  955): Could not load liboemcrypto.so. Falling back to L3.  dlopen failed: library "liboemcrypto.so" not found
I/GoogleURLConnFactory( 2507): Using platform SSLCertificateSocketFactory
I/AccountManagerService( 1288): getTypesVisibleToCaller: isPermitted? true
I/GoogleURLConnFactory( 2507): Using platform SSLCertificateSocketFactory
D/GetCommittedConfigurationOperation( 1836): no corresponding serverToken: com.google.android.gms.playlog.uploader
W/GLSUser ( 1836): [AppCertManager] IOException while requesting key: 
W/GLSUser ( 1836): java.io.IOException: Invalid device key response.
W/GLSUser ( 1836): 	at com.google.android.gms.auth.be.appcert.a.a(SourceFile:268)
W/GLSUser ( 1836): 	at com.google.android.gms.auth.be.appcert.a.a(SourceFile:132)
W/GLSUser ( 1836): 	at com.google.android.gms.auth.be.appcert.b.a(SourceFile:43)
W/GLSUser ( 1836): 	at com.google.android.gms.auth.b.b.a(SourceFile:62)
W/GLSUser ( 1836): 	at com.google.android.gms.auth.b.a.a(SourceFile:120)
W/GLSUser ( 1836): 	at com.google.android.gms.auth.b.a.a(SourceFile:61)
W/GLSUser ( 1836): 	at com.google.android.gms.auth.be.cron.AuthCronService.a(SourceFile:44)
W/GLSUser ( 1836): 	at com.google.android.gms.gcm.al.run(SourceFile:135)
D/GetCommittedConfigurationOperation( 1836): no corresponding serverToken: com.google.android.gms.playlog.uploader
E/StrictMode( 1836): A resource was acquired at attached stack trace but never released. See java.io.Closeable for information on avoiding resource leaks.
E/StrictMode( 1836): java.lang.Throwable: Explicit termination method 'end' not called
E/StrictMode( 1836): 	at dalvik.system.CloseGuard.open(CloseGuard.java:180)
E/StrictMode( 1836): 	at java.util.zip.Inflater.<init>(Inflater.java:82)
E/StrictMode( 1836): 	at com.android.okhttp.okio.GzipSource.<init>(GzipSource.java:62)
E/StrictMode( 1836): 	at com.android.okhttp.internal.http.HttpEngine.unzip(HttpEngine.java:645)
E/StrictMode( 1836): 	at com.android.okhttp.internal.http.HttpEngine.readResponse(HttpEngine.java:827)
E/StrictMode( 1836): 	at com.android.okhttp.internal.huc.HttpURLConnectionImpl.execute(HttpURLConnectionImpl.java:439)
E/StrictMode( 1836): 	at com.android.okhttp.internal.huc.HttpURLConnectionImpl.getResponse(HttpURLConnectionImpl.java:384)
E/StrictMode( 1836): 	at com.android.okhttp.internal.huc.HttpURLConnectionImpl.getResponseCode(HttpURLConnectionImpl.java:497)
E/StrictMode( 1836): 	at com.android.okhttp.internal.huc.DelegatingHttpsURLConnection.getResponseCode(DelegatingHttpsURLConnection.java:105)
E/StrictMode( 1836): 	at com.android.okhttp.internal.huc.HttpsURLConnectionImpl.getResponseCode(HttpsURLConnectionImpl.java)
E/StrictMode( 1836): 	at com.google.android.gms.http.GoogleHttpClient.a(SourceFile:811)
E/StrictMode( 1836): 	at com.google.android.gms.http.GoogleHttpClient.a(SourceFile:776)
E/StrictMode( 1836): 	at com.google.android.gms.http.GoogleHttpClient.execute(SourceFile:676)
E/StrictMode( 1836): 	at com.google.android.gms.http.GoogleHttpClient.execute(SourceFile:660)
E/StrictMode( 1836): 	at com.google.android.gms.auth.be.j.a(SourceFile:220)
E/StrictMode( 1836): 	at com.google.android.gms.auth.be.appcert.a.a(SourceFile:263)
E/StrictMode( 1836): 	at com.google.android.gms.auth.be.appcert.a.a(SourceFile:132)
E/StrictMode( 1836): 	at com.google.android.gms.auth.be.appcert.b.a(SourceFile:43)
E/StrictMode( 1836): 	at com.google.android.gms.auth.b.b.a(SourceFile:62)
E/StrictMode( 1836): 	at com.google.android.gms.auth.b.a.a(SourceFile:120)
E/StrictMode( 1836): 	at com.google.android.gms.auth.b.a.a(SourceFile:61)
E/StrictMode( 1836): 	at com.google.android.gms.auth.be.cron.AuthCronService.a(SourceFile:44)
E/StrictMode( 1836): 	at com.google.android.gms.gcm.al.run(SourceFile:135)
D/GetConfigurationSnapshotOperation( 1836): no corresponding serverToken: com.google.android.gms.playlog.uploader, 1, 
I/PhenotypeFlagCommitter( 1836): Experiment Configs successfully retrieved for com.google.android.gms.playlog.uploader
I/GoogleURLConnFactory( 1836): Using platform SSLCertificateSocketFactory
D/GetCommittedConfigurationOperation( 1836): no corresponding serverToken: com.google.android.gms.playlog.uploader
W/AudioTrack( 1288): AUDIO_OUTPUT_FLAG_FAST denied by client; transfer 4, track 48000 Hz, output 44100 Hz
I/AccountManagerService( 1288): getTypesVisibleToCaller: isPermitted? true
