12-28 18:55:15.822  1288  1979 W art     : Long monitor contention event with owner method=java.util.List com.android.server.pm.PackageManagerService.queryIntentActivities(android.content.Intent, java.lang.String, int, int) from PackageManagerService.java:4534 waiters=1 for 204ms
12-28 18:55:15.823  1288  1321 I InputReader: Reconfiguring input devices.  changes=0x00000010
12-28 18:55:15.847  1724  1724 V GmsNetworkLocationProvi: DISABLE
12-28 18:55:15.864  1724  1724 I GCoreNlp: shouldConfirmNlp, NLP off. Ensuring opt-in disabled
12-28 18:55:16.097  1288  1288 W art     : Long monitor contention event with owner method=boolean com.android.server.am.ActivityManagerService.unbindService(android.app.IServiceConnection) from ActivityManagerService.java:15918 waiters=0 for 234ms
12-28 18:55:16.102  1288  2051 W art     : Long monitor contention event with owner method=boolean com.android.server.am.ActivityManagerService.unbindService(android.app.IServiceConnection) from ActivityManagerService.java:15918 waiters=1 for 239ms
12-28 18:55:16.104  1288  1369 W art     : Long monitor contention event with owner method=boolean com.android.server.am.ActivityManagerService.unbindService(android.app.IServiceConnection) from ActivityManagerService.java:15918 waiters=3 for 240ms
12-28 18:55:17.003  2152  2162 E StrictMode: A resource was acquired at attached stack trace but never released. See java.io.Closeable for information on avoiding resource leaks.
12-28 18:55:17.003  2152  2162 E StrictMode: java.lang.Throwable: Explicit termination method 'close' not called
12-28 18:55:17.003  2152  2162 E StrictMode: 	at dalvik.system.CloseGuard.open(CloseGuard.java:180)
12-28 18:55:17.003  2152  2162 E StrictMode: 	at android.content.ContentResolver$CursorWrapperInner.<init>(ContentResolver.java:2507)
12-28 18:55:17.003  2152  2162 E StrictMode: 	at android.content.ContentResolver.query(ContentResolver.java:515)
12-28 18:55:17.003  2152  2162 E StrictMode: 	at android.content.CursorLoader.loadInBackground(CursorLoader.java:64)
12-28 18:55:17.003  2152  2162 E StrictMode: 	at android.content.CursorLoader.loadInBackground(CursorLoader.java:56)
12-28 18:55:17.003  2152  2162 E StrictMode: 	at android.content.AsyncTaskLoader.onLoadInBackground(AsyncTaskLoader.java:312)
12-28 18:55:17.003  2152  2162 E StrictMode: 	at android.content.AsyncTaskLoader$LoadTask.doInBackground(AsyncTaskLoader.java:69)
12-28 18:55:17.003  2152  2162 E StrictMode: 	at android.content.AsyncTaskLoader$LoadTask.doInBackground(AsyncTaskLoader.java:66)
12-28 18:55:17.003  2152  2162 E StrictMode: 	at android.os.AsyncTask$2.call(AsyncTask.java:295)
12-28 18:55:17.003  2152  2162 E StrictMode: 	at java.util.concurrent.FutureTask.run(FutureTask.java:237)
12-28 18:55:17.003  2152  2162 E StrictMode: 	at java.util.concurrent.ThreadPoolExecutor.runWorker(ThreadPoolExecutor.java:1113)
12-28 18:55:17.003  2152  2162 E StrictMode: 	at java.util.concurrent.ThreadPoolExecutor$Worker.run(ThreadPoolExecutor.java:588)
12-28 18:55:17.003  2152  2162 E StrictMode: 	at java.lang.Thread.run(Thread.java:818)
12-28 18:55:17.003  2152  2162 W CursorWrapperInner: Cursor finalized without prior close()
12-28 18:55:17.281  1918  1918 D Volley  : [1] Request.finish: 4416 ms: [ ] https://www.google.com/ads/preferences/mobile_view?sig=jBki7Q1S1S_KlYtknwddKxoxtGbifoVx6fV61i4WZ22dL4pGtNMP15LkO8C_xtpWHXz07W2rD14Pttf0dcZNXM9_k5x_SvPE04s3T4TEudUfHhiIDS1fVS5lXEpoPz7blvotriPOkwAwsaixyAGmmPCepQjtHXFxBAG1iAk80ZmrGpxjzSRuXEl3b_iisqBeJkUlcuXvWIBAvWlbTfoVGKgqzDubFkbIkC3ZMrlkIu9UIwqkaQXHvkRC-YZsvrl07IkRfFRHilXu6IznlxUDr47yK7vKUIsJIWchcQG-Q0a4YNku3kzivoGpAxIgbWq7ht6hW4zk6xiDhgA7Ss1TrQ&vv=2 0xd61ac103 NORMAL 2
12-28 18:55:17.537  2288  2288 I dex2oat : dex2oat took 5.244s (threads: 1) arena alloc=232B java alloc=2031KB native alloc=2MB free=716KB
12-28 18:55:17.542  1918  2281 D DexOptUtils: Odex created at:/data/user/0/com.google.android.gms/app_chimera/chimera-module-root/module-a886ac3d22c09e46b3c7e9dc7e4e6d77da2aca9f/oat/x86/MapsModule.dex
12-28 18:55:17.542  1918  2281 D DexOptUtils: Set odex to world readable.
12-28 18:55:17.542  1918  2281 D DexOptUtils: Renamed odex to /data/user/0/com.google.android.gms/app_chimera/chimera-module-root/module-a886ac3d22c09e46b3c7e9dc7e4e6d77da2aca9f/oat/x86/MapsModule.odex
12-28 18:55:17.542  1918  2281 D FileApkUtils: Keeping up-to-date module: module-a886ac3d22c09e46b3c7e9dc7e4e6d77da2aca9f
12-28 18:55:17.542  1918  2281 D GmsModuleFndr: Beginning GMS chimera module scan
12-28 18:55:17.558  1288  1288 I FusedLocation: engine stopped (com.android.location.fused)
12-28 18:55:17.572  1918  2281 D GmsModuleFndr: Module pkg com.google.android.play.games not installed, skipping
12-28 18:55:17.572  1918  2281 D ChimeraCfgMgr: Beginning module configuration check
12-28 18:55:17.574  1918  2281 D ChimeraFileApk: Loading chimera manifest from FileApk(/data/user/0/com.google.android.gms/app_chimera/chimera-module-root/module-a886ac3d22c09e46b3c7e9dc7e4e6d77da2aca9f/MapsModule.apk)
12-28 18:55:17.575  1918  2281 D ChimeraCfgMgr: Considering module(com.google.android.gms.maps,v8185000) from FileApk(/data/user/0/com.google.android.gms/app_chimera/chimera-module-root/module-a886ac3d22c09e46b3c7e9dc7e4e6d77da2aca9f/MapsModule.apk)
12-28 18:55:17.575  1918  2281 D ChimeraModuleApk: Loading chimera manifest from ContainerApk(com.google.android.gms)
12-28 18:55:17.575  1918  2281 D ChimeraCfgMgr: Considering module(built-in,v0) from ContainerApk(com.google.android.gms)
12-28 18:55:17.575  1918  2281 D ChimeraCfgMgr: Considering module(com.google.android.gms.games,v1) from ContainerApk(com.google.android.gms)
12-28 18:55:17.575  1918  2281 D ChimeraCfgMgr: Considering module(com.google.android.gms.kids,v3) from ContainerApk(com.google.android.gms)
12-28 18:55:17.575  1918  2281 D ChimeraCfgMgr: Considering module(com.google.android.gms.vision,v1) from ContainerApk(com.google.android.gms)
12-28 18:55:17.575  1918  2281 D ChimeraCfgMgr: Considering module(com.google.android.gms.youtube,v1) from ContainerApk(com.google.android.gms)
12-28 18:55:17.575  1918  2281 D ChimeraCfgRslvr: Beginning module config resolution
12-28 18:55:17.576  1918  2281 D ChimeraCfgRslvr: module(built-in,v0) has no external dependencies, accepted
12-28 18:55:17.576  1918  2281 D ChimeraCfgRslvr: module(com.google.android.gms.youtube,v1) has no external dependencies, accepted
12-28 18:55:17.576  1918  2281 D ChimeraCfgRslvr: module(com.google.android.gms.games,v1) accepted
12-28 18:55:17.576  1918  2281 D ChimeraCfgRslvr: module(com.google.android.gms.kids,v3) accepted
12-28 18:55:17.576  1918  2281 D ChimeraCfgRslvr: module(com.google.android.gms.maps,v8185000) accepted
12-28 18:55:17.576  1918  2281 D ChimeraCfgRslvr: module(com.google.android.gms.vision,v1) accepted
12-28 18:55:17.576  1918  2281 D ChimeraCfgRslvr: Module config resolution complete
12-28 18:55:17.620  1836  2253 E copresGcore: ObfuscatedGaiaIdLookup: Could not load ObfuscatedGaiaIds: /data/user/0/com.google.android.gms/files/copresence_gaia_id: open failed: ENOENT (No such file or directory)
12-28 18:55:17.621  1288  1445 I AccountManagerService: getTypesVisibleToCaller: isPermitted? true
12-28 18:55:17.739  1836  2253 I copresGcore: EventLoop: Event al ran for 00:05.910
12-28 18:55:17.744  1918  2301 D Volley  : [137] BasicNetwork.logSlowRequests: HTTP response for request=<[ ] https://www.google.com/ads/preferences/mobile_view?sig=CVvssuxGeJTmAo4sizCkSOl6YuGenTuMhWBNDoA_D2Y0b-9ugdbytflfI3mQO5l83-mpsPsCdmehiIrnR7ER6669p6ZgptnS_w9Fk2BCRYcMzcX6iBW0r49f_0YeT3ft1cEHz8Noj2lw2o7ymJRfPjEjXJBanrPQI5Rdvv6gP-3IJKctFgdFrX3JOMVtyaXNWoA1RQ3Ca8z8IT3TPyxkmnLE-sfY4A-byCSOTTWn9OjfpTDPAAQRDCqodamBwBTEMXhR0MszNLiJ28PzGricwPKX_DQog5OXskq7qfVHc3l4Vi2fQRaK3gpb13iFipNGNhLMJuOOD-gk8Amsu2iWlw&vv=2 0xd61ac103 NORMAL 1> [lifetime=4506], [size=0], [rc=200], [retryCount=0]
12-28 18:55:17.744  1918  1918 D Volley  : [1] Request.finish: 4883 ms: [ ] https://www.google.com/ads/preferences/mobile_view?sig=CVvssuxGeJTmAo4sizCkSOl6YuGenTuMhWBNDoA_D2Y0b-9ugdbytflfI3mQO5l83-mpsPsCdmehiIrnR7ER6669p6ZgptnS_w9Fk2BCRYcMzcX6iBW0r49f_0YeT3ft1cEHz8Noj2lw2o7ymJRfPjEjXJBanrPQI5Rdvv6gP-3IJKctFgdFrX3JOMVtyaXNWoA1RQ3Ca8z8IT3TPyxkmnLE-sfY4A-byCSOTTWn9OjfpTDPAAQRDCqodamBwBTEMXhR0MszNLiJ28PzGricwPKX_DQog5OXskq7qfVHc3l4Vi2fQRaK3gpb13iFipNGNhLMJuOOD-gk8Amsu2iWlw&vv=2 0xd61ac103 NORMAL 1
12-28 18:55:18.169  2266  2266 W VideoCapabilities: Unrecognized profile/level 0/0 for video/mpeg2
12-28 18:55:18.170  2266  2266 W VideoCapabilities: Unrecognized profile/level 0/2 for video/mpeg2
12-28 18:55:18.170  2266  2266 W VideoCapabilities: Unrecognized profile/level 0/3 for video/mpeg2
12-28 18:55:18.185  2266  2266 I VideoCapabilities: Unsupported profile 4 for video/mp4v-es
12-28 18:55:18.197  2266  2336 I art     : Note: end time exceeds epoch: 
12-28 18:55:18.271  1918  2341 I Icing   : Storage manager: low false usage 0 Bytes avail 442.48MB capacity 541.34MB
12-28 18:55:18.325  2266  2266 I Bugle   : Carrier config changed. Reloading MMS config.
12-28 18:55:18.346  2266  2266 I BugleUsageStatistics: PlayLogger.onLoggerConnected
12-28 18:55:18.351  2266  2349 I Bugle   : Upgrading shared prefs from -1 to 1
12-28 18:55:18.385  1918  2354 D PackageBroadcastService: Received broadcast action=android.intent.action.PACKAGE_CHANGED and uri=com.google.android.gsf
12-28 18:55:18.394  1918  2356 I PeopleContactsSync: CP2 sync disabled
12-28 18:55:18.432  1918  1923 E StrictMode: A resource was acquired at attached stack trace but never released. See java.io.Closeable for information on avoiding resource leaks.
12-28 18:55:18.432  1918  1923 E StrictMode: java.lang.Throwable: Explicit termination method 'close' not called
12-28 18:55:18.432  1918  1923 E StrictMode: 	at dalvik.system.CloseGuard.open(CloseGuard.java:180)
12-28 18:55:18.432  1918  1923 E StrictMode: 	at dalvik.system.DexFile.<init>(DexFile.java:113)
12-28 18:55:18.432  1918  1923 E StrictMode: 	at dalvik.system.DexFile.loadDex(DexFile.java:151)
12-28 18:55:18.432  1918  1923 E StrictMode: 	at dalvik.system.DexPathList.loadDexFile(DexPathList.java:282)
12-28 18:55:18.432  1918  1923 E StrictMode: 	at dalvik.system.DexPathList.makePathElements(DexPathList.java:248)
12-28 18:55:18.432  1918  1923 E StrictMode: 	at dalvik.system.DexPathList.<init>(DexPathList.java:120)
12-28 18:55:18.432  1918  1923 E StrictMode: 	at dalvik.system.BaseDexClassLoader.<init>(BaseDexClassLoader.java:48)
12-28 18:55:18.432  1918  1923 E StrictMode: 	at dalvik.system.DexClassLoader.<init>(DexClassLoader.java:57)
12-28 18:55:18.432  1918  1923 E StrictMode: 	at com.google.android.chimera.container.f.a(SourceFile:66)
12-28 18:55:18.432  1918  1923 E StrictMode: 	at com.google.android.gms.chimera.container.FileApkService.onHandleIntent(SourceFile:115)
12-28 18:55:18.432  1918  1923 E StrictMode: 	at android.app.IntentService$ServiceHandler.handleMessage(IntentService.java:66)
12-28 18:55:18.432  1918  1923 E StrictMode: 	at android.os.Handler.dispatchMessage(Handler.java:102)
12-28 18:55:18.432  1918  1923 E StrictMode: 	at android.os.Looper.loop(Looper.java:148)
12-28 18:55:18.432  1918  1923 E StrictMode: 	at android.os.HandlerThread.run(HandlerThread.java:61)
12-28 18:55:18.434  1918  2358 D PackageBroadcastService: Received broadcast action=android.intent.action.PACKAGE_CHANGED and uri=com.android.settings
12-28 18:55:18.445  1918  2360 I PeopleContactsSync: CP2 sync disabled
12-28 18:55:18.726  1836  1836 D AuthorizationBluetoothService: Received GmsCore event: Intent { act=com.google.android.gms.INITIALIZE flg=0x10 pkg=com.google.android.gms cmp=com.google.android.gms/.auth.be.proximity.authorization.bt.AuthorizationBluetoothService$AutoStarter }.
12-28 18:55:18.726  1836  1836 E AuthorizationBluetoothService: Proximity feature is not enabled.
12-28 18:55:18.731  1836  1836 V GLSActivity: AuthDelegateWrapperCreated with selected intent: Intent { cmp=com.google.android.gms/.auth.DefaultAuthDelegateService }
12-28 18:55:18.731  1836  1836 V GLSActivity: AuthDelegateWrapperCreated with selected intent: Intent { cmp=com.google.android.gms/.auth.DefaultAuthDelegateService }
12-28 18:55:18.733  1288  2049 I AccountManagerService: getTypesVisibleToCaller: isPermitted? true
12-28 18:55:18.733  1288  1446 I AccountManagerService: getTypesVisibleToCaller: isPermitted? true
12-28 18:55:18.733  1288  2051 I AccountManagerService: getTypesVisibleToCaller: isPermitted? true
12-28 18:55:18.736  1918  1918 V GmsCoreStatsServiceLauncher: Received broadcast intent Intent { act=com.google.android.gms.INITIALIZE flg=0x10 pkg=com.google.android.gms cmp=com.google.android.gms/.common.stats.GmsCoreStatsServiceLauncher }
12-28 18:55:18.761  1918  2364 D LocationInitializer: Restart initialization of location
12-28 18:55:18.767  1288  1299 I AccountManagerService: getTypesVisibleToCaller: isPermitted? true
12-28 18:55:18.786  1836  2261 D GCM     : GcmService start Intent { act=com.google.android.gms.INITIALIZE flg=0x10 pkg=com.google.android.gms cmp=com.google.android.gms/.gcm.GcmService } com.google.android.gms.INITIALIZE
12-28 18:55:18.849  1918  1918 I SystemUpdateService: receiver: Intent { act=android.os.UpdateLock.UPDATE_LOCK_CHANGED flg=0x4000010 cmp=com.google.android.gms/.update.SystemUpdateService$ActiveReceiver (has extras) }
12-28 18:55:18.851  1918  1918 D SystemUpdateService: onCreate
12-28 18:55:18.868  1288  1288 I AccountManagerService: getTypesVisibleToCaller: isPermitted? true
12-28 18:55:18.880  1288  1931 I ActivityManager: Start proc 2370:com.android.keychain/1000 for service com.android.keychain/.KeyChainService
12-28 18:55:18.883  2370  2370 I art     : Late-enabling JIT
12-28 18:55:18.885  2370  2370 I art     : JIT created with code_cache_capacity=2MB compile_threshold=1000
12-28 18:55:18.887  1918  1918 D SystemUpdateService: onStartCommand: intent: Intent { cmp=com.google.android.gms/.update.SystemUpdateService }
12-28 18:55:18.918  1288  2385 I RecoverySystem: No recovery log file
12-28 18:55:18.952  1288  2385 I BootReceiver: Copying audit failures to DropBox
12-28 18:55:18.952  1288  2385 I BootReceiver: Checking for fsck errors
12-28 18:55:18.953  2370  2370 W System  : ClassLoader referenced unknown path: /system/app/KeyChain/lib/x86
12-28 18:55:18.962  2266  2340 W Bugle   : Rebuilt databases: reseting related state
12-28 18:55:18.963  1288  1447 I ActivityManager: Start proc 2387:com.android.dialer/u0a4 for broadcast com.android.dialer/.calllog.CallLogReceiver
12-28 18:55:18.964  2387  2387 I art     : Late-enabling JIT
12-28 18:55:18.966  2387  2387 I art     : JIT created with code_cache_capacity=2MB compile_threshold=1000
12-28 18:55:19.026  1918  2376 I SystemUpdateService: cancelUpdate (empty URL)
12-28 18:55:19.026  1918  2376 I SystemUpdateService: active receiver: disabled
12-28 18:55:19.045  1918  1918 D SystemUpdateService: onDestroy
12-28 18:55:19.076  2266  2349 I Bugle   : ApnsOta: OTA version -1
12-28 18:55:19.090  2266  2349 W Bugle   : canonicalizeMccMnc: invalid mccmnc:null ,null
12-28 18:55:19.123  1288  1979 D MmsServiceBroker: getCarrierConfigValues() by com.google.android.apps.messaging
12-28 18:55:19.123  1288  1979 W MmsServiceBroker: MmsService not connected. Try connecting...
12-28 18:55:19.123  1288  1288 I MmsServiceBroker: Connecting to MmsService
12-28 18:55:19.124  1288  1288 W ContextImpl: Calling a method in the system process without a qualified user: android.app.ContextImpl.bindService:1285 com.android.server.MmsServiceBroker.tryConnecting:240 com.android.server.MmsServiceBroker.-wrap3:-1 com.android.server.MmsServiceBroker$1.handleMessage:82 android.os.Handler.dispatchMessage:102 
12-28 18:55:19.127  1641  1641 W System  : ClassLoader referenced unknown path: /system/priv-app/MmsService/lib/x86
12-28 18:55:19.129  1641  1641 D MmsService: onCreate
12-28 18:55:19.130  1288  1288 I MmsServiceBroker: MmsService connected
12-28 18:55:19.131  1641  1950 D MmsService: getCarrierConfigValues
12-28 18:55:19.131  1641  1950 I MmsService: mms config for sub 1: null
12-28 18:55:19.132  2266  2349 I Bugle   : Carrier configs loaded: Bundle[{maxImageHeight=1944, maxMessageSize=1048576, maxImageWidth=2592}] from resources+system for subId=1
12-28 18:55:19.133  1641  2402 I MmsService: MmsConfigManager loads in background mcc/mnc: 310/260
12-28 18:55:19.139  2266  2351 I BugleDataModel: Fixup: Send failed - 0 Download failed - 0
12-28 18:55:19.189  2387  2387 W System  : ClassLoader referenced unknown path: /system/priv-app/Dialer/lib/x86
12-28 18:55:19.257  2387  2387 D ExtensionsFactory: No custom extensions.
12-28 18:55:19.297  1641  1641 V OtaStartupReceiver: onOtaspChanged: mOtaspMode=3
12-28 18:55:19.300  1288  1329 D WIFI    : Registering NetworkFactory
12-28 18:55:19.300  1288  1329 D WIFI_UT : Registering NetworkFactory
12-28 18:55:19.301  1288  1331 D ConnectivityService: Got NetworkFactory Messenger for WIFI
12-28 18:55:19.301  1288  1331 D ConnectivityService: Got NetworkFactory Messenger for WIFI_UT
12-28 18:55:19.303  1288  1329 D WIFI    : got request NetworkRequest [ id=1, legacyType=-1, [ Capabilities: INTERNET&NOT_RESTRICTED&TRUSTED&NOT_VPN] ] with score 50
12-28 18:55:19.303  1288  1329 D WIFI_UT : got request NetworkRequest [ id=1, legacyType=-1, [ Capabilities: INTERNET&NOT_RESTRICTED&TRUSTED&NOT_VPN] ] with score 50
12-28 18:55:19.393  1288  2049 I ActivityManager: Start proc 2407:com.android.managedprovisioning/u0a9 for broadcast com.android.managedprovisioning/.BootReminder
12-28 18:55:19.453  2407  2407 I art     : Late-enabling JIT
12-28 18:55:19.456  2407  2407 I art     : JIT created with code_cache_capacity=2MB compile_threshold=1000
12-28 18:55:19.465  1918  2341 I Icing   : Version not set, assuming clear data.
12-28 18:55:19.465  1918  2341 I Icing   : Clearing storage
12-28 18:55:19.638  2266  2350 I Bugle   : Downloading from https://www.gstatic.com/android/sms/sticker/sticker_sets_list-3.xml to /data/user/0/com.google.android.apps.messaging/files/sticker_sets_list-3.xml
12-28 18:55:19.657  2266  2425 I BugleDataModel: SyncMessagesAction: Starting batch for messages from -1 to 1451296518293 (message update limit = 80, message scan limit = 4000)
12-28 18:55:19.668  1918  2341 E Icing   : Loading extension /data/data/com.google.android.gms/files/libAppDataSearchExt_x86.so failed
12-28 18:55:19.694  2075  2075 D WearableService: callingUid 10007, callindPid: 2075
12-28 18:55:19.696  1724  2238 E MDM     : [110] b.run: Couldn't connect to Google API client: ConnectionResult{statusCode=API_UNAVAILABLE, resolution=null, message=null}
12-28 18:55:19.803  2266  2427 I BugleDataModel: SyncMessagesAction: All messages now in sync
12-28 18:55:19.839  1918  2341 E Icing   : Loading extension /data/data/com.google.android.gms/files/libAppDataSearchExt_x86.so failed
12-28 18:55:19.845  2407  2407 W System  : ClassLoader referenced unknown path: /system/priv-app/ManagedProvisioning/lib/x86
12-28 18:55:19.864  1288  2059 I AccountManagerService: getTypesVisibleToCaller: isPermitted? true
12-28 18:55:19.865  1918  2341 I Icing   : updateResources: need to parse f{com.google.android.gms}
12-28 18:55:19.882  1288  1369 W MountService: No primary storage defined yet; hacking together a stub
12-28 18:55:19.908  1288  1367 D CountryDetector: The first listener is added
12-28 18:55:20.072  1836  1836 V GLSActivity: AuthDelegateWrapperCreated with selected intent: Intent { cmp=com.google.android.gms/.auth.DefaultAuthDelegateService }
12-28 18:55:20.079  1836  2434 I Auth    : [Change,AccountsChange] First snapshot
12-28 18:55:20.081  1288  1367 I AccountManagerService: getTypesVisibleToCaller: isPermitted? true
12-28 18:55:20.083  1918  1918 V GmsCoreStatsServiceLauncher: Received broadcast intent Intent { act=android.intent.action.BOOT_COMPLETED flg=0x8000010 cmp=com.google.android.gms/.common.stats.GmsCoreStatsServiceLauncher (has extras) }
12-28 18:55:20.090  1288  1369 I AccountManagerService: getTypesVisibleToCaller: isPermitted? true
12-28 18:55:20.092  1836  1836 D PersistentNotificationBroadcastReceiver: Received intent: Intent { act=android.intent.action.BOOT_COMPLETED flg=0x8000010 cmp=com.google.android.gms/.common.notification.PersistentNotificationBroadcastReceiver (has extras) }
12-28 18:55:20.093  1288  2047 I AccountManagerService: getTypesVisibleToCaller: isPermitted? true
12-28 18:55:20.111  1288  1369 I AccountManagerService: getTypesVisibleToCaller: isPermitted? true
12-28 18:55:20.256  1918  2438 D FileApkUtils: Module already staged or being staged:chimera-modules/MapsModule.apk
12-28 18:55:20.256  1918  2438 D DexOptUtils: Module /data/user/0/com.google.android.gms/app_chimera/chimera-module-root/module-a886ac3d22c09e46b3c7e9dc7e4e6d77da2aca9f/MapsModule.apk is already optimized. Bailing.
12-28 18:55:20.256  1918  2438 D FileApkUtils: Keeping up-to-date module: module-a886ac3d22c09e46b3c7e9dc7e4e6d77da2aca9f
12-28 18:55:20.256  1918  2438 D GmsModuleFndr: Beginning GMS chimera module scan
12-28 18:55:20.257  1918  2438 D GmsModuleFndr: Module pkg com.google.android.play.games not installed, skipping
12-28 18:55:20.257  1918  2438 D ChimeraCfgMgr: Beginning module configuration check
12-28 18:55:20.258  1918  2438 D ChimeraCfgMgr: Module APKs unchanged, check complete
12-28 18:55:20.375  1918  2443 I GCoreUlr: Starting service, intent=Intent { act=com.google.android.location.reporting.ACTION_UPDATE_WORLD cmp=com.google.android.gms/com.google.android.location.reporting.service.DispatchingService (has extras) }, extras=Bundle[{receiverAction=android.intent.action.BOOT_COMPLETED}]
12-28 18:55:20.379  1724  1724 I GCoreUlr: DispatchingService.onCreate()
12-28 18:55:20.522  1918  1918 D SystemUpdateService: onCreate
12-28 18:55:20.524  1918  1918 D SystemUpdateService: onStartCommand: intent: Intent { cmp=com.google.android.gms/.update.SystemUpdateService (has extras) }
12-28 18:55:20.529  1918  1918 I ConfigFetchService: onStartCommand Intent { cmp=com.google.android.gms/.config.ConfigFetchService (has extras) }
12-28 18:55:20.535  1918  2453 V AuthZen : Handling intent: android.intent.action.BOOT_COMPLETED
12-28 18:55:20.535  1918  2453 D AuthZenEventHandler: Handling event: android.intent.action.BOOT_COMPLETED
12-28 18:55:20.536  1288  1446 I AccountManagerService: getTypesVisibleToCaller: isPermitted? true
12-28 18:55:20.537  1918  2453 D AuthZenTransactionCache: Initialized cache in: /data/user/0/com.google.android.gms/files
12-28 18:55:20.537  1918  2453 D AuthZenTransactionCache: Clearing transaction cache
12-28 18:55:20.565  1836  1836 I ConfigService: onCreate
12-28 18:55:20.666  1918  1918 D ChimeraCfgMgr: Loading module com.google.android.gms.kids from APK com.google.android.gms
12-28 18:55:20.677  1836  2230 D GCM     : GcmService start Intent { act=android.intent.action.BOOT_COMPLETED flg=0x8000010 cmp=com.google.android.gms/.gcm.GcmService (has extras) } android.intent.action.BOOT_COMPLETED
12-28 18:55:20.686  1288  2047 W MountService: No primary storage defined yet; hacking together a stub
12-28 18:55:20.688  1288  1445 W MountService: No primary storage defined yet; hacking together a stub
12-28 18:55:20.700  1918  1918 I ConfigFetchService: service connected
12-28 18:55:20.707  1288  2047 W MountService: No primary storage defined yet; hacking together a stub
12-28 18:55:20.712  1918  2341 I Icing   : Internal init done: storage state 0
12-28 18:55:20.729  1918  1918 D ChimeraCfgMgr: Loading module com.google.android.gms.kids from APK com.google.android.gms
12-28 18:55:20.755  1288  1369 I AccountManagerService: getTypesVisibleToCaller: isPermitted? true
12-28 18:55:20.764  1918  1918 D ConfigFetchService: ConfigApi connection successful.
12-28 18:55:20.764  1288  2059 I AccountManagerService: getTypesVisibleToCaller: isPermitted? true
12-28 18:55:20.768  1836  1836 V GLSActivity: AuthDelegateWrapperCreated with selected intent: Intent { cmp=com.google.android.gms/.auth.DefaultAuthDelegateService }
12-28 18:55:20.772  1918  2460 W Kids    : [AbstractKidsOperation] Invalid device state 3
12-28 18:55:20.780  1288  1369 I AccountManagerService: getTypesVisibleToCaller: isPermitted? true
12-28 18:55:20.781  1288  1958 I AccountManagerService: getTypesVisibleToCaller: isPermitted? true
12-28 18:55:20.785  1836  1836 V GLSActivity: AuthDelegateWrapperCreated with selected intent: Intent { cmp=com.google.android.gms/.auth.DefaultAuthDelegateService }
12-28 18:55:20.789  1288  2051 I AccountManagerService: getTypesVisibleToCaller: isPermitted? true
12-28 18:55:20.791  1836  1836 V GLSActivity: AuthDelegateWrapperCreated with selected intent: Intent { cmp=com.google.android.gms/.auth.DefaultAuthDelegateService }
12-28 18:55:20.804  1918  2341 I Icing   : Post-init done
12-28 18:55:20.805  1918  2341 I Icing   : Indexing 007829D93153B1F070566CFAD8C6A1DA1BF293B9 from com.google.android.gms
12-28 18:55:20.811  1918  2341 I Icing   : Indexing done 007829D93153B1F070566CFAD8C6A1DA1BF293B9
12-28 18:55:20.812  1918  2341 I Icing   : Indexing BEE37DBB05E7259213BFE487B1A35F17C8B03116 from com.google.android.gms
12-28 18:55:20.828  1724  2450 I GCoreUlr: WorldUpdater received intent Intent { act=com.google.android.location.reporting.ACTION_UPDATE_WORLD cmp=com.google.android.gms/com.google.android.location.reporting.service.DispatchingService (has extras) } with receiverAction android.intent.action.BOOT_COMPLETED
12-28 18:55:20.839  2152  2152 D AlertReceiver: onReceive: a=android.intent.action.BOOT_COMPLETED Intent { act=android.intent.action.BOOT_COMPLETED flg=0x8000010 cmp=com.android.calendar/.alerts.AlertReceiver (has extras) }
12-28 18:55:20.847  2174  2174 V AlarmClock: AlarmInitReceiver android.intent.action.BOOT_COMPLETED
12-28 18:55:20.861  2174  2206 V AlarmClock: AlarmInitReceiver - Reset timers and clear stopwatch data
12-28 18:55:20.873  2174  2206 V AlarmClock: AlarmInitReceiver - resetting volume button default
12-28 18:55:20.878  2174  2206 V AlarmClock: AlarmInitReceiver finished
12-28 18:55:20.935  1918  2447 I CheckinService: Disabling old GoogleServicesFramework version
12-28 18:55:20.940  2152  2152 D AlertUtils: Flushing old alerts from shared prefs table
12-28 18:55:20.951  1918  2451 I SystemUpdateService: cancelUpdate (empty URL)
12-28 18:55:20.951  1918  2451 I SystemUpdateService: active receiver: disabled
12-28 18:55:20.970  1918  1918 D SystemUpdateService: onDestroy
12-28 18:55:20.979  1918  2448 I CheckinService: Checking schedule, now: 1451296520979 next: 30000
12-28 18:55:20.979  1918  2448 I CheckinService: active receiver: enabled
12-28 18:55:20.980  1918  2448 I CheckinService: Preparing to send checkin request
12-28 18:55:20.980  1918  2448 I CheckinService: Overwrite current checkin reason type from: 1 to: 5
12-28 18:55:20.980  1918  2448 I EventLogService: Accumulating logs since 1451296511378
12-28 18:55:21.021  1600  1600 I SystemBroadcastReceiver: Boot has been completed
12-28 18:55:21.022  1600  1600 I SystemBroadcastReceiver: toggleAppIcon() : FLAG_SYSTEM = true
12-28 18:55:21.046  1288  2061 I AccountManagerService: getTypesVisibleToCaller: isPermitted? true
12-28 18:55:21.046  1288  2049 I AccountManagerService: getTypesVisibleToCaller: isPermitted? true
12-28 18:55:21.047  1288  1958 I AccountManagerService: getTypesVisibleToCaller: isPermitted? true
12-28 18:55:21.047  1288  1979 I AccountManagerService: getTypesVisibleToCaller: isPermitted? true
12-28 18:55:21.048  2152  2463 D AlertService: 0 Action = android.intent.action.BOOT_COMPLETED
12-28 18:55:21.062  2152  2463 D AlertService: Scheduling next alarm with AlarmScheduler. sEventReminderReceived: null
12-28 18:55:21.075  2152  2463 D AlarmScheduler: No events found starting within 1 week.
12-28 18:55:21.076  1852  2471 I Email   : Onetime initialization: 1
12-28 18:55:21.153  1852  2471 I Email   : Onetime initialization: 2
12-28 18:55:21.174  1852  2471 I Email   : Onetime initialization: completed.
12-28 18:55:21.183  1288  1446 I AccountManagerService: getTypesVisibleToCaller: isPermitted? true
12-28 18:55:21.184  1288  1445 I AccountManagerService: getTypesVisibleToCaller: isPermitted? true
12-28 18:55:21.228  1752  1752 I Exchange: EasService.onCreate
12-28 18:55:21.240  1795  2431 I MediaProvider: Upgrading media database from version 0 to 800, which will destroy all old data
12-28 18:55:21.263  1918  1918 I SystemUpdateService: receiver: Intent { act=android.net.conn.CONNECTIVITY_CHANGE flg=0x4000010 cmp=com.google.android.gms/.update.SystemUpdateService$ActiveReceiver (has extras) }
12-28 18:55:21.287  1724  2450 I GCoreUlr: WorldUpdater:android.intent.action.BOOT_COMPLETED: Ensuring that reporting is stopped because of reasons: (no Google accounts)
12-28 18:55:21.290  1724  2450 I GCoreUlr: Unbound from all location providers
12-28 18:55:21.301  1724  1724 I GCoreUlr: DispatchingService.onDestroy()
12-28 18:55:21.301  1724  1724 I GCoreUlr: Stopping handler for UlrDispSvcFast
12-28 18:55:21.304  1724  1724 I GCoreUlr: Unbound from all location providers
12-28 18:55:21.310  1752  2478 I Exchange: RestartPingTask
12-28 18:55:21.355  1918  1918 D SystemUpdateService: onCreate
12-28 18:55:21.357  1918  1918 D SystemUpdateService: onStartCommand: intent: Intent { cmp=com.google.android.gms/.update.SystemUpdateService (has extras) }
12-28 18:55:21.447  1918  1918 D NetworkLogImpl: Loaded NetworkSpeedPredictor
12-28 18:55:21.448  1918  1918 I iu.Environment: update connectivity state; isNetworkMetered? true*, isRoaming? false, isBackgroundDataAllowed? true*
12-28 18:55:21.462  1918  1918 D ChimeraCfgMgr: Loading module com.google.android.gms.kids from APK com.google.android.gms
12-28 18:55:21.467  1918  1918 D ChimeraCfgMgr: Loading module com.google.android.gms.kids from APK com.google.android.gms
12-28 18:55:21.472  1288  1448 I AccountManagerService: getTypesVisibleToCaller: isPermitted? true
12-28 18:55:21.472  1288  2049 I AccountManagerService: getTypesVisibleToCaller: isPermitted? true
12-28 18:55:21.475  1836  1836 V GLSActivity: AuthDelegateWrapperCreated with selected intent: Intent { cmp=com.google.android.gms/.auth.DefaultAuthDelegateService }
12-28 18:55:21.480  1288  1367 I AccountManagerService: getTypesVisibleToCaller: isPermitted? true
12-28 18:55:21.482  1836  1836 V GLSActivity: AuthDelegateWrapperCreated with selected intent: Intent { cmp=com.google.android.gms/.auth.DefaultAuthDelegateService }
12-28 18:55:21.494  1918  2483 D PackageBroadcastService: Received broadcast action=android.intent.action.PACKAGE_CHANGED and uri=com.android.sdksetup
12-28 18:55:21.509  1918  2485 I PeopleContactsSync: CP2 sync disabled
12-28 18:55:21.510  1836  1836 D AuthorizationBluetoothService: Received GmsCore event: Intent { act=com.google.android.gms.INITIALIZE flg=0x10 pkg=com.google.android.gms cmp=com.google.android.gms/.auth.be.proximity.authorization.bt.AuthorizationBluetoothService$AutoStarter }.
12-28 18:55:21.510  1836  1836 E AuthorizationBluetoothService: Proximity feature is not enabled.
12-28 18:55:21.516  1836  2261 D GCM     : GcmService start Intent { act=com.google.android.gms.INITIALIZE flg=0x10 pkg=com.google.android.gms cmp=com.google.android.gms/.gcm.GcmService } com.google.android.gms.INITIALIZE
12-28 18:55:21.518  1836  1836 V GLSActivity: AuthDelegateWrapperCreated with selected intent: Intent { cmp=com.google.android.gms/.auth.DefaultAuthDelegateService }
12-28 18:55:21.519  1836  1836 V GLSActivity: AuthDelegateWrapperCreated with selected intent: Intent { cmp=com.google.android.gms/.auth.DefaultAuthDelegateService }
12-28 18:55:21.520  1918  1918 V GmsCoreStatsServiceLauncher: Received broadcast intent Intent { act=com.google.android.gms.INITIALIZE flg=0x10 pkg=com.google.android.gms cmp=com.google.android.gms/.common.stats.GmsCoreStatsServiceLauncher }
12-28 18:55:21.523  1288  1445 I AccountManagerService: getTypesVisibleToCaller: isPermitted? true
12-28 18:55:21.523  1288  1369 I AccountManagerService: getTypesVisibleToCaller: isPermitted? true
12-28 18:55:21.523  1288  1958 I AccountManagerService: getTypesVisibleToCaller: isPermitted? true
12-28 18:55:21.535  1724  2264 E MDM     : [111] b.run: Couldn't connect to Google API client: ConnectionResult{statusCode=API_UNAVAILABLE, resolution=null, message=null}
12-28 18:55:21.543  1288  1448 I ActivityManager: Start proc 2488:com.android.quicksearchbox/u0a46 for broadcast com.android.quicksearchbox/.SearchWidgetProvider
12-28 18:55:21.563  2488  2488 I art     : Late-enabling JIT
12-28 18:55:21.566  2488  2488 I art     : JIT created with code_cache_capacity=2MB compile_threshold=1000
12-28 18:55:21.569  1918  2487 D LocationInitializer: Restart initialization of location
12-28 18:55:21.581  1918  2480 I SystemUpdateService: cancelUpdate (empty URL)
12-28 18:55:21.581  1918  2480 I SystemUpdateService: active receiver: disabled
12-28 18:55:21.595  1288  2061 I AccountManagerService: getTypesVisibleToCaller: isPermitted? true
12-28 18:55:21.611  1752  1752 I Exchange: RestartPingsTask did not start any pings.
12-28 18:55:21.611  1752  1752 I Exchange: PSS stopIfIdle
12-28 18:55:21.611  1752  1752 I Exchange: PSS has no active accounts; stopping service.
12-28 18:55:21.615  1918  1918 D SystemUpdateService: onDestroy
12-28 18:55:21.623  1752  1752 I Exchange: onDestroy
12-28 18:55:21.643  1918  2481 I iu.SyncManager: SYNC; picasa accounts
12-28 18:55:21.704  1918  2481 I UploadsDatabaseHelper: Creating database tables at version 33
12-28 18:55:21.724  1918  2481 I iu.UploadsManager: num queued entries: 0
12-28 18:55:21.725  1918  2481 I iu.UploadsManager: num updated entries: 0
12-28 18:55:21.725  1918  2481 I iu.SyncManager: NEXT; no task
12-28 18:55:21.779  2266  2340 W Bugle   : canonicalizeMccMnc: invalid mccmnc:null ,null
12-28 18:55:21.793  1288  2050 D MmsServiceBroker: getCarrierConfigValues() by com.google.android.apps.messaging
12-28 18:55:21.793  1641  1894 D MmsService: getCarrierConfigValues
12-28 18:55:21.794  1641  1894 I MmsService: mms config for sub 1: Bundle[{httpSocketTimeout=60000, aliasMinChars=2, smsToMmsTextThreshold=-1, enableSMSDeliveryReports=true, maxMessageTextSize=-1, supportMmsContentDisposition=true, enabledTransID=false, aliasEnabled=false, supportHttpCharsetHeader=false, allowAttachAudio=true, smsToMmsTextLengthThreshold=-1, recipientLimit=2147483647, uaProfTagName=x-wap-profile, aliasMaxChars=48, maxImageHeight=480, enableMMSDeliveryReports=false, userAgent=, config_cellBroadcastAppLinks=true, maxSubjectLength=40, httpParams=, enableGroupMms=true, emailGatewayNumber=, maxMessageSize=307200, naiSuffix=, enableMMSReadReports=false, maxImageWidth=640, uaProfUrl=, enabledMMS=true, enabledNotifyWapMMSC=false, sendMultipartSmsAsSeparateMessages=false, enableMultipartSMS=true}]
12-28 18:55:21.803  2266  2340 I Bugle   : Carrier configs loaded: Bundle[{httpSocketTimeout=60000, aliasMinChars=2, smsToMmsTextThreshold=-1, enableSMSDeliveryReports=true, maxMessageTextSize=-1, supportMmsContentDisposition=true, enabledTransID=false, aliasEnabled=false, supportHttpCharsetHeader=false, allowAttachAudio=true, smsToMmsTextLengthThreshold=-1, recipientLimit=2147483647, uaProfTagName=x-wap-profile, aliasMaxChars=48, maxImageHeight=480, enableMMSDeliveryReports=false, userAgent=, config_cellBroadcastAppLinks=true, maxSubjectLength=40, httpParams=, enableGroupMms=true, emailGatewayNumber=, maxMessageSize=307200, naiSuffix=, enableMMSReadReports=false, maxImageWidth=640, uaProfUrl=, enabledMMS=true, enabledNotifyWapMMSC=false, sendMultipartSmsAsSeparateMessages=false, enableMultipartSMS=true}] from resources+system for subId=1
12-28 18:55:21.851  1918  2448 I CheckinRequestBuilder: Checkin reason type: 5 attempt count: 1
12-28 18:55:21.905  1288  2047 W MountService: No primary storage defined yet; hacking together a stub
12-28 18:55:21.917  1288  1330 D WifiService: New client listening to asynchronous messages
12-28 18:55:21.924  1918  2448 E ActivityThread: Failed to find provider info for com.google.android.wearable.settings
12-28 18:55:21.955  1918  2341 W Icing   : PackageManager.queryIntentActivities threw an exception Invalid index 0, size is 0 for intent Intent { act=android.intent.action.MAIN cat=[android.intent.category.LAUNCHER] pkg=com.android.inputmethod.latin }
12-28 18:55:22.115  1918  2341 I Icing   : updateResources: need to parse f{com.google.android.apps.messaging}
12-28 18:55:22.131  2266  2340 W Bugle   : canonicalizeMccMnc: invalid mccmnc:null ,null
12-28 18:55:22.138  1288  2049 D MmsServiceBroker: getCarrierConfigValues() by com.google.android.apps.messaging
12-28 18:55:22.138  1641  1877 D MmsService: getCarrierConfigValues
12-28 18:55:22.138  1641  1877 I MmsService: mms config for sub 1: Bundle[{httpSocketTimeout=60000, aliasMinChars=2, smsToMmsTextThreshold=-1, enableSMSDeliveryReports=true, maxMessageTextSize=-1, supportMmsContentDisposition=true, enabledTransID=false, aliasEnabled=false, supportHttpCharsetHeader=false, allowAttachAudio=true, smsToMmsTextLengthThreshold=-1, recipientLimit=2147483647, uaProfTagName=x-wap-profile, aliasMaxChars=48, maxImageHeight=480, enableMMSDeliveryReports=false, userAgent=, config_cellBroadcastAppLinks=true, maxSubjectLength=40, httpParams=, enableGroupMms=true, emailGatewayNumber=, maxMessageSize=307200, naiSuffix=, enableMMSReadReports=false, maxImageWidth=640, uaProfUrl=, enabledMMS=true, enabledNotifyWapMMSC=false, sendMultipartSmsAsSeparateMessages=false, enableMultipartSMS=true}]
12-28 18:55:22.138  2266  2340 I Bugle   : Carrier configs loaded: Bundle[{httpSocketTimeout=60000, aliasMinChars=2, smsToMmsTextThreshold=-1, enableSMSDeliveryReports=true, maxMessageTextSize=-1, supportMmsContentDisposition=true, enabledTransID=false, aliasEnabled=false, supportHttpCharsetHeader=false, allowAttachAudio=true, smsToMmsTextLengthThreshold=-1, recipientLimit=2147483647, uaProfTagName=x-wap-profile, aliasMaxChars=48, maxImageHeight=480, enableMMSDeliveryReports=false, userAgent=, config_cellBroadcastAppLinks=true, maxSubjectLength=40, httpParams=, enableGroupMms=true, emailGatewayNumber=, maxMessageSize=307200, naiSuffix=, enableMMSReadReports=false, maxImageWidth=640, uaProfUrl=, enabledMMS=true, enabledNotifyWapMMSC=false, sendMultipartSmsAsSeparateMessages=false, enableMultipartSMS=true}] from resources+system for subId=1
12-28 18:55:22.155  1288  1300 I AccountManagerService: getTypesVisibleToCaller: isPermitted? true
12-28 18:55:22.155  1288  1367 I AccountManagerService: getTypesVisibleToCaller: isPermitted? true
12-28 18:55:22.160  1918  2448 D         : HostConnection::get() New Host Connection established 0x9d57e9b0, tid 2448
12-28 18:55:22.217  1288  1367 W MountService: No primary storage defined yet; hacking together a stub
12-28 18:55:22.217  1288  1369 W MountService: No primary storage defined yet; hacking together a stub
12-28 18:55:22.254  1288  1445 I ActivityManager: Start proc 2507:com.google.android.gms.unstable/u0a7 for service com.google.android.gms/.droidguard.DroidGuardService
12-28 18:55:22.255  2507  2507 I art     : Late-enabling JIT
12-28 18:55:22.258  2507  2507 I art     : JIT created with code_cache_capacity=2MB compile_threshold=1000
12-28 18:55:22.276  2507  2507 W System  : ClassLoader referenced unknown path: /system/priv-app/PrebuiltGmsCore/lib/x86
12-28 18:55:22.293  2507  2507 I MultiDex: VM with version 2.1.0 has multidex support
12-28 18:55:22.293  2507  2507 I MultiDex: install
12-28 18:55:22.293  2507  2507 I MultiDex: VM has multidex support, MultiDex support library is disabled.
12-28 18:55:22.329  2507  2507 V JNIHelp : Registering com/google/android/gms/org/conscrypt/NativeCrypto's 240 native methods...
12-28 18:55:22.339  2507  2507 I ProviderInstaller: Installed default security provider GmsCore_OpenSSL
12-28 18:55:22.382  2507  2523 D NativeLibraryUtils: Install completed successfully. count=13 extracted=0
12-28 18:55:22.387  2507  2518 I art     : Background sticky concurrent mark sweep GC freed 24115(1689KB) AllocSpace objects, 0(0B) LOS objects, 0% free, 4MB/4MB, paused 5.065ms total 40.881ms
12-28 18:55:22.414  1795  2431 E SQLiteLog: (1) no such table: files
12-28 18:55:22.446  2488  2488 W System  : ClassLoader referenced unknown path: /system/app/QuickSearchBox/lib/x86
12-28 18:55:22.610  1288  2051 I AccountManagerService: getTypesVisibleToCaller: isPermitted? true
12-28 18:55:22.620  2507  2520 I GoogleURLConnFactory: Using platform SSLCertificateSocketFactory
12-28 18:55:22.704  1918  2341 I Icing   : Indexing done BEE37DBB05E7259213BFE487B1A35F17C8B03116
12-28 18:55:22.705  1918  2341 I Icing   : Indexing 1754A752220F0E3211F96491222EF564CA6E6946 from com.google.android.apps.messaging
12-28 18:55:22.780  1918  2341 I Icing   : Indexing done 1754A752220F0E3211F96491222EF564CA6E6946
12-28 18:55:22.781  1918  2341 I Icing   : Indexing 0407EBC5F3462AB65C59AE2D7ABFAC873FAC3755 from com.google.android.apps.messaging
12-28 18:55:22.804  1288  1367 W MountService: No primary storage defined yet; hacking together a stub
12-28 18:55:22.804  1795  2431 W MediaProvider: Missing volume for /system; assuming invalid
12-28 18:55:22.805  1288  1369 W MountService: No primary storage defined yet; hacking together a stub
12-28 18:55:22.805  1795  2431 W MediaProvider: Missing volume for /system/media; assuming invalid
12-28 18:55:22.806  1288  2047 W MountService: No primary storage defined yet; hacking together a stub
12-28 18:55:22.806  1795  2431 W MediaProvider: Missing volume for /system/media/audio; assuming invalid
12-28 18:55:22.807  1288  1299 W MountService: No primary storage defined yet; hacking together a stub
12-28 18:55:22.807  1795  2431 W MediaProvider: Missing volume for /system/media/audio/alarms; assuming invalid
12-28 18:55:22.835  1918  2341 I Icing   : Indexing done 0407EBC5F3462AB65C59AE2D7ABFAC873FAC3755
12-28 18:55:22.836  1918  2341 I Icing   : Indexing 0409B62EDAF6A02729970426C853D4AC980586DC from com.google.android.apps.messaging
12-28 18:55:22.846  1288  2050 W MountService: No primary storage defined yet; hacking together a stub
12-28 18:55:22.847  1288  1445 W MountService: No primary storage defined yet; hacking together a stub
12-28 18:55:22.847  1288  1300 W MountService: No primary storage defined yet; hacking together a stub
12-28 18:55:22.850   955  1484 E MetadataRetrieverClient: failed to extract an album art
12-28 18:55:22.851  1288  1979 W MountService: No primary storage defined yet; hacking together a stub
12-28 18:55:22.852  1288  1958 W MountService: No primary storage defined yet; hacking together a stub
12-28 18:55:22.852  1795  2431 W MediaProvider: Missing volume for /system/media/audio/alarms/Alarm_Beep_01.ogg; assuming invalid
12-28 18:55:22.864  1288  1446 W MountService: No primary storage defined yet; hacking together a stub
12-28 18:55:22.864  1795  2431 W MediaProvider: Missing volume for /system/media/audio/alarms/Alarm_Beep_02.ogg; assuming invalid
12-28 18:55:22.865  1288  1447 W MountService: No primary storage defined yet; hacking together a stub
12-28 18:55:22.866  1795  2431 W MediaProvider: Missing volume for /system/media/audio/alarms/Alarm_Beep_03.ogg; assuming invalid
12-28 18:55:22.867  1288  2050 W MountService: No primary storage defined yet; hacking together a stub
12-28 18:55:22.867  1795  2431 W MediaProvider: Missing volume for /system/media/audio/alarms/Alarm_Buzzer.ogg; assuming invalid
12-28 18:55:22.888  1288  1300 W MountService: No primary storage defined yet; hacking together a stub
12-28 18:55:22.888  1795  2431 W MediaProvider: Missing volume for /system/media/audio/alarms/Alarm_Classic.ogg; assuming invalid
12-28 18:55:23.126  1918  2341 I Icing   : Indexing done 0409B62EDAF6A02729970426C853D4AC980586DC
12-28 18:55:23.194  2531  2531 W dex2oat : Unexpected CPU variant for X86 using defaults: x86
12-28 18:55:23.194  2531  2531 W dex2oat : Mismatch between dex2oat instruction set features (ISA: X86 Feature string: smp,-ssse3,-sse4.1,-sse4.2,-avx,-avx2) and those of dex2oat executable (ISA: X86 Feature string: smp,ssse3,-sse4.1,-sse4.2,-avx,-avx2) for the command line:
12-28 18:55:23.194  2531  2531 W dex2oat : /system/bin/dex2oat --runtime-arg -classpath --runtime-arg  --compiler-filter=interpret-only --instruction-set=x86 --instruction-set-features=smp,ssse3,-sse4.1,-sse4.2,-avx,-avx2 --runtime-arg -Xrelocate --boot-image=/system/framework/boot.art --runtime-arg -Xms64m --runtime-arg -Xmx512m --instruction-set-variant=x86 --instruction-set-features=default --dex-file=/data/user/0/com.google.android.gms/app_dg_cache/5FFB35BE606DEFA7F87F0AB2B1A2559DA140EC50/the.apk --oat-file=/data/user/0/com.google.android.gms/app_dg_cache/5FFB35BE606DEFA7F87F0AB2B1A2559DA140EC50/opt/the.dex
12-28 18:55:23.194  2531  2531 I dex2oat : /system/bin/dex2oat --compiler-filter=interpret-only --dex-file=/data/user/0/com.google.android.gms/app_dg_cache/5FFB35BE606DEFA7F87F0AB2B1A2559DA140EC50/the.apk --oat-file=/data/user/0/com.google.android.gms/app_dg_cache/5FFB35BE606DEFA7F87F0AB2B1A2559DA140EC50/opt/the.dex
12-28 18:55:23.221  2531  2531 I dex2oat : dex2oat took 27.570ms (threads: 1) arena alloc=0B java alloc=24KB native alloc=671KB free=608KB
12-28 18:55:23.496   955  1282 D WVCdm   : Instantiating CDM.
12-28 18:55:23.508   955   955 I WVCdm   : CdmEngine::OpenSession
12-28 18:55:23.515   955   955 I WVCdm   : Level3 Library Sep 28 2015 13:08:28
12-28 18:55:23.540   955   955 W WVCdm   : Could not read /data/mediadrm/IDM1013/ay64.dat: No such file or directory
12-28 18:55:23.565   955   955 W WVCdm   : Could not read /data/mediadrm/IDM1013/ay64.dat2: No such file or directory
12-28 18:55:23.565   955   955 W WVCdm   : Could not load liboemcrypto.so. Falling back to L3.  dlopen failed: library "liboemcrypto.so" not found
12-28 18:55:23.566   955   955 W WVCdm   : DeviceFiles::RetrieveHashedFile: /data/mediadrm/IDM1013/L3/cert.bin does not exist
12-28 18:55:23.602  2535  2535 W dex2oat : Unexpected CPU variant for X86 using defaults: x86
12-28 18:55:23.602  2535  2535 W dex2oat : Mismatch between dex2oat instruction set features (ISA: X86 Feature string: smp,-ssse3,-sse4.1,-sse4.2,-avx,-avx2) and those of dex2oat executable (ISA: X86 Feature string: smp,ssse3,-sse4.1,-sse4.2,-avx,-avx2) for the command line:
12-28 18:55:23.602  2535  2535 W dex2oat : /system/bin/dex2oat --runtime-arg -classpath --runtime-arg  --compiler-filter=interpret-only --instruction-set=x86 --instruction-set-features=smp,ssse3,-sse4.1,-sse4.2,-avx,-avx2 --runtime-arg -Xrelocate --boot-image=/system/framework/boot.art --runtime-arg -Xms64m --runtime-arg -Xmx512m --instruction-set-variant=x86 --instruction-set-features=default --dex-file=/data/user/0/com.google.android.gms/app_fb/f.apk --oat-file=/data/user/0/com.google.android.gms/app_fb/f.dex
12-28 18:55:23.616  2535  2535 I dex2oat : /system/bin/dex2oat --compiler-filter=interpret-only --dex-file=/data/user/0/com.google.android.gms/app_fb/f.apk --oat-file=/data/user/0/com.google.android.gms/app_fb/f.dex
12-28 18:55:23.629  2507  2516 E StrictMode: A resource was acquired at attached stack trace but never released. See java.io.Closeable for information on avoiding resource leaks.
12-28 18:55:23.629  2507  2516 E StrictMode: java.lang.Throwable: Explicit termination method 'release' not called
12-28 18:55:23.629  2507  2516 E StrictMode: 	at dalvik.system.CloseGuard.open(CloseGuard.java:180)
12-28 18:55:23.629  2507  2516 E StrictMode: 	at android.drm.DrmManagerClient.<init>(DrmManagerClient.java:258)
12-28 18:55:23.629  2507  2516 E StrictMode: 	at com.google.ccc.abuse.droidguard.DroidGuard.runNative(Native Method)
12-28 18:55:23.629  2507  2516 E StrictMode: 	at com.google.ccc.abuse.droidguard.DroidGuard.run(Unknown Source)
12-28 18:55:23.629  2507  2516 E StrictMode: 	at java.lang.reflect.Method.invoke(Native Method)
12-28 18:55:23.629  2507  2516 E StrictMode: 	at com.google.android.gms.droidguard.d.f.a(SourceFile:34)
12-28 18:55:23.629  2507  2516 E StrictMode: 	at com.google.android.gms.droidguard.d.l.a(SourceFile:71)
12-28 18:55:23.629  2507  2516 E StrictMode: 	at com.google.android.gms.droidguard.d.k.a(SourceFile:92)
12-28 18:55:23.629  2507  2516 E StrictMode: 	at com.google.android.gms.droidguard.d.k.a(SourceFile:68)
12-28 18:55:23.629  2507  2516 E StrictMode: 	at com.google.android.gms.droidguard.l.a(SourceFile:249)
12-28 18:55:23.629  2507  2516 E StrictMode: 	at com.google.android.gms.droidguard.c.t.onTransact(SourceFile:60)
12-28 18:55:23.629  2507  2516 E StrictMode: 	at android.os.Binder.execTransact(Binder.java:453)
12-28 18:55:23.694  2535  2535 I dex2oat : dex2oat took 92.345ms (threads: 1) arena alloc=0B java alloc=34KB native alloc=674KB free=349KB
12-28 18:55:23.695  2507  2520 W System  : ClassLoader referenced unknown path: 
12-28 18:55:23.702  2507  2520 D         : HostConnection::get() New Host Connection established 0x9dc7b4d0, tid 2520
12-28 18:55:23.743  1918  2341 I Icing   : Indexing BEE37DBB05E7259213BFE487B1A35F17C8B03116 from com.google.android.gms
12-28 18:55:23.744  1918  2341 I Icing   : Indexing done BEE37DBB05E7259213BFE487B1A35F17C8B03116
12-28 18:55:23.950  1918  2448 I CheckinRequestBuilder: Classify the device as Phone.
12-28 18:55:23.970  1795  1806 I art     : WaitForGcToComplete blocked for 18.406ms for cause Background
12-28 18:55:24.115  2052  2052 W Launcher: setApplicationContext called twice! old=android.app.Application@3a54b15 new=android.app.Application@3a54b15
12-28 18:55:24.164  1918  2448 I CheckinTask: Sending checkin request (6097 bytes)
12-28 18:55:24.245  2152  2152 D AlertReceiver: onReceive: a=android.intent.action.PROVIDER_CHANGED Intent { act=android.intent.action.PROVIDER_CHANGED dat=content://com.android.calendar flg=0x10 cmp=com.android.calendar/.alerts.AlertReceiver }
12-28 18:55:24.254  2152  2542 D AlertService: 0 Action = android.intent.action.PROVIDER_CHANGED
12-28 18:55:24.445  1288  2050 I AccountManagerService: getTypesVisibleToCaller: isPermitted? true
