W/PackageManager( 1288): Not granting permission android.permission.GLOBAL_SEARCH to package com.android.quicksearchbox (protectionLevel=18 flags=0x3808be45)
W/PackageManager( 1288): Not granting permission android.permission.ACCESS_DOWNLOAD_MANAGER to package com.android.browser (protectionLevel=18 flags=0x3809be45)
W/PackageManager( 1288): Not granting permission android.permission.SEND_DOWNLOAD_COMPLETED_INTENTS to package com.android.browser (protectionLevel=2 flags=0x3809be45)
W/PackageManager( 1288): Unknown permission com.android.launcher.permission.READ_SETTINGS in package com.android.launcher3
W/PackageManager( 1288): Unknown permission com.android.launcher.permission.WRITE_SETTINGS in package com.android.launcher3
W/PackageManager( 1288): Not granting permission com.google.android.googleapps.permission.GOOGLE_AUTH.mail to package com.android.calendar (protectionLevel=2 flags=0x3009be45)
W/PackageManager( 1288): Unknown permission com.google.android.apps.enterprise.dmagent.permission.AutoSyncPermission in package com.google.android.gms
W/PackageManager( 1288): Unknown permission com.google.android.googlequicksearchbox.permission.PAUSE_HOTWORD in package com.google.android.gms
W/PackageManager( 1288): Unknown permission com.google.android.hangouts.START_HANGOUT in package com.google.android.gms
W/PackageManager( 1288): Unknown permission com.google.android.wearable.READ_SETTINGS in package com.google.android.gms
W/PackageManager( 1288): Unknown permission com.google.android.gm.permission.READ_GMAIL in package com.google.android.gms
W/PackageManager( 1288): Unknown permission com.google.android.launcher.permission.RECEIVE_LAUNCH_BROADCASTS in package com.google.android.gms
W/PackageManager( 1288): Not granting permission android.permission.MANAGE_DOCUMENTS to package com.google.android.gms (protectionLevel=2 flags=0xb8483e45)
W/PackageManager( 1288): Not granting permission android.permission.DELETE_PACKAGES to package com.svox.pico (protectionLevel=18 flags=0x3808be45)
W/PackageManager( 1288): Not granting permission android.permission.CONTROL_KEYGUARD to package com.google.android.gsf.login (protectionLevel=2 flags=0x3048be45)
W/PackageManager( 1288): Unknown permission com.android.vending.billing.BILLING_ACCOUNT_SERVICE in package com.google.android.gsf.login
W/PackageManager( 1288): Unknown permission com.android.vending.billing.ADD_CREDIT_CARD in package com.google.android.gsf.login
W/PackageManager( 1288): Unknown permission com.android.vending.billing.IBillingAccountService.BIND2 in package com.google.android.gsf.login
W/PackageManager( 1288): Unknown permission com.android.vending.TOS_ACKED in package com.google.android.gsf.login
W/PackageManager( 1288): Unknown permission com.android.chrome.TOS_ACKED in package com.google.android.gsf.login
W/PackageManager( 1288): Unknown permission com.android.launcher.permission.READ_SETTINGS in package com.android.settings
W/PackageManager( 1288): Unknown permission com.android.launcher.permission.WRITE_SETTINGS in package com.android.settings
W/PackageManager( 1288): Unknown permission com.android.smspush.WAPPUSH_MANAGER_BIND in package com.android.phone
W/PackageManager( 1288): Not granting permission android.permission.BIND_APPWIDGET to package com.android.widgetpreview (protectionLevel=18 flags=0x1808be44)
I/art     ( 1288): Starting a blocking GC Explicit
I/art     ( 1288): Explicit concurrent mark sweep GC freed 10687(691KB) AllocSpace objects, 4(80KB) LOS objects, 33% free, 3MB/5MB, paused 1.563ms total 20.258ms
I/SystemServer( 1288): User Service
I/lowmemorykiller(  940): ActivityManager connected
D/SensorService( 1288): nuSensorService starting...
I/SystemServiceManager( 1288): Starting com.android.server.BatteryService
D/SensorService( 1288): nuSensorService thread starting...
D/SensorService( 1288): new thread SensorEventAckReceiver
I/SystemServiceManager( 1288): Starting com.android.server.usage.UsageStatsService
E/KernelCpuSpeedReader( 1288): Failed to read cpu-freq
E/KernelCpuSpeedReader( 1288): java.io.FileNotFoundException: /sys/devices/system/cpu/cpu0/cpufreq/stats/time_in_state: open failed: ENOENT (No such file or directory)
E/KernelCpuSpeedReader( 1288): 	at libcore.io.IoBridge.open(IoBridge.java:452)
E/KernelCpuSpeedReader( 1288): 	at java.io.FileInputStream.<init>(FileInputStream.java:76)
E/KernelCpuSpeedReader( 1288): 	at java.io.FileInputStream.<init>(FileInputStream.java:103)
E/KernelCpuSpeedReader( 1288): 	at java.io.FileReader.<init>(FileReader.java:66)
E/KernelCpuSpeedReader( 1288): 	at com.android.internal.os.KernelCpuSpeedReader.readDelta(KernelCpuSpeedReader.java:49)
E/KernelCpuSpeedReader( 1288): 	at com.android.internal.os.BatteryStatsImpl.updateCpuTimeLocked(BatteryStatsImpl.java:8002)
E/KernelCpuSpeedReader( 1288): 	at com.android.internal.os.BatteryStatsImpl$MyHandler.handleMessage(BatteryStatsImpl.java:155)
E/KernelCpuSpeedReader( 1288): 	at android.os.Handler.dispatchMessage(Handler.java:102)
E/KernelCpuSpeedReader( 1288): 	at android.os.Looper.loop(Looper.java:148)
E/KernelCpuSpeedReader( 1288): 	at android.os.HandlerThread.run(HandlerThread.java:61)
E/KernelCpuSpeedReader( 1288): 	at com.android.server.ServiceThread.run(ServiceThread.java:46)
E/KernelCpuSpeedReader( 1288): Caused by: android.system.ErrnoException: open failed: ENOENT (No such file or directory)
E/KernelCpuSpeedReader( 1288): 	at libcore.io.Posix.open(Native Method)
E/KernelCpuSpeedReader( 1288): 	at libcore.io.BlockGuardOs.open(BlockGuardOs.java:186)
E/KernelCpuSpeedReader( 1288): 	at libcore.io.IoBridge.open(IoBridge.java:438)
E/KernelCpuSpeedReader( 1288): 	... 10 more
E/KernelUidCpuTimeReader( 1288): Failed to read uid_cputime
E/KernelUidCpuTimeReader( 1288): java.io.FileNotFoundException: /proc/uid_cputime/show_uid_stat: open failed: ENOENT (No such file or directory)
E/KernelUidCpuTimeReader( 1288): 	at libcore.io.IoBridge.open(IoBridge.java:452)
E/KernelUidCpuTimeReader( 1288): 	at java.io.FileInputStream.<init>(FileInputStream.java:76)
E/KernelUidCpuTimeReader( 1288): 	at java.io.FileInputStream.<init>(FileInputStream.java:103)
E/KernelUidCpuTimeReader( 1288): 	at java.io.FileReader.<init>(FileReader.java:66)
E/KernelUidCpuTimeReader( 1288): 	at com.android.internal.os.KernelUidCpuTimeReader.readDelta(KernelUidCpuTimeReader.java:71)
E/KernelUidCpuTimeReader( 1288): 	at com.android.internal.os.BatteryStatsImpl.updateCpuTimeLocked(BatteryStatsImpl.java:8031)
E/KernelUidCpuTimeReader( 1288): 	at com.android.internal.os.BatteryStatsImpl$MyHandler.handleMessage(BatteryStatsImpl.java:155)
E/KernelUidCpuTimeReader( 1288): 	at android.os.Handler.dispatchMessage(Handler.java:102)
E/KernelUidCpuTimeReader( 1288): 	at android.os.Looper.loop(Looper.java:148)
E/KernelUidCpuTimeReader( 1288): 	at android.os.HandlerThread.run(HandlerThread.java:61)
E/KernelUidCpuTimeReader( 1288): 	at com.android.server.ServiceThread.run(ServiceThread.java:46)
E/KernelUidCpuTimeReader( 1288): Caused by: android.system.ErrnoException: open failed: ENOENT (No such file or directory)
E/KernelUidCpuTimeReader( 1288): 	at libcore.io.Posix.open(Native Method)
E/KernelUidCpuTimeReader( 1288): 	at libcore.io.BlockGuardOs.open(BlockGuardOs.java:186)
E/KernelUidCpuTimeReader( 1288): 	at libcore.io.IoBridge.open(IoBridge.java:438)
E/KernelUidCpuTimeReader( 1288): 	... 10 more
I/UsageStatsDatabase( 1288): Upgrading from version 0 to 3
I/UsageStatsDatabase( 1288): Deleting all usage stats files
I/UsageStatsService( 1288): User[0] Rollover scheduled @ 2015-12-29 00:00:00(1451347200000)
I/UsageStatsService( 1288): User[0] Flushing usage stats to disk
I/SystemServiceManager( 1288): Starting com.android.server.webkit.WebViewUpdateService
I/SystemServer( 1288): Reading configuration...
I/SystemServer( 1288): Scheduling Policy
I/SystemServiceManager( 1288): Starting com.android.server.telecom.TelecomLoaderService
I/SystemServer( 1288): Telephony Registry
I/SystemServer( 1288): Entropy Mixer
W/EntropyMixer( 1288): No existing entropy file -- first boot?
I/EntropyMixer( 1288): Writing entropy...
I/SystemServer( 1288): Camera Service
I/SystemServiceManager( 1288): Starting com.android.server.camera.CameraService
I/ServiceThread( 1288): Enabled StrictMode logging for CameraService_proxy looper.
I/SystemServer( 1288): Account Manager
I/SystemServer( 1288): Content Manager
I/SystemServer( 1288): System Content Providers
W/System  ( 1288): ClassLoader referenced unknown path: /system/priv-app/SettingsProvider/lib/x86
D/SettingsProvider( 1288): Generated and saved new ANDROID_ID [df3b83ce4472a3f9] for user 0
I/SystemServer( 1288): Vibrator Service
I/SystemServer( 1288): Consumer IR Service
E/ConsumerIrService( 1288): Can't open consumer IR HW Module, error: -2
I/SystemServiceManager( 1288): Starting com.android.server.AlarmManagerService
W/AlarmManagerService( 1288): no wall clock RTC found
I/SystemServer( 1288): Init Watchdog
I/SystemServer( 1288): Input Manager
I/InputManager( 1288): Initializing input manager, mUseDevInputEventForAudioJack=false
I/SystemServer( 1288): Window Manager
I/SyncManager( 1288): No initial accounts
I/SyncManager( 1288): No initial status
I/SyncManager( 1288): No initial statistics
I/WindowManager( 1288): No existing display settings /data/system/display_settings.xml; starting empty
I/InputManager( 1288): Starting input manager
I/SystemServer( 1288): No Bluetooh Service (emulator)
I/SystemServer( 1288): Input Method Service
E/EventHub( 1288): could not get driver version for /dev/input/mouse0, Not a typewriter
W/EventHub( 1288): Unable to disable kernel key repeat for /dev/input/event0: Function not implemented
I/EventHub( 1288): New device: id=1, fd=70, path='/dev/input/event0', name='qwerty2', classes=0x5, configuration='/system/usr/idc/qwerty2.idc', keyLayout='/system/usr/keylayout/qwerty.kl', keyCharacterMap='/system/usr/keychars/qwerty2.kcm', builtinKeyboard=true, wakeMechanism=EVIOCSSUSPENDBLOCK, usingClockIoctl=true
E/EventHub( 1288): could not get driver version for /dev/input/mice, Not a typewriter
I/InputReader( 1288): Device added: id=-1, name='Virtual', sources=0x00000301
I/InputReader( 1288):   Touch device 'qwerty2' could not query the properties of its associated display.  The device will be inoperable until the display size becomes available.
I/InputReader( 1288): Device added: id=0, name='qwerty2', sources=0x00001103
W/InputMethodManagerService( 1288): No IME selected. Choose the most applicable IME.
I/InputMethodManagerService( 1288): Default found, using com.android.inputmethod.latin/.LatinIME
I/SystemServer( 1288): Accessibility Manager
I/ActivityManager( 1288): Config changes=1df8 {1.0 ?mcc?mnc en_US ldltr sw360dp w360dp h640dp 480dpi nrml long port ?uimode ?night -touch -keyb/h/h -nav/h s.2}
E/SurfaceFlinger(  942): ro.sf.lcd_density must be defined as a build property
D/SurfaceFlinger(  942): Set active config mode=0, type=0 flinger=0xb7062000
D/SurfaceFlinger(  942): Screen type=0 is already mode=0
I/InputReader( 1288): Reconfiguring input devices.  changes=0x00000004
I/InputReader( 1288): Device reconfigured: id=0, name='qwerty2', size 1080x1920, orientation 0, mode 1, display id 0
I/ActivityManager( 1288): Config changes=508 {1.0 ?mcc?mnc en_US ldltr sw360dp w360dp h568dp 480dpi nrml port ?uimode ?night finger -keyb/h/h -nav/h s.3}
I/SystemServiceManager( 1288): Starting com.android.server.MountService$Lifecycle
I/SystemServiceManager( 1288): Starting com.android.server.UiModeManagerService
I/ActivityManager( 1288): Config changes=200 {1.0 ?mcc?mnc en_US ldltr sw360dp w360dp h568dp 480dpi nrml port finger -keyb/h/h -nav/h s.4}
W/PackageManager( 1288): No disk maintenance in 1451296480505; running immediately
I/MountService( 1288): fstrim requested, but no daemon connection yet; trying again
I/SystemServer( 1288): LockSettingsService
I/SystemServiceManager( 1288): Starting com.android.server.DeviceIdleController
D/MountService( 1288): Thinking about reset, mSystemReady=false, mDaemonConnected=true
D/MountService( 1288): Thinking about reset, mSystemReady=false, mDaemonConnected=true
D/CryptdConnector( 1288): SND -> {1 cryptfs getfield SystemLocale}
I/Ext4Crypt(  931): ext4 crypto complete called on /data
I/Ext4Crypt(  931): No master key, so not ext4enc
D/CryptdConnector( 1288): RCV <- {200 1 -1}
W/MountService( 1288): No primary storage mounted!
D/VoldConnector( 1288): SND -> {1 asec list}
D/VoldConnector( 1288): RCV <- {200 1 asec operation succeeded}
I/PackageManager( 1288): No secure containers found
W/PackageManager( 1288): Not granting permission com.google.android.googleapps.permission.GOOGLE_AUTH to package com.android.providers.calendar (protectionLevel=2 flags=0x30883e45)
W/PackageManager( 1288): Not granting permission com.google.android.googleapps.permission.GOOGLE_AUTH.cl to package com.android.providers.calendar (protectionLevel=2 flags=0x30883e45)
W/PackageManager( 1288): Not granting permission android.permission.GLOBAL_SEARCH to package com.android.quicksearchbox (protectionLevel=18 flags=0x3888be45)
W/PackageManager( 1288): Not granting permission android.permission.ACCESS_DOWNLOAD_MANAGER to package com.android.browser (protectionLevel=18 flags=0x3889be45)
W/PackageManager( 1288): Not granting permission android.permission.SEND_DOWNLOAD_COMPLETED_INTENTS to package com.android.browser (protectionLevel=2 flags=0x3889be45)
W/PackageManager( 1288): Unknown permission com.android.launcher.permission.READ_SETTINGS in package com.android.launcher3
W/PackageManager( 1288): Unknown permission com.android.launcher.permission.WRITE_SETTINGS in package com.android.launcher3
W/PackageManager( 1288): Not granting permission com.google.android.googleapps.permission.GOOGLE_AUTH.mail to package com.android.calendar (protectionLevel=2 flags=0x3089be45)
W/PackageManager( 1288): Unknown permission com.google.android.apps.enterprise.dmagent.permission.AutoSyncPermission in package com.google.android.gms
W/PackageManager( 1288): Unknown permission com.google.android.googlequicksearchbox.permission.PAUSE_HOTWORD in package com.google.android.gms
W/PackageManager( 1288): Unknown permission com.google.android.hangouts.START_HANGOUT in package com.google.android.gms
W/PackageManager( 1288): Unknown permission com.google.android.wearable.READ_SETTINGS in package com.google.android.gms
W/PackageManager( 1288): Unknown permission com.google.android.gm.permission.READ_GMAIL in package com.google.android.gms
W/PackageManager( 1288): Unknown permission com.google.android.launcher.permission.RECEIVE_LAUNCH_BROADCASTS in package com.google.android.gms
W/PackageManager( 1288): Not granting permission android.permission.MANAGE_DOCUMENTS to package com.google.android.gms (protectionLevel=2 flags=0xb8c83e45)
W/PackageManager( 1288): Not granting permission android.permission.DELETE_PACKAGES to package com.svox.pico (protectionLevel=18 flags=0x3888be45)
W/PackageManager( 1288): Not granting permission android.permission.READ_CONTACTS to package com.example.android.apis because it was previously installed without
W/PackageManager( 1288): Not granting permission android.permission.WRITE_CONTACTS to package com.example.android.apis because it was previously installed without
W/PackageManager( 1288): Not granting permission android.permission.ACCESS_COARSE_LOCATION to package com.example.android.apis because it was previously installed without
W/PackageManager( 1288): Not granting permission android.permission.WRITE_EXTERNAL_STORAGE to package com.example.android.apis because it was previously installed without
W/PackageManager( 1288): Not granting permission android.permission.SEND_SMS to package com.example.android.apis because it was previously installed without
W/PackageManager( 1288): Not granting permission android.permission.RECEIVE_SMS to package com.example.android.apis because it was previously installed without
W/PackageManager( 1288): Not granting permission android.permission.RECEIVE_MMS to package com.example.android.apis because it was previously installed without
W/PackageManager( 1288): Not granting permission android.permission.READ_SMS to package com.example.android.apis because it was previously installed without
W/PackageManager( 1288): Not granting permission android.permission.READ_PHONE_STATE to package com.example.android.apis because it was previously installed without
W/PackageManager( 1288): Not granting permission android.permission.RECORD_AUDIO to package com.example.android.apis because it was previously installed without
W/PackageManager( 1288): Not granting permission android.permission.CAMERA to package com.example.android.apis because it was previously installed without
W/PackageManager( 1288): Not granting permission android.permission.READ_EXTERNAL_STORAGE to package com.example.android.apis because it was previously installed without
W/PackageManager( 1288): Not granting permission android.permission.CONTROL_KEYGUARD to package com.google.android.gsf.login (protectionLevel=2 flags=0x30c8be45)
W/PackageManager( 1288): Unknown permission com.android.vending.billing.BILLING_ACCOUNT_SERVICE in package com.google.android.gsf.login
W/PackageManager( 1288): Unknown permission com.android.vending.billing.ADD_CREDIT_CARD in package com.google.android.gsf.login
W/PackageManager( 1288): Unknown permission com.android.vending.billing.IBillingAccountService.BIND2 in package com.google.android.gsf.login
W/PackageManager( 1288): Unknown permission com.android.vending.TOS_ACKED in package com.google.android.gsf.login
W/PackageManager( 1288): Unknown permission com.android.chrome.TOS_ACKED in package com.google.android.gsf.login
W/PackageManager( 1288): Unknown permission com.android.launcher.permission.READ_SETTINGS in package com.android.settings
W/PackageManager( 1288): Unknown permission com.android.launcher.permission.WRITE_SETTINGS in package com.android.settings
W/PackageManager( 1288): Unknown permission com.android.smspush.WAPPUSH_MANAGER_BIND in package com.android.phone
W/PackageManager( 1288): Not granting permission android.permission.BIND_APPWIDGET to package com.android.widgetpreview (protectionLevel=18 flags=0x1808be44)
W/MountService( 1288): No primary storage defined yet; hacking together a stub
W/MountService( 1288): No primary storage defined yet; hacking together a stub
I/SystemServiceManager( 1288): Starting com.android.server.devicepolicy.DevicePolicyManagerService$Lifecycle
W/MountService( 1288): No primary storage mounted!
D/VoldConnector( 1288): SND -> {2 asec list}
D/VoldConnector( 1288): RCV <- {200 2 asec operation succeeded}
I/SystemServer( 1288): Status Bar
I/SystemServer( 1288): Clipboard Service
I/SystemServer( 1288): NetworkManagement Service
I/SystemServer( 1288): Text Service Manager Service
I/SystemServer( 1288): Network Score Service
I/SystemServer( 1288): NetworkStats Service
I/SystemServer( 1288): NetworkPolicy Service
I/SystemServiceManager( 1288): Starting com.android.server.wifi.p2p.WifiP2pService
I/WifiP2pService( 1288): Registering wifip2p
I/SystemServiceManager( 1288): Starting com.android.server.wifi.WifiService
D/HS20    ( 1288): Passpoint is disabled
D/WifiController( 1288): isAirplaneModeOn = false, isWifiEnabled = false, isScanningAvailable = false
I/WifiService( 1288): Registering wifi
I/SystemServiceManager( 1288): Starting com.android.server.wifi.WifiScanningService
I/WifiScanningService( 1288): Creating wifiscanner
I/WifiScanningService( 1288): Starting wifiscanner
I/SystemServiceManager( 1288): Starting com.android.server.wifi.RttService
I/RttService( 1288): Creating rttmanager
I/RttService( 1288): Starting rttmanager
I/SystemServiceManager( 1288): Starting com.android.server.ethernet.EthernetService
I/EthernetServiceImpl( 1288): Creating EthernetConfigStore
E/IpConfigStore( 1288): Error parsing configuration: java.io.FileNotFoundException: /data/misc/ethernet/ipconfig.txt: open failed: ENOENT (No such file or directory)
W/EthernetConfigStore( 1288): No Ethernet configuration found. Using default.
I/EthernetServiceImpl( 1288): Read stored IP configuration: IP assignment: DHCP
I/EthernetServiceImpl( 1288): Proxy settings: NONE
I/EthernetService( 1288): Registering service ethernet
I/SystemServer( 1288): Connectivity Service
D/ConnectivityService( 1288): ConnectivityService starting up
D/ConnectivityService( 1288): wifiOnly=false
I/SystemServer( 1288): Network Service Discovery Service
D/NsdService( 1288): Network service discovery enabled true
I/SystemServer( 1288): UpdateLock Service
I/SystemServiceManager( 1288): Starting com.android.server.notification.NotificationManagerService
I/SystemServiceManager( 1288): Starting com.android.server.storage.DeviceStorageMonitorService
I/SystemServer( 1288): Location Manager
I/SystemServer( 1288): Country Detector
I/SystemServer( 1288): Search Service
I/SystemServer( 1288): DropBox Service
I/SystemServer( 1288): Wallpaper Service
W/WallpaperManagerService( 1288): no current wallpaper -- first boot?
I/SystemServer( 1288): Audio Service
W/TelecomManager( 1288): Telecom Service not found.
E/AudioFlinger(  955): no wake lock to update!
D/PermissionCache(  955): checking android.permission.MODIFY_AUDIO_SETTINGS for uid=1000 => granted (225 us)
I/SystemServiceManager( 1288): Starting com.android.server.DockObserver
W/DockObserver( 1288): This kernel does not have dock station support
I/SystemServer( 1288): Wired Accessory Manager
W/WiredAccessoryManager( 1288): This kernel does not have wired headset support
W/WiredAccessoryManager( 1288): This kernel does not have usb audio support
W/WiredAccessoryManager( 1288): This kernel does not have HDMI audio support
I/SystemServiceManager( 1288): Starting com.android.server.midi.MidiService$Lifecycle
I/SystemServiceManager( 1288): Starting com.android.server.usb.UsbService$Lifecycle
W/System.err( 1288): java.io.FileNotFoundException: /proc/asound/cards: open failed: ENOENT (No such file or directory)
W/System.err( 1288): 	at libcore.io.IoBridge.open(IoBridge.java:452)
W/System.err( 1288): 	at java.io.FileInputStream.<init>(FileInputStream.java:76)
W/System.err( 1288): 	at java.io.FileReader.<init>(FileReader.java:42)
W/System.err( 1288): 	at com.android.internal.alsa.AlsaCardsParser.scan(AlsaCardsParser.java:109)
W/System.err( 1288): 	at com.android.server.usb.UsbAlsaManager.<init>(UsbAlsaManager.java:135)
W/System.err( 1288): 	at com.android.server.usb.UsbService.<init>(UsbService.java:109)
W/System.err( 1288): 	at com.android.server.usb.UsbService$Lifecycle.onStart(UsbService.java:65)
W/System.err( 1288): 	at com.android.server.SystemServiceManager.startService(SystemServiceManager.java:109)
W/System.err( 1288): 	at com.android.server.SystemServiceManager.startService(SystemServiceManager.java:65)
W/System.err( 1288): 	at com.android.server.SystemServer.startOtherServices(SystemServer.java:849)
W/System.err( 1288): 	at com.android.server.SystemServer.run(SystemServer.java:270)
W/System.err( 1288): 	at com.android.server.SystemServer.main(SystemServer.java:168)
W/System.err( 1288): 	at java.lang.reflect.Method.invoke(Native Method)
W/System.err( 1288): 	at com.android.internal.os.ZygoteInit$MethodAndArgsCaller.run(ZygoteInit.java:726)
W/System.err( 1288): 	at com.android.internal.os.ZygoteInit.main(ZygoteInit.java:616)
W/System.err( 1288): Caused by: android.system.ErrnoException: open failed: ENOENT (No such file or directory)
W/System.err( 1288): 	at libcore.io.Posix.open(Native Method)
W/System.err( 1288): 	at libcore.io.BlockGuardOs.open(BlockGuardOs.java:186)
W/System.err( 1288): 	at libcore.io.IoBridge.open(IoBridge.java:438)
W/System.err( 1288): 	... 14 more
I/SystemServer( 1288): Serial Service
I/SystemServiceManager( 1288): Starting com.android.server.twilight.TwilightService
I/SystemServiceManager( 1288): Starting com.android.server.job.JobSchedulerService
I/SystemServiceManager( 1288): Starting com.android.server.backup.BackupManagerService$Lifecycle
I/SystemServiceManager( 1288): Starting com.android.server.appwidget.AppWidgetService
I/SystemServiceManager( 1288): Starting com.android.server.voiceinteraction.VoiceInteractionManagerService
D/PermissionCache(  955): checking android.permission.CAPTURE_AUDIO_HOTWORD for uid=1000 => granted (141 us)
W/SoundTriggerHelper( 1288): listModules status=0, # of modules=0
I/SystemServer( 1288): DiskStats Service
I/SystemServer( 1288): SamplingProfiler Service
I/SystemServer( 1288): NetworkTimeUpdateService
I/SystemServer( 1288): CommonTimeManagementService
I/SystemServer( 1288): CertBlacklister
I/SystemServiceManager( 1288): Starting com.android.server.dreams.DreamManagerService
I/SystemServer( 1288): Assets Atlas Service
D/AssetAtlas( 1288): Computing best atlas configuration...
D/AssetAtlas( 1288): Running Thread-51
D/AssetAtlas( 1288): Found best atlas configuration (out of 80) in 0.00s
D/AssetAtlas( 1288): Loaded configuration: SliceMinArea (832x2048) flags=0x2 count=6
I/SystemServiceManager( 1288): Starting com.android.server.print.PrintManagerService
I/SystemServiceManager( 1288): Starting com.android.server.restrictions.RestrictionsManagerService
I/SystemServiceManager( 1288): Starting com.android.server.media.MediaSessionService
I/SystemServer( 1288): Media Router Service
I/SystemServiceManager( 1288): Starting com.android.server.trust.TrustManagerService
D/        ( 1288): HostConnection::get() New Host Connection established 0xa2814720, tid 1338
I/SystemServiceManager( 1288): Starting com.android.server.fingerprint.FingerprintService
D/PermissionCache(  961): checking android.permission.MANAGE_FINGERPRINT for uid=1000 => granted (389 us)
V/fingerprintd(  961): nativeOpenHal()
D/FingerprintHal(  961): ----------------> fingerprint_open ----------------->
D/FingerprintHal(  961): ----------------> loadFingerprints ----------------->
E/FingerprintHal(  961): Could not load fingerprints from storage at /data/system/users/0/fpdata/emulator_fingerprint_storage.bin; it has not yet been created.
D/FingerprintHal(  961): ----------------> set_notify_callback ----------------->
D/FingerprintHal(  961): fingerprint callback notification set
V/fingerprintd(  961): fingerprint HAL successfully initialized
I/SELinux ( 1288): SELinux: Loaded file_contexts contexts from /file_contexts.
V/fingerprintd(  961): setActiveGroup(0, /data/system/users/0/fpdata, 27)
W/FingerprintHal(  961): Setting active finger group not implemented
V/FingerprintService( 1288): Fingerprint HAL id: -1222742016
I/SystemServer( 1288): BackgroundDexOptService
D/FingerprintHal(  961): ----------------> listenerFunction ----------------->
D/WifiApConfigStore( 1288): 2G band allowed channels are:1,6,11
I/SystemServiceManager( 1288): Starting com.android.server.pm.LauncherAppsService
I/SystemServiceManager( 1288): Starting com.android.server.media.projection.MediaProjectionManagerService
W/art     ( 1288): Suspending all threads took: 17.056ms
I/art     ( 1288): Background sticky concurrent mark sweep GC freed 7873(491KB) AllocSpace objects, 1(20KB) LOS objects, 0% free, 11MB/11MB, paused 43.779ms total 54.266ms
I/WindowManager( 1288): SAFE MODE not enabled
I/SystemServiceManager( 1288): Starting com.android.server.MmsServiceBroker
I/art     ( 1288): Background partial concurrent mark sweep GC freed 441(56KB) AllocSpace objects, 0(0B) LOS objects, 25% free, 11MB/15MB, paused 10.980ms total 44.085ms
D/AssetAtlas( 1288): Rendered atlas in 138.41ms (0.27+138.13ms)
D/        (  942): HostConnection::get() New Host Connection established 0xb7052cb0, tid 1172
E/SQLiteLog( 1288): (1) no such table: locksettings
I/LockSettingsService( 1288): Migrated lock settings to new location
I/LockSettingsService( 1288): Migrated per-user lock settings to new location
I/LockSettingsService( 1288): Migrated biometric weak to use the fallback instead
I/LockSettingsService( 1288): Migrated lockscreen disabled flag
E/LockSettingsStorage( 1288): Cannot read file java.io.FileNotFoundException: /data/system/gatekeeper.password.key: open failed: ENOENT (No such file or directory)
E/LockSettingsStorage( 1288): Cannot read file java.io.FileNotFoundException: /data/system/password.key: open failed: ENOENT (No such file or directory)
E/LockSettingsStorage( 1288): Cannot read file java.io.FileNotFoundException: /data/system/gatekeeper.pattern.key: open failed: ENOENT (No such file or directory)
E/LockSettingsStorage( 1288): Cannot read file java.io.FileNotFoundException: /data/system/gatekeeper.gesture.key: open failed: ENOENT (No such file or directory)
E/LockSettingsStorage( 1288): Cannot read file java.io.FileNotFoundException: /data/system/gesture.key: open failed: ENOENT (No such file or directory)
I/SystemServiceManager( 1288): Starting phase 480
I/SystemServiceManager( 1288): Starting phase 500
I/WifiService( 1288): WifiService starting up with Wi-Fi disabled
D/WifiService( 1288): New client listening to asynchronous messages
I/WifiScanningService( 1288): Registering wifiscanner
I/RttService( 1288): Registering rttmanager
I/EthernetServiceImpl( 1288): Starting Ethernet service
D/Ethernet( 1288): Registering NetworkFactory
D/ConnectivityService( 1288): Got NetworkFactory Messenger for Ethernet
D/Ethernet( 1288): got request NetworkRequest [ id=1, legacyType=-1, [ Capabilities: INTERNET&NOT_RESTRICTED&TRUSTED&NOT_VPN] ] with score 0
D/EthernetNetworkFactory( 1288): Started tracking interface eth0
I/MountService( 1288): Running fstrim idle maintenance
D/VoldConnector( 1288): SND -> {3 fstrim dotrim}
D/VoldConnector( 1288): RCV <- {200 3 Command succeeded}
D/vold    (  931): Starting trim of /data
W/vold    (  931): Trim failed on /data: Operation not supported on transport endpoint
D/VoldConnector( 1288): RCV <- {662 /data -1 -1}
D/vold    (  931): Starting trim of /cache
W/vold    (  931): Trim failed on /cache: Operation not supported on transport endpoint
D/VoldConnector( 1288): RCV <- {662 /cache -1 -1}
D/CommandListener(  949): Setting iface cfg
D/CommandListener(  949): Trying to bring up eth0
D/EthernetNetworkFactory( 1288): updateInterface: eth0 link up
I/EthernetNetworkFactory( 1288): dhcpThread(eth0): mNetworkInfo=[type: Ethernet[], state: UNKNOWN/IDLE, reason: (unspecified), extra: 52:54:00:12:34:56, roaming: false, failover: false, isAvailable: true]
V/BackupManagerService( 1288): No ancestral data
V/KeyValueBackupJob( 1288): Scheduling k/v pass in 248 minutes
V/BackupManagerService( 1288): Starting with transport android/com.android.internal.backup.LocalTransport
V/BackupManagerService( 1288): Found transports: 2
I/DefaultPermGrantPolicy( 1288): Granting permissions to platform components for user 0
D/VoldConnector( 1288): SND -> {4 volume remount_uid 1001 none}
D/vold    (  931): Remounting 1001 as mode none
E/vold    (  931): Failed to readlink: No such file or directory
D/VoldConnector( 1288): RCV <- {400 4 Command failed}
W/MountService( 1288): Failed to remount UID 1001 as none: com.android.server.NativeDaemonConnector$NativeDaemonFailureException: command '4 volume remount_uid 1001 none' failed with '400 4 Command failed'
D/VoldConnector( 1288): SND -> {5 volume remount_uid 1001 none}
D/vold    (  931): Remounting 1001 as mode none
E/vold    (  931): Failed to readlink: No such file or directory
D/VoldConnector( 1288): RCV <- {400 5 Command failed}
W/MountService( 1288): Failed to remount UID 1001 as none: com.android.server.NativeDaemonConnector$NativeDaemonFailureException: command '5 volume remount_uid 1001 none' failed with '400 5 Command failed'
D/VoldConnector( 1288): SND -> {6 volume remount_uid 1000 none}
D/vold    (  931): Remounting 1000 as mode none
E/vold    (  931): Failed to readlink: No such file or directory
D/VoldConnector( 1288): RCV <- {400 6 Command failed}
W/MountService( 1288): Failed to remount UID 1000 as none: com.android.server.NativeDaemonConnector$NativeDaemonFailureException: command '6 volume remount_uid 1000 none' failed with '400 6 Command failed'
D/VoldConnector( 1288): SND -> {7 volume remount_uid 1000 none}
D/vold    (  931): Remounting 1000 as mode none
E/vold    (  931): Failed to readlink: No such file or directory
D/VoldConnector( 1288): RCV <- {400 7 Command failed}
W/MountService( 1288): Failed to remount UID 1000 as none: com.android.server.NativeDaemonConnector$NativeDaemonFailureException: command '7 volume remount_uid 1000 none' failed with '400 7 Command failed'
D/VoldConnector( 1288): SND -> {8 volume remount_uid 2000 none}
D/vold    (  931): Remounting 2000 as mode none
E/vold    (  931): Failed to readlink: No such file or directory
D/VoldConnector( 1288): RCV <- {400 8 Command failed}
W/MountService( 1288): Failed to remount UID 2000 as none: com.android.server.NativeDaemonConnector$NativeDaemonFailureException: command '8 volume remount_uid 2000 none' failed with '400 8 Command failed'
D/VoldConnector( 1288): SND -> {9 volume remount_uid 2000 none}
D/vold    (  931): Remounting 2000 as mode none
E/vold    (  931): Failed to readlink: No such file or directory
D/VoldConnector( 1288): RCV <- {400 9 Command failed}
W/MountService( 1288): Failed to remount UID 2000 as none: com.android.server.NativeDaemonConnector$NativeDaemonFailureException: command '9 volume remount_uid 2000 none' failed with '400 9 Command failed'
D/VoldConnector( 1288): SND -> {10 volume remount_uid 10014 none}
D/vold    (  931): Remounting 10014 as mode none
E/vold    (  931): Failed to readlink: No such file or directory
D/VoldConnector( 1288): RCV <- {400 10 Command failed}
W/MountService( 1288): Failed to remount UID 10014 as none: com.android.server.NativeDaemonConnector$NativeDaemonFailureException: command '10 volume remount_uid 10014 none' failed with '400 10 Command failed'
D/VoldConnector( 1288): SND -> {11 volume remount_uid 10014 none}
D/vold    (  931): Remounting 10014 as mode none
E/vold    (  931): Failed to readlink: No such file or directory
D/VoldConnector( 1288): RCV <- {400 11 Command failed}
W/MountService( 1288): Failed to remount UID 10014 as none: com.android.server.NativeDaemonConnector$NativeDaemonFailureException: command '11 volume remount_uid 10014 none' failed with '400 11 Command failed'
I/DefaultPermGrantPolicy( 1288): Granting permissions to default platform handlers for user 0
W/VoiceInteractionManagerService( 1288): no available voice interaction services found for user 0
W/VoiceInteractionManagerService( 1288): no available voice recognition services found for user 0
D/VoldConnector( 1288): SND -> {12 volume remount_uid 10010 none}
D/vold    (  931): Remounting 10010 as mode none
E/vold    (  931): Failed to readlink: No such file or directory
D/VoldConnector( 1288): RCV <- {400 12 Command failed}
W/MountService( 1288): Failed to remount UID 10010 as none: com.android.server.NativeDaemonConnector$NativeDaemonFailureException: command '12 volume remount_uid 10010 none' failed with '400 12 Command failed'
D/VoldConnector( 1288): SND -> {13 volume remount_uid 10034 none}
W/KeyguardServiceDelegate( 1288): onScreenTurningOn(): no keyguard service!
E/KernelCpuSpeedReader( 1288): Failed to read cpu-freq
E/KernelCpuSpeedReader( 1288): java.io.FileNotFoundException: /sys/devices/system/cpu/cpu0/cpufreq/stats/time_in_state: open failed: ENOENT (No such file or directory)
E/KernelCpuSpeedReader( 1288): 	at libcore.io.IoBridge.open(IoBridge.java:452)
E/KernelCpuSpeedReader( 1288): 	at java.io.FileInputStream.<init>(FileInputStream.java:76)
E/KernelCpuSpeedReader( 1288): 	at java.io.FileInputStream.<init>(FileInputStream.java:103)
E/KernelCpuSpeedReader( 1288): 	at java.io.FileReader.<init>(FileReader.java:66)
E/KernelCpuSpeedReader( 1288): 	at com.android.internal.os.KernelCpuSpeedReader.readDelta(KernelCpuSpeedReader.java:49)
E/KernelCpuSpeedReader( 1288): 	at com.android.internal.os.BatteryStatsImpl.updateCpuTimeLocked(BatteryStatsImpl.java:8002)
E/KernelCpuSpeedReader( 1288): 	at com.android.internal.os.BatteryStatsImpl$MyHandler.handleMessage(BatteryStatsImpl.java:155)
E/KernelCpuSpeedReader( 1288): 	at android.os.Handler.dispatchMessage(Handler.java:102)
E/KernelCpuSpeedReader( 1288): 	at android.os.Looper.loop(Looper.java:148)
E/KernelCpuSpeedReader( 1288): 	at android.os.HandlerThread.run(HandlerThread.java:61)
E/KernelCpuSpeedReader( 1288): 	at com.android.server.ServiceThread.run(ServiceThread.java:46)
E/KernelCpuSpeedReader( 1288): Caused by: android.system.ErrnoException: open failed: ENOENT (No such file or directory)
E/KernelCpuSpeedReader( 1288): 	at libcore.io.Posix.open(Native Method)
E/KernelCpuSpeedReader( 1288): 	at libcore.io.BlockGuardOs.open(BlockGuardOs.java:186)
E/KernelCpuSpeedReader( 1288): 	at libcore.io.IoBridge.open(IoBridge.java:438)
E/KernelCpuSpeedReader( 1288): 	... 10 more
E/KernelUidCpuTimeReader( 1288): Failed to read uid_cputime
E/KernelUidCpuTimeReader( 1288): java.io.FileNotFoundException: /proc/uid_cputime/show_uid_stat: open failed: ENOENT (No such file or directory)
E/KernelUidCpuTimeReader( 1288): 	at libcore.io.IoBridge.open(IoBridge.java:452)
E/KernelUidCpuTimeReader( 1288): 	at java.io.FileInputStream.<init>(FileInputStream.java:76)
E/KernelUidCpuTimeReader( 1288): 	at java.io.FileInputStream.<init>(FileInputStream.java:103)
E/KernelUidCpuTimeReader( 1288): 	at java.io.FileReader.<init>(FileReader.java:66)
E/KernelUidCpuTimeReader( 1288): 	at com.android.internal.os.KernelUidCpuTimeReader.readDelta(KernelUidCpuTimeReader.java:71)
E/KernelUidCpuTimeReader( 1288): 	at com.android.internal.os.BatteryStatsImpl.updateCpuTimeLocked(BatteryStatsImpl.java:8031)
E/KernelUidCpuTimeReader( 1288): 	at com.android.internal.os.BatteryStatsImpl$MyHandler.handleMessage(BatteryStatsImpl.java:155)
E/KernelUidCpuTimeReader( 1288): 	at android.os.Handler.dispatchMessage(Handler.java:102)
E/KernelUidCpuTimeReader( 1288): 	at android.os.Looper.loop(Looper.java:148)
E/KernelUidCpuTimeReader( 1288): 	at android.os.HandlerThread.run(HandlerThread.java:61)
E/KernelUidCpuTimeReader( 1288): 	at com.android.server.ServiceThread.run(ServiceThread.java:46)
E/KernelUidCpuTimeReader( 1288): Caused by: android.system.ErrnoException: open failed: ENOENT (No such file or directory)
E/KernelUidCpuTimeReader( 1288): 	at libcore.io.Posix.open(Native Method)
E/KernelUidCpuTimeReader( 1288): 	at libcore.io.BlockGuardOs.open(BlockGuardOs.java:186)
E/KernelUidCpuTimeReader( 1288): 	at libcore.io.IoBridge.open(IoBridge.java:438)
E/KernelUidCpuTimeReader( 1288): 	... 10 more
D/vold    (  931): Remounting 10034 as mode none
E/vold    (  931): Failed to readlink: No such file or directory
D/VoldConnector( 1288): RCV <- {400 13 Command failed}
D/        ( 1288): HostConnection::get() New Host Connection established 0xa05fe310, tid 1307
W/MountService( 1288): Failed to remount UID 10034 as none: com.android.server.NativeDaemonConnector$NativeDaemonFailureException: command '13 volume remount_uid 10034 none' failed with '400 13 Command failed'
D/VoldConnector( 1288): SND -> {14 volume remount_uid 10034 none}
D/vold    (  931): Remounting 10034 as mode none
E/vold    (  931): Failed to readlink: No such file or directory
D/VoldConnector( 1288): RCV <- {400 14 Command failed}
W/MountService( 1288): Failed to remount UID 10034 as none: com.android.server.NativeDaemonConnector$NativeDaemonFailureException: command '14 volume remount_uid 10034 none' failed with '400 14 Command failed'
D/VoldConnector( 1288): SND -> {15 volume remount_uid 10006 none}
D/vold    (  931): Remounting 10006 as mode none
E/vold    (  931): Failed to readlink: No such file or directory
D/VoldConnector( 1288): RCV <- {400 15 Command failed}
W/MountService( 1288): Failed to remount UID 10006 as none: com.android.server.NativeDaemonConnector$NativeDaemonFailureException: command '15 volume remount_uid 10006 none' failed with '400 15 Command failed'
D/VoldConnector( 1288): SND -> {16 volume remount_uid 10006 none}
D/vold    (  931): Remounting 10006 as mode none
E/vold    (  931): Failed to readlink: No such file or directory
D/VoldConnector( 1288): RCV <- {400 16 Command failed}
W/MountService( 1288): Failed to remount UID 10006 as none: com.android.server.NativeDaemonConnector$NativeDaemonFailureException: command '16 volume remount_uid 10006 none' failed with '400 16 Command failed'
D/VoldConnector( 1288): SND -> {17 volume remount_uid 10001 none}
D/vold    (  931): Remounting 10001 as mode none
E/vold    (  931): Failed to readlink: No such file or directory
D/VoldConnector( 1288): RCV <- {400 17 Command failed}
W/MountService( 1288): Failed to remount UID 10001 as none: com.android.server.NativeDaemonConnector$NativeDaemonFailureException: command '17 volume remount_uid 10001 none' failed with '400 17 Command failed'
D/VoldConnector( 1288): SND -> {18 volume remount_uid 10001 none}
D/vold    (  931): Remounting 10001 as mode none
E/vold    (  931): Failed to readlink: No such file or directory
D/VoldConnector( 1288): RCV <- {400 18 Command failed}
W/MountService( 1288): Failed to remount UID 10001 as none: com.android.server.NativeDaemonConnector$NativeDaemonFailureException: command '18 volume remount_uid 10001 none' failed with '400 18 Command failed'
D/VoldConnector( 1288): SND -> {19 volume remount_uid 10007 none}
D/vold    (  931): Remounting 10007 as mode none
E/vold    (  931): Failed to readlink: No such file or directory
D/VoldConnector( 1288): RCV <- {400 19 Command failed}
W/MountService( 1288): Failed to remount UID 10007 as none: com.android.server.NativeDaemonConnector$NativeDaemonFailureException: command '19 volume remount_uid 10007 none' failed with '400 19 Command failed'
D/VoldConnector( 1288): SND -> {20 volume remount_uid 10007 none}
D/vold    (  931): Remounting 10007 as mode none
E/vold    (  931): Failed to readlink: No such file or directory
D/VoldConnector( 1288): RCV <- {400 20 Command failed}
W/MountService( 1288): Failed to remount UID 10007 as none: com.android.server.NativeDaemonConnector$NativeDaemonFailureException: command '20 volume remount_uid 10007 none' failed with '400 20 Command failed'
I/ActivityManager( 1288): Pre-boot of {com.android.providers.calendar/com.android.providers.calendar.CalendarUpgradeReceiver} for user 0
I/SystemServer( 1288): Enabled StrictMode for system server main thread.
I/Zygote  ( 1288): Process: zygote socket opened, supported ABIS: x86
I/art     ( 1352): Late-enabling JIT
I/art     ( 1352): JIT created with code_cache_capacity=2MB compile_threshold=1000
I/ActivityManager( 1288): Start proc 1352:com.android.providers.calendar/u0a1 for broadcast com.android.providers.calendar/.CalendarUpgradeReceiver
I/ActivityManager( 1288): Launching preboot mode app: ProcessRecord{6959cb3 1352:com.android.providers.calendar/u0a1}
W/System  ( 1352): ClassLoader referenced unknown path: /system/priv-app/CalendarProvider/lib/x86
D/RttService( 1288): SCAN_AVAILABLE : 1
D/RttService( 1288): DefaultState got{ when=-6ms what=160513 target=com.android.internal.util.StateMachine$SmHandler }
V/BackupManagerService( 1288): Connected to transport ComponentInfo{android/com.android.internal.backup.LocalTransportService}
V/BackupManagerService( 1288): Registering transport android/com.android.internal.backup.LocalTransportService::android/com.android.internal.backup.LocalTransport = android.app.backup.BackupTransport$TransportImpl@f6459c
D/        ( 1288): HostConnection::get() New Host Connection established 0xa05fe5d0, tid 1288
W/art     ( 1288): Long monitor contention event with owner method=void com.android.server.wm.WindowManagerService.showStrictModeViolation(int, int) from WindowManagerService.java:6051 waiters=0 for 174ms
I/ActivityManager( 1288): Pre-boot of {com.android.providers.contacts/com.android.providers.contacts.ContactsUpgradeReceiver} for user 0
I/art     ( 1370): Late-enabling JIT
I/art     ( 1370): JIT created with code_cache_capacity=2MB compile_threshold=1000
I/ActivityManager( 1288): Start proc 1370:android.process.acore/u0a2 for broadcast com.android.providers.contacts/.ContactsUpgradeReceiver
I/ActivityManager( 1288): Launching preboot mode app: ProcessRecord{4b95ba5 1370:android.process.acore/u0a2}
W/System  ( 1370): ClassLoader referenced unknown path: /system/priv-app/ContactsProvider/lib/x86
I/ContactsUpgradeReceiver( 1370): Creating or opening contacts database
I/ContactsDatabaseHelper( 1370): Bootstrapping database version: 1011
I/ContactsProviderV1( 1370): Bootstrapping database legacy support
I/ContactsDatabaseHelper( 1370): Bootstrapping database version: 1011
I/ContactsProviderV1( 1370): Bootstrapping database legacy support
W/WindowManager( 1288): Keyguard drawn timeout. Setting mKeyguardDrawComplete
I/ContactsProvider( 1370): Locale has changed from null to en-US
I/ContactsDatabaseHelper( 1370): Switching to locale en-US (ICU v55.1)
I/ContactsDatabaseHelper( 1370): Locale change completed in 157ms
I/ContactsDatabaseHelper( 1370): Switching to locale en-US (ICU v55.1)
I/ContactsDatabaseHelper( 1370): Locale change completed in 147ms
I/ActivityManager( 1288): Pre-boot of {com.google.android.gsf/com.google.android.gsf.loginservice.MigrateToAccountManagerBroadcastReceiver} for user 0
I/art     ( 1387): Late-enabling JIT
I/art     ( 1387): JIT created with code_cache_capacity=2MB compile_threshold=1000
I/ActivityManager( 1288): Start proc 1387:com.google.process.gapps/u0a7 for broadcast com.google.android.gsf/.loginservice.MigrateToAccountManagerBroadcastReceiver
I/ActivityManager( 1288): Launching preboot mode app: ProcessRecord{3767b7a 1387:com.google.process.gapps/u0a7}
W/System  ( 1387): ClassLoader referenced unknown path: /system/priv-app/GoogleServicesFramework/lib/x86
D/GoogleLoginService( 1387): no legacy android id exists to migrate
D/GoogleLoginService( 1387): skipping migration because /data/user/0/com.google.android.gsf/databases/accounts.db doesn't exist
D/GoogleLoginService( 1387): disabling the migration script since the migration is complete
I/ActivityManager( 1288): Pre-boot of {com.android.managedprovisioning/com.android.managedprovisioning.PreBootListener} for user 0
I/ActivityManager( 1288): Start proc 1402:com.android.managedprovisioning/u0a9 for broadcast com.android.managedprovisioning/.PreBootListener
I/art     ( 1402): Late-enabling JIT
I/art     ( 1402): JIT created with code_cache_capacity=2MB compile_threshold=1000
I/ActivityManager( 1288): Launching preboot mode app: ProcessRecord{d6def2b 1402:com.android.managedprovisioning/u0a9}
W/System  ( 1402): ClassLoader referenced unknown path: /system/priv-app/ManagedProvisioning/lib/x86
I/ActivityManager( 1288): Pre-boot of {com.android.providers.media/com.android.providers.media.MediaUpgradeReceiver} for user 0
I/art     ( 1416): Late-enabling JIT
I/art     ( 1416): JIT created with code_cache_capacity=2MB compile_threshold=1000
I/ActivityManager( 1288): Start proc 1416:android.process.media/u0a5 for broadcast com.android.providers.media/.MediaUpgradeReceiver
I/ActivityManager( 1288): Launching preboot mode app: ProcessRecord{cf01f88 1416:android.process.media/u0a5}
W/System  ( 1416): ClassLoader referenced unknown path: /system/priv-app/MediaProvider/lib/x86
I/ActivityManager( 1288): Pre-boot of {com.android.settings/com.android.settings.ManagedProfileSetup} for user 0
I/art     ( 1431): Late-enabling JIT
I/art     ( 1431): JIT created with code_cache_capacity=2MB compile_threshold=1000
I/ActivityManager( 1288): Start proc 1431:com.android.settings/1000 for broadcast com.android.settings/.ManagedProfileSetup
I/ActivityManager( 1288): Launching preboot mode app: ProcessRecord{7090d21 1431:com.android.settings/1000}
W/System  ( 1431): ClassLoader referenced unknown path: /system/priv-app/Settings/lib/x86
I/ActivityManager( 1288): Removing system update proc: ProcessRecord{6959cb3 1352:com.android.providers.calendar/u0a1}
I/ActivityManager( 1288): Killing 1352:com.android.providers.calendar/u0a1 (adj 13): system update done
I/ActivityManager( 1288): Removing system update proc: ProcessRecord{4b95ba5 1370:android.process.acore/u0a2}
I/ActivityManager( 1288): Killing 1370:android.process.acore/u0a2 (adj 13): system update done
I/ActivityManager( 1288): Removing system update proc: ProcessRecord{3767b7a 1387:com.google.process.gapps/u0a7}
I/ActivityManager( 1288): Killing 1387:com.google.process.gapps/u0a7 (adj 11): system update done
I/ActivityManager( 1288): Removing system update proc: ProcessRecord{d6def2b 1402:com.android.managedprovisioning/u0a9}
I/ActivityManager( 1288): Killing 1402:com.android.managedprovisioning/u0a9 (adj 11): system update done
I/ActivityManager( 1288): Removing system update proc: ProcessRecord{cf01f88 1416:android.process.media/u0a5}
I/ActivityManager( 1288): Killing 1416:android.process.media/u0a5 (adj 9): system update done
I/ActivityManager( 1288): Removing system update proc: ProcessRecord{7090d21 1431:com.android.settings/1000}
I/ActivityManager( 1288): Killing 1431:com.android.settings/1000 (adj 9): system update done
I/ActivityManager( 1288): System now ready
W/ActivityManager( 1288): Spurious death for ProcessRecord{6959cb3 0:com.android.providers.calendar/u0a1}, curProc for 1352: null
W/ActivityManager( 1288): Spurious death for ProcessRecord{4b95ba5 0:android.process.acore/u0a2}, curProc for 1370: null
W/ActivityManager( 1288): Spurious death for ProcessRecord{3767b7a 0:com.google.process.gapps/u0a7}, curProc for 1387: null
W/ActivityManager( 1288): Spurious death for ProcessRecord{d6def2b 0:com.android.managedprovisioning/u0a9}, curProc for 1402: null
I/SystemServer( 1288): Making services ready
I/SystemServiceManager( 1288): Starting phase 550
W/ActivityManager( 1288): Spurious death for ProcessRecord{cf01f88 0:android.process.media/u0a5}, curProc for 1416: null
W/ActivityManager( 1288): Spurious death for ProcessRecord{7090d21 0:com.android.settings/1000}, curProc for 1431: null
W/System  ( 1288): ClassLoader referenced unknown path: /system/priv-app/Telecom/lib/x86
D/MountService( 1288): Thinking about reset, mSystemReady=true, mDaemonConnected=true
D/VoldConnector( 1288): SND -> {21 volume reset}
D/VoldConnector( 1288): RCV <- {651 emulated 7}
