12-28 18:54:29.093  1288  1288 W PackageManager: Permission com.google.android.googleapps.permission.GOOGLE_AUTH.orkut from package com.google.android.gsf in an unknown group android.permission-group.ACCOUNTS
12-28 18:54:29.094  1288  1288 W PackageManager: Permission com.google.android.googleapps.permission.GOOGLE_AUTH.print from package com.google.android.gsf in an unknown group android.permission-group.ACCOUNTS
12-28 18:54:29.094  1288  1288 W PackageManager: Permission com.google.android.googleapps.permission.GOOGLE_AUTH.sitemaps from package com.google.android.gsf in an unknown group android.permission-group.ACCOUNTS
12-28 18:54:29.094  1288  1288 W PackageManager: Permission com.google.android.googleapps.permission.GOOGLE_AUTH.wifi from package com.google.android.gsf in an unknown group android.permission-group.ACCOUNTS
12-28 18:54:29.094  1288  1288 W PackageManager: Permission com.google.android.googleapps.permission.GOOGLE_AUTH.finance from package com.google.android.gsf in an unknown group android.permission-group.ACCOUNTS
12-28 18:54:29.094  1288  1288 W PackageManager: Permission com.google.android.googleapps.permission.GOOGLE_AUTH.local from package com.google.android.gsf in an unknown group android.permission-group.ACCOUNTS
12-28 18:54:29.094  1288  1288 W PackageManager: Permission com.google.android.googleapps.permission.GOOGLE_AUTH.ah from package com.google.android.gsf in an unknown group android.permission-group.ACCOUNTS
12-28 18:54:29.094  1288  1288 W PackageManager: Permission com.google.android.googleapps.permission.GOOGLE_AUTH.notebook from package com.google.android.gsf in an unknown group android.permission-group.ACCOUNTS
12-28 18:54:29.094  1288  1288 W PackageManager: Permission com.google.android.googleapps.permission.GOOGLE_AUTH.writely from package com.google.android.gsf in an unknown group android.permission-group.ACCOUNTS
12-28 18:54:29.094  1288  1288 W PackageManager: Permission com.google.android.googleapps.permission.GOOGLE_AUTH.wise from package com.google.android.gsf in an unknown group android.permission-group.ACCOUNTS
12-28 18:54:29.095  1288  1288 W PackageManager: Permission com.google.android.googleapps.permission.GOOGLE_AUTH.grandcentral from package com.google.android.gsf in an unknown group android.permission-group.ACCOUNTS
12-28 18:54:29.095  1288  1288 W PackageManager: Permission com.google.android.googleapps.permission.GOOGLE_AUTH.speechpersonalization from package com.google.android.gsf in an unknown group android.permission-group.ACCOUNTS
12-28 18:54:29.095  1288  1288 W PackageManager: Permission com.google.android.googleapps.permission.GOOGLE_AUTH.speech from package com.google.android.gsf in an unknown group android.permission-group.ACCOUNTS
12-28 18:54:29.095  1288  1288 W PackageManager: Permission com.google.android.providers.talk.permission.READ_ONLY from package com.google.android.gsf in an unknown group android.permission-group.MESSAGES
12-28 18:54:29.095  1288  1288 W PackageManager: Permission com.google.android.providers.talk.permission.WRITE_ONLY from package com.google.android.gsf in an unknown group android.permission-group.MESSAGES
12-28 18:54:29.095  1288  1288 W PackageManager: Permission com.google.android.gtalkservice.permission.GTALK_SERVICE from package com.google.android.gsf in an unknown group android.permission-group.MESSAGES
12-28 18:54:29.095  1288  1288 W PackageManager: Permission com.google.android.gtalkservice.permission.SEND_HEARTBEAT from package com.google.android.gsf in an unknown group android.permission-group.NETWORK
12-28 18:54:29.095  1288  1288 W PackageManager: Permission com.google.android.permission.BROADCAST_DATA_MESSAGE from package com.google.android.gsf in an unknown group android.permission-group.NETWORK
12-28 18:54:29.095  1288  1288 W PackageManager: Permission com.google.android.c2dm.permission.SEND from package com.google.android.gsf in an unknown group android.permission-group.NETWORK
12-28 18:54:29.095  1288  1288 W PackageManager: Permission com.google.android.c2dm.permission.RECEIVE from package com.google.android.gsf in an unknown group android.permission-group.NETWORK
12-28 18:54:29.095  1288  1288 W PackageManager: Permission com.google.android.xmpp.permission.BROADCAST from package com.google.android.gsf in an unknown group android.permission-group.NETWORK
12-28 18:54:29.095  1288  1288 W PackageManager: Permission com.google.android.xmpp.permission.SEND_RECEIVE from package com.google.android.gsf in an unknown group android.permission-group.NETWORK
12-28 18:54:29.095  1288  1288 W PackageManager: Permission com.google.android.xmpp.permission.XMPP_ENDPOINT_BROADCAST from package com.google.android.gsf in an unknown group android.permission-group.NETWORK
12-28 18:54:29.095  1288  1288 W PackageManager: Permission com.google.android.xmpp.permission.USE_XMPP_ENDPOINT from package com.google.android.gsf in an unknown group android.permission-group.NETWORK
12-28 18:54:29.096  1288  1288 W PackageManager: Permission com.google.android.providers.gsf.permission.READ_GSERVICES from package com.google.android.gsf in an unknown group android.permission-group.ACCOUNTS
12-28 18:54:29.103  1288  1288 I PackageManager: /system/priv-app/InputDevices changed; collecting certs
12-28 18:54:29.149  1288  1288 I PackageManager: /system/priv-app/Launcher3 changed; collecting certs
12-28 18:54:29.241  1288  1288 I PackageManager: /system/priv-app/ManagedProvisioning changed; collecting certs
12-28 18:54:29.280  1288  1288 I PackageManager: /system/priv-app/MediaProvider changed; collecting certs
12-28 18:54:29.297  1288  1288 I PackageManager: /system/priv-app/MmsService changed; collecting certs
12-28 18:54:29.346  1288  1288 I PackageManager: /system/priv-app/PackageInstaller changed; collecting certs
12-28 18:54:29.766  1288  1288 W PackageParser: Ignoring duplicate uses-permissions/uses-permissions-sdk-m: android.permission.SYSTEM_ALERT_WINDOW in package: com.google.android.gms at: Binary XML file line #77
12-28 18:54:29.766  1288  1288 W PackageParser: Ignoring duplicate uses-permissions/uses-permissions-sdk-m: android.permission.SUBSCRIBED_FEEDS_READ in package: com.google.android.gms at: Binary XML file line #90
12-28 18:54:29.766  1288  1288 W PackageParser: Ignoring duplicate uses-permissions/uses-permissions-sdk-m: android.permission.SUBSCRIBED_FEEDS_WRITE in package: com.google.android.gms at: Binary XML file line #91
12-28 18:54:29.766  1288  1288 W PackageParser: Ignoring duplicate uses-permissions/uses-permissions-sdk-m: android.permission.WRITE_SETTINGS in package: com.google.android.gms at: Binary XML file line #134
12-28 18:54:29.766  1288  1288 W PackageParser: Ignoring duplicate uses-permissions/uses-permissions-sdk-m: android.permission.SYSTEM_ALERT_WINDOW in package: com.google.android.gms at: Binary XML file line #160
12-28 18:54:29.766  1288  1288 W PackageParser: Ignoring duplicate uses-permissions/uses-permissions-sdk-m: android.permission.READ_SYNC_SETTINGS in package: com.google.android.gms at: Binary XML file line #164
12-28 18:54:29.766  1288  1288 W PackageParser: Ignoring duplicate uses-permissions/uses-permissions-sdk-m: android.permission.WRITE_SYNC_SETTINGS in package: com.google.android.gms at: Binary XML file line #165
12-28 18:54:29.766  1288  1288 W PackageParser: Ignoring duplicate uses-permissions/uses-permissions-sdk-m: android.permission.VIBRATE in package: com.google.android.gms at: Binary XML file line #167
12-28 18:54:29.766  1288  1288 W PackageParser: Ignoring duplicate uses-permissions/uses-permissions-sdk-m: android.permission.VIBRATE in package: com.google.android.gms at: Binary XML file line #209
12-28 18:54:29.767  1288  1288 W PackageParser: Ignoring duplicate uses-permissions/uses-permissions-sdk-m: android.permission.ACCESS_FINE_LOCATION in package: com.google.android.gms at: Binary XML file line #224
12-28 18:54:29.767  1288  1288 W PackageParser: Ignoring duplicate uses-permissions/uses-permissions-sdk-m: android.permission.OBSERVE_GRANT_REVOKE_PERMISSIONS in package: com.google.android.gms at: Binary XML file line #230
12-28 18:54:29.767  1288  1288 W PackageParser: Ignoring duplicate uses-permissions/uses-permissions-sdk-m: android.permission.READ_CONTACTS in package: com.google.android.gms at: Binary XML file line #268
12-28 18:54:29.767  1288  1288 W PackageParser: Ignoring duplicate uses-permissions/uses-permissions-sdk-m: android.permission.WRITE_SETTINGS in package: com.google.android.gms at: Binary XML file line #300
12-28 18:54:29.767  1288  1288 W PackageParser: Ignoring duplicate uses-permissions/uses-permissions-sdk-m: android.permission.CAPTURE_AUDIO_OUTPUT in package: com.google.android.gms at: Binary XML file line #315
12-28 18:54:29.767  1288  1288 W PackageParser: Ignoring duplicate uses-permissions/uses-permissions-sdk-m: android.permission.CAPTURE_VIDEO_OUTPUT in package: com.google.android.gms at: Binary XML file line #316
12-28 18:54:29.812  1288  1288 I PackageManager: /system/priv-app/PrebuiltGmsCore changed; collecting certs
12-28 18:54:30.908  1288  1288 W PackageManager: Permission com.google.android.gms.permission.ACTIVITY_RECOGNITION from package com.google.android.gms in an unknown group android.permission-group.PERSONAL_INFO
12-28 18:54:30.919  1288  1288 I PackageManager: /system/priv-app/ProxyHandler changed; collecting certs
12-28 18:54:31.067  1288  1288 W PackageParser: Ignoring duplicate uses-permissions/uses-permissions-sdk-m: android.permission.USE_CREDENTIALS in package: com.android.settings at: Binary XML file line #55
12-28 18:54:31.067  1288  1288 W PackageParser: Ignoring duplicate uses-permissions/uses-permissions-sdk-m: android.permission.READ_SYNC_SETTINGS in package: com.android.settings at: Binary XML file line #60
12-28 18:54:31.067  1288  1288 W PackageParser: Ignoring duplicate uses-permissions/uses-permissions-sdk-m: android.permission.WRITE_SYNC_SETTINGS in package: com.android.settings at: Binary XML file line #61
12-28 18:54:31.091  1288  1288 I PackageManager: /system/priv-app/Settings changed; collecting certs
12-28 18:54:31.464  1288  1288 I PackageManager: /system/priv-app/SettingsProvider changed; collecting certs
12-28 18:54:31.482  1288  1288 I PackageManager: /system/priv-app/SharedStorageBackup changed; collecting certs
12-28 18:54:31.494  1288  1288 W PackageParser: Ignoring duplicate uses-permissions/uses-permissions-sdk-m: android.permission.INSTALL_GRANT_RUNTIME_PERMISSIONS in package: com.android.shell at: Binary XML file line #101
12-28 18:54:31.494  1288  1288 I PackageManager: /system/priv-app/Shell changed; collecting certs
12-28 18:54:31.506  1288  1288 I PackageManager: /system/priv-app/StatementService changed; collecting certs
12-28 18:54:31.576  1288  1288 W PackageParser: Ignoring duplicate uses-permissions/uses-permissions-sdk-m: android.permission.CONFIGURE_WIFI_DISPLAY in package: com.android.systemui at: Binary XML file line #119
12-28 18:54:31.584  1288  1288 I PackageManager: /system/priv-app/SystemUI changed; collecting certs
12-28 18:54:31.694  1288  1288 I PackageManager: New shared user android.uid.systemui: id=10014
12-28 18:54:31.760  1288  1288 I PackageManager: /system/priv-app/TeleService changed; collecting certs
12-28 18:54:31.832  1288  1288 I PackageManager: /system/priv-app/Telecom changed; collecting certs
12-28 18:54:31.866  1288  1288 I PackageManager: /system/priv-app/TelephonyProvider changed; collecting certs
12-28 18:54:31.887  1288  1288 I PackageManager: /system/priv-app/VpnDialogs changed; collecting certs
12-28 18:54:31.903  1288  1288 I PackageManager: /system/app/BackupTestApp changed; collecting certs
12-28 18:54:31.916  1288  1288 I PackageManager: /system/app/BasicDreams changed; collecting certs
12-28 18:54:31.959  1288  1288 I PackageManager: /system/app/Browser changed; collecting certs
12-28 18:54:32.142  1288  1288 I PackageManager: /system/app/Calculator changed; collecting certs
12-28 18:54:32.199  1288  1288 I PackageManager: /system/app/Calendar changed; collecting certs
12-28 18:54:32.342  1288  1288 I PackageManager: /system/app/CaptivePortalLogin changed; collecting certs
12-28 18:54:32.356  1288  1288 I PackageManager: /system/app/CertInstaller changed; collecting certs
12-28 18:54:32.369  1288  1288 I PackageManager: /system/app/CustomLocale changed; collecting certs
12-28 18:54:32.435  1288  1288 I PackageManager: /system/app/DeskClock changed; collecting certs
12-28 18:54:32.590  1288  1288 I PackageManager: /system/app/Development changed; collecting certs
12-28 18:54:32.619  1288  1288 I PackageManager: /system/app/DevelopmentSettings changed; collecting certs
12-28 18:54:32.658  1288  1288 I PackageManager: /system/app/DocumentsUI changed; collecting certs
12-28 18:54:32.738  1288  1288 I PackageManager: /system/app/DownloadProviderUi changed; collecting certs
12-28 18:54:32.877  1288  1288 W PackageParser: Ignoring duplicate uses-permissions/uses-permissions-sdk-m: android.permission.WRITE_CONTACTS in package: com.android.email at: Binary XML file line #40
12-28 18:54:32.911  1288  1288 I PackageManager: /system/app/Email changed; collecting certs
12-28 18:54:32.969  1288  1298 I art     : Background sticky concurrent mark sweep GC freed 12304(806KB) AllocSpace objects, 10(520KB) LOS objects, 13% free, 3MB/4MB, paused 11.882ms total 51.710ms
12-28 18:54:33.143  1288  1288 I PackageManager: /system/app/EmulatorSmokeTests changed; collecting certs
12-28 18:54:33.171  1288  1288 I PackageManager: /system/app/Exchange2 changed; collecting certs
12-28 18:54:33.189  1288  1288 I PackageManager: /system/app/Fallback changed; collecting certs
12-28 18:54:33.207  1288  1288 I PackageManager: /system/app/Gallery changed; collecting certs
12-28 18:54:33.277  1288  1288 I PackageManager: /system/app/HTMLViewer changed; collecting certs
12-28 18:54:33.295  1288  1288 I PackageManager: /system/app/KeyChain changed; collecting certs
12-28 18:54:33.419  1288  1288 I PackageManager: /system/app/LatinIME changed; collecting certs
12-28 18:54:33.664  1288  1288 I PackageManager: /system/app/LegacyCamera changed; collecting certs
12-28 18:54:33.852  1288  1288 I PackageManager: /system/app/LicenseChecker changed; collecting certs
12-28 18:54:33.868  1288  1288 W PackageManager: Permission com.android.vending.CHECK_LICENSE from package com.android.vending in an unknown group android.permission-group.NETWORK
12-28 18:54:33.875  1288  1288 I PackageManager: /system/app/LiveWallpapersPicker changed; collecting certs
12-28 18:54:34.054  1288  1288 W PackageParser: Ignoring duplicate uses-permissions/uses-permissions-sdk-m: android.permission.WAKE_LOCK in package: com.google.android.apps.maps at: Binary XML file line #96
12-28 18:54:34.100  1288  1288 I PackageManager: /system/app/Maps changed; collecting certs
12-28 18:54:34.794  1288  1288 I PackageManager: New shared user com.google.android.apps.maps: id=10037
12-28 18:54:34.866  1288  1288 I PackageManager: /system/app/Music changed; collecting certs
12-28 18:54:34.929  1288  1288 I PackageManager: /system/app/NetSpeed changed; collecting certs
12-28 18:54:34.953  1288  1288 I PackageManager: /system/app/OpenWnn changed; collecting certs
12-28 18:54:35.088  1288  1288 I PackageManager: /system/app/PacProcessor changed; collecting certs
12-28 18:54:35.095  1288  1288 I PackageManager: /system/app/PicoTts changed; collecting certs
12-28 18:54:35.211  1288  1288 I PackageManager: /system/app/PrebuiltBugle changed; collecting certs
12-28 18:54:35.304  1288  1298 I art     : Background partial concurrent mark sweep GC freed 33035(1928KB) AllocSpace objects, 9(1824KB) LOS objects, 33% free, 5MB/8MB, paused 6.255ms total 42.518ms
12-28 18:54:35.897  1288  1288 I PackageManager: /system/app/PrintSpooler changed; collecting certs
12-28 18:54:35.935  1288  1288 I PackageManager: /system/app/Protips changed; collecting certs
12-28 18:54:35.953  1288  1288 I PackageManager: /system/app/QuickSearchBox changed; collecting certs
12-28 18:54:36.020  1288  1288 I PackageManager: /system/app/SdkSetup changed; collecting certs
12-28 18:54:36.037  1288  1288 I PackageManager: /system/app/SoundRecorder changed; collecting certs
12-28 18:54:36.051  1288  1288 I PackageManager: /system/app/UserDictionaryProvider changed; collecting certs
12-28 18:54:36.071  1288  1288 I PackageManager: /system/app/webview changed; collecting certs
12-28 18:54:36.208  1288  1288 D PackageManager: No files in app dir /system/vendor/app
12-28 18:54:36.208  1288  1288 D PackageManager: No files in app dir /oem/app
12-28 18:54:36.242  1288  1288 W PackageParser: No actions in intent filter at /data/app/ApiDemos/ApiDemos.apk Binary XML file line #3082
12-28 18:54:36.242  1288  1288 W PackageParser: No actions in intent filter at /data/app/ApiDemos/ApiDemos.apk Binary XML file line #3088
12-28 18:54:36.242  1288  1288 I PackageManager: /data/app/ApiDemos changed; collecting certs
12-28 18:54:36.701  1288  1288 W PackageManager: Package com.example.android.apis desires unavailable shared library com.example.will.never.exist; ignoring!
12-28 18:54:36.707  1288  1288 I PackageManager: /data/app/CubeLiveWallpapers changed; collecting certs
12-28 18:54:36.732  1288  1288 I PackageManager: /data/app/GestureBuilder changed; collecting certs
12-28 18:54:36.744  1288  1288 I PackageManager: /data/app/SmokeTest changed; collecting certs
12-28 18:54:36.765  1288  1288 I PackageManager: /data/app/SmokeTestApp changed; collecting certs
12-28 18:54:36.780  1288  1298 I art     : WaitForGcToComplete blocked for 10.968ms for cause Background
12-28 18:54:36.780  1288  1288 I PackageManager: /data/app/SoftKeyboard changed; collecting certs
12-28 18:54:36.801  1288  1288 I PackageManager: /data/app/WidgetPreview changed; collecting certs
12-28 18:54:36.836  1288  1288 D PackageManager: No files in app dir /data/app-private
12-28 18:54:36.836  1288  1288 W PackageManager: Package com.google.android.gms desires unavailable shared library com.google.android.ble; ignoring!
12-28 18:54:36.837  1288  1288 W PackageManager: Package com.example.android.apis desires unavailable shared library com.example.will.never.exist; ignoring!
12-28 18:54:36.837  1288  1288 I PackageManager: Adjusting ABI for : com.google.android.gsf to x86
12-28 18:54:36.837  1288  1288 I PackageManager.DexOptimizer: Running dexopt (dex2oat) on: /system/priv-app/GoogleServicesFramework/GoogleServicesFramework.apk pkg=com.google.android.gsf isa=x86 vmSafeMode=false debuggable=false oatDir = null
12-28 18:54:37.034  1313  1313 W dex2oat : Unexpected CPU variant for X86 using defaults: x86
12-28 18:54:37.034  1313  1313 W dex2oat : Mismatch between dex2oat instruction set features (ISA: X86 Feature string: smp,-ssse3,-sse4.1,-sse4.2,-avx,-avx2) and those of dex2oat executable (ISA: X86 Feature string: smp,ssse3,-sse4.1,-sse4.2,-avx,-avx2) for the command line:
12-28 18:54:37.034  1313  1313 W dex2oat : /system/bin/dex2oat --zip-fd=6 --zip-location=GoogleServicesFramework.apk --oat-fd=7 --oat-location=/data/dalvik-cache/x86/system@priv-app@GoogleServicesFramework@GoogleServicesFramework.apk@classes.dex --instruction-set=x86 --instruction-set-variant=x86 --instruction-set-features=default --runtime-arg -Xms64m --runtime-arg -Xmx512m --swap-fd=8
12-28 18:54:37.039  1313  1313 I dex2oat : Starting dex2oat.
12-28 18:54:39.826  1313  1313 I dex2oat : dex2oat took 2.791s (threads: 1) arena alloc=3MB java alloc=1112KB native alloc=7MB free=1810KB
12-28 18:54:39.837  1288  1288 I PackageManager: Adjusting ABI for : com.google.android.gsf.login to x86
12-28 18:54:39.837  1288  1288 I PackageManager: Adjusting ABI for : com.android.settings to x86
12-28 18:54:39.837  1288  1288 I PackageManager: Adjusting ABI for : com.android.keychain to x86
12-28 18:54:39.837  1288  1288 I PackageManager: Adjusting ABI for : com.android.inputdevices to x86
12-28 18:54:39.837  1288  1288 I PackageManager: Adjusting ABI for : com.android.location.fused to x86
12-28 18:54:39.838  1288  1288 I PackageManager: Adjusting ABI for : com.android.providers.settings to x86
12-28 18:54:39.838  1288  1288 I PackageManager: Adjusting ABI for : com.android.server.telecom to x86
12-28 18:54:39.838  1288  1288 I PackageManager: Time to scan packages: 13.29 seconds
12-28 18:54:39.839  1288  1288 W PackageManager: Not granting permission com.google.android.googleapps.permission.GOOGLE_AUTH to package com.android.providers.calendar (protectionLevel=2 flags=0x30083e45)
12-28 18:54:39.840  1288  1288 W PackageManager: Not granting permission com.google.android.googleapps.permission.GOOGLE_AUTH.cl to package com.android.providers.calendar (protectionLevel=2 flags=0x30083e45)
12-28 18:54:39.840  1288  1288 W PackageManager: Not granting permission android.permission.GLOBAL_SEARCH to package com.android.quicksearchbox (protectionLevel=18 flags=0x3808be45)
12-28 18:54:39.844  1288  1288 W PackageManager: Not granting permission android.permission.ACCESS_DOWNLOAD_MANAGER to package com.android.browser (protectionLevel=18 flags=0x3809be45)
12-28 18:54:39.844  1288  1288 W PackageManager: Not granting permission android.permission.SEND_DOWNLOAD_COMPLETED_INTENTS to package com.android.browser (protectionLevel=2 flags=0x3809be45)
12-28 18:54:39.844  1288  1288 W PackageManager: Unknown permission com.android.launcher.permission.READ_SETTINGS in package com.android.launcher3
12-28 18:54:39.844  1288  1288 W PackageManager: Unknown permission com.android.launcher.permission.WRITE_SETTINGS in package com.android.launcher3
12-28 18:54:39.844  1288  1288 W PackageManager: Not granting permission com.google.android.googleapps.permission.GOOGLE_AUTH.mail to package com.android.calendar (protectionLevel=2 flags=0x3009be45)
12-28 18:54:39.844  1288  1288 W PackageManager: Unknown permission com.google.android.apps.enterprise.dmagent.permission.AutoSyncPermission in package com.google.android.gms
12-28 18:54:39.844  1288  1288 W PackageManager: Unknown permission com.google.android.googlequicksearchbox.permission.PAUSE_HOTWORD in package com.google.android.gms
12-28 18:54:39.845  1288  1288 W PackageManager: Unknown permission com.google.android.hangouts.START_HANGOUT in package com.google.android.gms
12-28 18:54:39.845  1288  1288 W PackageManager: Unknown permission com.google.android.wearable.READ_SETTINGS in package com.google.android.gms
12-28 18:54:39.845  1288  1288 W PackageManager: Unknown permission com.google.android.gm.permission.READ_GMAIL in package com.google.android.gms
12-28 18:54:39.845  1288  1288 W PackageManager: Unknown permission com.google.android.launcher.permission.RECEIVE_LAUNCH_BROADCASTS in package com.google.android.gms
12-28 18:54:39.845  1288  1288 W PackageManager: Not granting permission android.permission.MANAGE_DOCUMENTS to package com.google.android.gms (protectionLevel=2 flags=0xb8483e45)
12-28 18:54:39.845  1288  1288 W PackageManager: Not granting permission android.permission.DELETE_PACKAGES to package com.svox.pico (protectionLevel=18 flags=0x3808be45)
12-28 18:54:39.845  1288  1288 W PackageManager: Not granting permission android.permission.CONTROL_KEYGUARD to package com.google.android.gsf.login (protectionLevel=2 flags=0x3048be45)
12-28 18:54:39.845  1288  1288 W PackageManager: Unknown permission com.android.vending.billing.BILLING_ACCOUNT_SERVICE in package com.google.android.gsf.login
12-28 18:54:39.845  1288  1288 W PackageManager: Unknown permission com.android.vending.billing.ADD_CREDIT_CARD in package com.google.android.gsf.login
12-28 18:54:39.846  1288  1288 W PackageManager: Unknown permission com.android.vending.billing.IBillingAccountService.BIND2 in package com.google.android.gsf.login
12-28 18:54:39.846  1288  1288 W PackageManager: Unknown permission com.android.vending.TOS_ACKED in package com.google.android.gsf.login
12-28 18:54:39.846  1288  1288 W PackageManager: Unknown permission com.android.chrome.TOS_ACKED in package com.google.android.gsf.login
12-28 18:54:39.846  1288  1288 W PackageManager: Unknown permission com.android.launcher.permission.READ_SETTINGS in package com.android.settings
12-28 18:54:39.846  1288  1288 W PackageManager: Unknown permission com.android.launcher.permission.WRITE_SETTINGS in package com.android.settings
12-28 18:54:39.846  1288  1288 W PackageManager: Unknown permission com.android.smspush.WAPPUSH_MANAGER_BIND in package com.android.phone
12-28 18:54:39.847  1288  1288 W PackageManager: Not granting permission android.permission.BIND_APPWIDGET to package com.android.widgetpreview (protectionLevel=18 flags=0x1808be44)
12-28 18:54:39.905  1288  1288 I art     : Starting a blocking GC Explicit
12-28 18:54:39.927  1288  1288 I art     : Explicit concurrent mark sweep GC freed 10687(691KB) AllocSpace objects, 4(80KB) LOS objects, 33% free, 3MB/5MB, paused 1.563ms total 20.258ms
12-28 18:54:39.928  1288  1288 I SystemServer: User Service
12-28 18:54:39.967   940   940 I lowmemorykiller: ActivityManager connected
12-28 18:54:39.969  1288  1288 D SensorService: nuSensorService starting...
12-28 18:54:39.974  1288  1288 I SystemServiceManager: Starting com.android.server.BatteryService
12-28 18:54:39.981  1288  1317 D SensorService: nuSensorService thread starting...
12-28 18:54:39.981  1288  1316 D SensorService: new thread SensorEventAckReceiver
12-28 18:54:39.988  1288  1288 I SystemServiceManager: Starting com.android.server.usage.UsageStatsService
12-28 18:54:39.989  1288  1302 E KernelCpuSpeedReader: Failed to read cpu-freq
12-28 18:54:39.989  1288  1302 E KernelCpuSpeedReader: java.io.FileNotFoundException: /sys/devices/system/cpu/cpu0/cpufreq/stats/time_in_state: open failed: ENOENT (No such file or directory)
12-28 18:54:39.989  1288  1302 E KernelCpuSpeedReader: 	at libcore.io.IoBridge.open(IoBridge.java:452)
12-28 18:54:39.989  1288  1302 E KernelCpuSpeedReader: 	at java.io.FileInputStream.<init>(FileInputStream.java:76)
12-28 18:54:39.989  1288  1302 E KernelCpuSpeedReader: 	at java.io.FileInputStream.<init>(FileInputStream.java:103)
12-28 18:54:39.989  1288  1302 E KernelCpuSpeedReader: 	at java.io.FileReader.<init>(FileReader.java:66)
12-28 18:54:39.989  1288  1302 E KernelCpuSpeedReader: 	at com.android.internal.os.KernelCpuSpeedReader.readDelta(KernelCpuSpeedReader.java:49)
12-28 18:54:39.989  1288  1302 E KernelCpuSpeedReader: 	at com.android.internal.os.BatteryStatsImpl.updateCpuTimeLocked(BatteryStatsImpl.java:8002)
12-28 18:54:39.989  1288  1302 E KernelCpuSpeedReader: 	at com.android.internal.os.BatteryStatsImpl$MyHandler.handleMessage(BatteryStatsImpl.java:155)
12-28 18:54:39.989  1288  1302 E KernelCpuSpeedReader: 	at android.os.Handler.dispatchMessage(Handler.java:102)
12-28 18:54:39.989  1288  1302 E KernelCpuSpeedReader: 	at android.os.Looper.loop(Looper.java:148)
12-28 18:54:39.989  1288  1302 E KernelCpuSpeedReader: 	at android.os.HandlerThread.run(HandlerThread.java:61)
12-28 18:54:39.989  1288  1302 E KernelCpuSpeedReader: 	at com.android.server.ServiceThread.run(ServiceThread.java:46)
12-28 18:54:39.989  1288  1302 E KernelCpuSpeedReader: Caused by: android.system.ErrnoException: open failed: ENOENT (No such file or directory)
12-28 18:54:39.989  1288  1302 E KernelCpuSpeedReader: 	at libcore.io.Posix.open(Native Method)
12-28 18:54:39.989  1288  1302 E KernelCpuSpeedReader: 	at libcore.io.BlockGuardOs.open(BlockGuardOs.java:186)
12-28 18:54:39.989  1288  1302 E KernelCpuSpeedReader: 	at libcore.io.IoBridge.open(IoBridge.java:438)
12-28 18:54:39.989  1288  1302 E KernelCpuSpeedReader: 	... 10 more
12-28 18:54:39.989  1288  1302 E KernelUidCpuTimeReader: Failed to read uid_cputime
12-28 18:54:39.989  1288  1302 E KernelUidCpuTimeReader: java.io.FileNotFoundException: /proc/uid_cputime/show_uid_stat: open failed: ENOENT (No such file or directory)
12-28 18:54:39.989  1288  1302 E KernelUidCpuTimeReader: 	at libcore.io.IoBridge.open(IoBridge.java:452)
12-28 18:54:39.989  1288  1302 E KernelUidCpuTimeReader: 	at java.io.FileInputStream.<init>(FileInputStream.java:76)
12-28 18:54:39.989  1288  1302 E KernelUidCpuTimeReader: 	at java.io.FileInputStream.<init>(FileInputStream.java:103)
12-28 18:54:39.989  1288  1302 E KernelUidCpuTimeReader: 	at java.io.FileReader.<init>(FileReader.java:66)
12-28 18:54:39.989  1288  1302 E KernelUidCpuTimeReader: 	at com.android.internal.os.KernelUidCpuTimeReader.readDelta(KernelUidCpuTimeReader.java:71)
12-28 18:54:39.989  1288  1302 E KernelUidCpuTimeReader: 	at com.android.internal.os.BatteryStatsImpl.updateCpuTimeLocked(BatteryStatsImpl.java:8031)
12-28 18:54:39.989  1288  1302 E KernelUidCpuTimeReader: 	at com.android.internal.os.BatteryStatsImpl$MyHandler.handleMessage(BatteryStatsImpl.java:155)
12-28 18:54:39.989  1288  1302 E KernelUidCpuTimeReader: 	at android.os.Handler.dispatchMessage(Handler.java:102)
12-28 18:54:39.989  1288  1302 E KernelUidCpuTimeReader: 	at android.os.Looper.loop(Looper.java:148)
12-28 18:54:39.989  1288  1302 E KernelUidCpuTimeReader: 	at android.os.HandlerThread.run(HandlerThread.java:61)
12-28 18:54:39.989  1288  1302 E KernelUidCpuTimeReader: 	at com.android.server.ServiceThread.run(ServiceThread.java:46)
12-28 18:54:39.989  1288  1302 E KernelUidCpuTimeReader: Caused by: android.system.ErrnoException: open failed: ENOENT (No such file or directory)
12-28 18:54:39.989  1288  1302 E KernelUidCpuTimeReader: 	at libcore.io.Posix.open(Native Method)
12-28 18:54:39.989  1288  1302 E KernelUidCpuTimeReader: 	at libcore.io.BlockGuardOs.open(BlockGuardOs.java:186)
12-28 18:54:39.989  1288  1302 E KernelUidCpuTimeReader: 	at libcore.io.IoBridge.open(IoBridge.java:438)
12-28 18:54:39.989  1288  1302 E KernelUidCpuTimeReader: 	... 10 more
12-28 18:54:40.016  1288  1288 I UsageStatsDatabase: Upgrading from version 0 to 3
12-28 18:54:40.016  1288  1288 I UsageStatsDatabase: Deleting all usage stats files
12-28 18:54:40.018  1288  1288 I UsageStatsService: User[0] Rollover scheduled @ 2015-12-29 00:00:00(1451347200000)
12-28 18:54:40.019  1288  1288 I UsageStatsService: User[0] Flushing usage stats to disk
12-28 18:54:40.048  1288  1288 I SystemServiceManager: Starting com.android.server.webkit.WebViewUpdateService
12-28 18:54:40.054  1288  1288 I SystemServer: Reading configuration...
12-28 18:54:40.054  1288  1288 I SystemServer: Scheduling Policy
12-28 18:54:40.055  1288  1288 I SystemServiceManager: Starting com.android.server.telecom.TelecomLoaderService
12-28 18:54:40.061  1288  1288 I SystemServer: Telephony Registry
12-28 18:54:40.064  1288  1288 I SystemServer: Entropy Mixer
12-28 18:54:40.065  1288  1288 W EntropyMixer: No existing entropy file -- first boot?
12-28 18:54:40.065  1288  1288 I EntropyMixer: Writing entropy...
12-28 18:54:40.075  1288  1288 I SystemServer: Camera Service
12-28 18:54:40.075  1288  1288 I SystemServiceManager: Starting com.android.server.camera.CameraService
12-28 18:54:40.096  1288  1318 I ServiceThread: Enabled StrictMode logging for CameraService_proxy looper.
12-28 18:54:40.097  1288  1288 I SystemServer: Account Manager
12-28 18:54:40.109  1288  1288 I SystemServer: Content Manager
12-28 18:54:40.118  1288  1288 I SystemServer: System Content Providers
12-28 18:54:40.123  1288  1288 W System  : ClassLoader referenced unknown path: /system/priv-app/SettingsProvider/lib/x86
12-28 18:54:40.251  1288  1288 D SettingsProvider: Generated and saved new ANDROID_ID [df3b83ce4472a3f9] for user 0
12-28 18:54:40.271  1288  1288 I SystemServer: Vibrator Service
12-28 18:54:40.272  1288  1288 I SystemServer: Consumer IR Service
12-28 18:54:40.273  1288  1288 E ConsumerIrService: Can't open consumer IR HW Module, error: -2
12-28 18:54:40.273  1288  1288 I SystemServiceManager: Starting com.android.server.AlarmManagerService
12-28 18:54:40.275  1288  1288 W AlarmManagerService: no wall clock RTC found
12-28 18:54:40.278  1288  1288 I SystemServer: Init Watchdog
12-28 18:54:40.278  1288  1288 I SystemServer: Input Manager
12-28 18:54:40.278  1288  1288 I InputManager: Initializing input manager, mUseDevInputEventForAudioJack=false
12-28 18:54:40.291  1288  1288 I SystemServer: Window Manager
12-28 18:54:40.312  1288  1301 I SyncManager: No initial accounts
12-28 18:54:40.312  1288  1301 I SyncManager: No initial status
12-28 18:54:40.313  1288  1301 I SyncManager: No initial statistics
12-28 18:54:40.343  1288  1307 I WindowManager: No existing display settings /data/system/display_settings.xml; starting empty
12-28 18:54:40.395  1288  1288 I InputManager: Starting input manager
12-28 18:54:40.399  1288  1288 I SystemServer: No Bluetooh Service (emulator)
12-28 18:54:40.399  1288  1288 I SystemServer: Input Method Service
12-28 18:54:40.401  1288  1321 E EventHub: could not get driver version for /dev/input/mouse0, Not a typewriter
12-28 18:54:40.433  1288  1321 W EventHub: Unable to disable kernel key repeat for /dev/input/event0: Function not implemented
12-28 18:54:40.434  1288  1321 I EventHub: New device: id=1, fd=70, path='/dev/input/event0', name='qwerty2', classes=0x5, configuration='/system/usr/idc/qwerty2.idc', keyLayout='/system/usr/keylayout/qwerty.kl', keyCharacterMap='/system/usr/keychars/qwerty2.kcm', builtinKeyboard=true, wakeMechanism=EVIOCSSUSPENDBLOCK, usingClockIoctl=true
12-28 18:54:40.434  1288  1321 E EventHub: could not get driver version for /dev/input/mice, Not a typewriter
12-28 18:54:40.438  1288  1321 I InputReader: Device added: id=-1, name='Virtual', sources=0x00000301
12-28 18:54:40.439  1288  1321 I InputReader:   Touch device 'qwerty2' could not query the properties of its associated display.  The device will be inoperable until the display size becomes available.
12-28 18:54:40.439  1288  1321 I InputReader: Device added: id=0, name='qwerty2', sources=0x00001103
12-28 18:54:40.455  1288  1288 W InputMethodManagerService: No IME selected. Choose the most applicable IME.
12-28 18:54:40.455  1288  1288 I InputMethodManagerService: Default found, using com.android.inputmethod.latin/.LatinIME
12-28 18:54:40.458  1288  1288 I SystemServer: Accessibility Manager
12-28 18:54:40.461  1288  1288 I ActivityManager: Config changes=1df8 {1.0 ?mcc?mnc en_US ldltr sw360dp w360dp h640dp 480dpi nrml long port ?uimode ?night -touch -keyb/h/h -nav/h s.2}
12-28 18:54:40.465   942   942 E SurfaceFlinger: ro.sf.lcd_density must be defined as a build property
12-28 18:54:40.466   942   942 D SurfaceFlinger: Set active config mode=0, type=0 flinger=0xb7062000
12-28 18:54:40.466   942   942 D SurfaceFlinger: Screen type=0 is already mode=0
12-28 18:54:40.467  1288  1321 I InputReader: Reconfiguring input devices.  changes=0x00000004
12-28 18:54:40.467  1288  1321 I InputReader: Device reconfigured: id=0, name='qwerty2', size 1080x1920, orientation 0, mode 1, display id 0
12-28 18:54:40.491  1288  1288 I ActivityManager: Config changes=508 {1.0 ?mcc?mnc en_US ldltr sw360dp w360dp h568dp 480dpi nrml port ?uimode ?night finger -keyb/h/h -nav/h s.3}
12-28 18:54:40.493  1288  1288 I SystemServiceManager: Starting com.android.server.MountService$Lifecycle
12-28 18:54:40.502  1288  1288 I SystemServiceManager: Starting com.android.server.UiModeManagerService
12-28 18:54:40.504  1288  1288 I ActivityManager: Config changes=200 {1.0 ?mcc?mnc en_US ldltr sw360dp w360dp h568dp 480dpi nrml port finger -keyb/h/h -nav/h s.4}
12-28 18:54:40.505  1288  1288 W PackageManager: No disk maintenance in 1451296480505; running immediately
12-28 18:54:40.506  1288  1322 I MountService: fstrim requested, but no daemon connection yet; trying again
12-28 18:54:40.506  1288  1288 I SystemServer: LockSettingsService
12-28 18:54:40.509  1288  1288 I SystemServiceManager: Starting com.android.server.DeviceIdleController
12-28 18:54:40.511  1288  1322 D MountService: Thinking about reset, mSystemReady=false, mDaemonConnected=true
12-28 18:54:40.512  1288  1322 D MountService: Thinking about reset, mSystemReady=false, mDaemonConnected=true
12-28 18:54:40.512  1288  1322 D CryptdConnector: SND -> {1 cryptfs getfield SystemLocale}
12-28 18:54:40.513   931  1064 I Ext4Crypt: ext4 crypto complete called on /data
12-28 18:54:40.513   931  1064 I Ext4Crypt: No master key, so not ext4enc
12-28 18:54:40.514  1288  1324 D CryptdConnector: RCV <- {200 1 -1}
12-28 18:54:40.515  1288  1322 W MountService: No primary storage mounted!
12-28 18:54:40.515  1288  1322 D VoldConnector: SND -> {1 asec list}
12-28 18:54:40.515  1288  1323 D VoldConnector: RCV <- {200 1 asec operation succeeded}
12-28 18:54:40.516  1288  1322 I PackageManager: No secure containers found
12-28 18:54:40.516  1288  1322 W PackageManager: Not granting permission com.google.android.googleapps.permission.GOOGLE_AUTH to package com.android.providers.calendar (protectionLevel=2 flags=0x30883e45)
12-28 18:54:40.516  1288  1322 W PackageManager: Not granting permission com.google.android.googleapps.permission.GOOGLE_AUTH.cl to package com.android.providers.calendar (protectionLevel=2 flags=0x30883e45)
12-28 18:54:40.516  1288  1322 W PackageManager: Not granting permission android.permission.GLOBAL_SEARCH to package com.android.quicksearchbox (protectionLevel=18 flags=0x3888be45)
12-28 18:54:40.516  1288  1322 W PackageManager: Not granting permission android.permission.ACCESS_DOWNLOAD_MANAGER to package com.android.browser (protectionLevel=18 flags=0x3889be45)
12-28 18:54:40.516  1288  1322 W PackageManager: Not granting permission android.permission.SEND_DOWNLOAD_COMPLETED_INTENTS to package com.android.browser (protectionLevel=2 flags=0x3889be45)
12-28 18:54:40.517  1288  1322 W PackageManager: Unknown permission com.android.launcher.permission.READ_SETTINGS in package com.android.launcher3
12-28 18:54:40.517  1288  1322 W PackageManager: Unknown permission com.android.launcher.permission.WRITE_SETTINGS in package com.android.launcher3
12-28 18:54:40.517  1288  1322 W PackageManager: Not granting permission com.google.android.googleapps.permission.GOOGLE_AUTH.mail to package com.android.calendar (protectionLevel=2 flags=0x3089be45)
12-28 18:54:40.517  1288  1322 W PackageManager: Unknown permission com.google.android.apps.enterprise.dmagent.permission.AutoSyncPermission in package com.google.android.gms
12-28 18:54:40.517  1288  1322 W PackageManager: Unknown permission com.google.android.googlequicksearchbox.permission.PAUSE_HOTWORD in package com.google.android.gms
12-28 18:54:40.517  1288  1322 W PackageManager: Unknown permission com.google.android.hangouts.START_HANGOUT in package com.google.android.gms
12-28 18:54:40.517  1288  1322 W PackageManager: Unknown permission com.google.android.wearable.READ_SETTINGS in package com.google.android.gms
12-28 18:54:40.517  1288  1322 W PackageManager: Unknown permission com.google.android.gm.permission.READ_GMAIL in package com.google.android.gms
12-28 18:54:40.517  1288  1322 W PackageManager: Unknown permission com.google.android.launcher.permission.RECEIVE_LAUNCH_BROADCASTS in package com.google.android.gms
12-28 18:54:40.517  1288  1322 W PackageManager: Not granting permission android.permission.MANAGE_DOCUMENTS to package com.google.android.gms (protectionLevel=2 flags=0xb8c83e45)
12-28 18:54:40.517  1288  1322 W PackageManager: Not granting permission android.permission.DELETE_PACKAGES to package com.svox.pico (protectionLevel=18 flags=0x3888be45)
12-28 18:54:40.517  1288  1322 W PackageManager: Not granting permission android.permission.READ_CONTACTS to package com.example.android.apis because it was previously installed without
12-28 18:54:40.518  1288  1322 W PackageManager: Not granting permission android.permission.WRITE_CONTACTS to package com.example.android.apis because it was previously installed without
12-28 18:54:40.518  1288  1322 W PackageManager: Not granting permission android.permission.ACCESS_COARSE_LOCATION to package com.example.android.apis because it was previously installed without
12-28 18:54:40.518  1288  1322 W PackageManager: Not granting permission android.permission.WRITE_EXTERNAL_STORAGE to package com.example.android.apis because it was previously installed without
12-28 18:54:40.518  1288  1322 W PackageManager: Not granting permission android.permission.SEND_SMS to package com.example.android.apis because it was previously installed without
12-28 18:54:40.518  1288  1322 W PackageManager: Not granting permission android.permission.RECEIVE_SMS to package com.example.android.apis because it was previously installed without
12-28 18:54:40.518  1288  1322 W PackageManager: Not granting permission android.permission.RECEIVE_MMS to package com.example.android.apis because it was previously installed without
12-28 18:54:40.518  1288  1322 W PackageManager: Not granting permission android.permission.READ_SMS to package com.example.android.apis because it was previously installed without
12-28 18:54:40.518  1288  1322 W PackageManager: Not granting permission android.permission.READ_PHONE_STATE to package com.example.android.apis because it was previously installed without
12-28 18:54:40.518  1288  1322 W PackageManager: Not granting permission android.permission.RECORD_AUDIO to package com.example.android.apis because it was previously installed without
12-28 18:54:40.518  1288  1322 W PackageManager: Not granting permission android.permission.CAMERA to package com.example.android.apis because it was previously installed without
12-28 18:54:40.518  1288  1322 W PackageManager: Not granting permission android.permission.READ_EXTERNAL_STORAGE to package com.example.android.apis because it was previously installed without
12-28 18:54:40.518  1288  1322 W PackageManager: Not granting permission android.permission.CONTROL_KEYGUARD to package com.google.android.gsf.login (protectionLevel=2 flags=0x30c8be45)
12-28 18:54:40.518  1288  1322 W PackageManager: Unknown permission com.android.vending.billing.BILLING_ACCOUNT_SERVICE in package com.google.android.gsf.login
12-28 18:54:40.518  1288  1322 W PackageManager: Unknown permission com.android.vending.billing.ADD_CREDIT_CARD in package com.google.android.gsf.login
12-28 18:54:40.519  1288  1322 W PackageManager: Unknown permission com.android.vending.billing.IBillingAccountService.BIND2 in package com.google.android.gsf.login
12-28 18:54:40.519  1288  1322 W PackageManager: Unknown permission com.android.vending.TOS_ACKED in package com.google.android.gsf.login
12-28 18:54:40.519  1288  1322 W PackageManager: Unknown permission com.android.chrome.TOS_ACKED in package com.google.android.gsf.login
12-28 18:54:40.519  1288  1322 W PackageManager: Unknown permission com.android.launcher.permission.READ_SETTINGS in package com.android.settings
12-28 18:54:40.519  1288  1322 W PackageManager: Unknown permission com.android.launcher.permission.WRITE_SETTINGS in package com.android.settings
12-28 18:54:40.519  1288  1322 W PackageManager: Unknown permission com.android.smspush.WAPPUSH_MANAGER_BIND in package com.android.phone
12-28 18:54:40.541  1288  1322 W PackageManager: Not granting permission android.permission.BIND_APPWIDGET to package com.android.widgetpreview (protectionLevel=18 flags=0x1808be44)
12-28 18:54:40.632  1288  1322 W MountService: No primary storage defined yet; hacking together a stub
12-28 18:54:40.632  1288  1322 W MountService: No primary storage defined yet; hacking together a stub
12-28 18:54:40.634  1288  1288 I SystemServiceManager: Starting com.android.server.devicepolicy.DevicePolicyManagerService$Lifecycle
12-28 18:54:40.635  1288  1322 W MountService: No primary storage mounted!
12-28 18:54:40.636  1288  1322 D VoldConnector: SND -> {2 asec list}
12-28 18:54:40.636  1288  1323 D VoldConnector: RCV <- {200 2 asec operation succeeded}
12-28 18:54:40.637  1288  1288 I SystemServer: Status Bar
12-28 18:54:40.638  1288  1288 I SystemServer: Clipboard Service
12-28 18:54:40.640  1288  1288 I SystemServer: NetworkManagement Service
12-28 18:54:40.643  1288  1288 I SystemServer: Text Service Manager Service
12-28 18:54:40.648  1288  1288 I SystemServer: Network Score Service
12-28 18:54:40.656  1288  1288 I SystemServer: NetworkStats Service
12-28 18:54:40.671  1288  1288 I SystemServer: NetworkPolicy Service
12-28 18:54:40.737  1288  1288 I SystemServiceManager: Starting com.android.server.wifi.p2p.WifiP2pService
12-28 18:54:40.815  1288  1288 I WifiP2pService: Registering wifip2p
12-28 18:54:40.817  1288  1288 I SystemServiceManager: Starting com.android.server.wifi.WifiService
12-28 18:54:41.015  1288  1288 D HS20    : Passpoint is disabled
12-28 18:54:41.046  1288  1288 D WifiController: isAirplaneModeOn = false, isWifiEnabled = false, isScanningAvailable = false
12-28 18:54:41.048  1288  1288 I WifiService: Registering wifi
12-28 18:54:41.049  1288  1288 I SystemServiceManager: Starting com.android.server.wifi.WifiScanningService
12-28 18:54:41.049  1288  1288 I WifiScanningService: Creating wifiscanner
12-28 18:54:41.049  1288  1288 I WifiScanningService: Starting wifiscanner
12-28 18:54:41.051  1288  1288 I SystemServiceManager: Starting com.android.server.wifi.RttService
12-28 18:54:41.051  1288  1288 I RttService: Creating rttmanager
12-28 18:54:41.051  1288  1288 I RttService: Starting rttmanager
12-28 18:54:41.052  1288  1288 I SystemServiceManager: Starting com.android.server.ethernet.EthernetService
12-28 18:54:41.054  1288  1288 I EthernetServiceImpl: Creating EthernetConfigStore
12-28 18:54:41.055  1288  1288 E IpConfigStore: Error parsing configuration: java.io.FileNotFoundException: /data/misc/ethernet/ipconfig.txt: open failed: ENOENT (No such file or directory)
12-28 18:54:41.055  1288  1288 W EthernetConfigStore: No Ethernet configuration found. Using default.
12-28 18:54:41.056  1288  1288 I EthernetServiceImpl: Read stored IP configuration: IP assignment: DHCP
12-28 18:54:41.056  1288  1288 I EthernetServiceImpl: Proxy settings: NONE
12-28 18:54:41.056  1288  1288 I EthernetService: Registering service ethernet
12-28 18:54:41.056  1288  1288 I SystemServer: Connectivity Service
12-28 18:54:41.058  1288  1288 D ConnectivityService: ConnectivityService starting up
12-28 18:54:41.061  1288  1288 D ConnectivityService: wifiOnly=false
12-28 18:54:41.069  1288  1288 I SystemServer: Network Service Discovery Service
12-28 18:54:41.071  1288  1288 D NsdService: Network service discovery enabled true
12-28 18:54:41.072  1288  1288 I SystemServer: UpdateLock Service
12-28 18:54:41.073  1288  1288 I SystemServiceManager: Starting com.android.server.notification.NotificationManagerService
12-28 18:54:41.107  1288  1288 I SystemServiceManager: Starting com.android.server.storage.DeviceStorageMonitorService
12-28 18:54:41.108  1288  1288 I SystemServer: Location Manager
12-28 18:54:41.113  1288  1288 I SystemServer: Country Detector
12-28 18:54:41.114  1288  1288 I SystemServer: Search Service
12-28 18:54:41.115  1288  1288 I SystemServer: DropBox Service
12-28 18:54:41.117  1288  1288 I SystemServer: Wallpaper Service
12-28 18:54:41.118  1288  1288 W WallpaperManagerService: no current wallpaper -- first boot?
12-28 18:54:41.118  1288  1288 I SystemServer: Audio Service
12-28 18:54:41.127  1288  1288 W TelecomManager: Telecom Service not found.
12-28 18:54:41.128   955  1280 E AudioFlinger: no wake lock to update!
12-28 18:54:41.128   955  1282 D PermissionCache: checking android.permission.MODIFY_AUDIO_SETTINGS for uid=1000 => granted (225 us)
12-28 18:54:41.137  1288  1288 I SystemServiceManager: Starting com.android.server.DockObserver
12-28 18:54:41.138  1288  1288 W DockObserver: This kernel does not have dock station support
12-28 18:54:41.138  1288  1288 I SystemServer: Wired Accessory Manager
12-28 18:54:41.139  1288  1288 W WiredAccessoryManager: This kernel does not have wired headset support
12-28 18:54:41.139  1288  1288 W WiredAccessoryManager: This kernel does not have usb audio support
12-28 18:54:41.139  1288  1288 W WiredAccessoryManager: This kernel does not have HDMI audio support
12-28 18:54:41.139  1288  1288 I SystemServiceManager: Starting com.android.server.midi.MidiService$Lifecycle
12-28 18:54:41.149  1288  1288 I SystemServiceManager: Starting com.android.server.usb.UsbService$Lifecycle
12-28 18:54:41.152  1288  1288 W System.err: java.io.FileNotFoundException: /proc/asound/cards: open failed: ENOENT (No such file or directory)
12-28 18:54:41.152  1288  1288 W System.err: 	at libcore.io.IoBridge.open(IoBridge.java:452)
12-28 18:54:41.153  1288  1288 W System.err: 	at java.io.FileInputStream.<init>(FileInputStream.java:76)
12-28 18:54:41.153  1288  1288 W System.err: 	at java.io.FileReader.<init>(FileReader.java:42)
12-28 18:54:41.153  1288  1288 W System.err: 	at com.android.internal.alsa.AlsaCardsParser.scan(AlsaCardsParser.java:109)
12-28 18:54:41.153  1288  1288 W System.err: 	at com.android.server.usb.UsbAlsaManager.<init>(UsbAlsaManager.java:135)
12-28 18:54:41.153  1288  1288 W System.err: 	at com.android.server.usb.UsbService.<init>(UsbService.java:109)
12-28 18:54:41.153  1288  1288 W System.err: 	at com.android.server.usb.UsbService$Lifecycle.onStart(UsbService.java:65)
12-28 18:54:41.153  1288  1288 W System.err: 	at com.android.server.SystemServiceManager.startService(SystemServiceManager.java:109)
12-28 18:54:41.153  1288  1288 W System.err: 	at com.android.server.SystemServiceManager.startService(SystemServiceManager.java:65)
12-28 18:54:41.153  1288  1288 W System.err: 	at com.android.server.SystemServer.startOtherServices(SystemServer.java:849)
12-28 18:54:41.153  1288  1288 W System.err: 	at com.android.server.SystemServer.run(SystemServer.java:270)
12-28 18:54:41.153  1288  1288 W System.err: 	at com.android.server.SystemServer.main(SystemServer.java:168)
12-28 18:54:41.153  1288  1288 W System.err: 	at java.lang.reflect.Method.invoke(Native Method)
12-28 18:54:41.153  1288  1288 W System.err: 	at com.android.internal.os.ZygoteInit$MethodAndArgsCaller.run(ZygoteInit.java:726)
