12-28 18:54:52.993 I/StatusBarManagerService( 1288): registerStatusBar bar=com.android.internal.statusbar.IStatusBar$Stub$Proxy@25f84dd
12-28 18:54:53.128 I/LatinIME( 1600): Hardware accelerated drawing: true
12-28 18:54:53.190 I/ActivityManager( 1288): Start proc 1795:android.process.media/u0a5 for content provider com.android.providers.media/.MediaProvider
12-28 18:54:53.203 I/art     ( 1795): Late-enabling JIT
12-28 18:54:53.205 I/art     ( 1795): JIT created with code_cache_capacity=2MB compile_threshold=1000
12-28 18:54:53.286 W/InputAttributes( 1600): No editor info for this field. Bug?
12-28 18:54:53.290 W/System  ( 1795): ClassLoader referenced unknown path: /system/priv-app/MediaProvider/lib/x86
12-28 18:54:53.293 W/System  ( 1795): ClassLoader referenced unknown path: /system/priv-app/DownloadProvider/lib/x86
12-28 18:54:53.396 I/LatinIME:LogUtils( 1600): Dictionary info: dictionary = contacts.en_US ; version = 1451296493 ; date = ?
12-28 18:54:53.398 I/AccountManagerService( 1288): getTypesVisibleToCaller: isPermitted? true
12-28 18:54:53.421 D/WifiService( 1288): New client listening to asynchronous messages
12-28 18:54:53.547 W/MountService( 1288): No primary storage defined yet; hacking together a stub
12-28 18:54:53.548 W/MountService( 1288): No primary storage defined yet; hacking together a stub
12-28 18:54:53.549 W/MountService( 1288): No primary storage defined yet; hacking together a stub
12-28 18:54:53.549 W/MountService( 1288): No primary storage defined yet; hacking together a stub
12-28 18:54:53.628 I/MultiDex( 1724): VM with version 2.1.0 has multidex support
12-28 18:54:53.628 I/MultiDex( 1724): install
12-28 18:54:53.628 I/MultiDex( 1724): VM has multidex support, MultiDex support library is disabled.
12-28 18:54:53.698 E/BluetoothAdapter( 1464): Bluetooth binder is null
12-28 18:54:53.699 D/ConnectivityService( 1288): listenForNetwork for Listen from uid/pid:10014/1464 for NetworkRequest [ id=3, legacyType=-1, [] ]
12-28 18:54:53.708 I/CameraManagerGlobal( 1464): Connecting to camera service
12-28 18:54:53.709 V/EmulatedCamera_Camera(  955): getCameraInfo
12-28 18:54:53.709 V/EmulatedCamera_BaseCamera(  955): getCameraInfo
12-28 18:54:53.709 I/CameraService(  955): getCameraCharacteristics: Switching to HAL1 shim implementation...
12-28 18:54:53.709 V/EmulatedCamera_Camera(  955): getCameraInfo
12-28 18:54:53.709 V/EmulatedCamera_BaseCamera(  955): getCameraInfo
12-28 18:54:53.709 I/CameraService(  955): CameraService::connect call (PID 955 "media", camera ID 0) for HAL version default and Camera API version 1
12-28 18:54:53.711 E/CameraService(  955): getCameraPriorityFromProcState: Received invalid process state -1 from ActivityManagerService!
12-28 18:54:53.711 V/EmulatedCamera_Camera(  955): getCameraInfo
12-28 18:54:53.711 V/EmulatedCamera_BaseCamera(  955): getCameraInfo
12-28 18:54:53.744 E/WVMExtractor(  955): Failed to open libwvm.so: dlopen failed: library "libwvm.so" not found
12-28 18:54:53.745 D/NuPlayerDriver(  955): notifyListener_l(0xb6159f00), (1, 0, 0)
12-28 18:54:53.756 D/NuPlayerDriver(  955): notifyListener_l(0xb6159fc0), (1, 0, 0)
12-28 18:54:53.756 I/CameraClient(  955): Opening camera 0
12-28 18:54:53.756 V/EmulatedCamera_Camera(  955): getCameraInfo
12-28 18:54:53.756 V/EmulatedCamera_BaseCamera(  955): getCameraInfo
12-28 18:54:53.757 V/EmulatedCamera_Camera(  955): connectCamera
12-28 18:54:53.757 V/EmulatedCamera_FakeDevice(  955): connectDevice
12-28 18:54:53.757 V/EmulatedCamera_CallbackNotifier(  955): setCallbacks: 0xb75d0505, 0xb75d0dba, 0xb75d0c92, 0xb75d1267 (0xb615a020)
12-28 18:54:53.757 V/EmulatedCamera_CallbackNotifier(  955): enableMessage: msg_type = 0xc0d
12-28 18:54:53.757 V/EmulatedCamera_CallbackNotifier(  955):     CAMERA_MSG_ERROR
12-28 18:54:53.757 V/EmulatedCamera_CallbackNotifier(  955):     CAMERA_MSG_FOCUS
12-28 18:54:53.757 V/EmulatedCamera_CallbackNotifier(  955):     CAMERA_MSG_ZOOM
12-28 18:54:53.757 V/EmulatedCamera_CallbackNotifier(  955):     CAMERA_MSG_PREVIEW_METADATA
12-28 18:54:53.757 V/EmulatedCamera_CallbackNotifier(  955): **** Currently enabled messages:
12-28 18:54:53.757 V/EmulatedCamera_CallbackNotifier(  955):     CAMERA_MSG_ERROR
12-28 18:54:53.757 V/EmulatedCamera_CallbackNotifier(  955):     CAMERA_MSG_FOCUS
12-28 18:54:53.757 V/EmulatedCamera_CallbackNotifier(  955):     CAMERA_MSG_ZOOM
12-28 18:54:53.757 V/EmulatedCamera_CallbackNotifier(  955):     CAMERA_MSG_PREVIEW_METADATA
12-28 18:54:53.757 V/EmulatedCamera_CallbackNotifier(  955): disableMessage: msg_type = 0xffff
12-28 18:54:53.758 V/EmulatedCamera_CallbackNotifier(  955):     CAMERA_MSG_ERROR
12-28 18:54:53.758 V/EmulatedCamera_CallbackNotifier(  955):     CAMERA_MSG_SHUTTER
12-28 18:54:53.758 V/EmulatedCamera_CallbackNotifier(  955):     CAMERA_MSG_FOCUS
12-28 18:54:53.758 V/EmulatedCamera_CallbackNotifier(  955):     CAMERA_MSG_ZOOM
12-28 18:54:53.758 V/EmulatedCamera_CallbackNotifier(  955):     CAMERA_MSG_PREVIEW_FRAME
12-28 18:54:53.758 V/EmulatedCamera_CallbackNotifier(  955):     CAMERA_MSG_VIDEO_FRAME
12-28 18:54:53.758 V/EmulatedCamera_CallbackNotifier(  955):     CAMERA_MSG_POSTVIEW_FRAME
12-28 18:54:53.758 V/EmulatedCamera_CallbackNotifier(  955):     CAMERA_MSG_RAW_IMAGE
12-28 18:54:53.758 V/EmulatedCamera_CallbackNotifier(  955):     CAMERA_MSG_COMPRESSED_IMAGE
12-28 18:54:53.758 V/EmulatedCamera_CallbackNotifier(  955):     CAMERA_MSG_RAW_IMAGE_NOTIFY
12-28 18:54:53.758 V/EmulatedCamera_CallbackNotifier(  955):     CAMERA_MSG_PREVIEW_METADATA
12-28 18:54:53.758 V/EmulatedCamera_CallbackNotifier(  955): **** Currently enabled messages:
12-28 18:54:53.758 V/EmulatedCamera_Camera(  955): doStopPreview
12-28 18:54:53.758 V/EmulatedCamera_Camera(  955): cancelPicture
12-28 18:54:53.758 V/EmulatedCamera_Camera(  955): releaseCamera
12-28 18:54:53.759 V/EmulatedCamera_Camera(  955): doStopPreview
12-28 18:54:53.759 V/EmulatedCamera_FakeDevice(  955): disconnectDevice
12-28 18:54:53.759 I/CameraFlashlight(  955): Destroying camera 0
12-28 18:54:53.759 V/EmulatedCamera_Camera(  955): closeCamera
12-28 18:54:53.759 V/EmulatedCamera_Camera(  955): doStopPreview
12-28 18:54:53.759 I/CameraService(  955): disconnect: Disconnected client for camera 0 for PID 955
12-28 18:54:53.759 D/NuPlayerDriver(  955): reset(0xb6159f00)
12-28 18:54:53.759 D/NuPlayerDriver(  955): notifyListener_l(0xb6159f00), (8, 0, 0)
12-28 18:54:53.759 D/NuPlayerDriver(  955): notifyResetComplete(0xb6159f00)
12-28 18:54:53.759 D/NuPlayerDriver(  955): reset(0xb6159fc0)
12-28 18:54:53.780 D/NuPlayerDriver(  955): notifyListener_l(0xb6159fc0), (8, 0, 0)
12-28 18:54:53.781 D/NuPlayerDriver(  955): notifyResetComplete(0xb6159fc0)
12-28 18:54:53.781 E/CameraService(  955): disconnect: Disconnect called on already disconnected client for device 0
12-28 18:54:53.781 V/EmulatedCamera_Camera(  955): getCameraInfo
12-28 18:54:53.781 V/EmulatedCamera_BaseCamera(  955): getCameraInfo
12-28 18:54:53.781 I/CameraService(  955): getCameraCharacteristics: Switching to HAL1 shim implementation...
12-28 18:54:53.781 V/EmulatedCamera_Camera(  955): getCameraInfo
12-28 18:54:53.781 V/EmulatedCamera_BaseCamera(  955): getCameraInfo
12-28 18:54:53.782 I/CameraService(  955): CameraService::connect call (PID 955 "media", camera ID 1) for HAL version default and Camera API version 1
12-28 18:54:53.782 E/CameraService(  955): getCameraPriorityFromProcState: Received invalid process state -1 from ActivityManagerService!
12-28 18:54:53.782 V/EmulatedCamera_Camera(  955): getCameraInfo
12-28 18:54:53.782 V/EmulatedCamera_BaseCamera(  955): getCameraInfo
12-28 18:54:53.795 D/NuPlayerDriver(  955): notifyListener_l(0xb6159d80), (1, 0, 0)
12-28 18:54:53.822 D/NuPlayerDriver(  955): notifyListener_l(0xb6159de0), (1, 0, 0)
12-28 18:54:53.823 I/CameraClient(  955): Opening camera 1
12-28 18:54:53.823 V/EmulatedCamera_Camera(  955): getCameraInfo
12-28 18:54:53.823 V/EmulatedCamera_BaseCamera(  955): getCameraInfo
12-28 18:54:53.823 V/EmulatedCamera_Camera(  955): connectCamera
12-28 18:54:53.823 V/EmulatedCamera_FakeDevice(  955): connectDevice
12-28 18:54:53.823 V/EmulatedCamera_CallbackNotifier(  955): setCallbacks: 0xb75d0505, 0xb75d0dba, 0xb75d0c92, 0xb75d1267 (0xb6159e40)
12-28 18:54:53.823 V/EmulatedCamera_CallbackNotifier(  955): enableMessage: msg_type = 0xc0d
12-28 18:54:53.823 V/EmulatedCamera_CallbackNotifier(  955):     CAMERA_MSG_ERROR
12-28 18:54:53.823 V/EmulatedCamera_CallbackNotifier(  955):     CAMERA_MSG_FOCUS
12-28 18:54:53.823 V/EmulatedCamera_CallbackNotifier(  955):     CAMERA_MSG_ZOOM
12-28 18:54:53.823 V/EmulatedCamera_CallbackNotifier(  955):     CAMERA_MSG_PREVIEW_METADATA
12-28 18:54:53.823 V/EmulatedCamera_CallbackNotifier(  955): **** Currently enabled messages:
12-28 18:54:53.823 V/EmulatedCamera_CallbackNotifier(  955):     CAMERA_MSG_ERROR
12-28 18:54:53.824 V/EmulatedCamera_CallbackNotifier(  955):     CAMERA_MSG_FOCUS
12-28 18:54:53.824 V/EmulatedCamera_CallbackNotifier(  955):     CAMERA_MSG_ZOOM
12-28 18:54:53.824 V/EmulatedCamera_CallbackNotifier(  955):     CAMERA_MSG_PREVIEW_METADATA
12-28 18:54:53.824 V/EmulatedCamera_CallbackNotifier(  955): disableMessage: msg_type = 0xffff
12-28 18:54:53.824 V/EmulatedCamera_CallbackNotifier(  955):     CAMERA_MSG_ERROR
12-28 18:54:53.824 V/EmulatedCamera_CallbackNotifier(  955):     CAMERA_MSG_SHUTTER
12-28 18:54:53.824 V/EmulatedCamera_CallbackNotifier(  955):     CAMERA_MSG_FOCUS
12-28 18:54:53.824 V/EmulatedCamera_CallbackNotifier(  955):     CAMERA_MSG_ZOOM
12-28 18:54:53.824 V/EmulatedCamera_CallbackNotifier(  955):     CAMERA_MSG_PREVIEW_FRAME
12-28 18:54:53.824 V/EmulatedCamera_CallbackNotifier(  955):     CAMERA_MSG_VIDEO_FRAME
12-28 18:54:53.824 V/EmulatedCamera_CallbackNotifier(  955):     CAMERA_MSG_POSTVIEW_FRAME
12-28 18:54:53.824 V/EmulatedCamera_CallbackNotifier(  955):     CAMERA_MSG_RAW_IMAGE
12-28 18:54:53.824 V/EmulatedCamera_CallbackNotifier(  955):     CAMERA_MSG_COMPRESSED_IMAGE
12-28 18:54:53.824 V/EmulatedCamera_CallbackNotifier(  955):     CAMERA_MSG_RAW_IMAGE_NOTIFY
12-28 18:54:53.824 V/EmulatedCamera_CallbackNotifier(  955):     CAMERA_MSG_PREVIEW_METADATA
12-28 18:54:53.824 V/EmulatedCamera_CallbackNotifier(  955): **** Currently enabled messages:
12-28 18:54:53.824 V/EmulatedCamera_Camera(  955): doStopPreview
12-28 18:54:53.825 V/EmulatedCamera_Camera(  955): cancelPicture
12-28 18:54:53.825 V/EmulatedCamera_Camera(  955): releaseCamera
12-28 18:54:53.825 V/EmulatedCamera_Camera(  955): doStopPreview
12-28 18:54:53.825 V/EmulatedCamera_FakeDevice(  955): disconnectDevice
12-28 18:54:53.825 I/CameraFlashlight(  955): Destroying camera 1
12-28 18:54:53.825 V/EmulatedCamera_Camera(  955): closeCamera
12-28 18:54:53.825 V/EmulatedCamera_Camera(  955): doStopPreview
12-28 18:54:53.825 I/CameraService(  955): disconnect: Disconnected client for camera 1 for PID 955
12-28 18:54:53.825 D/NuPlayerDriver(  955): reset(0xb6159d80)
12-28 18:54:53.825 D/NuPlayerDriver(  955): notifyListener_l(0xb6159d80), (8, 0, 0)
12-28 18:54:53.826 D/NuPlayerDriver(  955): notifyResetComplete(0xb6159d80)
12-28 18:54:53.826 D/NuPlayerDriver(  955): reset(0xb6159de0)
12-28 18:54:53.826 D/NuPlayerDriver(  955): notifyListener_l(0xb6159de0), (8, 0, 0)
12-28 18:54:53.826 D/NuPlayerDriver(  955): notifyResetComplete(0xb6159de0)
12-28 18:54:53.826 E/CameraService(  955): disconnect: Disconnect called on already disconnected client for device 1
12-28 18:54:53.826 V/EmulatedCamera_Camera(  955): getCameraInfo
12-28 18:54:53.826 V/EmulatedCamera_BaseCamera(  955): getCameraInfo
12-28 18:54:53.827 V/EmulatedCamera_Camera(  955): getCameraInfo
12-28 18:54:53.827 V/EmulatedCamera_BaseCamera(  955): getCameraInfo
12-28 18:54:53.843 V/EmulatedCamera_Camera(  955): getCameraInfo
12-28 18:54:53.844 V/EmulatedCamera_BaseCamera(  955): getCameraInfo
12-28 18:54:53.844 V/EmulatedCamera_Camera(  955): getCameraInfo
12-28 18:54:53.844 V/EmulatedCamera_BaseCamera(  955): getCameraInfo
12-28 18:54:53.907 E/SurfaceFlinger(  942): ro.sf.lcd_density must be defined as a build property
12-28 18:54:53.907 D/OpenGLRenderer( 1464): Use EGL_SWAP_BEHAVIOR_PRESERVED: true
12-28 18:54:53.907 D/OpenGLRenderer( 1464): profile bars disabled
12-28 18:54:53.908 D/OpenGLRenderer( 1464): ambientRatio = 1.50
12-28 18:54:53.922 D/        ( 1464): HostConnection::get() New Host Connection established 0xabeae5f0, tid 1464
12-28 18:54:53.931 D/PhoneStatusBar( 1464): disable: < EXPAND* icons alerts system_info BACK* HOME* RECENT* clock SEARCH* quick_settings >
12-28 18:54:53.957 D/PhoneStatusBar( 1464): heads up is enabled
12-28 18:54:53.959 D/StatusBar( 1464): user hasn't seen notification about hidden notifications
12-28 18:54:53.959 D/StatusBar( 1464): insecure lockscreen, skipping notification
12-28 18:54:54.236 D/TelephonyProvider( 1641): dbh.onCreate:+ db=SQLiteDatabase: /data/user/0/com.android.providers.telephony/databases/telephony.db
12-28 18:54:54.236 D/TelephonyProvider( 1641): dbh.createSimInfoTable:+
12-28 18:54:54.236 D/TelephonyProvider( 1641): dbh.createSimInfoTable:-
12-28 18:54:54.236 D/TelephonyProvider( 1641): dbh.createCarriersTable: carriers
12-28 18:54:54.237 D/TelephonyProvider( 1641): dbh.createCarriersTable:-
12-28 18:54:54.237 D/TelephonyProvider( 1641): No APNs in OEM image = /oem/telephony/apns-conf.xml Load APNs from system image
12-28 18:54:54.238 D/TelephonyProvider( 1641): No APNs in OEM image = /data/misc/apns-conf.xml Load APNs from system image
12-28 18:54:54.238 D/TelephonyProvider( 1641): confFile = /system/etc/apns-conf.xml
12-28 18:54:54.287 D/TelephonyProvider( 1641): dbh.onCreate:- db=SQLiteDatabase: /data/user/0/com.android.providers.telephony/databases/telephony.db
12-28 18:54:54.305 D/TelephonyProvider( 1641): dbh.onOpen: ok, queried table=siminfo
12-28 18:54:54.305 D/TelephonyProvider( 1641): dbh.onOpen: ok, queried table=carriers
12-28 18:54:54.306 D/TelephonyProvider( 1641): onCreate: build id changed from  to MASTER
12-28 18:54:54.342 D/TelephonyProvider( 1641): No APNs in OEM image = /oem/telephony/apns-conf.xml Load APNs from system image
12-28 18:54:54.342 D/TelephonyProvider( 1641): No APNs in OEM image = /data/misc/apns-conf.xml Load APNs from system image
12-28 18:54:54.343 D/TelephonyProvider( 1641): confFile = /system/etc/apns-conf.xml
12-28 18:54:54.461 I/ActivityManager( 1288): Start proc 1836:com.google.process.gapps/u0a7 for content provider com.google.android.gsf/.gservices.GservicesProvider
12-28 18:54:54.501 I/art     ( 1836): Late-enabling JIT
12-28 18:54:54.503 I/art     ( 1836): JIT created with code_cache_capacity=2MB compile_threshold=1000
12-28 18:54:54.625 W/System  ( 1836): ClassLoader referenced unknown path: /system/priv-app/GoogleServicesFramework/lib/x86
12-28 18:54:54.627 I/GservicesProvider( 1836): Gservices pushing to system: true; secure/global: true
12-28 18:54:54.642 I/ActivityManager( 1288): Start proc 1852:com.android.email/u0a28 for content provider com.android.email/.provider.EmailProvider
12-28 18:54:54.661 I/art     ( 1852): Late-enabling JIT
12-28 18:54:54.663 I/art     ( 1852): JIT created with code_cache_capacity=2MB compile_threshold=1000
12-28 18:54:54.751 D/WifiService( 1288): New client listening to asynchronous messages
12-28 18:54:54.762 I/Choreographer( 1464): Skipped 63 frames!  The application may be doing too much work on its main thread.
12-28 18:54:54.763 D/ViewRootImpl( 1464): changeCanvasOpacity: opaque=true
12-28 18:54:54.833 E/DcSwitchStateMachine-0( 1641): DctController is not ready
12-28 18:54:54.834 E/ConnectivityService( 1288): Failed to find Messenger in unregisterNetworkFactory
12-28 18:54:54.835 D/ConnectivityService( 1288): Got NetworkFactory Messenger for Telephony
12-28 18:54:54.851 D/        ( 1464): HostConnection::get() New Host Connection established 0xabeaebd0, tid 1829
12-28 18:54:54.877 I/OpenGLRenderer( 1464): Initialized EGL, version 1.4
12-28 18:54:54.878 D/CarrierConfigLoader( 1641): CarrierConfigLoader has started
12-28 18:54:54.879 E/BluetoothAdapter( 1641): Bluetooth binder is null
12-28 18:54:54.904 W/EGL_emulation( 1464): eglSurfaceAttrib not implemented
12-28 18:54:54.905 W/OpenGLRenderer( 1464): Failed to set EGL_SWAP_BEHAVIOR on surface 0xa2b87640, error=EGL_SUCCESS
12-28 18:54:54.930 I/Telephony( 1641): TtyManager: updateUiTtyMode -1 -> 0
12-28 18:54:54.951 W/EGL_emulation( 1464): eglSurfaceAttrib not implemented
12-28 18:54:54.951 W/OpenGLRenderer( 1464): Failed to set EGL_SWAP_BEHAVIOR on surface 0xa2b87660, error=EGL_SUCCESS
12-28 18:54:55.061 D/GpsLocationProvider( 1288): received SIM related action: 
12-28 18:54:55.069 W/System  ( 1852): ClassLoader referenced unknown path: /system/app/Email/lib/x86
12-28 18:54:55.074 I/AccountManagerService( 1288): getTypesVisibleToCaller: isPermitted? true
12-28 18:54:55.081 D/GpsLocationProvider( 1288): SIM MCC/MNC is still not available
12-28 18:54:55.082 I/LatinIME:LogUtils( 1600): Dictionary info: dictionary = userunigram.en_US ; version = 1451296495 ; date = ?
12-28 18:54:55.101 D/AlarmManagerService( 1288): Kernel timezone updated to -540 minutes west of GMT
12-28 18:54:55.104 D/AlarmManagerService( 1288): Setting time of day to sec=1451296496
12-28 18:54:56.747 W/AlarmManagerService( 1288): Unable to set rtc to 1451296496: No such device
12-28 18:54:56.910 D/TelephonyDebugService( 1641): TelephonyDebugService()
12-28 18:54:56.921 D/CarrierConfigLoader( 1641): mHandler: 12 phoneId: 0
12-28 18:54:56.921 D/CarrierConfigLoader( 1641): Build fingerprint changed. old: null new: generic_x86/sdk_google_phone_x86/generic_x86:6.0/MASTER/2401146:eng/test-keys
12-28 18:54:58.382 I/NativeLibraryUtils( 1724): Extraction to /data/user/0/com.google.android.gms/app_extracted_libs/x86/libAppDataSearch.so true
12-28 18:54:58.384 W/KeyguardUpdateMonitor( 1464): invalid subId in handleSimStateChange()
12-28 18:54:58.834 I/Telecom ( 1288): : Sending phone-account intent as user
12-28 18:54:58.837 I/Telephony( 1641): AccountEntry: Registered phoneAccount: [[ ] PhoneAccount: ComponentInfo{com.android.phone/com.android.services.telephony.TelephonyConnectionService}, [e0184adedf913b076626646d3f52c3b49c39ad6d], UserHandle{0} Capabilities: 54 Schemes: tel voicemail ] with handle: ComponentInfo{com.android.phone/com.android.services.telephony.TelephonyConnectionService}, [e0184adedf913b076626646d3f52c3b49c39ad6d], UserHandle{0}
12-28 18:54:58.837 I/Telephony( 1641): PstnIncomingCallNotifier: Registering: Handler (com.android.internal.telephony.gsm.GSMPhone) {6a694d5}
12-28 18:54:58.844 W/Telecom ( 1288): : No account found for the calling user
12-28 18:54:58.853 E/DcSwitchStateMachine-0( 1641): EVENT_DATA_DISALLOWED failed, com.android.internal.telephony.CommandException: REQUEST_NOT_SUPPORTED
12-28 18:54:58.886 I/Telephony( 1641): PstnIncomingCallNotifier: Unregistering: Handler (com.android.internal.telephony.gsm.GSMPhone) {6a694d5}
12-28 18:54:58.886 E/PhoneInterfaceManager( 1641): [PhoneIntfMgr] getIccId: No UICC
12-28 18:54:58.887 I/Telecom ( 1288): PhoneAccountRegistrar: [ComponentInfo{com.android.phone/com.android.services.telephony.TelephonyConnectionService}, [e0184adedf913b076626646d3f52c3b49c39ad6d], UserHandle{0}(icon: Icon(typ=BITMAP size=57x72) -> Icon(typ=BITMAP size=57x72))]
12-28 18:54:58.917 V/JNIHelp ( 1836): Registering com/google/android/gms/org/conscrypt/NativeCrypto's 240 native methods...
12-28 18:54:58.927 I/art     ( 1836): Background partial concurrent mark sweep GC freed 18423(1914KB) AllocSpace objects, 0(0B) LOS objects, 39% free, 3MB/6MB, paused 1.475ms total 103.530ms
12-28 18:54:58.931 I/Telecom ( 1288): : Sending phone-account intent as user
12-28 18:54:58.933 I/Telephony( 1641): AccountEntry: Registered phoneAccount: [[ ] PhoneAccount: ComponentInfo{com.android.phone/com.android.services.telephony.TelephonyConnectionService}, [e0184adedf913b076626646d3f52c3b49c39ad6d], UserHandle{0} Capabilities: 54 Schemes: tel voicemail ] with handle: ComponentInfo{com.android.phone/com.android.services.telephony.TelephonyConnectionService}, [e0184adedf913b076626646d3f52c3b49c39ad6d], UserHandle{0}
12-28 18:54:58.933 I/Telephony( 1641): PstnIncomingCallNotifier: Registering: Handler (com.android.internal.telephony.gsm.GSMPhone) {6a694d5}
12-28 18:54:58.953 W/Telecom ( 1288): : No account found for the calling user
12-28 18:54:58.963 D/TelephonyProvider( 1641): subIdString = -2 subId = -2
12-28 18:54:58.982 I/ProviderInstaller( 1836): Installed default security provider GmsCore_OpenSSL
12-28 18:54:59.034 D/NativeLibraryUtils( 1836): Installer failed to acquire lock.
12-28 18:54:59.034 D/NativeLibraryUtils( 1836): java.io.IOException: fcntl failed: EAGAIN (Try again)
12-28 18:54:59.034 D/NativeLibraryUtils( 1836): 	at java.nio.FileChannelImpl.basicLock(FileChannelImpl.java:123)
12-28 18:54:59.034 D/NativeLibraryUtils( 1836): 	at java.nio.FileChannelImpl.tryLock(FileChannelImpl.java:181)
12-28 18:54:59.034 D/NativeLibraryUtils( 1836): 	at java.nio.channels.FileChannel.tryLock(FileChannel.java:584)
12-28 18:54:59.034 D/NativeLibraryUtils( 1836): 	at com.google.android.gms.common.util.ay.b(SourceFile:335)
12-28 18:54:59.034 D/NativeLibraryUtils( 1836): 	at com.google.android.gms.common.app.a.run(SourceFile:171)
12-28 18:54:59.034 D/NativeLibraryUtils( 1836): Caused by: android.system.ErrnoException: fcntl failed: EAGAIN (Try again)
12-28 18:54:59.034 D/NativeLibraryUtils( 1836): 	at libcore.io.Posix.fcntlFlock(Native Method)
12-28 18:54:59.034 D/NativeLibraryUtils( 1836): 	at libcore.io.ForwardingOs.fcntlFlock(ForwardingOs.java:70)
12-28 18:54:59.034 D/NativeLibraryUtils( 1836): 	at java.nio.FileChannelImpl.basicLock(FileChannelImpl.java:121)
12-28 18:54:59.034 D/NativeLibraryUtils( 1836): 	... 4 more
12-28 18:54:59.074 I/Backup  ( 1836): [BackupTransportMigratorService] Starting migration...
12-28 18:54:59.075 E/Backup  ( 1836): [LegacyBackupAccountManager] Fail to get legacy transport context.
12-28 18:54:59.075 E/Backup  ( 1836): android.content.pm.PackageManager$NameNotFoundException: Application package com.google.android.backup not found
12-28 18:54:59.075 E/Backup  ( 1836): 	at android.app.ContextImpl.createPackageContextAsUser(ContextImpl.java:1703)
12-28 18:54:59.075 E/Backup  ( 1836): 	at android.app.ContextImpl.createPackageContext(ContextImpl.java:1679)
12-28 18:54:59.075 E/Backup  ( 1836): 	at android.content.ContextWrapper.createPackageContext(ContextWrapper.java:746)
12-28 18:54:59.075 E/Backup  ( 1836): 	at android.content.ContextWrapper.createPackageContext(ContextWrapper.java:746)
12-28 18:54:59.075 E/Backup  ( 1836): 	at com.google.android.gms.backup.as.<init>(SourceFile:47)
12-28 18:54:59.075 E/Backup  ( 1836): 	at com.google.android.gms.backup.BackupTransportMigratorService.b(SourceFile:150)
12-28 18:54:59.075 E/Backup  ( 1836): 	at com.google.android.gms.backup.BackupTransportMigratorService.onHandleIntent(SourceFile:82)
12-28 18:54:59.075 E/Backup  ( 1836): 	at android.app.IntentService$ServiceHandler.handleMessage(IntentService.java:66)
12-28 18:54:59.075 E/Backup  ( 1836): 	at android.os.Handler.dispatchMessage(Handler.java:102)
12-28 18:54:59.075 E/Backup  ( 1836): 	at android.os.Looper.loop(Looper.java:148)
12-28 18:54:59.075 E/Backup  ( 1836): 	at android.os.HandlerThread.run(HandlerThread.java:61)
12-28 18:54:59.075 I/AccountManagerService( 1288): getTypesVisibleToCaller: isPermitted? true
12-28 18:54:59.075 W/Backup  ( 1836): [LegacyBackupAccountManager] No google accounts found!
12-28 18:54:59.085 I/Telephony( 1641): PstnIncomingCallNotifier: Unregistering: Handler (com.android.internal.telephony.gsm.GSMPhone) {6a694d5}
12-28 18:54:59.085 E/PhoneInterfaceManager( 1641): [PhoneIntfMgr] getIccId: No UICC
12-28 18:54:59.087 I/Telecom ( 1288): PhoneAccountRegistrar: [ComponentInfo{com.android.phone/com.android.services.telephony.TelephonyConnectionService}, [e0184adedf913b076626646d3f52c3b49c39ad6d], UserHandle{0}(icon: Icon(typ=BITMAP size=57x72) -> Icon(typ=BITMAP size=57x72))]
12-28 18:54:59.093 D/NetUtils( 1288): dhcp_start failed : eth0
12-28 18:54:59.093 E/EthernetNetworkFactory( 1288): DHCP request error:Timed out waiting for dhcpcd to start
12-28 18:54:59.164 I/NativeLibraryUtils( 1724): Extraction to /data/user/0/com.google.android.gms/app_extracted_libs/x86/libNearbyApp.so true
12-28 18:54:59.321 I/Telecom ( 1288): : Sending phone-account intent as user
12-28 18:54:59.322 I/NativeLibraryUtils( 1724): Extraction to /data/user/0/com.google.android.gms/app_extracted_libs/x86/libWhisper.so true
12-28 18:54:59.324 I/Telephony( 1641): AccountEntry: Registered phoneAccount: [[ ] PhoneAccount: ComponentInfo{com.android.phone/com.android.services.telephony.TelephonyConnectionService}, [e0184adedf913b076626646d3f52c3b49c39ad6d], UserHandle{0} Capabilities: 54 Schemes: tel voicemail ] with handle: ComponentInfo{com.android.phone/com.android.services.telephony.TelephonyConnectionService}, [e0184adedf913b076626646d3f52c3b49c39ad6d], UserHandle{0}
12-28 18:54:59.324 I/Telephony( 1641): PstnIncomingCallNotifier: Registering: Handler (com.android.internal.telephony.gsm.GSMPhone) {6a694d5}
12-28 18:54:59.326 W/Telecom ( 1288): : No account found for the calling user
12-28 18:54:59.356 E/DcSwitchStateMachine-0( 1641): EVENT_DATA_DISALLOWED failed, com.android.internal.telephony.CommandException: REQUEST_NOT_SUPPORTED
12-28 18:54:59.363 I/NativeLibraryUtils( 1724): Extraction to /data/user/0/com.google.android.gms/app_extracted_libs/x86/libconscrypt_gmscore_jni.so true
12-28 18:54:59.488 I/NativeLibraryUtils( 1724): Extraction to /data/user/0/com.google.android.gms/app_extracted_libs/x86/libdirect-audio.so true
12-28 18:54:59.541 I/NativeLibraryUtils( 1724): Extraction to /data/user/0/com.google.android.gms/app_extracted_libs/x86/libgcastv2_base.so true
12-28 18:54:59.602 I/NativeLibraryUtils( 1724): Extraction to /data/user/0/com.google.android.gms/app_extracted_libs/x86/libgcastv2_support.so true
12-28 18:54:59.664 D/MccTable( 1641): updateMccMncConfiguration mccmnc='310260' fromServiceState=false
12-28 18:54:59.676 D/GpsLocationProvider( 1288): received SIM related action: 
12-28 18:54:59.723 I/art     ( 1641): Background partial concurrent mark sweep GC freed 6528(738KB) AllocSpace objects, 4(80KB) LOS objects, 43% free, 1315KB/2MB, paused 42.100ms total 51.920ms
12-28 18:54:59.822 I/NativeLibraryUtils( 1724): Extraction to /data/user/0/com.google.android.gms/app_extracted_libs/x86/libgms-ocrclient.so true
12-28 18:55:00.009 D/MccTable( 1641): updateMccMncConfiguration defaultMccMnc=310260
12-28 18:55:00.010 D/MccTable( 1641): updateMccMncConfiguration: mcc=310, mnc=260
12-28 18:55:00.010 D/MccTable( 1641): updateMccMncConfiguration updateConfig config={1.0 310mcc260mnc ?locale ?layoutDir ?swdp ?wdp ?hdp ?density ?lsize ?long ?orien ?uimode ?night ?touch ?keyb/?/? ?nav/?}
12-28 18:55:00.245 I/NativeLibraryUtils( 1724): Extraction to /data/user/0/com.google.android.gms/app_extracted_libs/x86/libgmscore.so true
12-28 18:55:00.267 I/NativeLibraryUtils( 1724): Extraction to /data/user/0/com.google.android.gms/app_extracted_libs/x86/libjgcastservice.so true
12-28 18:55:00.384 I/NativeLibraryUtils( 1724): Extraction to /data/user/0/com.google.android.gms/app_extracted_libs/x86/libleveldbjni.so true
12-28 18:55:00.479 I/InputReader( 1288): Reconfiguring input devices.  changes=0x00000010
12-28 18:55:00.493 I/ActivityManager( 1288):   Force finishing activity ActivityRecord{8e7bea9 u0 com.android.settings/.CryptKeeper t1 f}
12-28 18:55:00.495 W/ActivityManager( 1288): Duplicate finish request for ActivityRecord{8e7bea9 u0 com.android.settings/.CryptKeeper t1 f}
12-28 18:55:00.505 D/GpsLocationProvider( 1288): SIM MCC/MNC is available: 310260
12-28 18:55:00.506 D/GpsLocationProvider( 1288): Reset GPS properties, previous size = 5
12-28 18:55:00.506 D/GpsLocationProvider( 1288): GpsParamsResource: SUPL_HOST=supl.google.com
12-28 18:55:00.508 D/GpsLocationProvider( 1288): GpsParamsResource: SUPL_PORT=7275
12-28 18:55:00.509 D/GpsLocationProvider( 1288): GpsParamsResource: NTP_SERVER=north-america.pool.ntp.org
12-28 18:55:00.509 D/GpsLocationProvider( 1288): GpsParamsResource: SUPL_VER=0x20000
12-28 18:55:00.510 D/GpsLocationProvider( 1288): GpsParamsResource: SUPL_MODE=1
12-28 18:55:00.511 W/GpsLocationProvider( 1288): Could not open GPS configuration file /etc/gps.conf
12-28 18:55:00.511 D/GpsLocationProvider( 1288): GPS properties reloaded, size = 5
12-28 18:55:00.511 E/GpsLocationProvider( 1288): no AGPS interface in set_agps_server
12-28 18:55:00.511 D/GpsLocationProvider( 1288): received SIM related action: 
12-28 18:55:00.518 I/InputReader( 1288): Reconfiguring input devices.  changes=0x00000010
12-28 18:55:00.573 D/MccTable( 1641): updateMccMncConfiguration mccmnc='310260' fromServiceState=false
12-28 18:55:00.574 D/MccTable( 1641): updateMccMncConfiguration defaultMccMnc=310260
12-28 18:55:00.574 D/MccTable( 1641): updateMccMncConfiguration: mcc=310, mnc=260
12-28 18:55:00.574 D/MccTable( 1641): updateMccMncConfiguration updateConfig config={1.0 310mcc260mnc ?locale ?layoutDir ?swdp ?wdp ?hdp ?density ?lsize ?long ?orien ?uimode ?night ?touch ?keyb/?/? ?nav/?}
12-28 18:55:00.699 D/CarrierConfigLoader( 1641): update config for phoneId: 0 simState: LOADED
12-28 18:55:00.699 D/CarrierServiceBindHelper( 1641): update binding for phoneId: 0 simState: LOADED
12-28 18:55:00.834 I/art     ( 1918): Late-enabling JIT
12-28 18:55:00.838 I/art     ( 1918): JIT created with code_cache_capacity=2MB compile_threshold=1000
12-28 18:55:00.845 I/ActivityManager( 1288): Start proc 1918:com.google.android.gms/u0a7 for service com.google.android.gms/.usagereporting.service.UsageReportingService
12-28 18:55:02.890 I/SurfaceFlinger(  942): Boot is finished (51900 ms)
12-28 18:55:02.908 E/Surface ( 1142): getSlotFromBufferLocked: unknown buffer: 0xb6552310
12-28 18:55:02.918 D/        (  942): HostConnection::get() New Host Connection established 0xb704a1c0, tid 1171
12-28 18:55:02.921 E/installd(  956): Unable to unlink boot marker at /data/dalvik-cache/x86/.booting, error=No such file or directory
12-28 18:55:03.435 V/IdletimerController(  949): runCmd(/system/bin/ip6tables -w -t raw -A idletimer_raw_PREROUTING -i eth0 -j IDLETIMER --timeout 10 --label 0 --send_nl_msg 1) res_ipv4=0, res_ipv6=0
12-28 18:55:03.439 V/IdletimerController(  949): runCmd(/system/bin/ip6tables -w -t mangle -A idletimer_mangle_POSTROUTING -o eth0 -j IDLETIMER --timeout 10 --label 0 --send_nl_msg 1) res_ipv4=0, res_ipv6=0
12-28 18:55:03.572 I/art     ( 1641): Background sticky concurrent mark sweep GC freed 31940(5MB) AllocSpace objects, 19(440KB) LOS objects, 25% free, 1735KB/2MB, paused 1.796ms total 2.561s
12-28 18:55:03.606 I/NetworkPolicy( 1288): No policy for subscriber 310260000000000; generating default policy
12-28 18:55:03.627 D/NetworkMonitor/NetworkAgentInfo [MOBILE (UMTS) - 100]( 1288): Checking http://connectivitycheck.gstatic.com/generate_204 on epc.tmobile.com, connectivitycheck.gstatic.com=173.194.117.195,2404:6800:4004:80c::1006
12-28 18:55:03.686 D/NetworkMonitor/NetworkAgentInfo [MOBILE (UMTS) - 100]( 1288): isCaptivePortal: ret=204 headers={null=[HTTP/1.1 204 No Content], Content-Length=[0], Date=[Mon, 28 Dec 2015 09:55:04 GMT], Server=[GFE/2.0], X-Android-Received-Millis=[1451296503686], X-Android-Response-Source=[NETWORK 204], X-Android-Selected-Protocol=[http/1.1], X-Android-Sent-Millis=[1451296503658]}
12-28 18:55:03.687 D/ConnectivityService( 1288): setProvNotificationVisibleIntent null visible=false networkType=MOBILE extraInfo=null highPriority=false
12-28 18:55:03.687 D/ConnectivityService( 1288): NetworkAgentInfo [MOBILE (UMTS) - 100] validation  passed
12-28 18:55:03.687 D/ConnectivityService( 1288): rematching NetworkAgentInfo [MOBILE (UMTS) - 100]
12-28 18:55:03.688 D/ConnectivityService( 1288): notifyType CAP_CHANGED for NetworkAgentInfo [MOBILE (UMTS) - 100]
12-28 18:55:03.688 D/ConnectivityService( 1288): sendStickyBroadcast: action=android.net.conn.INET_CONDITION_ACTION
12-28 18:55:03.689 D/ConnectivityManager.CallbackHandler( 1464): CM callback handler got msg 524294
12-28 18:55:03.796 I/ContactDirectoryManager( 1487): deleted 0 stale rows which don't have any relevant directory
12-28 18:55:03.804 I/BinaryDictionaryFileDumper( 1600): reinitializeClientRecordInDictionaryContentProvider() : MetadataFileUri = 
12-28 18:55:03.810 D/GpsLocationProvider( 1288): SIM MCC/MNC is available: 310260
12-28 18:55:03.810 D/GpsLocationProvider( 1288): Reset GPS properties, previous size = 5
12-28 18:55:03.810 D/GpsLocationProvider( 1288): GpsParamsResource: SUPL_HOST=supl.google.com
12-28 18:55:03.811 D/GpsLocationProvider( 1288): GpsParamsResource: SUPL_PORT=7275
12-28 18:55:03.811 D/GpsLocationProvider( 1288): GpsParamsResource: NTP_SERVER=north-america.pool.ntp.org
12-28 18:55:03.811 D/GpsLocationProvider( 1288): GpsParamsResource: SUPL_VER=0x20000
12-28 18:55:03.811 D/GpsLocationProvider( 1288): GpsParamsResource: SUPL_MODE=1
12-28 18:55:03.811 W/GpsLocationProvider( 1288): Could not open GPS configuration file /etc/gps.conf
12-28 18:55:03.811 D/GpsLocationProvider( 1288): GPS properties reloaded, size = 5
12-28 18:55:03.811 E/GpsLocationProvider( 1288): no AGPS interface in set_agps_server
12-28 18:55:03.812 D/GpsLocationProvider( 1288): received SIM related action: 
12-28 18:55:03.864 I/ContactDirectoryManager( 1487): Discovered 0 contact directories in 10627ms
12-28 18:55:03.868 I/ContactsProvider( 1487): Upgrading aggregation algorithm
12-28 18:55:03.870 I/ContactAggregator( 1487): Marked all visible contacts for aggregation: 0 raw contacts, 1 ms
12-28 18:55:03.880 I/AccountManagerService( 1288): getTypesVisibleToCaller: isPermitted? true
12-28 18:55:03.880 I/AccountManagerService( 1288): getTypesVisibleToCaller: isPermitted? true
12-28 18:55:03.924 D/GpsLocationProvider( 1288): SIM MCC/MNC is available: 310260
12-28 18:55:03.925 D/GpsLocationProvider( 1288): Reset GPS properties, previous size = 5
12-28 18:55:03.925 D/GpsLocationProvider( 1288): GpsParamsResource: SUPL_HOST=supl.google.com
12-28 18:55:03.925 D/GpsLocationProvider( 1288): GpsParamsResource: SUPL_PORT=7275
12-28 18:55:03.925 D/GpsLocationProvider( 1288): GpsParamsResource: NTP_SERVER=north-america.pool.ntp.org
12-28 18:55:03.925 D/GpsLocationProvider( 1288): GpsParamsResource: SUPL_VER=0x20000
12-28 18:55:03.925 D/GpsLocationProvider( 1288): GpsParamsResource: SUPL_MODE=1
12-28 18:55:03.925 W/GpsLocationProvider( 1288): Could not open GPS configuration file /etc/gps.conf
12-28 18:55:03.926 D/GpsLocationProvider( 1288): GPS properties reloaded, size = 5
12-28 18:55:03.926 E/GpsLocationProvider( 1288): no AGPS interface in set_agps_server
12-28 18:55:03.953 I/ContactsProvider( 1487): Aggregation algorithm upgraded for 0 raw contacts in 85ms
12-28 18:55:03.993 I/ActivityManager( 1288): Killing 1973:com.android.sdksetup/u0a47 (adj 0): stop com.android.sdksetup
12-28 18:55:04.006 W/System  ( 1953): ClassLoader referenced unknown path: /system/app/Maps/lib/x86
12-28 18:55:04.008 I/ActivityManager( 1288): START u0 {act=android.intent.action.MAIN cat=[android.intent.category.HOME] flg=0x10000000 cmp=com.android.launcher3/.Launcher} from uid 0 on display 0
12-28 18:55:04.183 I/ActivityManager( 1288): Start proc 2052:com.android.launcher3/u0a8 for activity com.android.launcher3/.Launcher
12-28 18:55:04.184 W/art     ( 1288): Long monitor contention event with owner method=int com.android.server.am.ActivityManagerService.broadcastIntent(android.app.IApplicationThread, android.content.Intent, java.lang.String, android.content.IIntentReceiver, int, java.lang.String, android.os.Bundle, java.lang.String[], int, android.os.Bundle, boolean, boolean, int) from ActivityManagerService.java:16931 waiters=0 for 694ms
12-28 18:55:04.184 W/art     ( 1288): Long monitor contention event with owner method=int com.android.server.am.ActivityManagerService.broadcastIntent(android.app.IApplicationThread, android.content.Intent, java.lang.String, android.content.IIntentReceiver, int, java.lang.String, android.os.Bundle, java.lang.String[], int, android.os.Bundle, boolean, boolean, int) from ActivityManagerService.java:16931 waiters=1 for 682ms
12-28 18:55:04.186 W/art     ( 1288): Long monitor contention event with owner method=int com.android.server.am.ActivityManagerService.broadcastIntent(android.app.IApplicationThread, android.content.Intent, java.lang.String, android.content.IIntentReceiver, int, java.lang.String, android.os.Bundle, java.lang.String[], int, android.os.Bundle, boolean, boolean, int) from ActivityManagerService.java:16931 waiters=2 for 683ms
12-28 18:55:04.186 W/art     ( 1288): Long monitor contention event with owner method=int com.android.server.am.ActivityManagerService.broadcastIntent(android.app.IApplicationThread, android.content.Intent, java.lang.String, android.content.IIntentReceiver, int, java.lang.String, android.os.Bundle, java.lang.String[], int, android.os.Bundle, boolean, boolean, int) from ActivityManagerService.java:16931 waiters=3 for 680ms
12-28 18:55:04.187 W/art     ( 1288): Long monitor contention event with owner method=int com.android.server.am.ActivityManagerService.broadcastIntent(android.app.IApplicationThread, android.content.Intent, java.lang.String, android.content.IIntentReceiver, int, java.lang.String, android.os.Bundle, java.lang.String[], int, android.os.Bundle, boolean, boolean, int) from ActivityManagerService.java:16931 waiters=4 for 672ms
12-28 18:55:04.187 W/art     ( 1288): Long monitor contention event with owner method=int com.android.server.am.ActivityManagerService.broadcastIntent(android.app.IApplicationThread, android.content.Intent, java.lang.String, android.content.IIntentReceiver, int, java.lang.String, android.os.Bundle, java.lang.String[], int, android.os.Bundle, boolean, boolean, int) from ActivityManagerService.java:16931 waiters=5 for 499ms
12-28 18:55:04.188 W/art     ( 1288): Long monitor contention event with owner method=int com.android.server.am.ActivityManagerService.broadcastIntent(android.app.IApplicationThread, android.content.Intent, java.lang.String, android.content.IIntentReceiver, int, java.lang.String, android.os.Bundle, java.lang.String[], int, android.os.Bundle, boolean, boolean, int) from ActivityManagerService.java:16931 waiters=6 for 377ms
12-28 18:55:04.195 I/art     ( 2052): Late-enabling JIT
12-28 18:55:04.197 I/art     ( 2052): JIT created with code_cache_capacity=2MB compile_threshold=1000
12-28 18:55:04.207 D/GpsLocationProvider( 1288): received SIM related action: 
12-28 18:55:04.208 D/GpsLocationProvider( 1288): SIM MCC/MNC is available: 310260
12-28 18:55:04.208 D/GpsLocationProvider( 1288): Reset GPS properties, previous size = 5
12-28 18:55:04.208 D/GpsLocationProvider( 1288): GpsParamsResource: SUPL_HOST=supl.google.com
12-28 18:55:04.208 D/GpsLocationProvider( 1288): GpsParamsResource: SUPL_PORT=7275
12-28 18:55:04.208 D/GpsLocationProvider( 1288): GpsParamsResource: NTP_SERVER=north-america.pool.ntp.org
12-28 18:55:04.208 D/GpsLocationProvider( 1288): GpsParamsResource: SUPL_VER=0x20000
12-28 18:55:04.208 D/GpsLocationProvider( 1288): GpsParamsResource: SUPL_MODE=1
12-28 18:55:04.208 W/GpsLocationProvider( 1288): Could not open GPS configuration file /etc/gps.conf
12-28 18:55:04.208 D/GpsLocationProvider( 1288): GPS properties reloaded, size = 5
12-28 18:55:04.208 E/GpsLocationProvider( 1288): no AGPS interface in set_agps_server
12-28 18:55:04.209 D/GpsLocationProvider( 1288): received SIM related action: 
12-28 18:55:04.209 D/GpsLocationProvider( 1288): SIM MCC/MNC is available: 310260
12-28 18:55:04.209 D/GpsLocationProvider( 1288): Reset GPS properties, previous size = 5
12-28 18:55:04.209 D/GpsLocationProvider( 1288): GpsParamsResource: SUPL_HOST=supl.google.com
12-28 18:55:04.209 D/GpsLocationProvider( 1288): GpsParamsResource: SUPL_PORT=7275
12-28 18:55:04.209 D/GpsLocationProvider( 1288): GpsParamsResource: NTP_SERVER=north-america.pool.ntp.org
12-28 18:55:04.209 D/GpsLocationProvider( 1288): GpsParamsResource: SUPL_VER=0x20000
12-28 18:55:04.209 D/GpsLocationProvider( 1288): GpsParamsResource: SUPL_MODE=1
12-28 18:55:04.209 W/GpsLocationProvider( 1288): Could not open GPS configuration file /etc/gps.conf
12-28 18:55:04.210 D/GpsLocationProvider( 1288): GPS properties reloaded, size = 5
12-28 18:55:04.210 E/GpsLocationProvider( 1288): no AGPS interface in set_agps_server
12-28 18:55:04.233 I/InputReader( 1288): Reconfiguring input devices.  changes=0x00000010
12-28 18:55:04.233 W/ActivityManager( 1288): Unable to start service Intent { act=com.android.mail.action.BACKUP_DATA_CHANGED pkg=com.android.email } U=0: not found
12-28 18:55:04.233 W/art     ( 1288): Long monitor contention event with owner method=int com.android.server.am.ActivityManagerService.broadcastIntent(android.app.IApplicationThread, android.content.Intent, java.lang.String, android.content.IIntentReceiver, int, java.lang.String, android.os.Bundle, java.lang.String[], int, android.os.Bundle, boolean, boolean, int) from ActivityManagerService.java:16931 waiters=10 for 305ms
12-28 18:55:04.233 W/ActivityManager( 1288): Spurious death for ProcessRecord{8b8d667 0:com.android.settings:CryptKeeper/1000}, curProc for 1657: null
12-28 18:55:04.236 W/ActivityManager( 1288): Spurious death for ProcessRecord{6808032 0:com.android.sdksetup/u0a47}, curProc for 1973: null
12-28 18:55:04.256 W/System  ( 2052): ClassLoader referenced unknown path: /system/priv-app/Launcher3/lib/x86
12-28 18:55:04.391 I/LatinIME:LogUtils( 1600): Dictionary info: dictionary = main:de ; version = 54 ; date = 1414726263
12-28 18:55:04.396 W/ActivityManager( 1288): Unable to start service Intent { act=com.android.mail.action.BACKUP_DATA_CHANGED pkg=com.android.email } U=0: not found
12-28 18:55:04.422 W/ActivityManager( 1288): Unable to start service Intent { act=com.android.mail.action.BACKUP_DATA_CHANGED pkg=com.android.email } U=0: not found
12-28 18:55:04.469 I/LatinIME:LogUtils( 1600): Dictionary info: dictionary = main:fr ; version = 54 ; date = 1414726264
12-28 18:55:04.490 W/ActivityManager( 1288): Unable to start service Intent { act=com.android.mail.action.BACKUP_DATA_CHANGED pkg=com.android.email } U=0: not found
12-28 18:55:04.496 W/ActivityManager( 1288): Unable to start service Intent { act=com.android.mail.action.BACKUP_DATA_CHANGED pkg=com.android.email } U=0: not found
12-28 18:55:04.496 W/ActivityManager( 1288): Unable to start service Intent { act=com.android.mail.action.BACKUP_DATA_CHANGED pkg=com.android.email } U=0: not found
12-28 18:55:04.497 W/ActivityManager( 1288): Unable to start service Intent { act=com.android.mail.action.BACKUP_DATA_CHANGED pkg=com.android.email } U=0: not found
12-28 18:55:04.498 I/GCoreUlr( 1724): WorldUpdater received intent Intent { act=com.google.android.location.reporting.ACTION_UPDATE_WORLD cmp=com.google.android.gms/com.google.android.location.reporting.service.DispatchingService (has extras) } with receiverAction android.location.PROVIDERS_CHANGED
12-28 18:55:04.610 W/art     ( 1852): Long monitor contention event with owner method=long android.database.sqlite.SQLiteConnection.nativePrepareStatement(long, java.lang.String) from SQLiteConnection.java:4294967294 waiters=0 for 1.812s
12-28 18:55:04.710 W/art     ( 1852): Long monitor contention event with owner method=long android.database.sqlite.SQLiteConnection.nativePrepareStatement(long, java.lang.String) from SQLiteConnection.java:4294967294 waiters=1 for 1.859s
12-28 18:55:04.803 I/LatinIME:LogUtils( 1600): Dictionary info: dictionary = main:es ; version = 54 ; date = 1414726268
12-28 18:55:04.804 W/art     ( 1464): Long monitor contention event with owner method=android.content.res.XmlBlock android.content.res.AssetManager.openXmlBlockAsset(int, java.lang.String) from AssetManager.java:481 waiters=0 for 389ms
12-28 18:55:04.854 I/LatinIME:LogUtils( 1600): Dictionary info: dictionary = main:it ; version = 54 ; date = 1414726258
12-28 18:55:04.869 I/LatinIME:LogUtils( 1600): Dictionary info: dictionary = main:ru ; version = 54 ; date = 1414726277
12-28 18:55:04.899 W/art     ( 1288): Long monitor contention event with owner method=android.os.Message android.os.MessageQueue.next() from MessageQueue.java:325 waiters=0 for 395ms
12-28 18:55:04.899 W/art     ( 1288): Long monitor contention event with owner method=void com.android.server.am.ActivityManagerService.publishContentProviders(android.app.IApplicationThread, java.util.List) from ActivityManagerService.java:9851 waiters=0 for 339ms
12-28 18:55:04.923 I/ActivityManager( 1288): Start proc 2075:com.google.android.gms.wearable/u0a7 for service com.google.android.gms/.wearable.service.WearableService
12-28 18:55:04.924 W/art     ( 1288): Long monitor contention event with owner method=void com.android.server.am.ActivityManagerService.publishContentProviders(android.app.IApplicationThread, java.util.List) from ActivityManagerService.java:9851 waiters=1 for 362ms
12-28 18:55:04.924 W/art     ( 1288): Long monitor contention event with owner method=void com.android.server.am.ActivityManagerService.publishContentProviders(android.app.IApplicationThread, java.util.List) from ActivityManagerService.java:9851 waiters=2 for 357ms
12-28 18:55:04.926 W/art     ( 1288): Long monitor contention event with owner method=void com.android.server.am.ActivityManagerService.publishContentProviders(android.app.IApplicationThread, java.util.List) from ActivityManagerService.java:9851 waiters=4 for 203ms
12-28 18:55:04.926 W/art     ( 1288): Long monitor contention event with owner method=void com.android.server.am.ActivityManagerService.publishContentProviders(android.app.IApplicationThread, java.util.List) from ActivityManagerService.java:9851 waiters=5 for 189ms
12-28 18:55:04.926 W/ActivityManager( 1288): Unable to start service Intent { cmp=com.android.email/.service.AttachmentService } U=0: not found
12-28 18:55:04.934 I/art     ( 2075): Late-enabling JIT
12-28 18:55:04.936 I/art     ( 2075): JIT created with code_cache_capacity=2MB compile_threshold=1000
12-28 18:55:04.995 W/System  ( 2075): ClassLoader referenced unknown path: /system/priv-app/PrebuiltGmsCore/lib/x86
12-28 18:55:05.000 I/MultiDex( 2075): VM with version 2.1.0 has multidex support
12-28 18:55:05.001 I/MultiDex( 2075): install
12-28 18:55:05.001 I/MultiDex( 2075): VM has multidex support, MultiDex support library is disabled.
12-28 18:55:05.057 V/GeofencerHelper( 1724): Initializing geofence's system cache.
12-28 18:55:05.065 V/JNIHelp ( 2075): Registering com/google/android/gms/org/conscrypt/NativeCrypto's 240 native methods...
12-28 18:55:05.090 V/Launcher( 2052): LauncherAppState inited
12-28 18:55:05.108 I/ProviderInstaller( 2075): Installed default security provider GmsCore_OpenSSL
12-28 18:55:05.144 W/MountService( 1288): No primary storage defined yet; hacking together a stub
12-28 18:55:05.145 W/MountService( 1288): No primary storage defined yet; hacking together a stub
12-28 18:55:05.145 D/Launcher.Model( 2052): Old launcher provider: content://com.android.launcher2.settings/favorites?notify=true
12-28 18:55:05.145 D/Launcher.Model( 2052): Old launcher provider does not exist.
12-28 18:55:05.155 E/GeofenceStateCache( 1724): Unable to load state, all registered geofences are lost.
12-28 18:55:05.184 I/GeofencerStateMachine( 1724): Network location disabled.
12-28 18:55:05.207 W/art     ( 1724): Long monitor contention event with owner method=android.content.IContentProvider android.app.ActivityThread.acquireExistingProvider(android.content.Context, java.lang.String, int, boolean) from ActivityThread.java:4864 waiters=0 for 275ms
12-28 18:55:05.217 W/art     ( 1288): Long monitor contention event with owner method=int com.android.server.am.ActivityManagerService.bindService(android.app.IApplicationThread, android.os.IBinder, android.content.Intent, java.lang.String, android.app.IServiceConnection, int, java.lang.String, int) from ActivityManagerService.java:15911 waiters=8 for 314ms
12-28 18:55:05.226 I/LatinIME:LogUtils( 1600): Dictionary info: dictionary = main:en ; version = 54 ; date = 1414726273
12-28 18:55:05.229 I/BinaryDictionaryFileDumper( 1600): reinitializeClientRecordInDictionaryContentProvider() : Insert DictionaryInfo : Id = 'main:de' : Locale=de : Version=54
12-28 18:55:05.244 W/ActivityManager( 1288): Unable to start service Intent { cmp=com.android.email/.service.AttachmentService } U=0: not found
12-28 18:55:05.248 W/art     ( 2075): Suspending all threads took: 99.876ms
12-28 18:55:05.253 D/NativeLibraryUtils( 2075): Install completed successfully. count=13 extracted=0
12-28 18:55:05.254 D/WearableService( 2075): callingUid 10007, callindPid: 2075
12-28 18:55:05.272 I/art     ( 2075): Background partial concurrent mark sweep GC freed 19890(1435KB) AllocSpace objects, 2(40KB) LOS objects, 40% free, 4MB/7MB, paused 103.136ms total 164.337ms
12-28 18:55:05.378 D/GpsLocationProvider( 1288): received SIM related action: 
12-28 18:55:05.384 I/BinaryDictionaryFileDumper( 1600): reinitializeClientRecordInDictionaryContentProvider() : Insert DictionaryInfo : Id = 'main:fr' : Locale=fr : Version=54
12-28 18:55:05.393 I/BinaryDictionaryFileDumper( 1600): reinitializeClientRecordInDictionaryContentProvider() : Insert DictionaryInfo : Id = 'main:es' : Locale=es : Version=54
12-28 18:55:05.399 D/GpsLocationProvider( 1288): SIM MCC/MNC is available: 310260
12-28 18:55:05.399 D/GpsLocationProvider( 1288): Reset GPS properties, previous size = 5
12-28 18:55:05.399 D/GpsLocationProvider( 1288): GpsParamsResource: SUPL_HOST=supl.google.com
12-28 18:55:05.399 D/GpsLocationProvider( 1288): GpsParamsResource: SUPL_PORT=7275
12-28 18:55:05.399 D/GpsLocationProvider( 1288): GpsParamsResource: NTP_SERVER=north-america.pool.ntp.org
12-28 18:55:05.399 D/GpsLocationProvider( 1288): GpsParamsResource: SUPL_VER=0x20000
12-28 18:55:05.399 D/GpsLocationProvider( 1288): GpsParamsResource: SUPL_MODE=1
