D/VoldConnector( 1288): RCV <- {659 emulated}
D/VoldConnector( 1288): RCV <- {650 emulated 2 "" ""}
D/VoldConnector( 1288): RCV <- {651 emulated 0}
D/VoldConnector( 1288): RCV <- {200 21 Command succeeded}
D/VoldConnector( 1288): SND -> {22 volume user_added 0 0}
I/SystemServer( 1288): WebViewFactory preparation
D/VoldConnector( 1288): RCV <- {200 22 Command succeeded}
I/art     ( 1450): Late-enabling JIT
I/art     ( 1450): JIT created with code_cache_capacity=2MB compile_threshold=1000
V/WebViewFactory( 1450): RelroFileCreator (64bit = false),  32-bit lib: /system/app/webview/webview.apk!/lib/x86/libwebviewchromium.so, 64-bit lib: 
I/ActivityManager( 1288): Start proc 1450:WebViewLoader-x86/1037 [android.webkit.WebViewFactory$RelroFileCreator] for 
I/art     ( 1464): Late-enabling JIT
I/art     ( 1464): JIT created with code_cache_capacity=2MB compile_threshold=1000
I/ActivityManager( 1288): Start proc 1464:com.android.systemui/u0a14 for service com.android.systemui/.SystemUIService
D/NetworkManagement( 1288): enabling bandwidth control
E/BluetoothAdapter( 1288): Bluetooth binder is null
W/System  ( 1464): ClassLoader referenced unknown path: /system/priv-app/SystemUI/lib/x86
E/BluetoothAdapter( 1288): Bluetooth binder is null
I/Telecom ( 1288): Class: TelecomSystem.INSTANCE being set
E/BluetoothAdapter( 1288): Bluetooth binder is null
I/ActivityManager( 1288): Start proc 1487:android.process.acore/u0a2 for content provider com.android.providers.contacts/.CallLogProvider
I/art     ( 1487): Late-enabling JIT
I/art     ( 1487): JIT created with code_cache_capacity=2MB compile_threshold=1000
W/System  ( 1487): ClassLoader referenced unknown path: /system/priv-app/ContactsProvider/lib/x86
I/PackageManager( 1288): Replacing preferred activity com.google.android.apps.messaging/.ui.conversation.LaunchConversationActivity for user 0:
I/PackageManager( 1288):   Action: "android.intent.action.SENDTO"
I/PackageManager( 1288):   Category: "android.intent.category.DEFAULT"
I/PackageManager( 1288):   Scheme: "sms"
I/PackageManager( 1288):   AutoVerify=false
I/PackageManager( 1288): Replacing preferred activity com.google.android.apps.messaging/.ui.conversation.LaunchConversationActivity for user 0:
I/PackageManager( 1288):   Action: "android.intent.action.SENDTO"
I/PackageManager( 1288):   Category: "android.intent.category.DEFAULT"
I/PackageManager( 1288):   Scheme: "smsto"
I/PackageManager( 1288):   AutoVerify=false
I/PackageManager( 1288): Replacing preferred activity com.google.android.apps.messaging/.ui.conversation.LaunchConversationActivity for user 0:
I/PackageManager( 1288):   Action: "android.intent.action.SENDTO"
I/PackageManager( 1288):   Category: "android.intent.category.DEFAULT"
I/PackageManager( 1288):   Scheme: "mms"
I/PackageManager( 1288):   AutoVerify=false
I/PackageManager( 1288): Replacing preferred activity com.google.android.apps.messaging/.ui.conversation.LaunchConversationActivity for user 0:
I/PackageManager( 1288):   Action: "android.intent.action.SENDTO"
I/PackageManager( 1288):   Category: "android.intent.category.DEFAULT"
I/PackageManager( 1288):   Scheme: "mmsto"
I/PackageManager( 1288):   AutoVerify=false
I/DefaultPermGrantPolicy( 1288): Granting permissions to default sms app for user:0
I/DefaultPermGrantPolicy( 1288): Granting permissions to default dialer app for user:0
I/Telecom ( 1288): PhoneAccountRegistrar: SimCallManager queried, returning: null
I/DefaultPermGrantPolicy( 1288): Granting permissions to default sms app for user:0
W/System  ( 1487): ClassLoader referenced unknown path: /system/app/UserDictionaryProvider/lib/x86
I/iptables(  949): iptables: No chain/target/match by that name.
I/iptables(  949): iptables terminated by exit(1)
E/Netd    (  949): exec() res=0, status=256 for /system/bin/iptables -w -F st_penalty_log 
I/ip6tables(  949): ip6tables: No chain/target/match by that name.
I/ip6tables(  949): ip6tables terminated by exit(1)
E/Netd    (  949): exec() res=0, status=256 for /system/bin/ip6tables -w -F st_penalty_log 
I/iptables(  949): iptables: No chain/target/match by that name.
I/iptables(  949): iptables terminated by exit(1)
E/Netd    (  949): exec() res=0, status=256 for /system/bin/iptables -w -F st_penalty_reject 
I/ip6tables(  949): ip6tables: No chain/target/match by that name.
I/ip6tables(  949): ip6tables terminated by exit(1)
E/Netd    (  949): exec() res=0, status=256 for /system/bin/ip6tables -w -F st_penalty_reject 
I/iptables(  949): iptables: No chain/target/match by that name.
I/iptables(  949): iptables terminated by exit(1)
E/Netd    (  949): exec() res=0, status=256 for /system/bin/iptables -w -F st_clear_caught 
I/ip6tables(  949): ip6tables: No chain/target/match by that name.
I/ip6tables(  949): ip6tables terminated by exit(1)
E/Netd    (  949): exec() res=0, status=256 for /system/bin/ip6tables -w -F st_clear_caught 
I/iptables(  949): iptables: No chain/target/match by that name.
I/iptables(  949): iptables terminated by exit(1)
E/Netd    (  949): exec() res=0, status=256 for /system/bin/iptables -w -F st_clear_detect 
I/ip6tables(  949): ip6tables: No chain/target/match by that name.
I/ip6tables(  949): ip6tables terminated by exit(1)
E/Netd    (  949): exec() res=0, status=256 for /system/bin/ip6tables -w -F st_clear_detect 
I/iptables(  949): iptables: No chain/target/match by that name.
I/iptables(  949): iptables terminated by exit(1)
E/Netd    (  949): exec() res=0, status=256 for /system/bin/iptables -w -X st_penalty_log 
I/ip6tables(  949): ip6tables: No chain/target/match by that name.
V/SystemUIService( 1464): Starting SystemUI services.
I/ip6tables(  949): ip6tables terminated by exit(1)
E/Netd    (  949): exec() res=0, status=256 for /system/bin/ip6tables -w -X st_penalty_log 
I/iptables(  949): iptables: No chain/target/match by that name.
I/iptables(  949): iptables terminated by exit(1)
E/Netd    (  949): exec() res=0, status=256 for /system/bin/iptables -w -X st_penalty_reject 
I/ip6tables(  949): ip6tables: No chain/target/match by that name.
I/ip6tables(  949): ip6tables terminated by exit(1)
E/Netd    (  949): exec() res=0, status=256 for /system/bin/ip6tables -w -X st_penalty_reject 
I/iptables(  949): iptables: No chain/target/match by that name.
I/iptables(  949): iptables terminated by exit(1)
E/Netd    (  949): exec() res=0, status=256 for /system/bin/iptables -w -X st_clear_caught 
I/ip6tables(  949): ip6tables: No chain/target/match by that name.
I/ip6tables(  949): ip6tables terminated by exit(1)
E/Netd    (  949): exec() res=0, status=256 for /system/bin/ip6tables -w -X st_clear_caught 
I/iptables(  949): iptables: No chain/target/match by that name.
I/iptables(  949): iptables terminated by exit(1)
E/Netd    (  949): exec() res=0, status=256 for /system/bin/iptables -w -X st_clear_detect 
I/ip6tables(  949): ip6tables: No chain/target/match by that name.
I/ip6tables(  949): ip6tables terminated by exit(1)
E/Netd    (  949): exec() res=0, status=256 for /system/bin/ip6tables -w -X st_clear_detect 
I/art     ( 1450): System.exit called, status: 0
I/AndroidRuntime( 1450): VM exiting with result code 0, cleanup skipped.
I/art     ( 1288): Background sticky concurrent mark sweep GC freed 25498(2MB) AllocSpace objects, 8(340KB) LOS objects, 19% free, 12MB/15MB, paused 12.188ms total 26.733ms
E/NetdConnector( 1288): NDC Command {7 strict enable} took too long (693ms)
I/ContactLocale( 1487): AddressBook Labels [en-US]: [, A, B, C, D, E, F, G, H, I, J, K, L, M, N, O, P, Q, R, S, T, U, V, W, X, Y, Z, , , , , , , , , , , , , , , , , , , , , , , , , , , , , , , , , , , , , , , , , , , , , , , , , , , , , , , , , , , , , , , , , , , , , , , , , , , , , , , , , , , , , , , , , , , , , , , , , , , , , , , , , , , , , , , , , , , , , , , , , , , , , , , , , , , , , , , , , , , , , , , , , , , , , , , , , , , , , , , , , , , , , , , , , , , , , , , , , , , , , , , , , , , #, ]
E/WVMExtractor( 1464): Failed to open libwvm.so: dlopen failed: library "libwvm.so" not found
D/PermissionMonitor( 1288): Monitoring
D/PermissionMonitor( 1288): Users: 1, Apps: 53
I/SystemServiceManager( 1288): Starting phase 600
E/BluetoothAdapter( 1288): Bluetooth binder is null
E/BluetoothAdapter( 1288): Bluetooth binder is null
I/AudioFlinger(  955): systemReady
I/BackupManagerService( 1288): Backup enabled => true
E/InputMethodManagerService( 1288): Ignoring updateSystemUiLocked due to an invalid token. uid:1000 token:null
W/InputMethodManagerService( 1288): Reset the default IME as "Resource" is ready here.
I/InputMethodManagerService( 1288): Selected default: com.android.inputmethod.latin/.LatinIME
I/ActivityManager( 1288): Start proc 1600:com.android.inputmethod.latin/u0a33 for service com.android.inputmethod.latin/.LatinIME
V/InputMethodManagerService( 1288): Adding window token: android.os.Binder@6a27fdc
I/ActivityManager( 1288): Config changes=20 {1.0 ?mcc?mnc en_US ldltr sw360dp w360dp h568dp 480dpi nrml port finger -keyb/v/h -nav/h s.5}
W/InputMethodManagerService( 1288): Illegal subtype state: old subtype = null, new subtype = android.view.inputmethod.InputMethodSubtype@c9194f98
I/art     ( 1600): Late-enabling JIT
I/art     ( 1600): JIT created with code_cache_capacity=2MB compile_threshold=1000
W/AppWidgetServiceImpl( 1288): Failed to read state: java.io.FileNotFoundException: /data/system/users/0/appwidgets.xml: open failed: ENOENT (No such file or directory)
V/AppWidgetServiceImpl( 1288): Upgrading widget database from 0 to 1
E/WVMExtractor( 1288): Failed to open libwvm.so: dlopen failed: library "libwvm.so" not found
W/System  ( 1288): ClassLoader referenced unknown path: /system/priv-app/FusedLocation/lib/x86
E/FlpHardwareProvider( 1288): Error hw_get_module 'flp': -2
E/LocationManagerService( 1288): FLP HAL not supported
E/ActivityRecognitionHardware( 1288): Error hw_get_module: -2
E/LocationManagerService( 1288): Hardware Activity-Recognition not supported.
I/CommonTimeManagementService( 1288): No common time service detected on this platform.  Common time services will be unavailable.
I/MmsServiceBroker( 1288): Delay connecting to MmsService until an API is called
D/MountService( 1288): onStartUser 0
D/VoldConnector( 1288): SND -> {23 volume user_started 0}
D/VoldConnector( 1288): RCV <- {200 23 Command succeeded}
W/VoiceInteractionManagerService( 1288): no available voice interaction services found for user 0
W/VoiceInteractionManagerService( 1288): no available voice recognition services found for user 0
V/WiredAccessoryManager( 1288): init()
I/InputReader( 1288): Reconfiguring input devices.  changes=0x00000020
I/InputReader( 1288): Reconfiguring input devices.  changes=0x00000010
I/ActivityManager( 1288): Start proc 1641:com.android.phone/1001 for added application com.android.phone
I/ActivityManager( 1288): START u0 {act=android.intent.action.MAIN cat=[android.intent.category.HOME] flg=0x10000000 cmp=com.android.settings/.CryptKeeper} from uid 0 on display 0
I/art     ( 1641): Late-enabling JIT
I/art     ( 1641): JIT created with code_cache_capacity=2MB compile_threshold=1000
W/OMXNodeInstance(  955): [f:google.mpeg2.decoder] component does not support metadata mode; using fallback
I/ActivityManager( 1288): Start proc 1657:com.android.settings:CryptKeeper/1000 for activity com.android.settings/.CryptKeeper
I/art     ( 1657): Late-enabling JIT
I/art     ( 1662): Late-enabling JIT
I/art     ( 1662): JIT created with code_cache_capacity=2MB compile_threshold=1000
I/ActivityManager( 1288): Start proc 1662:com.android.externalstorage/u0a6 for broadcast com.android.externalstorage/.MountReceiver
I/ActivityManager( 1288): Force stopping com.android.providers.media appid=10005 user=-1: vold reset
D/GpsNetInitiatedHandler( 1288): location enabled :true
I/art     ( 1657): JIT created with code_cache_capacity=2MB compile_threshold=1000
W/OMXNodeInstance(  955): [10:google.mpeg4.decoder] component does not support metadata mode; using fallback
W/OMXNodeInstance(  955): [11:google.h263.decoder] component does not support metadata mode; using fallback
D/SoftAVCDec(  955): Number of CPU cores: 1
W/OMXNodeInstance(  955): [12:google.h264.decoder] component does not support metadata mode; using fallback
D/SoftAVCDec(  955): Number of CPU cores: 1
D/SoftHEVC(  955): Number of CPU cores: 1
D/SoftHEVC(  955): Initializing decoder
D/SoftHEVC(  955): Set number of cores to 1
D/SoftHEVC(  955): Ittiam decoder version number: @(#)Id:HEVCDEC_production Ver:04.04 Released by ITTIAM Build: Nov  5 2015 @ 15:35:41
W/OMXNodeInstance(  955): [13:google.hevc.decoder] component does not support metadata mode; using fallback
D/SoftHEVC(  955): Freeing codec memory
D/SoftHEVC(  955): Number of CPU cores: 1
D/SoftHEVC(  955): Initializing decoder
D/SoftHEVC(  955): Set number of cores to 1
D/SoftHEVC(  955): Ittiam decoder version number: @(#)Id:HEVCDEC_production Ver:04.04 Released by ITTIAM Build: Nov  5 2015 @ 15:35:41
D/SoftHEVC(  955): In SoftHEVC::~SoftHEVC
D/SoftHEVC(  955): Freeing codec memory
W/OMXNodeInstance(  955): [14:google.vp8.decoder] component does not support metadata mode; using fallback
W/OMXNodeInstance(  955): [15:google.vp9.decoder] component does not support metadata mode; using fallback
I/SoftMPEG4Encoder(  955): Construct SoftMPEG4Encoder
W/ACodec  (  955): do not know color format 0x7f000789 = 2130708361
W/ACodec  (  955): do not know color format 0x7f000789 = 2130708361
I/SoftMPEG4Encoder(  955): Construct SoftMPEG4Encoder
W/ACodec  (  955): do not know color format 0x7f000789 = 2130708361
W/ACodec  (  955): do not know color format 0x7f000789 = 2130708361
D/GpsLocationProvider( 1288): Reset GPS properties, previous size = 0
D/GpsLocationProvider( 1288): GpsParamsResource: SUPL_HOST=supl.google.com
D/GpsLocationProvider( 1288): GpsParamsResource: SUPL_PORT=7275
D/GpsLocationProvider( 1288): GpsParamsResource: NTP_SERVER=north-america.pool.ntp.org
D/GpsLocationProvider( 1288): GpsParamsResource: SUPL_VER=0x20000
D/GpsLocationProvider( 1288): GpsParamsResource: SUPL_MODE=1
W/GpsLocationProvider( 1288): Could not open GPS configuration file /etc/gps.conf
D/GpsLocationProvider( 1288): GPS properties reloaded, size = 5
E/GpsLocationProvider( 1288): no AGPS interface in set_agps_server
W/art     ( 1288): Long monitor contention event with owner method=void com.android.server.am.ActivityManagerService.attachApplication(android.app.IApplicationThread) from ActivityManagerService.java:6186 waiters=0 for 191ms
W/MediaCodecList(  955): unable to open media codecs configuration xml file: /etc/media_codecs_performance.xml
W/MediaCodecList(  955): unable to open media codecs configuration xml file: /data/misc/media/media_codecs_profiling_results.xml
I/OMXClient( 1288): Using client-side OMX mux.
I/OMXClient( 1464): Using client-side OMX mux.
D/PermissionCache(  942): checking android.permission.HARDWARE_TEST for uid=1000 => granted (2288 us)
W/System  ( 1641): ClassLoader referenced unknown path: /system/priv-app/TeleService/lib/x86
E/GpsLocationProvider( 1288): no AGPS interface in set_agps_server
I/ActivityManager( 1288): Start proc 1709:com.android.printspooler/u0a44 for service com.android.printspooler/.model.PrintSpoolerService
W/System  ( 1662): ClassLoader referenced unknown path: /system/priv-app/ExternalStorageProvider/lib/x86
D/ExternalStorage( 1662): After updating volumes, found 0 active roots
D/ExternalStorage( 1662): After updating volumes, found 0 active roots
I/art     ( 1709): Late-enabling JIT
I/art     ( 1709): JIT created with code_cache_capacity=2MB compile_threshold=1000
I/FusedLocation( 1288): engine started (com.android.location.fused)
I/ActivityManager( 1288): Start proc 1724:com.google.android.gms.persistent/u0a7 for broadcast com.google.android.gms/com.google.android.location.internal.NlpNetworkProviderSettingsUpdateReceiver
I/art     ( 1724): Late-enabling JIT
I/art     ( 1724): JIT created with code_cache_capacity=2MB compile_threshold=1000
W/System  ( 1657): ClassLoader referenced unknown path: /system/priv-app/Settings/lib/x86
W/System  ( 1724): ClassLoader referenced unknown path: /system/priv-app/PrebuiltGmsCore/lib/x86
W/System  ( 1641): ClassLoader referenced unknown path: /system/priv-app/TelephonyProvider/lib/x86
I/OMXClient( 1288): Using client-side OMX mux.
I/AccountManagerService( 1288): getTypesVisibleToCaller: isPermitted? true
I/vol.Events( 1464): writeEvent collection_started
I/vol.Events( 1464): writeEvent external_ringer_mode_changed normal
I/vol.Events( 1464): writeEvent internal_ringer_mode_changed normal
I/PrintSpoolerService( 1709): No existing print spooler state.
I/OMXClient( 1464): Using client-side OMX mux.
D/CryptKeeper( 1657): Disabling component ComponentInfo{com.android.settings/com.android.settings.CryptKeeper}
I/OMXClient( 1288): Using client-side OMX mux.
I/vol.Events( 1464): writeEvent level_changed STREAM_ALARM 6
I/vol.Events( 1464): writeEvent level_changed STREAM_BLUETOOTH_SCO 7
I/vol.Events( 1464): writeEvent level_changed STREAM_MUSIC 11
I/vol.Events( 1464): writeEvent level_changed STREAM_RING 5
I/vol.Events( 1464): writeEvent level_changed STREAM_SYSTEM 5
I/vol.Events( 1464): writeEvent level_changed STREAM_VOICE_CALL 4
D/ContactDirectoryManager( 1487): Found com.android.exchange.directory.provider
I/ActivityManager( 1288): Start proc 1752:com.android.exchange/u0a30 for content provider com.android.exchange/.provider.ExchangeDirectoryProvider
I/art     ( 1752): Late-enabling JIT
I/art     ( 1752): JIT created with code_cache_capacity=2MB compile_threshold=1000
D/StorageNotification( 1464): Notifying about private volume: VolumeInfo{private}:
D/StorageNotification( 1464):     type=PRIVATE diskId=null partGuid=null mountFlags=0 mountUserId=-1 
D/StorageNotification( 1464):     state=MOUNTED 
D/StorageNotification( 1464):     fsType=null fsUuid=null fsLabel=null 
D/StorageNotification( 1464):     path=/data internalPath=null 
W/System  ( 1752): ClassLoader referenced unknown path: /system/app/Exchange2/lib/x86
I/OMXClient( 1288): Using client-side OMX mux.
I/OMXClient( 1288): Using client-side OMX mux.
I/OMXClient( 1464): Using client-side OMX mux.
I/OMXClient( 1288): Using client-side OMX mux.
I/art     ( 1779): Late-enabling JIT
I/ActivityManager( 1288): Start proc 1779:com.android.music/u0a38 for broadcast com.android.music/.MediaButtonIntentReceiver
I/art     ( 1779): JIT created with code_cache_capacity=2MB compile_threshold=1000
W/art     ( 1779): Suspending all threads took: 21.351ms
W/System  ( 1779): ClassLoader referenced unknown path: /system/app/Music/lib/x86
I/StatusBarManagerService( 1288): registerStatusBar bar=com.android.internal.statusbar.IStatusBar$Stub$Proxy@25f84dd
I/LatinIME( 1600): Hardware accelerated drawing: true
I/ActivityManager( 1288): Start proc 1795:android.process.media/u0a5 for content provider com.android.providers.media/.MediaProvider
I/art     ( 1795): Late-enabling JIT
I/art     ( 1795): JIT created with code_cache_capacity=2MB compile_threshold=1000
W/InputAttributes( 1600): No editor info for this field. Bug?
W/System  ( 1795): ClassLoader referenced unknown path: /system/priv-app/MediaProvider/lib/x86
W/System  ( 1795): ClassLoader referenced unknown path: /system/priv-app/DownloadProvider/lib/x86
I/LatinIME:LogUtils( 1600): Dictionary info: dictionary = contacts.en_US ; version = 1451296493 ; date = ?
I/AccountManagerService( 1288): getTypesVisibleToCaller: isPermitted? true
D/WifiService( 1288): New client listening to asynchronous messages
W/MountService( 1288): No primary storage defined yet; hacking together a stub
W/MountService( 1288): No primary storage defined yet; hacking together a stub
W/MountService( 1288): No primary storage defined yet; hacking together a stub
W/MountService( 1288): No primary storage defined yet; hacking together a stub
I/MultiDex( 1724): VM with version 2.1.0 has multidex support
I/MultiDex( 1724): install
I/MultiDex( 1724): VM has multidex support, MultiDex support library is disabled.
E/BluetoothAdapter( 1464): Bluetooth binder is null
D/ConnectivityService( 1288): listenForNetwork for Listen from uid/pid:10014/1464 for NetworkRequest [ id=3, legacyType=-1, [] ]
I/CameraManagerGlobal( 1464): Connecting to camera service
V/EmulatedCamera_Camera(  955): getCameraInfo
V/EmulatedCamera_BaseCamera(  955): getCameraInfo
I/CameraService(  955): getCameraCharacteristics: Switching to HAL1 shim implementation...
V/EmulatedCamera_Camera(  955): getCameraInfo
V/EmulatedCamera_BaseCamera(  955): getCameraInfo
I/CameraService(  955): CameraService::connect call (PID 955 "media", camera ID 0) for HAL version default and Camera API version 1
E/CameraService(  955): getCameraPriorityFromProcState: Received invalid process state -1 from ActivityManagerService!
V/EmulatedCamera_Camera(  955): getCameraInfo
V/EmulatedCamera_BaseCamera(  955): getCameraInfo
E/WVMExtractor(  955): Failed to open libwvm.so: dlopen failed: library "libwvm.so" not found
D/NuPlayerDriver(  955): notifyListener_l(0xb6159f00), (1, 0, 0)
D/NuPlayerDriver(  955): notifyListener_l(0xb6159fc0), (1, 0, 0)
I/CameraClient(  955): Opening camera 0
V/EmulatedCamera_Camera(  955): getCameraInfo
V/EmulatedCamera_BaseCamera(  955): getCameraInfo
V/EmulatedCamera_Camera(  955): connectCamera
V/EmulatedCamera_FakeDevice(  955): connectDevice
V/EmulatedCamera_CallbackNotifier(  955): setCallbacks: 0xb75d0505, 0xb75d0dba, 0xb75d0c92, 0xb75d1267 (0xb615a020)
V/EmulatedCamera_CallbackNotifier(  955): enableMessage: msg_type = 0xc0d
V/EmulatedCamera_CallbackNotifier(  955):     CAMERA_MSG_ERROR
V/EmulatedCamera_CallbackNotifier(  955):     CAMERA_MSG_FOCUS
V/EmulatedCamera_CallbackNotifier(  955):     CAMERA_MSG_ZOOM
V/EmulatedCamera_CallbackNotifier(  955):     CAMERA_MSG_PREVIEW_METADATA
V/EmulatedCamera_CallbackNotifier(  955): **** Currently enabled messages:
V/EmulatedCamera_CallbackNotifier(  955):     CAMERA_MSG_ERROR
V/EmulatedCamera_CallbackNotifier(  955):     CAMERA_MSG_FOCUS
V/EmulatedCamera_CallbackNotifier(  955):     CAMERA_MSG_ZOOM
V/EmulatedCamera_CallbackNotifier(  955):     CAMERA_MSG_PREVIEW_METADATA
V/EmulatedCamera_CallbackNotifier(  955): disableMessage: msg_type = 0xffff
V/EmulatedCamera_CallbackNotifier(  955):     CAMERA_MSG_ERROR
V/EmulatedCamera_CallbackNotifier(  955):     CAMERA_MSG_SHUTTER
V/EmulatedCamera_CallbackNotifier(  955):     CAMERA_MSG_FOCUS
V/EmulatedCamera_CallbackNotifier(  955):     CAMERA_MSG_ZOOM
V/EmulatedCamera_CallbackNotifier(  955):     CAMERA_MSG_PREVIEW_FRAME
V/EmulatedCamera_CallbackNotifier(  955):     CAMERA_MSG_VIDEO_FRAME
V/EmulatedCamera_CallbackNotifier(  955):     CAMERA_MSG_POSTVIEW_FRAME
V/EmulatedCamera_CallbackNotifier(  955):     CAMERA_MSG_RAW_IMAGE
V/EmulatedCamera_CallbackNotifier(  955):     CAMERA_MSG_COMPRESSED_IMAGE
V/EmulatedCamera_CallbackNotifier(  955):     CAMERA_MSG_RAW_IMAGE_NOTIFY
V/EmulatedCamera_CallbackNotifier(  955):     CAMERA_MSG_PREVIEW_METADATA
V/EmulatedCamera_CallbackNotifier(  955): **** Currently enabled messages:
V/EmulatedCamera_Camera(  955): doStopPreview
V/EmulatedCamera_Camera(  955): cancelPicture
V/EmulatedCamera_Camera(  955): releaseCamera
V/EmulatedCamera_Camera(  955): doStopPreview
V/EmulatedCamera_FakeDevice(  955): disconnectDevice
I/CameraFlashlight(  955): Destroying camera 0
V/EmulatedCamera_Camera(  955): closeCamera
V/EmulatedCamera_Camera(  955): doStopPreview
I/CameraService(  955): disconnect: Disconnected client for camera 0 for PID 955
D/NuPlayerDriver(  955): reset(0xb6159f00)
D/NuPlayerDriver(  955): notifyListener_l(0xb6159f00), (8, 0, 0)
D/NuPlayerDriver(  955): notifyResetComplete(0xb6159f00)
D/NuPlayerDriver(  955): reset(0xb6159fc0)
D/NuPlayerDriver(  955): notifyListener_l(0xb6159fc0), (8, 0, 0)
D/NuPlayerDriver(  955): notifyResetComplete(0xb6159fc0)
E/CameraService(  955): disconnect: Disconnect called on already disconnected client for device 0
V/EmulatedCamera_Camera(  955): getCameraInfo
V/EmulatedCamera_BaseCamera(  955): getCameraInfo
I/CameraService(  955): getCameraCharacteristics: Switching to HAL1 shim implementation...
V/EmulatedCamera_Camera(  955): getCameraInfo
V/EmulatedCamera_BaseCamera(  955): getCameraInfo
I/CameraService(  955): CameraService::connect call (PID 955 "media", camera ID 1) for HAL version default and Camera API version 1
E/CameraService(  955): getCameraPriorityFromProcState: Received invalid process state -1 from ActivityManagerService!
V/EmulatedCamera_Camera(  955): getCameraInfo
V/EmulatedCamera_BaseCamera(  955): getCameraInfo
D/NuPlayerDriver(  955): notifyListener_l(0xb6159d80), (1, 0, 0)
D/NuPlayerDriver(  955): notifyListener_l(0xb6159de0), (1, 0, 0)
I/CameraClient(  955): Opening camera 1
V/EmulatedCamera_Camera(  955): getCameraInfo
V/EmulatedCamera_BaseCamera(  955): getCameraInfo
V/EmulatedCamera_Camera(  955): connectCamera
V/EmulatedCamera_FakeDevice(  955): connectDevice
V/EmulatedCamera_CallbackNotifier(  955): setCallbacks: 0xb75d0505, 0xb75d0dba, 0xb75d0c92, 0xb75d1267 (0xb6159e40)
V/EmulatedCamera_CallbackNotifier(  955): enableMessage: msg_type = 0xc0d
V/EmulatedCamera_CallbackNotifier(  955):     CAMERA_MSG_ERROR
V/EmulatedCamera_CallbackNotifier(  955):     CAMERA_MSG_FOCUS
V/EmulatedCamera_CallbackNotifier(  955):     CAMERA_MSG_ZOOM
V/EmulatedCamera_CallbackNotifier(  955):     CAMERA_MSG_PREVIEW_METADATA
V/EmulatedCamera_CallbackNotifier(  955): **** Currently enabled messages:
V/EmulatedCamera_CallbackNotifier(  955):     CAMERA_MSG_ERROR
V/EmulatedCamera_CallbackNotifier(  955):     CAMERA_MSG_FOCUS
V/EmulatedCamera_CallbackNotifier(  955):     CAMERA_MSG_ZOOM
V/EmulatedCamera_CallbackNotifier(  955):     CAMERA_MSG_PREVIEW_METADATA
V/EmulatedCamera_CallbackNotifier(  955): disableMessage: msg_type = 0xffff
V/EmulatedCamera_CallbackNotifier(  955):     CAMERA_MSG_ERROR
V/EmulatedCamera_CallbackNotifier(  955):     CAMERA_MSG_SHUTTER
V/EmulatedCamera_CallbackNotifier(  955):     CAMERA_MSG_FOCUS
V/EmulatedCamera_CallbackNotifier(  955):     CAMERA_MSG_ZOOM
V/EmulatedCamera_CallbackNotifier(  955):     CAMERA_MSG_PREVIEW_FRAME
V/EmulatedCamera_CallbackNotifier(  955):     CAMERA_MSG_VIDEO_FRAME
V/EmulatedCamera_CallbackNotifier(  955):     CAMERA_MSG_POSTVIEW_FRAME
V/EmulatedCamera_CallbackNotifier(  955):     CAMERA_MSG_RAW_IMAGE
V/EmulatedCamera_CallbackNotifier(  955):     CAMERA_MSG_COMPRESSED_IMAGE
V/EmulatedCamera_CallbackNotifier(  955):     CAMERA_MSG_RAW_IMAGE_NOTIFY
V/EmulatedCamera_CallbackNotifier(  955):     CAMERA_MSG_PREVIEW_METADATA
V/EmulatedCamera_CallbackNotifier(  955): **** Currently enabled messages:
V/EmulatedCamera_Camera(  955): doStopPreview
V/EmulatedCamera_Camera(  955): cancelPicture
V/EmulatedCamera_Camera(  955): releaseCamera
V/EmulatedCamera_Camera(  955): doStopPreview
V/EmulatedCamera_FakeDevice(  955): disconnectDevice
I/CameraFlashlight(  955): Destroying camera 1
V/EmulatedCamera_Camera(  955): closeCamera
V/EmulatedCamera_Camera(  955): doStopPreview
I/CameraService(  955): disconnect: Disconnected client for camera 1 for PID 955
D/NuPlayerDriver(  955): reset(0xb6159d80)
D/NuPlayerDriver(  955): notifyListener_l(0xb6159d80), (8, 0, 0)
D/NuPlayerDriver(  955): notifyResetComplete(0xb6159d80)
D/NuPlayerDriver(  955): reset(0xb6159de0)
D/NuPlayerDriver(  955): notifyListener_l(0xb6159de0), (8, 0, 0)
D/NuPlayerDriver(  955): notifyResetComplete(0xb6159de0)
E/CameraService(  955): disconnect: Disconnect called on already disconnected client for device 1
V/EmulatedCamera_Camera(  955): getCameraInfo
V/EmulatedCamera_BaseCamera(  955): getCameraInfo
V/EmulatedCamera_Camera(  955): getCameraInfo
V/EmulatedCamera_BaseCamera(  955): getCameraInfo
V/EmulatedCamera_Camera(  955): getCameraInfo
V/EmulatedCamera_BaseCamera(  955): getCameraInfo
V/EmulatedCamera_Camera(  955): getCameraInfo
V/EmulatedCamera_BaseCamera(  955): getCameraInfo
E/SurfaceFlinger(  942): ro.sf.lcd_density must be defined as a build property
D/OpenGLRenderer( 1464): Use EGL_SWAP_BEHAVIOR_PRESERVED: true
D/OpenGLRenderer( 1464): profile bars disabled
D/OpenGLRenderer( 1464): ambientRatio = 1.50
D/        ( 1464): HostConnection::get() New Host Connection established 0xabeae5f0, tid 1464
D/PhoneStatusBar( 1464): disable: < EXPAND* icons alerts system_info BACK* HOME* RECENT* clock SEARCH* quick_settings >
D/PhoneStatusBar( 1464): heads up is enabled
D/StatusBar( 1464): user hasn't seen notification about hidden notifications
D/StatusBar( 1464): insecure lockscreen, skipping notification
D/TelephonyProvider( 1641): dbh.onCreate:+ db=SQLiteDatabase: /data/user/0/com.android.providers.telephony/databases/telephony.db
D/TelephonyProvider( 1641): dbh.createSimInfoTable:+
D/TelephonyProvider( 1641): dbh.createSimInfoTable:-
D/TelephonyProvider( 1641): dbh.createCarriersTable: carriers
D/TelephonyProvider( 1641): dbh.createCarriersTable:-
D/TelephonyProvider( 1641): No APNs in OEM image = /oem/telephony/apns-conf.xml Load APNs from system image
D/TelephonyProvider( 1641): No APNs in OEM image = /data/misc/apns-conf.xml Load APNs from system image
D/TelephonyProvider( 1641): confFile = /system/etc/apns-conf.xml
D/TelephonyProvider( 1641): dbh.onCreate:- db=SQLiteDatabase: /data/user/0/com.android.providers.telephony/databases/telephony.db
D/TelephonyProvider( 1641): dbh.onOpen: ok, queried table=siminfo
D/TelephonyProvider( 1641): dbh.onOpen: ok, queried table=carriers
D/TelephonyProvider( 1641): onCreate: build id changed from  to MASTER
D/TelephonyProvider( 1641): No APNs in OEM image = /oem/telephony/apns-conf.xml Load APNs from system image
D/TelephonyProvider( 1641): No APNs in OEM image = /data/misc/apns-conf.xml Load APNs from system image
D/TelephonyProvider( 1641): confFile = /system/etc/apns-conf.xml
I/ActivityManager( 1288): Start proc 1836:com.google.process.gapps/u0a7 for content provider com.google.android.gsf/.gservices.GservicesProvider
I/art     ( 1836): Late-enabling JIT
I/art     ( 1836): JIT created with code_cache_capacity=2MB compile_threshold=1000
W/System  ( 1836): ClassLoader referenced unknown path: /system/priv-app/GoogleServicesFramework/lib/x86
I/GservicesProvider( 1836): Gservices pushing to system: true; secure/global: true
I/ActivityManager( 1288): Start proc 1852:com.android.email/u0a28 for content provider com.android.email/.provider.EmailProvider
I/art     ( 1852): Late-enabling JIT
I/art     ( 1852): JIT created with code_cache_capacity=2MB compile_threshold=1000
D/WifiService( 1288): New client listening to asynchronous messages
I/Choreographer( 1464): Skipped 63 frames!  The application may be doing too much work on its main thread.
D/ViewRootImpl( 1464): changeCanvasOpacity: opaque=true
E/DcSwitchStateMachine-0( 1641): DctController is not ready
E/ConnectivityService( 1288): Failed to find Messenger in unregisterNetworkFactory
D/ConnectivityService( 1288): Got NetworkFactory Messenger for Telephony
D/        ( 1464): HostConnection::get() New Host Connection established 0xabeaebd0, tid 1829
I/OpenGLRenderer( 1464): Initialized EGL, version 1.4
D/CarrierConfigLoader( 1641): CarrierConfigLoader has started
E/BluetoothAdapter( 1641): Bluetooth binder is null
W/EGL_emulation( 1464): eglSurfaceAttrib not implemented
W/OpenGLRenderer( 1464): Failed to set EGL_SWAP_BEHAVIOR on surface 0xa2b87640, error=EGL_SUCCESS
I/Telephony( 1641): TtyManager: updateUiTtyMode -1 -> 0
W/EGL_emulation( 1464): eglSurfaceAttrib not implemented
W/OpenGLRenderer( 1464): Failed to set EGL_SWAP_BEHAVIOR on surface 0xa2b87660, error=EGL_SUCCESS
D/GpsLocationProvider( 1288): received SIM related action: 
W/System  ( 1852): ClassLoader referenced unknown path: /system/app/Email/lib/x86
I/AccountManagerService( 1288): getTypesVisibleToCaller: isPermitted? true
D/GpsLocationProvider( 1288): SIM MCC/MNC is still not available
I/LatinIME:LogUtils( 1600): Dictionary info: dictionary = userunigram.en_US ; version = 1451296495 ; date = ?
D/AlarmManagerService( 1288): Kernel timezone updated to -540 minutes west of GMT
D/AlarmManagerService( 1288): Setting time of day to sec=1451296496
W/AlarmManagerService( 1288): Unable to set rtc to 1451296496: No such device
D/TelephonyDebugService( 1641): TelephonyDebugService()
D/CarrierConfigLoader( 1641): mHandler: 12 phoneId: 0
D/CarrierConfigLoader( 1641): Build fingerprint changed. old: null new: generic_x86/sdk_google_phone_x86/generic_x86:6.0/MASTER/2401146:eng/test-keys
I/NativeLibraryUtils( 1724): Extraction to /data/user/0/com.google.android.gms/app_extracted_libs/x86/libAppDataSearch.so true
W/KeyguardUpdateMonitor( 1464): invalid subId in handleSimStateChange()
I/Telecom ( 1288): : Sending phone-account intent as user
I/Telephony( 1641): AccountEntry: Registered phoneAccount: [[ ] PhoneAccount: ComponentInfo{com.android.phone/com.android.services.telephony.TelephonyConnectionService}, [e0184adedf913b076626646d3f52c3b49c39ad6d], UserHandle{0} Capabilities: 54 Schemes: tel voicemail ] with handle: ComponentInfo{com.android.phone/com.android.services.telephony.TelephonyConnectionService}, [e0184adedf913b076626646d3f52c3b49c39ad6d], UserHandle{0}
I/Telephony( 1641): PstnIncomingCallNotifier: Registering: Handler (com.android.internal.telephony.gsm.GSMPhone) {6a694d5}
W/Telecom ( 1288): : No account found for the calling user
E/DcSwitchStateMachine-0( 1641): EVENT_DATA_DISALLOWED failed, com.android.internal.telephony.CommandException: REQUEST_NOT_SUPPORTED
I/Telephony( 1641): PstnIncomingCallNotifier: Unregistering: Handler (com.android.internal.telephony.gsm.GSMPhone) {6a694d5}
E/PhoneInterfaceManager( 1641): [PhoneIntfMgr] getIccId: No UICC
I/Telecom ( 1288): PhoneAccountRegistrar: [ComponentInfo{com.android.phone/com.android.services.telephony.TelephonyConnectionService}, [e0184adedf913b076626646d3f52c3b49c39ad6d], UserHandle{0}(icon: Icon(typ=BITMAP size=57x72) -> Icon(typ=BITMAP size=57x72))]
V/JNIHelp ( 1836): Registering com/google/android/gms/org/conscrypt/NativeCrypto's 240 native methods...
I/art     ( 1836): Background partial concurrent mark sweep GC freed 18423(1914KB) AllocSpace objects, 0(0B) LOS objects, 39% free, 3MB/6MB, paused 1.475ms total 103.530ms
I/Telecom ( 1288): : Sending phone-account intent as user
I/Telephony( 1641): AccountEntry: Registered phoneAccount: [[ ] PhoneAccount: ComponentInfo{com.android.phone/com.android.services.telephony.TelephonyConnectionService}, [e0184adedf913b076626646d3f52c3b49c39ad6d], UserHandle{0} Capabilities: 54 Schemes: tel voicemail ] with handle: ComponentInfo{com.android.phone/com.android.services.telephony.TelephonyConnectionService}, [e0184adedf913b076626646d3f52c3b49c39ad6d], UserHandle{0}
I/Telephony( 1641): PstnIncomingCallNotifier: Registering: Handler (com.android.internal.telephony.gsm.GSMPhone) {6a694d5}
W/Telecom ( 1288): : No account found for the calling user
D/TelephonyProvider( 1641): subIdString = -2 subId = -2
I/ProviderInstaller( 1836): Installed default security provider GmsCore_OpenSSL
D/NativeLibraryUtils( 1836): Installer failed to acquire lock.
D/NativeLibraryUtils( 1836): java.io.IOException: fcntl failed: EAGAIN (Try again)
D/NativeLibraryUtils( 1836): 	at java.nio.FileChannelImpl.basicLock(FileChannelImpl.java:123)
D/NativeLibraryUtils( 1836): 	at java.nio.FileChannelImpl.tryLock(FileChannelImpl.java:181)
D/NativeLibraryUtils( 1836): 	at java.nio.channels.FileChannel.tryLock(FileChannel.java:584)
D/NativeLibraryUtils( 1836): 	at com.google.android.gms.common.util.ay.b(SourceFile:335)
D/NativeLibraryUtils( 1836): 	at com.google.android.gms.common.app.a.run(SourceFile:171)
D/NativeLibraryUtils( 1836): Caused by: android.system.ErrnoException: fcntl failed: EAGAIN (Try again)
D/NativeLibraryUtils( 1836): 	at libcore.io.Posix.fcntlFlock(Native Method)
D/NativeLibraryUtils( 1836): 	at libcore.io.ForwardingOs.fcntlFlock(ForwardingOs.java:70)
D/NativeLibraryUtils( 1836): 	at java.nio.FileChannelImpl.basicLock(FileChannelImpl.java:121)
D/NativeLibraryUtils( 1836): 	... 4 more
I/Backup  ( 1836): [BackupTransportMigratorService] Starting migration...
E/Backup  ( 1836): [LegacyBackupAccountManager] Fail to get legacy transport context.
E/Backup  ( 1836): android.content.pm.PackageManager$NameNotFoundException: Application package com.google.android.backup not found
E/Backup  ( 1836): 	at android.app.ContextImpl.createPackageContextAsUser(ContextImpl.java:1703)
E/Backup  ( 1836): 	at android.app.ContextImpl.createPackageContext(ContextImpl.java:1679)
E/Backup  ( 1836): 	at android.content.ContextWrapper.createPackageContext(ContextWrapper.java:746)
E/Backup  ( 1836): 	at android.content.ContextWrapper.createPackageContext(ContextWrapper.java:746)
E/Backup  ( 1836): 	at com.google.android.gms.backup.as.<init>(SourceFile:47)
E/Backup  ( 1836): 	at com.google.android.gms.backup.BackupTransportMigratorService.b(SourceFile:150)
E/Backup  ( 1836): 	at com.google.android.gms.backup.BackupTransportMigratorService.onHandleIntent(SourceFile:82)
E/Backup  ( 1836): 	at android.app.IntentService$ServiceHandler.handleMessage(IntentService.java:66)
E/Backup  ( 1836): 	at android.os.Handler.dispatchMessage(Handler.java:102)
E/Backup  ( 1836): 	at android.os.Looper.loop(Looper.java:148)
E/Backup  ( 1836): 	at android.os.HandlerThread.run(HandlerThread.java:61)
I/AccountManagerService( 1288): getTypesVisibleToCaller: isPermitted? true
W/Backup  ( 1836): [LegacyBackupAccountManager] No google accounts found!
I/Telephony( 1641): PstnIncomingCallNotifier: Unregistering: Handler (com.android.internal.telephony.gsm.GSMPhone) {6a694d5}
E/PhoneInterfaceManager( 1641): [PhoneIntfMgr] getIccId: No UICC
I/Telecom ( 1288): PhoneAccountRegistrar: [ComponentInfo{com.android.phone/com.android.services.telephony.TelephonyConnectionService}, [e0184adedf913b076626646d3f52c3b49c39ad6d], UserHandle{0}(icon: Icon(typ=BITMAP size=57x72) -> Icon(typ=BITMAP size=57x72))]
D/NetUtils( 1288): dhcp_start failed : eth0
E/EthernetNetworkFactory( 1288): DHCP request error:Timed out waiting for dhcpcd to start
I/NativeLibraryUtils( 1724): Extraction to /data/user/0/com.google.android.gms/app_extracted_libs/x86/libNearbyApp.so true
I/Telecom ( 1288): : Sending phone-account intent as user
I/NativeLibraryUtils( 1724): Extraction to /data/user/0/com.google.android.gms/app_extracted_libs/x86/libWhisper.so true
I/Telephony( 1641): AccountEntry: Registered phoneAccount: [[ ] PhoneAccount: ComponentInfo{com.android.phone/com.android.services.telephony.TelephonyConnectionService}, [e0184adedf913b076626646d3f52c3b49c39ad6d], UserHandle{0} Capabilities: 54 Schemes: tel voicemail ] with handle: ComponentInfo{com.android.phone/com.android.services.telephony.TelephonyConnectionService}, [e0184adedf913b076626646d3f52c3b49c39ad6d], UserHandle{0}
I/Telephony( 1641): PstnIncomingCallNotifier: Registering: Handler (com.android.internal.telephony.gsm.GSMPhone) {6a694d5}
W/Telecom ( 1288): : No account found for the calling user
E/DcSwitchStateMachine-0( 1641): EVENT_DATA_DISALLOWED failed, com.android.internal.telephony.CommandException: REQUEST_NOT_SUPPORTED
I/NativeLibraryUtils( 1724): Extraction to /data/user/0/com.google.android.gms/app_extracted_libs/x86/libconscrypt_gmscore_jni.so true
I/NativeLibraryUtils( 1724): Extraction to /data/user/0/com.google.android.gms/app_extracted_libs/x86/libdirect-audio.so true
I/NativeLibraryUtils( 1724): Extraction to /data/user/0/com.google.android.gms/app_extracted_libs/x86/libgcastv2_base.so true
I/NativeLibraryUtils( 1724): Extraction to /data/user/0/com.google.android.gms/app_extracted_libs/x86/libgcastv2_support.so true
D/MccTable( 1641): updateMccMncConfiguration mccmnc='310260' fromServiceState=false
D/GpsLocationProvider( 1288): received SIM related action: 
I/art     ( 1641): Background partial concurrent mark sweep GC freed 6528(738KB) AllocSpace objects, 4(80KB) LOS objects, 43% free, 1315KB/2MB, paused 42.100ms total 51.920ms
I/NativeLibraryUtils( 1724): Extraction to /data/user/0/com.google.android.gms/app_extracted_libs/x86/libgms-ocrclient.so true
D/MccTable( 1641): updateMccMncConfiguration defaultMccMnc=310260
D/MccTable( 1641): updateMccMncConfiguration: mcc=310, mnc=260
D/MccTable( 1641): updateMccMncConfiguration updateConfig config={1.0 310mcc260mnc ?locale ?layoutDir ?swdp ?wdp ?hdp ?density ?lsize ?long ?orien ?uimode ?night ?touch ?keyb/?/? ?nav/?}
I/NativeLibraryUtils( 1724): Extraction to /data/user/0/com.google.android.gms/app_extracted_libs/x86/libgmscore.so true
I/NativeLibraryUtils( 1724): Extraction to /data/user/0/com.google.android.gms/app_extracted_libs/x86/libjgcastservice.so true
I/NativeLibraryUtils( 1724): Extraction to /data/user/0/com.google.android.gms/app_extracted_libs/x86/libleveldbjni.so true
I/InputReader( 1288): Reconfiguring input devices.  changes=0x00000010
I/ActivityManager( 1288):   Force finishing activity ActivityRecord{8e7bea9 u0 com.android.settings/.CryptKeeper t1 f}
W/ActivityManager( 1288): Duplicate finish request for ActivityRecord{8e7bea9 u0 com.android.settings/.CryptKeeper t1 f}
D/GpsLocationProvider( 1288): SIM MCC/MNC is available: 310260
D/GpsLocationProvider( 1288): Reset GPS properties, previous size = 5
D/GpsLocationProvider( 1288): GpsParamsResource: SUPL_HOST=supl.google.com
D/GpsLocationProvider( 1288): GpsParamsResource: SUPL_PORT=7275
D/GpsLocationProvider( 1288): GpsParamsResource: NTP_SERVER=north-america.pool.ntp.org
D/GpsLocationProvider( 1288): GpsParamsResource: SUPL_VER=0x20000
D/GpsLocationProvider( 1288): GpsParamsResource: SUPL_MODE=1
W/GpsLocationProvider( 1288): Could not open GPS configuration file /etc/gps.conf
D/GpsLocationProvider( 1288): GPS properties reloaded, size = 5
E/GpsLocationProvider( 1288): no AGPS interface in set_agps_server
D/GpsLocationProvider( 1288): received SIM related action: 
I/InputReader( 1288): Reconfiguring input devices.  changes=0x00000010
D/MccTable( 1641): updateMccMncConfiguration mccmnc='310260' fromServiceState=false
D/MccTable( 1641): updateMccMncConfiguration defaultMccMnc=310260
D/MccTable( 1641): updateMccMncConfiguration: mcc=310, mnc=260
D/MccTable( 1641): updateMccMncConfiguration updateConfig config={1.0 310mcc260mnc ?locale ?layoutDir ?swdp ?wdp ?hdp ?density ?lsize ?long ?orien ?uimode ?night ?touch ?keyb/?/? ?nav/?}
D/CarrierConfigLoader( 1641): update config for phoneId: 0 simState: LOADED
D/CarrierServiceBindHelper( 1641): update binding for phoneId: 0 simState: LOADED
I/art     ( 1918): Late-enabling JIT
I/art     ( 1918): JIT created with code_cache_capacity=2MB compile_threshold=1000
I/ActivityManager( 1288): Start proc 1918:com.google.android.gms/u0a7 for service com.google.android.gms/.usagereporting.service.UsageReportingService
I/SurfaceFlinger(  942): Boot is finished (51900 ms)
E/Surface ( 1142): getSlotFromBufferLocked: unknown buffer: 0xb6552310
D/        (  942): HostConnection::get() New Host Connection established 0xb704a1c0, tid 1171
E/installd(  956): Unable to unlink boot marker at /data/dalvik-cache/x86/.booting, error=No such file or directory
V/IdletimerController(  949): runCmd(/system/bin/ip6tables -w -t raw -A idletimer_raw_PREROUTING -i eth0 -j IDLETIMER --timeout 10 --label 0 --send_nl_msg 1) res_ipv4=0, res_ipv6=0
V/IdletimerController(  949): runCmd(/system/bin/ip6tables -w -t mangle -A idletimer_mangle_POSTROUTING -o eth0 -j IDLETIMER --timeout 10 --label 0 --send_nl_msg 1) res_ipv4=0, res_ipv6=0
I/art     ( 1641): Background sticky concurrent mark sweep GC freed 31940(5MB) AllocSpace objects, 19(440KB) LOS objects, 25% free, 1735KB/2MB, paused 1.796ms total 2.561s
I/NetworkPolicy( 1288): No policy for subscriber 310260000000000; generating default policy
D/NetworkMonitor/NetworkAgentInfo [MOBILE (UMTS) - 100]( 1288): Checking http://connectivitycheck.gstatic.com/generate_204 on epc.tmobile.com, connectivitycheck.gstatic.com=173.194.117.195,2404:6800:4004:80c::1006
D/NetworkMonitor/NetworkAgentInfo [MOBILE (UMTS) - 100]( 1288): isCaptivePortal: ret=204 headers={null=[HTTP/1.1 204 No Content], Content-Length=[0], Date=[Mon, 28 Dec 2015 09:55:04 GMT], Server=[GFE/2.0], X-Android-Received-Millis=[1451296503686], X-Android-Response-Source=[NETWORK 204], X-Android-Selected-Protocol=[http/1.1], X-Android-Sent-Millis=[1451296503658]}
D/ConnectivityService( 1288): setProvNotificationVisibleIntent null visible=false networkType=MOBILE extraInfo=null highPriority=false
D/ConnectivityService( 1288): NetworkAgentInfo [MOBILE (UMTS) - 100] validation  passed
D/ConnectivityService( 1288): rematching NetworkAgentInfo [MOBILE (UMTS) - 100]
D/ConnectivityService( 1288): notifyType CAP_CHANGED for NetworkAgentInfo [MOBILE (UMTS) - 100]
D/ConnectivityService( 1288): sendStickyBroadcast: action=android.net.conn.INET_CONDITION_ACTION
D/ConnectivityManager.CallbackHandler( 1464): CM callback handler got msg 524294
I/ContactDirectoryManager( 1487): deleted 0 stale rows which don't have any relevant directory
I/BinaryDictionaryFileDumper( 1600): reinitializeClientRecordInDictionaryContentProvider() : MetadataFileUri = 
D/GpsLocationProvider( 1288): SIM MCC/MNC is available: 310260
D/GpsLocationProvider( 1288): Reset GPS properties, previous size = 5
D/GpsLocationProvider( 1288): GpsParamsResource: SUPL_HOST=supl.google.com
D/GpsLocationProvider( 1288): GpsParamsResource: SUPL_PORT=7275
D/GpsLocationProvider( 1288): GpsParamsResource: NTP_SERVER=north-america.pool.ntp.org
D/GpsLocationProvider( 1288): GpsParamsResource: SUPL_VER=0x20000
D/GpsLocationProvider( 1288): GpsParamsResource: SUPL_MODE=1
W/GpsLocationProvider( 1288): Could not open GPS configuration file /etc/gps.conf
D/GpsLocationProvider( 1288): GPS properties reloaded, size = 5
E/GpsLocationProvider( 1288): no AGPS interface in set_agps_server
D/GpsLocationProvider( 1288): received SIM related action: 
I/ContactDirectoryManager( 1487): Discovered 0 contact directories in 10627ms
I/ContactsProvider( 1487): Upgrading aggregation algorithm
I/ContactAggregator( 1487): Marked all visible contacts for aggregation: 0 raw contacts, 1 ms
I/AccountManagerService( 1288): getTypesVisibleToCaller: isPermitted? true
I/AccountManagerService( 1288): getTypesVisibleToCaller: isPermitted? true
D/GpsLocationProvider( 1288): SIM MCC/MNC is available: 310260
D/GpsLocationProvider( 1288): Reset GPS properties, previous size = 5
D/GpsLocationProvider( 1288): GpsParamsResource: SUPL_HOST=supl.google.com
D/GpsLocationProvider( 1288): GpsParamsResource: SUPL_PORT=7275
D/GpsLocationProvider( 1288): GpsParamsResource: NTP_SERVER=north-america.pool.ntp.org
D/GpsLocationProvider( 1288): GpsParamsResource: SUPL_VER=0x20000
D/GpsLocationProvider( 1288): GpsParamsResource: SUPL_MODE=1
W/GpsLocationProvider( 1288): Could not open GPS configuration file /etc/gps.conf
D/GpsLocationProvider( 1288): GPS properties reloaded, size = 5
E/GpsLocationProvider( 1288): no AGPS interface in set_agps_server
I/ContactsProvider( 1487): Aggregation algorithm upgraded for 0 raw contacts in 85ms
I/ActivityManager( 1288): Killing 1973:com.android.sdksetup/u0a47 (adj 0): stop com.android.sdksetup
W/System  ( 1953): ClassLoader referenced unknown path: /system/app/Maps/lib/x86
I/ActivityManager( 1288): START u0 {act=android.intent.action.MAIN cat=[android.intent.category.HOME] flg=0x10000000 cmp=com.android.launcher3/.Launcher} from uid 0 on display 0
I/ActivityManager( 1288): Start proc 2052:com.android.launcher3/u0a8 for activity com.android.launcher3/.Launcher
W/art     ( 1288): Long monitor contention event with owner method=int com.android.server.am.ActivityManagerService.broadcastIntent(android.app.IApplicationThread, android.content.Intent, java.lang.String, android.content.IIntentReceiver, int, java.lang.String, android.os.Bundle, java.lang.String[], int, android.os.Bundle, boolean, boolean, int) from ActivityManagerService.java:16931 waiters=0 for 694ms
W/art     ( 1288): Long monitor contention event with owner method=int com.android.server.am.ActivityManagerService.broadcastIntent(android.app.IApplicationThread, android.content.Intent, java.lang.String, android.content.IIntentReceiver, int, java.lang.String, android.os.Bundle, java.lang.String[], int, android.os.Bundle, boolean, boolean, int) from ActivityManagerService.java:16931 waiters=1 for 682ms
W/art     ( 1288): Long monitor contention event with owner method=int com.android.server.am.ActivityManagerService.broadcastIntent(android.app.IApplicationThread, android.content.Intent, java.lang.String, android.content.IIntentReceiver, int, java.lang.String, android.os.Bundle, java.lang.String[], int, android.os.Bundle, boolean, boolean, int) from ActivityManagerService.java:16931 waiters=2 for 683ms
W/art     ( 1288): Long monitor contention event with owner method=int com.android.server.am.ActivityManagerService.broadcastIntent(android.app.IApplicationThread, android.content.Intent, java.lang.String, android.content.IIntentReceiver, int, java.lang.String, android.os.Bundle, java.lang.String[], int, android.os.Bundle, boolean, boolean, int) from ActivityManagerService.java:16931 waiters=3 for 680ms
W/art     ( 1288): Long monitor contention event with owner method=int com.android.server.am.ActivityManagerService.broadcastIntent(android.app.IApplicationThread, android.content.Intent, java.lang.String, android.content.IIntentReceiver, int, java.lang.String, android.os.Bundle, java.lang.String[], int, android.os.Bundle, boolean, boolean, int) from ActivityManagerService.java:16931 waiters=4 for 672ms
W/art     ( 1288): Long monitor contention event with owner method=int com.android.server.am.ActivityManagerService.broadcastIntent(android.app.IApplicationThread, android.content.Intent, java.lang.String, android.content.IIntentReceiver, int, java.lang.String, android.os.Bundle, java.lang.String[], int, android.os.Bundle, boolean, boolean, int) from ActivityManagerService.java:16931 waiters=5 for 499ms
